; Map created with FinalAlert 2(tm) Mission Editor
; Get it at http://www.westwood.com
; note that all comments were truncated

; This FA2 uses FA2sp created by secsome
; Get the lastest dll at https://github.com/secsome/FA2sp
; Current version : 1.5.2

[01000026]
0=1,7
1=3,2
2=37,0
Name=Lionheart Intro

[01000027]
0=1,LIONHS
Name=LIONH
Group=-1

[01000028]
0=2,FORTRESS
Name=BarracudaX2
Group=-1

[01000029]
0=1,4
1=3,3
2=37,0
Name=Intro CUDA4

[01000030]
0=1,6
1=3,5
2=37,0
Name=Intro CUDA6

[01000031]
Max=5
Full=no
Name=Intro LIONH
Group=-1
House=AllyOffmap
Script=01000026
Whiner=no
Droppod=no
Suicide=no
Loadable=no
Prebuild=no
Priority=5
Waypoint=A
Annoyance=no
IonImmune=no
Recruiter=no
Reinforce=no
TaskForce=01000027
TechLevel=0
Aggressive=no
Autocreate=no
GuardSlower=no
OnTransOnly=no
AvoidThreats=no
LooseRecruit=no
VeteranLevel=1
IsBaseDefense=no
UseTransportOrigin=no
MindControlDecision=0
OnlyTargetHouseEnemy=no
TransportsReturnOnUnload=no
AreTeamMembersRecruitable=no

[01000032]
Max=5
Full=no
Name=Intro CUDA3
Group=-1
House=AllyOffmap
Script=01000029
Whiner=no
Droppod=no
Suicide=no
Loadable=no
Prebuild=no
Priority=5
Waypoint=D
Annoyance=no
IonImmune=no
Recruiter=no
Reinforce=no
TaskForce=01000028
TechLevel=0
Aggressive=no
Autocreate=no
GuardSlower=no
OnTransOnly=no
AvoidThreats=no
LooseRecruit=no
VeteranLevel=1
IsBaseDefense=no
UseTransportOrigin=no
MindControlDecision=0
OnlyTargetHouseEnemy=no
TransportsReturnOnUnload=no
AreTeamMembersRecruitable=no

[01000033]
Max=5
Full=no
Name=Intro CUDA5
Group=-1
House=AllyOffmap
Script=01000030
Whiner=no
Droppod=no
Suicide=no
Loadable=no
Prebuild=no
Priority=5
Waypoint=F
Annoyance=no
IonImmune=no
Recruiter=no
Reinforce=no
TaskForce=01000028
TechLevel=0
Aggressive=no
Autocreate=no
GuardSlower=no
OnTransOnly=no
AvoidThreats=no
LooseRecruit=no
VeteranLevel=1
IsBaseDefense=no
UseTransportOrigin=no
MindControlDecision=0
OnlyTargetHouseEnemy=no
TransportsReturnOnUnload=no
AreTeamMembersRecruitable=no

[01000040]
0=1,SIEG
Name=Siegfried
Group=-1

[01000041]
0=1,SREF
Name=PrismX1
Group=-1

[01000042]
0=1,PANTHER
Name=PaladinX1
Group=-1

[01000043]
0=1,PANTHER
Name=CavalierX1
Group=-1

[01000044]
0=3,9
1=11,5
Name=Sieg-9

[01000045]
0=3,11
Name=Panther-11

[01000046]
0=3,13
Name=Panther-13

[01000047]
0=3,15
Name=SREF15

[01000048]
0=3,17
Name=SREF17

[01000049]
0=3,19
Name=SREF19

[01000050]
0=3,21
Name=SREF21

[01000051]
0=3,22
Name=MTNK22

[01000052]
0=3,23
Name=MTNK23

[01000053]
0=3,25
Name=MTNK25

[01000054]
0=3,26
Name=MTNK26

[01000055]
Max=5
Full=no
Name=SIEG-9
Group=-1
House=UnitedStates
Script=01000044
Whiner=no
Droppod=no
Suicide=no
Loadable=no
Prebuild=no
Priority=5
Waypoint=I
Annoyance=no
IonImmune=no
Recruiter=no
Reinforce=no
TaskForce=01000040
TechLevel=0
Aggressive=no
Autocreate=no
GuardSlower=no
OnTransOnly=no
AvoidThreats=no
LooseRecruit=no
VeteranLevel=3
IsBaseDefense=no
UseTransportOrigin=no
MindControlDecision=0
OnlyTargetHouseEnemy=no
TransportsReturnOnUnload=no
AreTeamMembersRecruitable=no

[01000056]
Max=5
Full=no
Name=Charon11
Group=-1
House=UnitedStates
Script=01000045
Whiner=no
Droppod=no
Suicide=no
Loadable=no
Prebuild=no
Priority=5
Waypoint=K
Annoyance=no
IonImmune=no
Recruiter=no
Reinforce=no
TaskForce=01000070
TechLevel=0
Aggressive=no
Autocreate=no
GuardSlower=no
OnTransOnly=no
AvoidThreats=no
LooseRecruit=no
VeteranLevel=1
IsBaseDefense=no
UseTransportOrigin=no
MindControlDecision=0
OnlyTargetHouseEnemy=no
TransportsReturnOnUnload=no
AreTeamMembersRecruitable=no

[01000057]
Max=5
Full=no
Name=Charon13
Group=-1
House=UnitedStates
Script=01000046
Whiner=no
Droppod=no
Suicide=no
Loadable=no
Prebuild=no
Priority=5
Waypoint=M
Annoyance=no
IonImmune=no
Recruiter=no
Reinforce=no
TaskForce=01000070
TechLevel=0
Aggressive=no
Autocreate=no
GuardSlower=no
OnTransOnly=no
AvoidThreats=no
LooseRecruit=no
VeteranLevel=1
IsBaseDefense=no
UseTransportOrigin=no
MindControlDecision=0
OnlyTargetHouseEnemy=no
TransportsReturnOnUnload=no
AreTeamMembersRecruitable=no

[01000058]
Max=5
Full=no
Name=Prism15
Group=-1
House=UnitedStates
Script=01000047
Whiner=no
Droppod=no
Suicide=no
Loadable=no
Prebuild=no
Priority=5
Waypoint=O
Annoyance=no
IonImmune=no
Recruiter=no
Reinforce=no
TaskForce=01000041
TechLevel=0
Aggressive=no
Autocreate=no
GuardSlower=no
OnTransOnly=no
AvoidThreats=no
LooseRecruit=no
VeteranLevel=1
IsBaseDefense=no
UseTransportOrigin=no
MindControlDecision=0
OnlyTargetHouseEnemy=no
TransportsReturnOnUnload=no
AreTeamMembersRecruitable=no

[01000059]
Max=5
Full=no
Name=Prism17
Group=-1
House=UnitedStates
Script=01000048
Whiner=no
Droppod=no
Suicide=no
Loadable=no
Prebuild=no
Priority=5
Waypoint=Q
Annoyance=no
IonImmune=no
Recruiter=no
Reinforce=no
TaskForce=01000041
TechLevel=0
Aggressive=no
Autocreate=no
GuardSlower=no
OnTransOnly=no
AvoidThreats=no
LooseRecruit=no
VeteranLevel=1
IsBaseDefense=no
UseTransportOrigin=no
MindControlDecision=0
OnlyTargetHouseEnemy=no
TransportsReturnOnUnload=no
AreTeamMembersRecruitable=no

[01000060]
Max=5
Full=no
Name=Prism19
Group=-1
House=UnitedStates
Script=01000049
Whiner=no
Droppod=no
Suicide=no
Loadable=no
Prebuild=no
Priority=5
Waypoint=S
Annoyance=no
IonImmune=no
Recruiter=no
Reinforce=no
TaskForce=01000041
TechLevel=0
Aggressive=no
Autocreate=no
GuardSlower=no
OnTransOnly=no
AvoidThreats=no
LooseRecruit=no
VeteranLevel=1
IsBaseDefense=no
UseTransportOrigin=no
MindControlDecision=0
OnlyTargetHouseEnemy=no
TransportsReturnOnUnload=no
AreTeamMembersRecruitable=no

[01000061]
Max=5
Full=no
Name=Prism21
Group=-1
House=UnitedStates
Script=01000050
Whiner=no
Droppod=no
Suicide=no
Loadable=no
Prebuild=no
Priority=5
Waypoint=U
Annoyance=no
IonImmune=no
Recruiter=no
Reinforce=no
TaskForce=01000041
TechLevel=0
Aggressive=no
Autocreate=no
GuardSlower=no
OnTransOnly=no
AvoidThreats=no
LooseRecruit=no
VeteranLevel=1
IsBaseDefense=no
UseTransportOrigin=no
MindControlDecision=0
OnlyTargetHouseEnemy=no
TransportsReturnOnUnload=no
AreTeamMembersRecruitable=no

[01000062]
Max=5
Full=no
Name=Cavalier22
Group=-1
House=UnitedStates
Script=01000051
Whiner=no
Droppod=no
Suicide=no
Loadable=no
Prebuild=no
Priority=5
Waypoint=O
Annoyance=no
IonImmune=no
Recruiter=no
Reinforce=no
TaskForce=01000043
TechLevel=0
Aggressive=no
Autocreate=no
GuardSlower=no
OnTransOnly=no
AvoidThreats=no
LooseRecruit=no
VeteranLevel=1
IsBaseDefense=no
UseTransportOrigin=no
MindControlDecision=0
OnlyTargetHouseEnemy=no
TransportsReturnOnUnload=no
AreTeamMembersRecruitable=no

[01000063]
Max=5
Full=no
Name=Cavalier23
Group=-1
House=UnitedStates
Script=01000052
Whiner=no
Droppod=no
Suicide=no
Loadable=no
Prebuild=no
Priority=5
Waypoint=A
Annoyance=no
IonImmune=no
Recruiter=no
Reinforce=no
TaskForce=01000043
TechLevel=0
Aggressive=no
Autocreate=no
GuardSlower=no
OnTransOnly=no
AvoidThreats=no
LooseRecruit=no
VeteranLevel=1
IsBaseDefense=no
UseTransportOrigin=no
MindControlDecision=0
OnlyTargetHouseEnemy=no
TransportsReturnOnUnload=no
AreTeamMembersRecruitable=no

[01000064]
Max=5
Full=no
Name=Cavalier25
Group=-1
House=UnitedStates
Script=01000053
Whiner=no
Droppod=no
Suicide=no
Loadable=no
Prebuild=no
Priority=5
Waypoint=Y
Annoyance=no
IonImmune=no
Recruiter=no
Reinforce=no
TaskForce=01000043
TechLevel=0
Aggressive=no
Autocreate=no
GuardSlower=no
OnTransOnly=no
AvoidThreats=no
LooseRecruit=no
VeteranLevel=1
IsBaseDefense=no
UseTransportOrigin=no
MindControlDecision=0
OnlyTargetHouseEnemy=no
TransportsReturnOnUnload=no
AreTeamMembersRecruitable=no

[01000065]
Max=5
Full=no
Name=Cavalier26
Group=-1
House=UnitedStates
Script=01000054
Whiner=no
Droppod=no
Suicide=no
Loadable=no
Prebuild=no
Priority=5
Waypoint=S
Annoyance=no
IonImmune=no
Recruiter=no
Reinforce=no
TaskForce=01000043
TechLevel=0
Aggressive=no
Autocreate=no
GuardSlower=no
OnTransOnly=no
AvoidThreats=no
LooseRecruit=no
VeteranLevel=1
IsBaseDefense=no
UseTransportOrigin=no
MindControlDecision=0
OnlyTargetHouseEnemy=no
TransportsReturnOnUnload=no
AreTeamMembersRecruitable=no

[01000070]
0=1,CHRTNK
Name=CharonX1
Group=-1

[01000071]
0=1,ORCA
Name=ORCAx1
Group=-1

[01000072]
0=1,30
1=3,29
2=37,0
Name=Barrells30

[01000073]
0=1,32
1=3,31
2=37,0
Name=Barrells32

[01000074]
Max=5
Full=yes
Name=ORCA29
Group=-1
House=AllyOffmap
Script=01000072
Whiner=no
Droppod=no
Suicide=no
Loadable=no
Prebuild=no
Priority=5
Waypoint=AD
Annoyance=no
IonImmune=no
Recruiter=no
Reinforce=no
TaskForce=01000071
TechLevel=0
Aggressive=no
Autocreate=no
GuardSlower=no
OnTransOnly=no
AvoidThreats=no
LooseRecruit=no
VeteranLevel=1
IsBaseDefense=no
UseTransportOrigin=no
MindControlDecision=0
OnlyTargetHouseEnemy=no
TransportsReturnOnUnload=no
AreTeamMembersRecruitable=no

[01000075]
Max=5
Full=yes
Name=ORCA31
Group=-1
House=AllyOffmap
Script=01000073
Whiner=no
Droppod=no
Suicide=no
Loadable=no
Prebuild=no
Priority=5
Waypoint=AF
Annoyance=no
IonImmune=no
Recruiter=no
Reinforce=no
TaskForce=01000071
TechLevel=0
Aggressive=no
Autocreate=no
GuardSlower=no
OnTransOnly=no
AvoidThreats=no
LooseRecruit=no
VeteranLevel=1
IsBaseDefense=no
UseTransportOrigin=no
MindControlDecision=0
OnlyTargetHouseEnemy=no
TransportsReturnOnUnload=no
AreTeamMembersRecruitable=no

[Actions]
01000000=3,3,0,1,0,0,0,0,A,13,0,1,0,0,0,0,A,74,0,1,0,0,0,0,A
01000002=3,3,0,2,0,0,0,0,A,13,0,2,0,0,0,0,A,74,0,2,0,0,0,0,A
01000004=3,3,0,3,0,0,0,0,A,13,0,3,0,0,0,0,A,74,0,3,0,0,0,0,A
01000006=3,3,0,4,0,0,0,0,A,13,0,4,0,0,0,0,A,74,0,4,0,0,0,0,A
01000008=3,3,0,5,0,0,0,0,A,13,0,5,0,0,0,0,A,74,0,5,0,0,0,0,A
01000010=3,3,0,6,0,0,0,0,A,13,0,6,0,0,0,0,A,74,0,6,0,0,0,0,A
01000012=3,3,0,7,0,0,0,0,A,13,0,7,0,0,0,0,A,74,0,7,0,0,0,0,A
01000014=3,3,0,8,0,0,0,0,A,13,0,8,0,0,0,0,A,74,0,8,0,0,0,0,A
01000016=3,3,0,9,0,0,0,0,A,13,0,9,0,0,0,0,A,74,0,9,0,0,0,0,A
01000018=3,3,0,10,0,0,0,0,A,13,0,10,0,0,0,0,A,74,0,10,0,0,0,0,A
01000020=3,3,0,11,0,0,0,0,A,13,0,11,0,0,0,0,A,74,0,11,0,0,0,0,A
01000022=3,3,0,12,0,0,0,0,A,13,0,12,0,0,0,0,A,74,0,12,0,0,0,0,A
01000024=3,3,0,13,0,0,0,0,A,13,0,13,0,0,0,0,A,74,0,13,0,0,0,0,A
01000034=2,17,0,27,0,0,0,0,A,17,0,28,0,0,0,0,A
01000036=5,7,1,01000032,0,0,0,0,A,7,1,01000033,0,0,0,0,A,53,2,01000038,0,0,0,0,A,53,2,01000066,0,0,0,0,A,53,2,01000076,0,0,0,0,A
01000038=1,7,1,01000031,0,0,0,0,A
01000066=6,7,1,01000062,0,0,0,0,A,7,1,01000063,0,0,0,0,A,7,1,01000064,0,0,0,0,A,7,1,01000065,0,0,0,0,A,53,2,01000068,0,0,0,0,A,7,1,01000055,0,0,0,0,A
01000068=7,7,1,01000056,0,0,0,0,A,7,1,01000057,0,0,0,0,A,7,1,01000058,0,0,0,0,A,7,1,01000059,0,0,0,0,A,7,1,01000060,0,0,0,0,A,7,1,01000061,0,0,0,0,A,53,2,01000080,0,0,0,0,A
01000076=2,7,1,01000074,0,0,0,0,A,7,1,01000075,0,0,0,0,A
01000078=1,46,0,0,0,0,0,0,A
01000080=2,47,0,0,0,0,0,0,A,21,6,EVA_BattleControlOnline,0,0,0,0,A

[AircraftTypes]
300=LIONHS

[AllyOffmap]
Name=AllyOffmap
Side=GDI
Color=SovietLoad
Prefix=B
Suffix=Allied
SmartAI=yes
CostUnitsMult=1
ParentCountry=Europeans

[AllyOffmap House]
IQ=5
Edge=North
Color=AlliedLoad
Allies=UnitedStates House
Country=AllyOffmap
Credits=5000000
NodeCount=0
TechLevel=10
PercentBuilt=100
PlayerControl=no

[Basic]
Name=paradoxxxxical
Player=UnitedStates House
Percent=0
GameMode=standard
HomeCell=98
InitTime=10000
Official=no
EndOfGame=no
FreeRadar=no
MaxPlayer=8
MinPlayer=2
SkipScore=no
TrainCrate=no
TruckCrate=no
AltHomeCell=99
OneTimeOnly=no
CarryOverCap=0
NewINIFormat=4
NextScenario=
SkipMapSelect=no
CarryOverMoney=0.000000
AltNextScenario=
MultiplayerOnly=0
IceGrowthEnabled=yes
VeinGrowthEnabled=yes
TiberiumGrowthEnabled=yes
IgnoreGlobalAITriggers=no
TiberiumDeathToVisceroid=no

[Chinese]
Name=Chinese
Side=Nod
Color=SovietLoad
Prefix=B
Suffix=Soviet
SmartAI=yes
CostUnitsMult=1
ParentCountry=Chinese

[Chinese House]
IQ=5
Edge=North
Color=SovietLoad
Allies=Chinese House
Country=Chinese
Credits=0
NodeCount=0
TechLevel=10
PercentBuilt=100
PlayerControl=no

[Countries]
0=UnitedStates
1=Europeans
2=Pacific
3=USSR
4=AllyOffmap
5=Chinese
6=PsiCorps
7=ScorpionCell
8=Headquaters
9=OuterHQ
10=Guild2
11=Guild3
12=Neutral
13=Special

[Europeans]
Name=Europeans
Side=GDI
Color=AlliedLoad
Prefix=G
Suffix=Allied
SmartAI=yes
CostUnitsMult=1
ParentCountry=Europeans

[Europeans House]
IQ=5
Edge=North
Color=AlliedLoad
Allies=Europeans House
Country=Europeans
Credits=0
NodeCount=0
TechLevel=10
PercentBuilt=100
PlayerControl=no

[Events]
01000000=1,13,0,10
01000002=1,13,0,10
01000004=1,13,0,10
01000006=1,13,0,10
01000008=1,13,0,10
01000010=1,13,0,10
01000012=1,13,0,10
01000014=1,13,0,10
01000016=1,13,0,10
01000018=1,13,0,10
01000020=1,13,0,10
01000022=1,13,0,10
01000024=1,13,0,10
01000034=1,13,0,3
01000036=1,13,0,4
01000038=1,13,0,13
01000066=1,13,0,12
01000068=1,13,0,4
01000076=1,13,0,3
01000078=1,13,0,0
01000080=1,13,0,8

[FA2spVersionControl]
Version=71

[FATRAP]
Armor=special
Power=30000

[Guild2]
Name=Guild2
Side=FourthSide
Color=Teal
Prefix=B
Suffix=Soviet
SmartAI=yes
CostUnitsMult=1
ParentCountry=Guild2

[Guild2 House]
IQ=5
Edge=North
Color=Teal
Allies=Guild2 House
Country=Guild2
Credits=0
NodeCount=0
TechLevel=10
PercentBuilt=100
PlayerControl=no

[Guild3]
Name=Guild3
Side=FourthSide
Color=Teal
Prefix=B
Suffix=Soviet
SmartAI=yes
CostUnitsMult=1
ParentCountry=Guild3

[Guild3 House]
IQ=5
Edge=North
Color=Teal
Allies=Guild3 House
Country=Guild3
Credits=0
NodeCount=0
TechLevel=10
PercentBuilt=100
PlayerControl=no

[Headquaters]
Name=Headquaters
Side=ThirdSide
Color=Purple3
Prefix=B
Suffix=Soviet
SmartAI=yes
CostUnitsMult=1
ParentCountry=Headquaters

[Headquaters House]
IQ=5
Edge=North
Color=Purple3
Allies=Headquaters House
Country=Headquaters
Credits=0
NodeCount=0
TechLevel=10
PercentBuilt=100
PlayerControl=no

[Houses]
0=UnitedStates House
1=Europeans House
2=Pacific House
3=USSR House
4=AllyOffmap House
5=Chinese House
6=PsiCorps House
7=ScorpionCell House
8=Headquaters House
9=OuterHQ House
10=Guild2 House
11=Guild3 House
12=Neutral House
13=Special House

[Infantry]
0=OuterHQ House,INIT,256,52,45,1,Guard,224,None,0,-1,0,1,0
1=OuterHQ House,INIT,256,51,45,1,Guard,224,None,0,-1,0,1,0
2=OuterHQ House,INIT,256,56,41,0,Guard,224,None,0,-1,0,1,0
3=OuterHQ House,INIT,256,56,40,0,Guard,224,None,0,-1,0,1,0
4=OuterHQ House,INIT,256,50,44,0,Guard,224,None,0,-1,0,1,0
5=OuterHQ House,INIT,256,51,44,0,Guard,224,None,0,-1,0,1,0
6=OuterHQ House,INIT,256,55,40,0,Guard,224,None,0,-1,0,1,0
7=OuterHQ House,INIT,256,55,39,0,Guard,224,None,0,-1,0,1,0
8=OuterHQ House,HARP,256,50,49,0,Guard,224,None,0,-1,0,1,0
9=OuterHQ House,HARP,256,52,51,0,Guard,224,None,0,-1,0,1,0
10=OuterHQ House,HARP,256,62,41,0,Guard,224,None,0,-1,0,1,0
11=OuterHQ House,HARP,256,61,40,0,Guard,224,None,0,-1,0,1,0
12=OuterHQ House,HARP,256,60,39,0,Guard,224,None,0,-1,0,1,0
13=OuterHQ House,HARP,256,51,50,0,Guard,224,None,0,-1,0,1,0
14=OuterHQ House,DUNE,256,54,52,0,Area Guard,224,None,0,-1,0,1,0
15=OuterHQ House,DUNE,256,55,51,0,Area Guard,224,None,0,-1,0,1,0
16=OuterHQ House,DUNE,256,63,43,0,Area Guard,224,None,0,-1,0,1,0
17=OuterHQ House,DUNE,256,62,44,0,Area Guard,224,None,0,-1,0,1,0
18=OuterHQ House,DUNE,256,56,52,0,Area Guard,224,None,0,-1,0,1,0
19=OuterHQ House,DUNE,256,63,45,0,Area Guard,224,None,0,-1,0,1,0

[IsoMapPack5]
1=dAwAIAE8AAEAgAAFBAA7AAIA//9TAQQAPEgBQAECAAAEAD0oKwA6AAOQAlUCOygpADwoKQ
2=A9KCkAPigpADlcBZ8GBAA6KCkAOygpADwoKQA9KCkAPigpAD8oKwA4AAWMCUUCOSgpADoo
3=KQA7KCkAPCgpAD0oKQA+KCkAPygpAEAoKwA3AAbpDDgoKQA5KCkAOigpADsoKQA8KCkAPS
4=gpAD4oKQA/KCkAQCgpAEEoKwA2AAfhDzcoKQA4KCkAOSgpADooKQA7KCkAPCgpAD0oKQA+
5=KCkAPygpAEAoKQBBKCkAQigoAAI1AAgAJWMSAwA2SAFkAVUuNygpADgoKQA5KCkAOigpAD
6=soKQA8KCkAPSgpAD4oKQA/KCkAQCgpAEEoKQBCKCkAQygrADQACYATRRM1KCkANigpADco
7=KQA4KCkAOSgpADooKQA7KCkAPCgpAD0oKQA+KCkAPygpAEAoKQBBKCkAQigpAEMoKQBEKC
8=sAMwAK6Rc0KCkANSgpADYoKQA3KCkAOCgpADkoKQA6KCkAOygpADwoKQA9KCkAPigpAD8o
9=KQBAKCkAQSgpAEIoKQBDKCkARCgpAEVJASZ8GAIDADIAC2ABdYYzKCkANCgpADUoKQA2KC
10=kANygpADgoKQA5KCkAOigpADsoKQA8KCkAPSgpAD4oKQA/KCkAQCgpAEEoKQBCKCkAQygp
11=AEQoKQBFSAHFokYoKwAxAAz5HDIoKQAzKCkANCgpADUoKQA2KCkANygpADgoKQA5KCkAOi
12=gpADsoKQA8KCkAPSgpAD4oKQA/KCkAQCgpAEEoKQBCKCkAQygpAERIAdkcRSgpAEYoKQBH
13=KCsAMAAN8R8xKCkAMigpADMoKQA0KCkANSgpADYoKQA3KCkAOCgpADkoKQA6KCkAOygpAD
14=woKQA9KCkAPigpAD8oKQBAKCkAQSgpAEIoKQBDSAHRH0QoKQBFKCkARigpAEcoKQBIKCsA
15=LwAO6SIwKCkAMSgpADIoKQAzKCkANCgpADUoKQA2KCkANygpADgoKQA5KCkAOigpADsoKQ
16=A8KCkAPSgpAD4oKQA/KCkAQCgpAEEoKQBCSAHJIkMoKQBEKCkARSgpAEYoKQBHKCkASCgp
17=AEkoKwAuAA/hJS8oKQAwKCkAMSgpADIoKQAzKCkANCgpADUoKQA2KCkANygpADgoKQA5KC
18=kAOigpADsoKQA8KCkAPSgpAD4oKQA/KCkAQCgpAEFIAcElQigpAEMoKQBEKCkARSgpAEYo
19=KQBHKCkASCgpAEkoKQBKKCsALQAQ+ScuKCkALygpADAoKQAxKCkAMigpADMoKQA0KCkANS
20=gpADYoKQA3KCkAOCgpADkoKQA6KCkAOygpADwoKQA9KCkAPigpAD8oKQBASAHZJ0EoKQBC
21=KCkAQygpAEQoKQBFKCkARigpAEcoKQBIKCkASSgpAEooKQBLKCsALAAR8SotKCkALigpAC
22=8oKQAwKCkAMSgpADIoKQAzKCkANCgpADUoKQA2KCkANygpADgoKQA5KCkAOigpADsoKQA8
23=KCkAPSgpAD4oKQA/SAHRKkAoKQBBKCkAQigpAEMoKQBEKCkARSgpAEYoKQBHKCkASCgpAE
24=koKQBKKCkASygpAEwoKwArABLpLSwoKQAtKCkALigpAC8oKQAwKCkAMSgpADIoKQAzKCkA
25=NCgpADUoKQA2KCkANygpADgoKQA5KCkAOigpADsoKQA8KCkAPSgpAD5IAcktPygpAEAoKQ
26=BBKCkAQigpAEMoKQBEKCkARSgpAEYoKQBHKCkASCgpAEkoKQBKKCkASygpAEwoKQBNKCsA
27=KgAT4TArKCkALCgpAC0oKQAuKCkALygpADAoKQAxKCkAMigpADMoKQA0KCkANSgpADYoKQ
28=A3KCkAOCgpADkoKQA6KCkAOygpADwoKQA9SAHBMD4oKQA/KCkAQCgpAEEoKQBCKCkAQygp
29=AEQoKQBFKCkARigpAEcoKQBIKCkASSgpAEooKQBLKCkATCgpAE0oKQBOKCsAKQAU+TIqKC
30=kAKygpACwoKQAtKCkALigpAC8oKQAwKCkAMSgpADIoKQAzKCkANCgpADUoKQA2KCkANygp
31=ADgoKQA5KCkAOigpADsoKQA8SAHZMj0oKQA+KCkAPygpAEAoKQBBKCkAQigpAEMoKQBEKC
32=kARSgpAEYoKQBHKCkASCgpAEkoKQBKKCkASygpAEwoKQBNKCkATigpAE8oKwAoABXxNSko
33=KQAqKCkAKygpACwoKQAtKCkALigpAC8oKQAwKCkAMSgpADIoKQAzKCkANCgpADUoKQA2KC
34=kANygpADgoKQA5KCkAOigpADtIAdE1PCgpAD0oKQA+KCkAPygpAEAoKQBBKCkAQigpAEMo
35=KQBEKCkARSgpAEYoKQBHKCkASCgpAEkoKQBKKCkASygpAEwoKQBNKCkATigpAE8oKQBQKC
36=sAJwAWJl1DKEgBmzkEACkoKQAqKCkAKygpACwoKQAtKCkALigpAC8oKQAwKCkAMSgpADIo
37=KQAzSgHEAksPBAA0SQHVqQE1SAFMAiIBPTZJAdm1AjdIAdUCOCgpADkoKQA6SAHJODsoKQ
38=A8KCkAPSgpAD4oKQA/KCkAQCgpAEEoKQBCKCkAQygpAEQoKQBFKCkARigpAEcoKQBIKCkA
39=SSgpAEooKQBLKCkATCgpAE0oKQBOKCkATygpAFAoKQBRKCsAJgAXnCQBAAQAJygpACgoKQ
40=ApKCkAKigpACsoKQAsKCkALSgpAC4oKQAvSAHdNjBIAZsNBAAxKCkAMigpADNJAcOpODRJ
41=AdipATVJAcapATZJAcCpATdIAdFAOEgB3Qo5SAHBOzooKQA7KCkAPCgpAD0oKQA+KCkAPy
42=gpAEAoKQBBKCkAQigpAEMoKQBEKCkARSgpAEYoKQBHKCkASCgpAEkoKQBKKCkASygpAEwo
43=KQBNKCkATigpAE8oKQBQKCkAUSgpAFIoKwAlABicJAEABAAmKCkAJygpACgoKQApKCkAKi
44=gpACsoKQAsKCkALSgpAC5IAdE1L0kBu7E1MEgBhA9kPycNAjJVAsKhBDNJAbipATRJAcCp
45=ATVIAcl6NkgBxQg3SQHUoQQ4SAHZPTkoKQA6KCkAOygpADwoKQA9KCkAPigpAD8oKQBAKC
46=kAQSgpAEIoKQBDKCkARCgpAEUoKQBGKCkARygpAEgoKQBJKCkASigpAEsoKQBMKCkATSgp
47=AE4oKQBPKCkAUCgpAFEoKQBSKCkAUygrACQAGYIpAARMuicpACYoVQAnKCkAKCgpACkoKQ
48=AqKCkAKygpACwoKQAtKCkALigpAC9JAcW9NjBJAbqpATFJAb6pATJJAb2pATNJAb+pATRI
49=AcF9NUgBzYk2SAGbGAQAN0kB1q0FOEkB0akBOUgByUM6KCkAOygpADwoKQA9KCkAPigpAD
50=8oKQBAKCkAQSgpAEIoKQBDKCkARCgpAEUoKQBGKCkARygpAEgoKQBJKCkASigpAEsoKQBM
51=KCkATSgpAE4oKQBPKCkAUCgpAFEoKQBSKCkAUygpAFQoKwAjABqMKklDJCgpACUoKQAmKC
52=kAJygpACgoKQApKCkAKigpACsoKQAsKCkALSgpAC5JAde9Ni9JAc2pATBIAdnBMUkB07UC
53=MkkBz6kBMygpADRJAcy1AjVIAdkGNkgB0UA3KCkAOCgpADkoKQA6KCkAOygpADwoKQA9KC
54=kAPigpAD8oKQBAKCkAQSgpAEIoKQBDKCkARCgpAEUoKQBGKCkARygpAEgoKQBJKCkASigp
55=AEsoKQBMKCkATSgpAE4oKQBPKCkAUCgpAFEoKQBSKCkAUygpAFQoKQBVKCsAIgAb4UYjKC
56=kAJCgpACUoKQAmKCkAJygpACgoKQApKCkAKigpACsoKQAsKCkALUgB0YIuSAGTEAQAL0gB
57=JdEgMEkBx71BMUgB1QIySAHNBTMoKQA0SAHByjVIAdkGNkgByU43SAHZijhIAcVKOUgB1d
58=M6SAHVAjsoKQA8KCkAPSgpAD4oKQA/KCkAQCgpAEEoKQBCKCkAQygpAEQoKQBFKCkARigp
59=AEcoKQBIKCkASSgpAEooKQBLKCkATCgpAE0oKQBOKCkATygpAFAoKQBRKCkAUigpAFMoKQ
60=BUKCkAVSgpAFYoKwAhAByUMl2OIigpACMoKQAkKCkAJSgpACYoKQAnKCkAKCgpACkoKQAq
61=KCkAKygpACxIAc08LUkB0KFGLkgBJV0iL0kBvLQCBTAAHADVAgAAEQAADg4AIAUABAAxAB
62=wAAGAAAgQAMgAcYQEAVQIzSgHXAlcBBAA0SQHQqQE1SgH//5UCNkkB2LUCN0gB1QI4SQHV
63=tQI5SAHVAjpJAdm1AjtIAdUCPCgpAD0oKQA+KCkAPygpAEAoKQBBKCkAQigpAEMoKQBEKC
64=kARSgpAEYoKQBHKCkASCgpAEkoKQBKKCkASygpAEwoKQBNKCkATigpAE8oKQBQKCkAUSgp
65=AFIoKQBTKCkAVCgpAFUoKQBWKCkAVygrACAAHVQvSwAEACEoKQAiKCkAIygpACQoKQAlKC
66=kAJigpACcoKQAoKCkAKUkBxLE1KkgBTA19QSsoKQAsSQHUoQQtSAHBBC5JAcW1Ai9JAbup
67=ATBJAdKpATFJAc+pATJJAc2pATNIAdUNNEgByUM1SAHZSDZIAdUCN0gBzVI4SAHNUjlJAc
68=ixCTpIAc0FOygpADwoKQA9KCkAPigpAD8oKQBAKCkAQSgpAEIoKQBDKCkARCgpAEUoKQBG
69=KCkARygpAEgoKQBJKCkASigpAEsoKQBMKCkATSgpAE4oKQBPKCkAUCgpAFEoKQBSKCkAUy
70=gpAFQoKQBVKCkAVigpAFcoKQBYKCsAHwAeUAFXPAMAIEgBQAF9QSEoKQAiKCkAIygpACQo
71=KQAlKCkAJigpACcoKQAoSQHCqTgpSQG9qQEqSQG6qQErSQG8qQEsSQHWqQEtSQHLqQEuSQ
72=HRqQEvSQHDqQEwSAHFVTFIAckXMkgB1QIzSQHBrQU0SQHAqQE1SAHBBDZIAcVKN0gB0RQ4
73=SAHZETlIAcVVOkgBzQU7KCkAPCgpAD0oKQA+KCkAPygpAEAoKQBBKCkAQigpAEMoKQBEKC
74=kARSgpAEYoKQBHKCkASCgpAEkoKQBKKCkASygpAEwoKQBNKCkATigpAE8oKQBQKCkAUSgp
75=AFIoKQBTKCkAVCgpAFUoKQBWKCkAVygpAFgoKQBZKCsAHgAfoVECQAHIAW1SH506AGSiJy
76=kAIkgEmwIEACMoKQAkKCkAJSgpACZIAcGIJ0gB2QYoSAHZSClIAdnXKkgB1ZwrSAHFVSxI
77=Ad1BLUgB2eIuSAHBRi9IASdGFB8AwQQxVALBRjJIAclOM0gBwQ80SQHT7lIfAMGeNlQC2Q
78=Y3SAHdVzhIAckMOUgB0Qk6SAHNGztIAdkGPCgpAD0oKQA+KCkAPygpAEAoKQBBKCkAQigp
79=AEMoKQBEKCkARSgpAEYoKQBHKCkASCgpAEkoKQBKKCkASygpAEwoKQBNKCkATigpAE8oKQ
80=BQKCkAUSgpAFIoKQBTKCkAVCgpAFUoKQBWKCkAVygpAFgoKQBZKCkAWigpAB1Yo5HzAUhW
81=3PRnVSAAJGhKZVUgSARNAQNM9ycpACJNAihSAgADRVUgYAF5qyRUAo8BBAAlKCkAJigpAC
82=dIAdFLKEkBuLVEKUkBwKkBKkgBzUcrSAHZ7SxIAd1XLUkBvq0FLkgByVkvKCkAMEgBwQQx
83=SAHdCjJIAdFLM0kBx6UINEgB1QI1SAHdTDYoKQA3SAHBDzhJAb+5BjlIAdkGOkgB2QY7SA
84=HRVjxIAdUCPSgpAD4oKQA/KCkAQCgpAEEoKQBCKCkAQygpAEQoKQBFKCkARigpAEcoKQBI
85=KCkASSgpAEooKQBLKCkATCgpAE0oKQBOKCkATygpAFAoKQBRKCkAUigpAFMoKQBUKCkAVS
86=gpAFYoKQBXKCkAWCgpAFkoKQBaKCkAWygpABxIUZFWAEirJUQpflchAJDafVchVAVJUQJY
87=ACcpACFYBpNWAgAiSAGECH1XIUAFSQAESF4nKQAlQATFVSZIAcX6J0gB0VYoSAHFlylIAV
88=wHZWAqSAHd/CtJAcmhRixIAd38LUgBzQUuSAElYSgvSAHNXTBIAcEEMUgB2UgySAElRSoz
89=SAElRSo0SQHOqQw1SAHJDDZIAdkGNygpADgoKQA5SAHRuTpIASUhKztIAd3FPEgB0R89SA
90=HNaD5IAd0KPygpAEAoKQBBKCkAQigpAEMoKQBEKCkARSgpAEYoKQBHKCkASCgpAEkoKQBK
91=KCkASygpAEwoKQBNKCkATigpAE8oKQBQKCkAUSgpAFIoKQBTKCkAVCgpAFUoKQBWKCkAVy
92=gpAFgoKQBZKCkAWigpAFsoKQBcKCkAG0hRmz0AABxIAZxBdloiAI08AFayIgCNPABStiIA
93=jTwAVVoi1AZICSUgNXVaIkCvQAN0WsAEdloiAME7JUgM3ZkmSAHJWSdIAcGpKEgB1ZwpSA
94=GbaQQAKkgBVAphXCtIAc1HLEkBxrVPLUgB1UQuSAHNBS9IAdFWMEgBJdErMUgBjBsi5T4i
95=JnkgM1QC0Us0KCkANUgByQw2SAEltSI3SAHBGjhIAdGuOUgBxQg6SAElgSE7SAHZwTxIAc
96=V2PUgBzQU+KCkAP0gB0WFASAHBBEEoKQBCKCkAQygpAEQoKQBFKCkARigpAEcoKQBIKCkA
97=SSgpAEooKQBLKCkATCgpAE0oKQBOKCkATygpAFAoKQBRKCkAUigpAFMoKQBUKCkAVSgpAF
98=YoKQBXKCkAWCgpAFkoKQBaKCkAWygpAFwoKQBdKCgAARoAIwCHKQAAG0gBiENtXSPEAUS4
99=ASMAvgOVAR5ABGkBAWxdtAJdSyDUAk0EIcoBBABDDCMAHkkCACKsLMgMbF3cCiIFIiP5Xi
100=ZYBsn+J0gBjw0EAChIASWtISlIAc21KkgBk2wEACtIAc0FLCgpAC0oKQAuSAHBRi9IAcG/
101=MEgBJdErMUgBwakySAHdVzNIAYB9IpZKIwDBvzVUAoMlBAA2SAHdFTdIAdUCOEgBwXI5KC
102=kAOkgBxXY7SAHBBDxIAcUIPUgB1WU+SAHZET9IAdFhQEgByQxBKCkAQigpAEMoKQBEKCkA
103=RSgpAEYoKQBHKCkASCgpAEkoKQBKKCkASygpAEwoKQBNKCkATigpAE8oKQBQKCkAUSgpAF
104=IoKQBTKCkAVCgpAFUoKQBWKCkAVygpAFgoKQBZKCkAWigpAFsoKQBcKCkAXSgpAF4oKwAZ
105=ACT5XhooKQAbSAGESmRgI4AtdQEdVAJ5XgV1vSSRYQZkYKkBB3S9qgEIAFS9qQEJZWAkhG
106=BJZCNECHFhA2dgJAAhvWIlVALBOyZIAclOJ0gB3a8oSAGPywQAKUkBzEQJWWkqSAF4EkkB
107=KygpACxIAcmxLUgBzaouSAHVyC9IAdUCMEgBJcUkMUgBzcsySAHFVTNIAcUTNEgBwco1SA
108=HZaTZIAc1zN0gB3RU4SAHRFDkoKQA6SAHRCTtIASVlLjxIAdUCPUgByRc+SAHZET8oKQBA
109=SAHNc0FIAdkGQkgBwWdDSAHVAkQoKQBFKCkARigpAEcoKQBIKCkASSgpAEooKQBLKCkATC
110=gpAE0oKQBOKCkATygpAFAoKQBRKCkAUigpAFMoKQBUKCkAVSgpAFYoKQBXKCkAWCgpAFko
111=KQBaKCkAWygpAFwoKQBdKCkAXigpAF8oKwAYACXxYRlIASWRLRpJAR6ATUTDJ7VNHChVAB
112=0oKQAeKCkAH0gBiFl9YiUmQSQhVAKsCUTDJ7UBI1QCfGJFayRIAXxiTVwlyAFVZSZJASK1
113=ZSfJAQFnwyUARLUCKVQC2VMqSAGIDGbDJQCPEAQALFQCxbgtSAHBBC5IAd2vL0gB1QIwSA
114=HVAjFIAdUCMkgBzV0zSAHRCTRIAclONUkBw1wWQXI2SAHZETdIAcUIOEgB0c85KCkAOkgB
115=wWc7SAHBZzxIAd0KPUgBwVw+SAHVAj8oKQBASAHdFUFIAc3LQkgBzQVDKCkARCgpAEUoKQ
116=BGKCkARygpAEgoKQBJKCkASigpAEsoKQBMKCkATSgpAE4oKQBPKCkAUCgpAFEoKQBSKCkA
117=UygpAFQoKQBVKCkAVigpAFcoKQBYKCkAWSgpAFooKQBbKCkAXCgpAF0oKQBeKCkAXygpAG
118=AoKwAXACbpZBgoKQAZSAEjmzoAABpIAYFnAVRlJUNaAQAcVAKPaAEAHUgBnEEiJzwmACpv
119=AQEAHyhVACBIASWpUSFIAXwDTQAiKCkAIygpACRIASNdLQBJFCaAyk1oJlQCdGVNUSfIAV
120=VkKEkBQ1wAWVMpSAFMCiKhMCpIAcFGK0gB3bosSAHFVS1IAdlTLigpAC9IASWhMDBIAcEE
121=MSgpADJIAc3WM0gB1Vo0SAHNUjVJAcFEFFkRNkgB3bo3SAHFEzhIAdkROUgB2Wk6SAHFCD
122=tIAdUCPEgB1QI9KCkAPkkB+qkMP0kB8KkBQEgB0YJBSAElPSlCSAHVGENIAc0bREgBJZUp
123=RUgByQxGKCkARygpAEgoKQBJKCkASigpAEsoKQBMKCkATSgpAE4oKQBPKCkAUCgpAFEoKQ
124=BSKCkAUygpAFQoKQBVKCkAVigpAFcoKQBYKCkAWSgpAFooKQBbKCkAXCgpAF0oKQBeKCkA
125=XygpAGAoKQBhKCsAFgAn4WcXKCkAGCgpABlIAScMDSXwcGxoIixHRUICTGhov4kBHe8FAw
126=AeSAFMAmlZH0kBNaFcIMkBASLfXicAM7UCIlQCaAEBAQAAI0kBOVQCQQQkSAF0AkFRJcgB
127=QQQmSAGdYgBBASeEDFEAKFEBH1gGTQUpSAHRzypIAcFRK0gBJeU+LEgBJaElLSgpAC5IAc
128=1dL0gB2QYwSAFYC3UYMUgBJRUkMkkBwLFWM0gBJcUkNEgBwQQ1SAElWSc2SAEl1SY3SAHF
129=VThIAdkROUgBJbEnOkgBzRA7SAHNBTxIAdnMPUkB/KEPPkgBwQQ/SQH5tQJASQH0qQFBSA
130=HFE0JIAQn//wAAAAQAQwAnANQRAAA3DgAgCQIAAAAEAEQAJwD//4oBRQAnKQBGKCkARygp
131=AEgoKQBJKCkASigpAEsoKQBMKCkATSgpAE4oKQBPKCkAUCgpAFEoKQBSKCkAUygpAFQoKQ
132=BVKCkAVigpAFcoKQBYKCkAWSgpAFooKQBbKCkAXCgpAF0oKQBeKCkAXygpAGAoKQBhKCkA
133=YigrABUAKLMqAAAWKCkAFygpABhJASFQLkkAGUkBJVwASQAaSQEdXAABAAEAG+sBAgAcSQ
134=EedwIDAB1IAY8FAwAeSQHEqTgfSAF8AwEABAAgSQHZtQIhSgFFA18CBAAiSQE5SAEBAgQA
135=I8gBAQMEACRJATFUAlkGJcgBAQEAACZJAdZlCABbGSgAzakBKFUCH0wFQQQpSQFASAFZBi
136=pJAbypASvIAQEBBAAsSQHVewYEAC1IAUQQfUwuSQHBtQIvSQG+qQEwSQHAqQExSQHTqQEy
137=SQHLqQEzSQHOqQE0SAGbEQQANUkBx7UCNkgB3Vc3SAHFCDhJAdGhBDlJAcWpATpJAb+pAT
138=tIAcElPEkByLUCPUgB0Qk+SAHdKz9IAdUCQCgpAEFJAdK5BkJIAd0VQ0kBzLUCREgB2QZF
139=SAHVDUZIAdUCRygpAEgoKQBJKCkASigpAEsoKQBMKCkATSgpAE4oKQBPKCkAUCgpAFEoKQ
140=BSKCkAUygpAFQoKQBVKCkAVigpAFcoKQBYKCkAWSgpAFooKQBbKCkAXCgpAF0oKQBeKCkA
141=XygpAGAoKQBhKCkAYigpAGMoKwAUACnxbBUoKQAWKCkAFygpABhIAYdrAAAZSAGPUgEAGu
142=kBBF1tKZICAARcbScpAB1BBMa1OR5JAb2pAR9JAbqpASBJAcCpASFJAdepASJJAc+pASNI
143=AdFWJEgBjwwEACVIAWpvBARebSkAaQEFfm0pAIVKAFIcKQCdVwBGBSkAfG0BAQQAKlABfG
144=1deCvIAV14LEkB1LUNLUgB3RUuSAHNXS9IAcFyMEgBzRAxSAGXDQQAMkkB0KUIM0gBwQQ0
145=SAGEgX1tKaeBBAA2VALdVzdJAdi5BjhIAdUCOSgpADooKQA7KCkAPCgpAD1IAd0VPkkBu7
146=EJP0gB0QlASAHJekFIAcWBQigpAENIAckXREkBxKUIRUgBxQhGSAHJb0dIAdUCSCgpAEko
147=KQBKKCkASygpAEwoKQBNKCkATigpAE8oKQBQKCkAUSgpAFIoKQBTKCkAVCgpAFUoKQBWKC
148=kAVygpAFgoKQBZKCkAWigpAFsoKQBcKCkAXSgpAF4oKQBfKCkAYCgpAGEoKQBiKCkAYygp
149=AGQoKQATSFGHKQAAFCgpABUoKQAWKCkAFygpABgoKQAZSQEeqccaSAGQCXVwKpFPAHZwKg
150=DZaR1ABNlpHkgBn2IEAB9JAcO5PSBIAcFcIUgBxUoiSQHAoQQjSAHFVSRJASahDyXIAVHa
151=JkgBpA9W3ioAjAV2cCoAfOZJbylBBD65BipIAXRwAQQEACvJAQV13iqwd3beKgDdFS5ABM
152=kBL0kBybkRMEgB3cUxSAHdxTJIAY8QBAAzSAHVGDRJAby5BjVIAcFyNkgB2Yo3SQH4oQQ4
153=SAHNXTlIAdHaOkgB3Ss7KCkAPCgpAD1JAfylCD5JAcGpAT9IAdknQEgBxYxBSAHFE0JIAd
154=n4Q0gBxaJESAHdjkVIAcEPRigpAEcoKQBIKCkASSgpAEooKQBLKCkATCgpAE0oKQBOKCkA
155=TygpAFAoKQBRKCkAUigpAFMoKQBUKCkAVSgpAFYoKQBXKCkAWCgpAFkoKQBaKCkAWygpAF
156=woKQBdKCkAXigpAF8oKQBgKCkAYSgpAGIoKQBjKCkAZCgpAGUoKQASSFGLLQAAEygpABQo
157=KQAVKCkAFigpABcoKQAYKCkAGUgBbHNdQBrJAQNvcysAJKVgHFQCaAEBAQQAHUkBILUCHk
158=gByUMfSAHRQCBIAdFWIUgB2V4iSAHdeCNJAT+lCCRIAWxzQQ8lSAGIeiJFKiuYYlEAJ1QC
159=YHJB4CjIAUUTKUgBjAVm5CsAbXMGbHOpAQdtcyuoem9zKwDCXAsBAAQALlgGxWsvSAHN4T
160=BIAdl0MUgBJ2wOzBBscycpADRBBMGxCTVJAcCpATZIAYOIBAA3SQH5tQI4SQHyqQE5SQHw
161=qQE6SAHZdDtIAYs4BAA8SAHJej1JAcatBT5IAdEqP0gBzQVASAHdK0FIAdGCQkgBwQRDSQ
162=HDpQhESAHVAkVIAcmFRkgB1QJHKCkASCgpAEkoKQBKKCkASygpAEwoKQBNKCkATigpAE8o
163=KQBQKCkAUSgpAFIoKQBTKCkAVCgpAFUoKQBWKCkAVygpAFgoKQBZKCkAWigpAFsoKQBcKC
164=kAXSgpAF4oKQBfKCkAYCgpAGEoKQBiKCkAYygpAGQoKQBlKCkAZigrABEALCbJKhIoKQAT
165=KCkAFCgpABUoKQAWKCkAFygpABgoKQAZKCkAGkgBcHcBBQAAG0kBJERrUT8cyAFVAR1IAW
166=R2VQIeyQEDd+ksACFVAwAiDjksAM1SIUAEyVkiSAFEcCIpNyNJATCtBSTIAUnoJUgBgFFl
167=diwkuCgiTissACLgOF0KKEEERLkGKUgBjAVldizx5StUAtGCLEgB2V4tSQG4UBVFCC5IAc
168=VgL0gBJ8YOLAAnxg4sACfFDiyYFVkGM0wF0Qk0SAHFCDVIAdleNigpADdJAcS1DThIAcEE
169=OUkB+7UCOkgBwWc7SAHBBDxIAcF9PUgBwX0+SQH0uQY/SAHdCkBIAdkGQUgB3StCSAHRFE
170=NIASWpMURJAcClCEVIAdkGRigpAEcoKQBIKCkASSgpAEooKQBLKCkATCgpAE0oKQBOKCkA
171=TygpAFAoKQBRKCkAUigpAFMoKQBUKCkAVSgpAFYoKQBXKCkAWCgpAFkoKQBaKCkAWygpAF
172=woKQBdKCkAXigpAF8oKQBgKCkAYSgpAGIoKQBjKCkAZCgpAGUoKQBmKCkAZygrABAALfF3
173=ESgpABIoKQATKCkAFCgpABUoKQAWKCkAFygpABhIAapVABkoKQAaKCkAGygpABwoKQAdKC
174=kAHkgBaHpNfh9IAXx4TUYgyAFVeyFIAclvIkgB0eUjSAGADyIuSC0AaXoEImw6qAFRCSZA
175=BJhTfXgtnHhBfShUAmSMAQAEAClIAcUIKkgB3VcrSQHAQRAAZu8tANVlLVUCw7UCLkgBJW
176=0vL0gBJVU3MCgpADFIASVVNzJIAckMMygpADRIAcUINUgB1YY2SAHJZDdJAcW1DThIASVx
177=KjlJAcC1AjpIAc0FOygpADwoKQA9KCkAPigpAD9JAcelCEBIAcUIQSgpAEIoKQBDKCkARC
178=gpAEUoKQBGKCkARygpAEgoKQBJKCkASigpAEsoKQBMKCkATSgpAE4oKQBPKCkAUCgpAFEo
179=KQBSKCkAUygpAFQoKQBVKCkAVigpAFcoKQBYKCkAWSgpAFooKQBbKCkAXCgpAF0oKQBeKC
180=kAXygpAGAoKQBhKCkAYigpAGMoKQBkKCkAZSgpAGYoKQBnKCkAaCgrAA8ALul6ECgpABEo
181=KQASKCkAEygpABQoKQAVKCkAFigpABcoKQAYSAGcVyLlSS7GAQAaKFUAGygpABwoKQAdKC
182=kAHigpAB8oKQAgSAFgfVl0IUgBIlUsASKlVy4mFTojVALdYiRJATGl7yXIAV14JkgBhHZ2
183=ey4AIygsIs47LgB0e01cKUAEaQEDd/QuACWlCCtUAmEPAHR7wBoiXi0uAN1iLkAEnxwEAC
184=8oKQAwKCkAMSgpADJIAdWRM0gB2QY0KCkANUgB0Ww2SAHNiTdIAdUCOEgBwQ85SAHRgjpI
185=AdEfO0gBJcUvPEkBwEAbAQAEAD1IAc0FPkgBzQU/SAHdCkBIAcEEQUgBJRE/QkgBzQVDSA
186=HNBUQoKQBFKCkARigpAEcoKQBIKCkASSgpAEooKQBLKCkATCgpAE0oKQBOKCkATygpAFAo
187=KQBRKCkAUigpAFMoKQBUKCkAVSgpAFYoKQBXKCkAWCgpAFkoKQBaKCkAWygpAFwoKQBdKC
188=kAXigpAF8oKQBgKCkAYSgpAGIoKQBjKCkAZCgpAGUoKQBmKCkAZygpAGgoKQBpKCkADkhR
189=kzUAAA8oKQAQKCkAESgpABIoKQATKCkAFCgpABUoKQAWKCkAFygpABhIAYhZbX4vxAFMfi
190=cpABsogQAcKCkAHSgpAB4oKQAfKCkAIEgBYH0BAgQAIcgBTXMiSAEldUYjSAGIemX6L6h6
191=ZfovI4hZUfsmQARkgVWGJ0gBgGdtfi+09CK1WS+Yf0EEKkAEbH5JhStIAWx+TWcsyAFBDy
192=1IASVVIS5IAZwcbn4vAM0QMFQCJYVIMUgBhIwitlkvAN0VM1QC2QY0SAElzTs1SAHVAjZJ
193=AfZUDkV2N0gBJTEtOEgBwQQ5KCkAOkgBjzwEADtIAY8bBAA8SAHdCj1IAcUTPkkBwL0KP0
194=gByZBASQHEtQJBSAHRCUIoKQBDKCkARCgpAEUoKQBGKCkARygpAEgoKQBJKCkASigpAEso
195=KQBMKCkATSgpAE4oKQBPKCkAUCgpAFEoKQBSKCkAUygpAFQoKQBVKCkAVigpAFcoKQBYKC
196=kAWSgpAFooKQBbKCkAXCgpAF0oKQBeKCkAXygpAGAoKQBhKCkAYigpAGMoKQBkKCkAZSgp
197=AGYoKQBnKCkAaCgpAGkoKQBqKCsADQAw/fwOKCkADygpABAoKQARKCkAEigpABMoKQAUKC
198=kAFSgpABYoKQAXKCkAGEgBhFVlgTDEAUSBJykAGyiBABwoKQAdKCkAHigpAB8oKQAgSQFC
199=vfEhSAHB1SJIASXZLCNIAZgNZ4EwAMO0WgolADAARQMAAAAEACYAEQAAng0AIAgwADYDAA
200=AABAAnAKgBAQEEAChLATIDAHUCKcgBAQEAACpKAdcCVwIAACtJAc2pASxJASFMBQEFAAAt
201=SQEfSAFRCS5JAUSpAS9IAZEGBEMBMADZewYEADFRAcepATJJAdSpATNIAc0FNEkB97UCNU
202=gB1QI2SAHVAjdIAZsRBAA4SQHPrQU5KCkAOkkB0bUCO0kB+qkBPEkB86kBPUoB//9HCwQA
203=PigpAD9IAdkRQEkBxa0FQUkBuqkBQkkBvqkBQ0kBwKkBREgB0QlFKCkARigpAEcoKQBIKC
204=kASSgpAEooKQBLKCkATCgpAE0oKQBOKCkATygpAFAoKQBRKCkAUigpAFMoKQBUKCkAVSgp
205=AFYoKQBXKCkAWCgpAFkoKQBaKCkAWygpAFwoKQBdKCkAXigpAF8oKQBgKCkAYSgpAGIoKQ
206=BjKCkAZCgpAGUoKQBmKCkAZygpAGgoKQBpKCkAaigpAGsoKQAMSFGfNgAADSgpAA4oKQAP
207=KCkAECgpABEoKQASKCkAEygpABQoKQAVKCkAFigpABcoKQAYSAFYUGkAGSgpABooKQAbKC
208=kAHCgpAB0oKQAeKCkAHygpACBJAUJUcEl6IUgBfAsBAAQAIkkBP1QCSQEjSAFwd0kBJEgB
209=zV0lSQHAtVomSQG7rQUnyAFRCShJAdWhBClIAWqFBARegzEAaAFFgStVAthjBAAALEgBgA
210=9+gzEAfINNiS5VAkG9Ci9IAYAEfYMxhQEAfIMnKQAyQASTCQQAM0kB9n8KBAA0SQHxqQE1
211=SQHyqQE2SAHVAjdJAfC1AjhIAYMLBAA5SQHCtQI6SQHAqQE7SAGTQAQAPEkByLUCPUgB1Q
212=I+KCkAP0kB1qEEQEgBxYxBSAHdmUJIAdkGQygpAEQoKQBFKCkARigpAEcoKQBIKCkASSgp
213=AEooKQBLKCkATCgpAE0oKQBOKCkATygpAFAoKQBRKCkAUigpAFMoKQBUKCkAVSgpAFYoKQ
214=BXKCkAWCgpAFkoKQBaKCkAWygpAFwoKQBdKCkAXigpAF8oKQBgKCkAYSgpAGIoKQBjKCkA
215=ZCgpAGUoKQBmKCkAZygpAGgoKQBpKCkAaigpAGsoKQBsKCgAAQsAMgCDOwAADCgpAA0oKQ
216=AOKCkADygpABAoKQARKCkAEigpABMoKQAUKCkAFSgpABYoKQAXSAGLWQAAGCgpABkoKQAa
217=KCkAGygpABwoKQAdKCkAHigpAB8oKQAgSQEeTHNNXCHJAQN3hjIAKVQCUQ8jVAJ0hkEEJM
218=gBQQQlSAHJ/iZIAXWGAiJWITIAaAFBBChUAt14KUkBL3AJdoYyAGgBUYIrVAJYC2kALCgp
219=AC0oKQAuSAF0hkmQL0gBYQUAdoYyACUgIEGQAMFyMiiBADNJAftQFU0FNEgB1Xs1SAHFCD
220=YoKQA3SAHNBThIAcEEOUkBw6UIOkgBzZ87SAEnVyEyAO6hBD1UAtWRPkkB9LUCP0kBwqkB
221=QEkBvKkBQUgBh0oEAEIoKQBDKCkARCgpAEUoKQBGKCkARygpAEgoKQBJKCkASigpAEsoKQ
222=BMKCkATSgpAE4oKQBPKCkAUCgpAFEoKQBSKCkAUygpAFQoKQBVKCkAVigpAFcoKQBYKCkA
223=WSgpAFooKQBbKCkAXCgpAF0oKQBeKCkAXygpAGAoKQBhKCkAYigpAGMoKQBkKCkAZSgpAG
224=YoKQBnKCkAaCgpAGkoKQBqKCkAaygpAGwoKQBtKCkACkDYmz0AAAsoKQAMKCkADSgpAA4o
225=KQAPKCkAECgpABEoKQASKCkAEygpABQoKQAVKCkAFkgBl1oAABcoKQAYKCkAGSgpABooKQ
226=AbKCkAHCgpAB0oKQAeKCkAHygpACAoKQAhSAF4igEFAAAiSAHNECMoKQAkSAF4ikEEJUkB
227=Q72DJkgBYYgEbYkzjYkFIocyMwAmoQQpQARoAUGIKkgB3QorKCkALCgpAC0oKQAuSQE5RA
228=iNiTMmWTIwVAKECCIGIjMA1XsyVAIlKSEzSAElCTM0SQH4vXg1SAHVAjZIAcUIN0gBzX44
229=SAEl+TA5SQG/uQY6SQHSqQE7SAHFlzxIASWNMz1IAYBGIocyMwDGrQU/VQK9qQFASAHRCU
230=FIAc0FQigpAEMoKQBEKCkARSgpAEYoKQBHKCkASCgpAEkoKQBKKCkASygpAEwoKQBNKCkA
231=TigpAE8oKQBQKCkAUSgpAFIoKQBTKCkAVCgpAFUoKQBWKCkAVygpAFgoKQBZKCkAWigpAF
232=soKQBcKCkAXSgpAF4oKQBfKCkAYCgpAGEoKQBiKCkAYygpAGQoKQBlKCkAZigpAGcoKQBo
233=KCkAaSgpAGooKQBrKCkAbCgpAG0oKQBuKCsACQA0Jl0iCigpAAsoKQAMKCkADSgpAA4oKQ
234=APKCkAECgpABEoKQASKCkAEygpABQoKQAVSAGbXgAAFigpABcoKQAYKCkAGSgpABooKQAb
235=KCkAHCgpAB0oKQAeKCkAHygpACAoKQAhKCkAIigpACMoKQAkKCkAJUgBIiwyAQAEACZJAS
236=NEgUkBJ8gBUYIoSAF4il1sKUgBzRsqKCkAKygpACwoKQAtSAF4igECBAAuyAEBAwQAL0gB
237=hAgitiI0ACUFIjEoVQAySQH5SA1NEDNIASX9IDRJAe+1AjVIAcUINigpADdJAcGhBDhIAc
238=WBOUgBzQU6SAElMUM7SAHdgzxIASWRIz1IASU5Iz5IAcEEPygpAEAoKQBBKCkAQigpAEMo
239=KQBEKCkARSgpAEYoKQBHKCkASCgpAEkoKQBKKCkASygpAEwoKQBNKCkATigpAE8oKQBQKC
240=kAUSgpAFIoKQBTKCkAVCgpAFUoKQBWKCkAVygpAFgoKQBZKCkAWigpAFsoKQBcKCkAXSgp
241=AF4oKQBfKCkAYCgpAGEoKQBiKCkAYygpAGQoKQBlKCkAZigpAGcoKQBoKCkAaSgpAGooKQ
242=BrKCkAbCgpAG0oKQBuKCkAbygrAAgANfGNCSgpAAooKQALKCkADCgpAA0oKQAOKCkADygp
243=ABAoKQARKCkAEigpABMoKQAUSAGDXAAAFSgpABYoKQAXKCkAGCgpABkoKQAaKCkAGygpAB
244=woKQAdKCkAHigpAB8oKQAgKCkAISgpACIoKQAjKCkAJCgpACVIAX6OAQBejjUAfI5ddydU
245=AmgBVZAoSAHNGylJAb1IAlkBKsgBWQYryAFZBizIAU0ELUgBInQlQYguSAFIBiL1Vi8oKQ
246=AwSAEnlTQ1KJU0NfWRM0AEJQ0jNEgB3YM1SQHTSA1dCjZIASWJIjdJAcO1AjhIAdUNOUgB
247=yQw6SQHQoQQ7SAHZijxIAcEEPUkByaEEPkgBIzNZBAA/SAHNBUBIAc0FQUgBwQ9CSAHBBE
248=MoKQBEKCkARSgpAEYoKQBHKCkASCgpAEkoKQBKKCkASygpAEwoKQBNKCkATigpAE8oKQBQ
249=KCkAUSgpAFIoKQBTKCkAVCgpAFUoKQBWKCkAVygpAFgoKQBZKCkAWigpAFsoKQBcKCkAXS
250=gpAF4oKQBfKCkAYCgpAGEoKQBiKCkAYygpAGQoKQBlKCkAZigpAGcoKQBoKCkAaSgpAGoo
251=KQBrKCkAbCgpAG0oKQBuKCkAbygpAHAoKwAHADbpkAgoKQAJKCkACigpAAsoKQAMKCkADS
252=gpAA4oKQAPKCkAECgpABEoKQASKCkAE0gBm14AABQoKQAVKCkAFigpABcoKQAYKCkAGSgp
253=ABooKQAbKCkAHCgpAB0oKQAeKCkAHygpACAoKQAhKCkAIigpACMoKQAkKCkAJSgpACYoKQ
254=AnKCkAKCgpAClIAXWRBCImaDYAaQEFIiRoqQEGIqRXqQEHIqZXNgB0kUF8LlgGaQEDIhck
255=NgAlTJVNiTBUAiKsN0kBMUgBhykEADIoKQAzKCkANEgBxYE1SQHMUApZBjZIAdkGN0gBJe
256=1VOEgB1QI5KCkAOkgB1YY7SAHVnDxIAdUCPUgBJU1XPkkBzqkMP0gB3Y5ASAHNBUEoKQBC
257=KCkAQygpAEQoKQBFKCkARigpAEcoKQBIKCkASSgpAEooKQBLKCkATCgpAE0oKQBOKCkATy
258=gpAFAoKQBRKCkAUigpAFMoKQBUKCkAVSgpAFYoKQBXKCkAWCgpAFkoKQBaKCkAWygpAFwo
259=KQBdKCkAXigpAF8oKQBgKCkAYSgpAGIoKQBjKCkAZCgpAGUoKQBmKCkAZygpAGgoKQBpKC
260=kAaigpAGsoKQBsKCkAbSgpAG4oKQBvKCkAcCgpAHEoKwAGADfhkwcoKQAIKCkACSgpAAoo
261=KQALKCkADCgpAA0oKQAOKCkADygpABAoKQARKCkAEkgBh2AAABMoKQAUKCkAFSgpABYoKQ
262=AXKCkAGCgpABkoKQAaKCkAGygpABwoKQAdKCkAHigpAB8oKQAgKCkAISgpACIoKQAjKCkA
263=JCgpACUoKQAmKCkAJygpACgoKQApKCkAKigpACsoKQAsKCkALSgpAC5IAWyUXZkvSAFslA
264=EBAAAwSAFslFGBMcgBUZgySAElmVszSAGILSI1ajeEAUGTNVQCzYk2SAElXXo3KCkAOEgB
265=2Yo5SAElUUc6SAElVXk7KCkAPEgBJa1YPUgByZA+KCkAPygpAEAoKQBBKCkAQigpAEMoKA
266=AHRAA3AP//AAAABBEAAO0MACAKAEUANwD//wAAAAQARigpAEcoKQBIKCkASSgpAEooKQBL
267=KCkATCgpAE0oKQBOKCkATygpAFAoKQBRKCkAUigpAFMoKQBUKCkAVSgpAFYoKQBXKCkAWC
268=gpAFkoKQBaKCkAWygpAFwoKQBdKCkAXigpAF8oKQBgKCkAYSgpAGIoKQBjKCkAZCgpAGUo
269=KQBmKCkAZygpAGgoKQBpKCkAaigpAGsoKQBsKCkAbSgpAG4oKQBvKCkAcCgpAHEoKQByKC
270=gAAwUAOAD//0c/AAAGKCkABygpAAgoKQAJKCkACigpAAsoKQAMKCkADSgpAA4oKQAPKCkA
271=ECgpABFIAYcQAAASKCkAEygpABQoKQAVKCkAFigpABcoKQAYKCkAGSgpABooKQAbKCkAHC
272=gpAB0oKQAeKCkAHygpACAoKQAhKCkAIigpACMoKQAkKCkAJSgpACYoKQAnKCkAKCgpACko
273=KQAqKCkAKygpACwoKQAtKCkALigpAC9IAQU5AwAAAQQAMEkBNkgBSXoxyAFVAjJJAT61Aj
274=NIAZcuBAA0SgHIAlMBBAA1SAFAAWWBNkkBwrUCN0kBvKkBOEgBwQQ5SQHXtQI6SQHLqQE7
275=SQHRqQE8SQHDqQE9SAGfTAQAPkkB2bUCP0gB1QJAKCkAQSgpAEIoKQBDKCkARCgpAEUoKQ
276=BGKCkARygpAEgoKQBJKCkASigpAEsoKQBMKCkATSgpAE4oKQBPKCkAUCgpAFEoKQBSKCkA
277=UygpAFQoKQBVKCkAVigpAFcoKQBYKCkAWSgpAFooKQBbKCkAXCgpAF0oKQBeKCkAXygpAG
278=AoKQBhKCkAYigpAGMoKQBkKCkAZSgpAGYoKQBnKCkAaCgpAGkoKQBqKCkAaygpAGwoKQBt
279=KCkAbigpAG8oKQBwKCkAcSgpAHIoKQBzKCsABAA58ZgFKCkABigpAAcoKQAIKCkACSgpAA
280=ooKQALKCkADCgpAA0oKQAOKCkADygpABBIAZ9iAAARKCkAEigpABMoKQAUKCkAFSgpABYo
281=KQAXKCkAGEkBIaELGUkBHqkBGigpABtJASK1AhxIAaYBAB0oKQAeKCkAHygpACAoKQAhKC
282=kAIigpACMoKQAkKCkAJSgpACYoKQAnKCkAKCgpACkoKQAqKCkAKygpACwoKQAtKCkALkgB
283=cJgBAgQAL8kBA32ZOasbAQAxVQIdcwEBADLrAQIAM0kBIHUCA1+ZOQAoqQE1VQLGsY02SQ
284=G4qQE3KCkAOEkBurUCOUkBwKkBOkkB2KkBO0gBzZQ8SQHHtQI9SAHVAj4oKQA/KCkAQCgp
285=AEEoKQBCKCkAQygpAEQoKQBFKCkARigpAEcoKQBIKCkASSgpAEooKQBLKCkATCgpAE0oKQ
286=BOKCkATygpAFAoKQBRKCkAUigpAFMoKQBUKCkAVSgpAFYoKQBXKCkAWCgpAFkoKQBaKCkA
287=WygpAFwoKQBdKCkAXigpAF8oKQBgKCkAYSgpAGIoKQBjKCkAZCgpAGUoKQBmKCkAZygpAG
288=goKQBpKCkAaigpAGsoKQBsKCkAbSgpAG4oKQBvKCkAcCgpAHEoKQByKCkAcygpAHQoKwAD
289=ADrpmwQoKQAFKCkABigpAAcoKQAIKCkACSgpAAooKQALKCkADCgpAA0oKQAOKCkAD0gBdG
290=lNABAoKQARKCkAEigpABMoKQAUKCkAFSgpABYoKQAXSAHJmxhJASVcC0kAGUgBWAACAAAB
291=ABooKQAbSQEmmgIAHEgBwZ4dSAGyAgAeKCkAHygpACAoKQAhKCkAIigpACMoKQAkKCkAJS
292=gpACYoKQAnKCkAKCgpACkoKQAqKCkAKygpACwoKQAtKCkALigpAC8oKQAwSAGFlwBVnDpU
293=uFQbd5w6ACRFAQB1nDqpmwJUnNcCAwA1+wYDADZJAcWtlDdJAb2pAThJAb+pATlIASX5JT
294=pIAXgKAQAEADtIAd2ZPCgpAD0oKQA+KCkAPygpAEAoKQBBKCkAQigpAEMoKQBEKCkARSgp
295=AEYoKQBHKCkASCgpAEkoKQBKKCkASygpAEwoKQBNKCkATigpAE8oKQBQKCkAUSgpAFIoKQ
296=BTKCkAVCgpAFUoKQBWKCkAVygpAFgoKQBZKCkAWigpAFsoKQBcKCkAXSgpAF4oKQBfKCkA
297=YCgpAGEoKQBiKCkAYygpAGQoKQBlKCkAZigpAGcoKQBoKCkAaSgpAGooKQBrKCkAbCgpAG
298=0oKQBuKCkAbygpAHAoKQBxKCkAcigpAHMoKQB0KCkAdSgpAAJIUYNRAAADKCgAYFTVAgUo
299=VQAGKCkABygpAAgoKQAJKCkACigpAAsoKQAMKCkADSgpAA5IAZ9iAAAPKCkAECgpABEoKQ
300=ASKCkAEygpABRIAcmbFUgBJdUmFigpABdIAcGeGEgBjwUBABlIAYwFbZ87TJpXEAEAG1QC
301=gZ4BT587AB9QAkkAHVQCWABpAB4oKQAfKCkAICgpACEoKQAiKCkAIygpACQoKQAlKCkAJi
302=gpACcoKQAoKCkAKSgpACooKQArKCkALCgpAC0oKQAuKCkALygpADBIASNYJ22fO6CebZ87
303=o54BADNABNmgNEgBnaQCTZ87vKRtnzt4ISLxOjdABI8BBAA4SAHBnjlIAdUCOkgB1QI7SA
304=GTSwQAPCgpAD0oKQA+KCkAPygpAEAoKQBBKCkAQigpAEMoKQBEKCkARSgpAEYoKQBHKCkA
305=SCgpAEkoKQBKKCkASygpAEwoKQBNKCkATigpAE8oKQBQKCkAUSgpAFIoKQBTKCkAVCgpAF
306=UoKQBWKCkAVygpAFgoKQBZKCkAWigpAFsoKQBcKCkAXSgpAF4oKQBfKCkAYCgpAGEoKQBi
307=KCkAYygpAGQoKQBlKCkAZigpAGcoKQBoKCkAaSgpAGooKQBrKCkAbCgpAG0oKQBuKCkAby
308=gpAHAoKQBxKCkAcigpAHMoKQB0KCkAdSgpAHYoKQABSFGNUgBR/jwmCSgDKFQAbFXBBAUo
309=VQAGKCkABygpAAgoKQAJKCkACigpAAsoKQAMKCkADUgBl2UAAA4oKQAPKCkAECgpABEoKQ
310=ASKCkAEygpABRIAdV7FUgBwZ4WSAHBnhcoKQAYSAGQo2WiPKsQAgAaVAKNAQJFojy4oGai
311=PAAlYSgdQASRCQBFpzxMAJUFHyhVACAoKQAhSAGPqgAAIkgBhwUAACMoKQAkKCkAJSgpAC
312=YoKQAnKCkAKCgpACkoKQAqKCkAK0gBhx4AACxIAdEULUgBzRAuSAHNEC9IAc0FMEgBnCBk
313=otwgZaI88aMzQASboAEANEgBnCtkosAEZaI8t6cDADdABIgMZKLQCSLjRDwA2SRhKDoogQ
314=A7SAGQS3RM108EAD0oVQA+KCkAPygpAEAoKQBBKCkAQigpAEMoKQBEKCkARSgpAEYoKQBH
315=KCkASCgpAEkoKQBKKCkASygpAEwoKQBNKCkATigpAE8oKQBQKCkAUSgpAFIoKQBTKCkAVC
316=gpAFUoKQBWKCkAVygpAFgoKQBZKCkAWigpAFsoKQBcKCkAXSgpAF4oKQBfKCkAYCgpAGEo
317=KQBiKCkAYygpAGQoKQBlKCkAZigpAGcoKQBoKCkAaSgpAGooKQBrKCkAbCgpAG0oKQBuKC
318=kAbygpAHAoKQBxKCkAcigpAHMoKQB0KCkAdSgpAHYoKQB3KCkAAkhRmFMijSg98KNgVNUC
319=BSiBAAYoKQAHKCkACCgpAAkoKQAKKCkACygpAAxIAYNnAAANKCkADigpAA8oKQAQKCkAES
320=gpABIoKQATKCkAFEgBh3YAABXrAQEAFkgBm38CABdIAYuFAgAYKCkAGSgpABpIAYCIZaI9
321=uKBloj2vnwEAHUAEhQgBRAInVQAfKFUAIEgBhwgBACFIASVpKSJIAcUeIygpACQoKQAlKC
322=kAJigpACcoKQAoKCkAKSgpACooKQArSAHRHyxIAZcNAQAtSAHRuS5IAYsXAAAvSAHZoDBI
323=Ac0FMSgpADIoKQAzSAGcCmaiPQAluSg1VAKfpAIANkgBlAJloj3xozhUApwKZaI9hQEAIr
324=xFJykAO0AEkEtkoshOYE4nKQA+KIEAPygpAEAoKQBBKCkAQigpAEMoKQBEKCkARSgpAEYo
325=KQBHKCkASCgpAEkoKQBKKCkASygpAEwoKQBNKCkATigpAE8oKQBQKCkAUSgpAFIoKQBTKC
326=kAVCgpAFUoKQBWKCkAVygpAFgoKQBZKCkAWigpAFsoKQBcKCkAXSgpAF4oKQBfKCkAYCgp
327=AGEoKQBiKCkAYygpAGQoKQBlKCkAZigpAGcoKQBoKCkAaSgpAGooKQBrKCkAbCgpAG0oKQ
328=BuKCkAbygpAHAoKQBxKCkAcigpAHMoKQB0KCkAdSgpAHYoKQB3KCkAeCgrAAMAPihEFCcp
329=AAUoVQAGKCgABAcAPgD//wARAAA8DQAgBwAAAAAIAD4A//9AAQMAAAkAPgDJAQooKQALSA
330=GbAwAADCgpAA0oKQAOSQEhpQQPSQEeqQEQSQEiqQERSAGmAQASKCkAEygpABRJAR2lBBXr
331=AQEAFusBAgAXSAGLDAMAGEgBiwwDABlIAYsMAwAaSQEmZwgCABtIAYMEAgAcKCkAHSgpAB
332=4oKQAfSAGHCAIAIEkBH2cIAQAhSAGTCQAAIkgBgwQAACNIAXwDTQAkKCkAJSgpACYoKQAn
333=KCkAKCgpACkoKQAqKCkAK0gB0R8sSAGbHAEALUgBlxgBAC4oKQAvKCkAMEgBhxMBADFIAV
334=QSAgAAAQAyKCkAM0kBJHsCAQA0SQEoqQE1SAGXAgIANkgBlwICADdIAZcCAwA4SAGXAgMA
335=OUgBdAYBAAQAOigpADtIAZdEBAA8KCkAPSgpAD4oKQA/KCkAQCgpAEEoKQBCKCkAQygpAE
336=QoKQBFKCkARigpAEcoKQBIKCkASSgpAEooKQBLKCkATCgpAE0oKQBOKCkATygpAFAoKQBR
337=KCkAUigpAFMoKQBUKCkAVSgpAFYoKQBXKCkAWCgpAFkoKQBaKCkAWygpAFwoKQBdKCkAXi
338=gpAF8oKQBgKCkAYSgpAGIoKQBjKCkAZCgpAGUoKQBmKCkAZygpAGgoKQBpKCkAaigpAGso
339=KQBsKCkAbSgpAG4oKQBvKCkAcCgpAHEoKQByKCkAcygpAHQoKQB1KCkAdigpAHcoKQB4KC
340=kAeSgrAAQAP+mbBSgpAAYoKQAHKCkACCgpAAkoKQAKSAGTYQAACygpAAwoKQANKCkADkgB
341=yXoPSAGbBgEAEEgBh4wAABFIAZUCAEWiP8YBABMoVQAUSAHFCBXoAWaiPwCUAmSiyAFkos
342=0bBEaiPwCEl2aiPwCBiANEoicpABxQCdUCHSgpAB5IAY+JAwAfSAGQFGSi0Alloj9IoV0U
343=AVgA1AJkot8KAAAkWAafCgAAJUgBkQkASBEnbQMnVAJcB2kAKCgpAClIAYOeAAAqSAHFCC
344=tJASVnBQAALEgBhB5loj9Es1kCAkSiww8CAC9ABJcNAgAwSAGQH2SiwARkoicpADNABIgM
345=ZaI/QBVTCQEANVQCQgEAAGSi0CpkosgXZKLUAmSi1AJkoicpADtECCdEFCctBj0oVQA+KC
346=kAPygpAEAoKQBBKCkAQigpAEMoKQBEKCkARSgpAEYoKQBHKCkASCgpAEkoKQBKKCkASygp
347=AEwoKQBNKCkATigpAE8oKQBQKCkAUSgpAFIoKQBTKCkAVCgpAFUoKQBWKCkAVygpAFgoKQ
348=BZKCkAWigpAFsoKQBcKCkAXSgpAF4oKQBfKCkAYCgpAGEoKQBiKCkAYygpAGQoKQBlKCkA
349=ZigpAGcoKQBoKCkAaSgpAGooKQBrKCkAbCgpAG0oKQBuKCkAbygpAHAoKQBxKCkAcigpAH
350=MoKQB0KCkAdSgpAHYoKQB3KCkAeCgpAHkoKQB6KCsABQBA8aMGKCkABygpAAgoKQAJSAGX
351=ZQAACigpAAsoKQAMKCkADSgpAA5IASODIQAAD0kBIKkIEEkBI6kBEUgBpAFFokChfQBFok
352=CzmAAAFEAE0YIVSAHRghboAWWiQLCjZKLAGmSiJykAGkwF2XQbKCkAHCgpAB0oKQAeSAGY
353=oGWiQECZTBNlokBcn4kBIUAE0Y0iSAHZiiMoKQAkSAGBkwFAjcQIZKInQQMnQASbBgAAKC
354=gpAClIAdkcKkgBk6MBACtIAY0FAUWiQEAKTBBkosQeZaJASAJJAANEotQNZKLXDQIAMecI
355=AgAyKCkAMygpADQoKQA1KCkANkgBmBFkoieJAThUAoAwZKLUAmSiJykAO0AEyS08KCkAPS
356=gpAD4oKQA/KCkAQCgpAEEoKQBCKCkAQygpAEQoKQBFKCkARigpAEcoKQBIKCkASSgpAEoo
357=KQBLKCkATCgpAE0oKQBOKCkATygpAFAoKQBRKCkAUigpAFMoKQBUKCkAVSgpAFYoKQBXKC
358=kAWCgpAFkoKQBaKCkAWygpAFwoKQBdKCkAXigpAF8oKQBgKCkAYSgpAGIoKQBjKCkAZCgp
359=AGUoKQBmKCkAZygpAGgoKQBpKCkAaigpAGsoKQBsKCkAbSgpAG4oKQBvKCkAcCgpAHEoKQ
360=ByKCkAcygpAHQoKQB1KCkAdigpAHcoKQB4KCkAeSgpAHooKQB7KCsABgBB8aMHKCkACEgB
361=VG1pAAkoKQAKSAGEdiKNKEHllwxUApN3AAANSAGTggAADkgBeAdNAA8oKQAQKCkAESgpAB
362=JIAZxtZaJBsaMBRKLLDAEAFUAEmHQijShBuKBkosgBZKLUGGSiJykAGlgG2XQbKCkAHCgp
363=AB0oKQAeSAGAnmWiQbugAwAg9QICVBLZEQJQAycpACNABIceAgAkSAGECGSiwQQBSKsnKQ
364=AnQASBJQFEoidVACkoVQAqSAHZHCtIAYktAkSizwUCAC1UAoAEZKLAJWSiwwQDADBABIkM
365=A0SiJ1UAMihVADMoKQA0KCkANSgpADYoKQA3KCkAOEgBgA9lokFMOkgAZKInKQA7QATJLT
366=woKQA9KCkAPigpAD8oKQBAKCkAQSgpAEIoKQBDKCkARCgpAEUoKQBGKCkARygpAEgoKQBJ
367=KCkASigpAEsoKQBMKCkATSgpAE4oKQBPKCkAUCgpAFEoKQBSKCkAUygpAFQoKQBVKCkAVi
368=gpAFcoKQBYKCkAWSgpAFooKQBbKCkAXCgpAF0oKQBeKCkAXygpAGAoKQBhKCkAYigpAGMo
369=KQBkKCkAZSgpAGYoKQBnKCkAaCgpAGkoKQBqKCkAaygpAGwoKQBtKCkAbigpAG8oKQBwKC
370=kAcSgpAHIoKQBzKCkAdCgpAHUoKQB2KCkAdygpAHgoKQB5KCkAeigpAHsoKQB8KCsABwBC
371=QF2JAAgoKQAJSAGMcyKNKEIktCJkos8FAQAMQASRBgFGokIAI6AlZKLABCKMKCcpABBMBd
372=EJEUgBkHci1DwnXQETVAKQo2WiQliQRQsCRaJCv68CABZABIxzZaJCsKNlokK8umSiJykA
373=GkwF2XQbKCkAHCgpAB0oKQAeKCkAH0gBiJtkosEPA0gRJykAIkAEm6ADACNIAYwFZKLBBA
374=JQJCcpACZABJscAgAnKCkAKCgpACkoKQAqKCkAK0gB2RwsSAGNJgNEot8KAwAuVAKABGSi
375=J8UDMFQCxR4xKCkAMigpADMoKQA0KCkANSgpADYoKQA3KCkAOCgpADkoKQA6KCkAOygpAD
376=woKQA9KCkAPigpAD8oKQBAKCkAQSgpAEIoKQBDKCkARCgpAEUoKQBGKCkARygpAEgoKQBJ
377=KCkASigpAEsoKQBMKCkATSgpAE4oKQBPKCkAUCgpAFEoKQBSKCkAUygpAFQoKQBVKCkAVi
378=gpAFcoKQBYKCkAWSgpAFooKQBbKCkAXCgpAF0oKQBeKCkAXygpAGAoKQBhKCkAYigpAGMo
379=KQBkKCkAZSgpAGYoKQBnKCkAaCgpAGkoKQBqKCkAaygpAGwoKQBtKCkAbigpAG8oKQBwKC
380=kAcSgpAHIoKQBzKCkAdCgpAHUoKQB2KCkAdygpAHgoKQB5KCkAeigpAHsoKQB8KCkAfSgr
381=AAgAQ0iRiQAJSAGMlGSi1wIBAAtUApgDZaJDUH2RAQ1UAiVRPA5IAYwCZaJDXImRARBUAp
382=x4IhxR1wIBABJUApeGAQATSAGABGWiQ6CeZKLNBQNFokOzowMAF+wFZaJDKEQUJykAGkAE
383=3YMbKCkAHCgpAB0oKQAeKCkAHygpACAoKQAhKCkAIkgBmKBkoic5AiRUApUYA0SiJ1UAJi
384=hVACcoKQAoKCkAKSgpACooKQArKCkALEgBiCJkoidtAy5UAs0bLygpADAoKQAxKCkAMigp
385=ADMoKQA0KCkANSgpADYoKQA3KCkAOCgpADkoKQA6KCkAOygpADwoKQA9KCkAPigpAD8oKQ
386=BAKCkAQSgpAEIoKQBDKCkARCgpAEUoKQBGKCkARygpAEgoKQBJKCkASigpAEsoKQBMKCkA
387=TSgpAE4oKQBPKCkAUCgpAFEoKQBSKCkAUygpAFQoKQBVKCkAVigpAFcoKQBYKCkAWSgpAF
388=ooKQBbKCkAXCgpAF0oKQBeKCkAXygpAGAoKQBhKCkAYigpAGMoKQBkKCkAZSgpAGYoKQBn
389=KCkAaCgpAGkoKQBqKCkAaygpAGwoKQBtKCkAbigpAG8oKQBwKCkAcSgpAHIoKQBzKCkAdC
390=gpAHUoKQB2KCkAdygpAHgoKQB5KCkAeigpAHsoKQB8KCkAfSgpAH4oKwAJAESgk2WiRJ2a
391=AGWiRPmgDEAE2aANSAGmBAAOKCkAD0gBzaoQSAEjvyMBABFIAYB9ZaJEqaYCRaJEo54CAB
392=TgBGSizBBlokTtnxdABNGCGCgpABkoKQAaKCkAGygpABwoKQAdKCkAHigpAB8oKQAgKCkA
393=ISgpACIoKQAjKCkAJCgpACUoKQAmKCkAJygpACgoKQApKCkAKigpACsoKAABLABEABEAAB
394=0MACAI//8AAAAEAC0ARADJAS4oKQAvKCkAMCgpADEoKQAyKCkAMygpADQoKQA1KCkANigp
395=ADcoKQA4KCkAOSgpADooKQA7KCkAPCgpAD0oKQA+KCkAPygpAEAoKQBBKCkAQigpAEMoKQ
396=BEKCkARSgpAEYoKQBHKCkASCgpAEkoKQBKKCkASygpAEwoKQBNKCkATigpAE8oKQBQKCkA
397=USgpAFIoKQBTKCkAVCgpAFUoKQBWKCkAVygpAFgoKQBZKCkAWigpAFsoKQBcKCkAXSgpAF
398=4oKQBfKCkAYCgpAGEoKQBiKCkAYygpAGQoKQBlKCkAZigpAGcoKQBoKCkAaSgpAGooKQBr
399=KCkAbCgpAG0oKQBuKCkAbygpAHAoKQBxKCkAcigpAHMoKQB0KCkAdSgpAHYoKQB3KCkAeC
400=gpAHkoKQB6KCkAeygpAHwoKQB9KCkAfigpAH8oKwAKAEVAc0sAAQALSQEfRAFJAAxIAVgA
401=aQANSQEhYwEAAA5JAR6pAQ9JASWpARBJAR1rAQEAEUgBjwUCABJIAYMEAgATSAGXAgMAFE
402=gBhwgDABVIAYMEAwAWSAHRghcoKQAYKCkAGSgpABooKQAbKCkAHCgpAB0oKQAeKCkAHygp
403=ACAoKQAhKCkAIigpACMoKQAkKCkAJSgpACYoKQAnKCkAKCgpACkoKQAqKCkAKygpACwoKQ
404=AtKCkALigpAC8oKQAwKCkAMSgpADIoKQAzKCkANCgpADUoKQA2KCkANygpADgoKQA5KCkA
405=OigpADsoKQA8KCkAPSgpAD4oKQA/KCkAQCgpAEEoKQBCKCkAQygpAEQoKQBFKCkARigpAE
406=coKQBIKCkASSgpAEooKQBLKCkATCgpAE0oKQBOKCkATygpAFAoKQBRKCkAUigpAFMoKQBU
407=KCkAVSgpAFYoKQBXKCkAWCgpAFkoKQBaKCkAWygpAFwoKQBdKCkAXigpAF8oKQBgKCkAYS
408=gpAGIoKQBjKCkAZCgpAGUoKQBmKCkAZygpAGgoKQBpKCkAaigpAGsoKQBsKCkAbSgpAG4o
409=KQBvKCkAcCgpAHEoKQByKCkAcygpAHQoKQB1KCkAdigpAHcoKQB4KCkAeSgpAHooKQB7KC
410=kAfCgpAH0oKQB+KCkAfygoAAILAEYAI3+ZAAAMSAGmAQANSAGUnHqgRgCfmQEAD1QCn5kB
411=ABBIAZyZeqBGAIwFeKDNBQNaoEYAgAR5oEYmFSQVWAbNnxYoKQAXKCkAGCgpABkoKQAaKC
412=kAGygpABwoKQAdKCkAHigpAB8oKQAgKCkAISgpACIoKQAjKCkAJCgpACUoKQAmKCkAJygp
413=ACgoKQApKCkAKigpACsoKQAsKCkALSgpAC4oKQAvKCkAMCgpADEoKQAyKCkAMygpADQoKQ
414=A1KCkANigpADcoKQA4KCkAOSgpADooKQA7KCkAPCgpAD0oKQA+KCkAPygpAEAoKQBBKCkA
415=QigpAEMoKQBEKCkARSgpAEYoKQBHKCkASCgpAEkoKQBKKCkASygpAEwoKQBNKCkATigpAE
416=8oKQBQKCkAUSgpAFIoKQBTKCkAVCgpAFUoKQBWKCkAVygpAFgoKQBZKCkAWigpAFsoKQBc
417=KCkAXSgpAF4oKQBfKCkAYCgpAGEoKQBiKCkAYygpAGQoKQBlKCkAZigpAGcoKQBoKCkAaS
418=gpAGooKQBrKCkAbCgpAG0oKQBuKCkAbygpAHAoKQBxKCkAcigpAHMoKQB0KCkAdSgpAHYo
419=KQB3KCkAeCgpAHkoKQB6KCkAeygpAHwoKQB9KCkAfigrAAwAR6mbAEGeR7iVYZ5HvJlgns
420=EEAkKeRwCPnwIAEVgGiJtgnswFYZ5H9ZwUQATVnBUoKQAWKCkAFygpABgoKQAZKCkAGigp
421=ABsoKQAcKCkAHSgpAB4oKQAfKCkAICgpACEoKQAiKCkAIygpACQoKQAlKCkAJigpACcoKQ
422=AoKCkAKSgpACooKQArKCkALCgpAC0oKQAuKCkALygpADAoKQAxKCkAMigpADMoKQA0KCkA
423=NSgpADYoKQA3KCkAOCgpADkoKQA6KCkAOygpADwoKQA9KCkAPigpAD8oKQBAKCkAQSgpAE
424=IoKQBDKCkARCgpAEUoKQBGKCkARygpAEgoKQBJKCkASigpAEsoKQBMKCkATSgpAE4oKQBP
425=KCkAUCgpAFEoKQBSKCkAUygpAFQoKQBVKCkAVigpAFcoKQBYKCkAWSgpAFooKQBbKCkAXC
426=gpAF0oKQBeKCkAXygpAGAoKQBhKCkAYigpAGMoKQBkKCkAZSgpAGYoKQBnKCkAaCgpAGko
427=KQBqKCkAaygpAGwoKQBtKCkAbigpAG8oKQBwKCkAcSgpAHIoKQBzKCkAdCgpAHUoKQB2KC
428=kAdygpAHgoKQB5KCkAeigpAHsoKQB8KCkAfSgrAA0ASKOTAQAOSAGEl2mbSLScaZtIuaAD
429=SZtIt5wDABLsBWibxwgEABRUAidoEydVABYoVQAXKCkAGCgpABkoKQAaKCkAGygpABwoKQ
430=AdKCkAHigpAB8oKQAgKCkAISgpACIoKQAjKCkAJCgpACUoKQAmKCkAJygpACgoKQApKCkA
431=KigpACsoKQAsKCkALSgpAC4oKQAvKCkAMCgpADEoKQAyKCkAMygpADQoKQA1KCkANigpAD
432=coKQA4KCkAOSgpADooKQA7KCkAPCgpAD0oKQA+KCkAPygpAEAoKQBBKCkAQigpAEMoKQBE
433=KCkARSgpAEYoKQBHKCkASCgpAEkoKQBKKCkASygpAEwoKQBNKCkATigpAE8oKQBQKCkAUS
434=gpAFIoKQBTKCkAVCgpAFUoKQBWKCkAVygpAFgoKQBZKCkAWigpAFsoKQBcKCkAXSgpAF4o
435=KQBfKCkAYCgpAGEoKQBiKCkAYygpAGQoKQBlKCkAZigpAGcoKQBoKCkAaSgpAGooKQBrKC
436=kAbCgpAG0oKQBuKCkAbygpAHAoKQBxKCkAcigpAHMoKQB0KCkAdSgpAHYoKQB3KCkAeCgp
437=AHkoKQB6KCkAeygpAHwoKwAOAEm/mQIAD0gBnJlxmEm8mXCYwQQEUJgnKQATTAXFlxQoKQ
438=AVKCkAFigpABcoKQAYKCkAGSgpABooKQAbKCkAHCgpAB0oKQAeKCkAHygpACAoKQAhKCkA
439=IigpACMoKQAkKCkAJSgpACYoKQAnKCkAKCgpACkoKQAqKCkAKygpACwoKQAtKCkALigpAC
440=8oKQAwKCkAMSgpADIoKQAzKCkANCgpADUoKQA2KCkANygpADgoKQA5KCkAOigpADsoKQA8
441=KCkAPSgpAD4oKQA/KCkAQCgpAEEoKQBCKCkAQygpAEQoKQBFKCkARigpAEcoKQBIKCkASS
442=gpAEooKQBLKCkATCgpAE0oKQBOKCkATygpAFAoKQBRKCkAUigpAFMoKQBUKCkAVSgpAFYo
443=KQBXKCkAWCgpAFkoKQBaKCkAWygpAFwoKQBdKCkAXigpAF8oKQBgKCkAYSgpAGIoKQBjKC
444=kAZCgpAGUoKQBmKCkAZygpAGgoKQBpKCkAaigpAGsoKQBsKCkAbSgpAG4oKQBvKCkAcCgp
445=AHEoKQByKCkAcygpAHQoKQB1KCkAdigpAHcoKQB4KCkAeSgpAHooKQB7KCsADwBKp5cDAB
446=BIAYSXeJXUAniVJykAE0AEJ7gSJ1UAFShVABYoKQAXKCkAGCgpABkoKQAaKCkAGygpABwo
447=KQAdKCkAHigpAB8oKQAgKCkAISgpACIoKQAjKCkAJCgpACUoKQAmKCkAJygpACgoKQApKC
448=kAKigpACsoKQAsKCkALSgpAC4oKQAvKCkAMCgpADEoKQAyKCkAMygpADQoKQA1KCkANigp
449=ADcoKQA4KCkAOSgpADooKQA7KCkAPCgpAD0oKQA+KCkAPygpAEAoKQBBKCkAQigpAEMoKQ
450=BEKCkARSgpAEYoKQBHKCkASCgpAEkoKQBKKCkASygpAEwoKQBNKCkATigpAE8oKQBQKCkA
451=USgpAFIoKQBTKCkAVCgpAFUoKQBWKCkAVygpAFgoKQBZKCkAWigpAFsoKQBcKCkAXSgpAF
452=4oKQBfKCkAYCgpAGEoKQBiKCkAYygpAGQoKQBlKCkAZigpAGcoKQBoKCgACWkASgD//wAA
453=AAQAahEAALwLACAIAEoA//8AAAAEAGsoKQBsKCkAbSgpAG4oKQBvKCkAcCgpAHEoKQByKC
454=kAcygpAHQoKQB1KCkAdigpAHcoKQB4KCkAeSgpAHooKwAQAEvpFxEoKQASKCkAEygpABQo
455=KQAVKCkAFigpABcoKQAYKCkAGSgpABooKQAbKCkAHCgpAB0oKQAeKCkAHygpACAoKQAhKC
456=kAIigpACMoKQAkKCkAJSgpACYoKQAnKCkAKCgpACkoKQAqKCkAKygpACwoKQAtKCkALigp
457=AC8oKQAwKCkAMSgpADIoKQAzKCkANCgpADUoKQA2KCkANygpADgoKQA5KCkAOigpADsoKQ
458=A8KCkAPSgpAD4oKQA/KCkAQCgpAEEoKQBCKCkAQygpAEQoKQBFKCkARigpAEcoKQBIKCkA
459=SSgpAEooKQBLKCkATCgpAE0oKQBOKCkATygpAFAoKQBRKCkAUigpAFMoKQBUKCkAVSgpAF
460=YoKQBXKCkAWCgpAFkoKQBaKCkAWygpAFwoKQBdKCkAXigpAF8oKQBgKCkAYSgpAGIoKQBj
461=KCkAZCgpAGUoKQBmKCkAZygpAGgoKQBpKCkAaigpAGsoKQBsKCkAbSgpAG4oKQBvKCkAcC
462=gpAHEoKQByKCkAcygpAHQoKQB1KCkAdigpAHcoKQB4KCkAeSgrABEATPWREigpABMoKQAU
463=KCkAFSgpABYoKQAXKCkAGCgpABkoKQAaKCkAGygpABwoKQAdKCkAHigpAB8oKQAgKCkAIS
464=gpACIoKQAjKCkAJCgpACUoKQAmKCkAJygpACgoKQApKCkAKigpACsoKQAsKCkALSgpAC4o
465=KQAvKCkAMCgpADEoKQAyKCkAMygpADQoKQA1KCkANigpADcoKQA4KCkAOSgpADooKQA7KC
466=kAPCgpAD0oKQA+KCkAPygpAEAoKQBBKCkAQigpAEMoKQBEKCkARSgpAEYoKQBHKCkASCgp
467=AEkoKQBKKCkASygpAEwoKQBNKCkATigpAE8oKQBQKCkAUSgpAFIoKQBTKCkAVCgpAFUoKQ
468=BWKCkAVygpAFgoKQBZKCkAWigpAFsoKQBcKCkAXSgpAF4oKQBfKCkAYCgpAGEoKQBiKCkA
469=YygpAGQoKQBlKCkAZigpAGcoKQBoKCkAaSgpAGooKQBrKCkAbCgpAG0oKQBuKCkAbygpAH
470=AoKQBxKCkAcigpAHMoKQB0KCkAdSgpAHYoKQB3KCkAeCgrABIATf2OEygpABQoKQAVKCkA
471=FigpABcoKQAYKCkAGSgpABooKQAbKCkAHCgpAB0oKQAeKCkAHygpACAoKQAhKCkAIigpAC
472=MoKQAkKCkAJSgpACYoKQAnKCkAKCgpACkoKQAqKCkAKygpACwoKQAtKCkALigpAC8oKQAw
473=KCkAMSgpADIoKQAzKCkANCgpADUoKQA2KCkANygpADgoKQA5KCkAOigpADsoKQA8KCkAPS
474=gpAD4oKQA/KCkAQCgpAEEoKQBCKCkAQygpAEQoKQBFKCkARigpAEcoKQBIKCkASSgpAEoo
475=KQBLKCkATCgpAE0oKQBOKCkATygpAFAoKQBRKCkAUigpAFMoKQBUKCkAVSgpAFYoKQBXKC
476=kAWCgpAFkoKQBaKCkAWygpAFwoKQBdKCkAXigpAF8oKQBgKCkAYSgpAGIoKQBjKCkAZCgp
477=AGUoKQBmKCkAZygpAGgoKQBpKCkAaigpAGsoKQBsKCkAbSgpAG4oKQBvKCkAcCgpAHEoKQ
478=ByKCkAcygpAHQoKQB1KCkAdigpAHcoKwATAE7ljBQoKQAVKCkAFigpABcoKQAYKCkAGSgp
479=ABooKQAbKCkAHCgpAB0oKQAeKCkAHygpACAoKQAhKCkAIigpACMoKQAkKCkAJSgpACYoKQ
480=AnKCkAKCgpACkoKQAqKCkAKygpACwoKQAtKCkALigpAC8oKQAwKCkAMSgpADIoKQAzKCkA
481=NCgpADUoKQA2KCkANygpADgoKQA5KCkAOigpADsoKQA8KCkAPSgpAD4oKQA/KCkAQCgpAE
482=EoKQBCKCkAQygpAEQoKQBFKCkARigpAEcoKQBIKCkASSgpAEooKQBLKCkATCgpAE0oKQBO
483=KCkATygpAFAoKQBRKCkAUigpAFMoKQBUKCkAVSgpAFYoKQBXKCkAWCgpAFkoKQBaKCkAWy
484=gpAFwoKQBdKCkAXigpAF8oKQBgKCkAYSgpAGIoKQBjKCkAZCgpAGUoKQBmKCkAZygpAGgo
485=KQBpKCkAaigpAGsoKQBsKCkAbSgpAG4oKQBvKCkAcCgpAHEoKQByKCkAcygpAHQoKQB1KC
486=kAdigrABQAT+2JFSgpABYoKQAXKCkAGCgpABkoKQAaKCkAGygpABwoKQAdKCkAHigpAB8o
487=KQAgKCkAISgpACIoKQAjKCkAJCgpACUoKQAmKCkAJygpACgoKQApKCkAKigpACsoKQAsKC
488=kALSgpAC4oKQAvKCkAMCgpADEoKQAyKCkAMygpADQoKQA1KCkANigpADcoKQA4KCkAOSgp
489=ADooKQA7KCkAPCgpAD0oKQA+KCkAPygpAEAoKQBBKCkAQigpAEMoKQBEKCkARSgpAEYoKQ
490=BHKCkASCgpAEkoKQBKKCkASygpAEwoKQBNKCkATigpAE8oKQBQKCkAUSgpAFIoKQBTKCkA
491=VCgpAFUoKQBWKCkAVygpAFgoKQBZKCkAWigpAFsoKQBcKCkAXSgpAF4oKQBfKCkAYCgpAG
492=EoKQBiKCkAYygpAGQoKQBlKCkAZigpAGcoKQBoKCkAaSgpAGooKQBrKCkAbCgpAG0oKQBu
493=KCkAbygpAHAoKQBxKCkAcigpAHMoKQB0KCkAdSgrABUAUPWGFigpABcoKQAYKCkAGSgpAB
494=ooKQAbKCkAHCgpAB0oKQAeKCkAHygpACAoKQAhKCkAIigpACMoKQAkKCkAJSgpACYoKQAn
495=KCkAKCgpACkoKQAqKCkAKygpACwoKQAtKCkALigpAC8oKQAwKCkAMSgpADIoKQAzKCkANC
496=gpADUoKQA2KCkANygpADgoKQA5KCkAOigpADsoKQA8KCkAPSgpAD4oKQA/KCkAQCgpAEEo
497=KQBCKCkAQygpAEQoKQBFKCkARigpAEcoKQBIKCkASSgpAEooKQBLKCkATCgpAE0oKQBOKC
498=kATygpAFAoKQBRKCkAUigpAFMoKQBUKCkAVSgpAFYoKQBXKCkAWCgpAFkoKQBaKCkAWygp
499=AFwoKQBdKCkAXigpAF8oKQBgKCkAYSgpAGIoKQBjKCkAZCgpAGUoKQBmKCkAZygpAGgoKQ
500=BpKCkAaigpAGsoKQBsKCkAbSgpAG4oKQBvKCkAcCgpAHEoKQByKCkAcygpAHQoKwAWAFH9
501=gxcoKQAYKCkAGSgpABooKQAbKCkAHCgpAB0oKQAeKCkAHygpACAoKQAhKCkAIigpACMoKQ
502=AkKCkAJSgpACYoKQAnKCkAKCgpACkoKQAqKCkAKygpACwoKQAtKCkALigpAC8oKQAwKCkA
503=MSgpADIoKQAzKCkANCgpADUoKQA2KCkANygpADgoKQA5KCkAOigpADsoKQA8KCkAPSgpAD
504=4oKQA/KCkAQCgpAEEoKQBCKCkAQygpAEQoKQBFKCkARigpAEcoKQBIKCkASSgpAEooKQBL
505=KCkATCgpAE0oKQBOKCkATygpAFAoKQBRKCkAUigpAFMoKQBUKCkAVSgpAFYoKQBXKCkAWC
506=gpAFkoKQBaKCkAWygpAFwoKQBdKCkAXigpAF8oKQBgKCkAYSgpAGIoKQBjKCkAZCgpAGUo
507=KQBmKCkAZygpAGgoKQBpKCkAaigpAGsoKQBsKCkAbSgpAG4oKQBvKCkAcCgpAHEoKQByKC
508=kAcygrABcAUuWBGCgpABkoKQAaKCkAGygpABwoKQAdKCkAHigpAB8oKQAgKCkAISgpACIo
509=KQAjKCkAJCgpACUoKQAmKCkAJygpACgoKQApKCkAKigpACsoKQAsKCkALSgpAC4oKQAvKC
510=kAMCgpADEoKAAGMgBSAP//AAAAEQAAwgsAIAABBAAzAFIA//8AAAAEADQAUgD//4kBNSgp
511=ADYoKQA3KCkAOCgpADkoKQA6KCkAOygpADwoKQA9KCkAPigpAD8oKQBAKCkAQSgpAEIoKQ
512=BDKCkARCgpAEUoKQBGKCkARygpAEgoKQBJKCkASigpAEsoKQBMKCkATSgpAE4oKQBPKCkA
513=UCgpAFEoKQBSKCkAUygpAFQoKQBVKCkAVigpAFcoKQBYKCkAWSgpAFooKQBbKCkAXCgpAF
514=0oKQBeKCkAXygpAGAoKQBhKCkAYigpAGMoKQBkKCkAZSgpAGYoKQBnKCkAaCgpAGkoKQBq
515=KCkAaygpAGwoKQBtKCkAbigpAG8oKQBwKCkAcSgpAHIoKwAYAFPxVhkoKQAaKCkAGygpAB
516=woKQAdKCkAHigpAB8oKQAgKCkAISgpACIoKQAjKCkAJCgpACUoKQAmKCkAJygpACgoKQAp
517=KCkAKigpACsoKQAsKCkALSgpAC4oKQAvKCkAMCgpADEoKQAyKCkAMygpADQoKQA1KCkANi
518=gpADcoKQA4KCkAOSgpADooKQA7KCkAPCgpAD0oKQA+KCkAPygpAEAoKQBBKCkAQigpAEMo
519=KQBEKCkARSgpAEYoKQBHKCkASCgpAEkoKQBKKCkASygpAEwoKQBNKCkATigpAE8oKQBQKC
520=kAUSgpAFIoKQBTKCkAVCgpAFUoKQBWKCkAVygpAFgoKQBZKCkAWigpAFsoKQBcKCkAXSgp
521=AF4oKQBfKCkAYCgpAGEoKQBiKCkAYygpAGQoKQBlKCkAZigpAGcoKQBoKCkAaSgpAGooKQ
522=BrKCkAbCgpAG0oKQBuKCkAbygpAHAoKQBxKCsAGQBU9XsaKCkAGygpABwoKQAdKCkAHigp
523=AB8oKQAgKCkAISgpACIoKQAjKCkAJCgpACUoKQAmKCkAJygpACgoKQApKCkAKigpACsoKQ
524=AsKCkALSgpAC4oKQAvKCkAMCgpADEoKQAyKCkAMygpADQoKQA1KCkANigpADcoKQA4KCkA
525=OSgpADooKQA7KCkAPCgpAD0oKQA+KCkAPygpAEAoKQBBKCkAQigpAEMoKQBEKCkARSgpAE
526=YoKQBHKCkASCgpAEkoKQBKKCkASygpAEwoKQBNKCkATigpAE8oKQBQKCkAUSgpAFIoKQBT
527=KCkAVCgpAFUoKQBWKCkAVygpAFgoKQBZKCkAWigpAFsoKQBcKCkAXSgpAF4oKQBfKCkAYC
528=gpAGEoKQBiKCkAYygpAGQoKQBlKCkAZigpAGcoKQBoKCkAaSgpAGooKQBrKCkAbCgpAG0o
529=KQBuKCkAbygpAHAoKwAaAFX9eBsoKQAcKCkAHSgpAB4oKQAfKCkAICgpACEoKQAiKCkAIy
530=gpACQoKQAlKCkAJigpACcoKQAoKCkAKSgpACooKQArKCkALCgpAC0oKQAuKCkALygpADAo
531=KQAxKCkAMigpADMoKQA0KCkANSgpADYoKQA3KCkAOCgpADkoKQA6KCkAOygpADwoKQA9KC
532=kAPigpAD8oKQBAKCkAQSgpAEIoKQBDKCkARCgpAEUoKQBGKCkARygpAEgoKQBJKCkASigp
533=AEsoKQBMKCkATSgpAE4oKQBPKCkAUCgpAFEoKQBSKCkAUygpAFQoKQBVKCkAVigpAFcoKQ
534=BYKCkAWSgpAFooKQBbKCkAXCgpAF0oKQBeKCkAXygpAGAoKQBhKCkAYigpAGMoKQBkKCkA
535=ZSgpAGYoKQBnKCkAaCgpAGkoKQBqKCkAaygpAGwoKQBtKCkAbigpAG8oKwAbAFbldhwoKQ
536=AdKCkAHigpAB8oKQAgKCkAISgpACIoKQAjKCkAJCgpACUoKQAmKCkAJygpACgoKQApKCkA
537=KigpACsoKQAsKCkALSgpAC4oKQAvKCkAMCgpADEoKQAyKCkAMygpADQoKQA1KCkANigpAD
538=coKQA4KCkAOSgpADooKQA7KCkAPCgpAD0oKQA+KCkAPygpAEAoKQBBKCkAQigpAEMoKQBE
539=KCkARSgpAEYoKQBHKCkASCgpAEkoKQBKKCkASygpAEwoKQBNKCkATigpAE8oKQBQKCkAUS
540=gpAFIoKQBTKCkAVCgpAFUoKQBWKCkAVygpAFgoKQBZKCkAWigpAFsoKQBcKCkAXSgpAF4o
541=KQBfKCkAYCgpAGEoKQBiKCkAYygpAGQoKQBlKCkAZigpAGcoKQBoKCkAaSgpAGooKQBrKC
542=kAbCgpAG0oKQBuKCsAHABX7XMdKCkAHigpAB8oKQAgKCkAISgpACIoKQAjKCkAJCgpACUo
543=KQAmKCkAJygpACgoKQApKCkAKigpACsoKQAsKCkALSgpAC4oKQAvKCkAMCgpADEoKQAyKC
544=kAMygpADQoKQA1KCkANigpADcoKQA4KCkAOSgpADooKQA7KCkAPCgpAD0oKQA+KCkAPygp
545=AEAoKQBBKCkAQigpAEMoKQBEKCkARSgpAEYoKQBHKCkASCgpAEkoKQBKKCkASygpAEwoKQ
546=BNKCkATigpAE8oKQBQKCkAUSgpAFIoKQBTKCkAVCgpAFUoKQBWKCkAVygpAFgoKQBZKCkA
547=WigpAFsoKQBcKCkAXSgpAF4oKQBfKCkAYCgpAGEoKQBiKCkAYygpAGQoKQBlKCkAZigpAG
548=coKQBoKCkAaSgpAGooKQBrKCkAbCgpAG0oKwAdAFj1cB4oKQAfKCkAICgpACEoKQAiKCkA
549=IygpACQoKQAlKCkAJigpACcoKQAoKCkAKSgpACooKQArKCkALCgpAC0oKQAuKCkALygpAD
550=AoKQAxKCkAMigpADMoKQA0KCkANSgpADYoKQA3KCkAOCgpADkoKQA6KCkAOygpADwoKQA9
551=KCkAPigpAD8oKQBAKCkAQSgpAEIoKQBDKCkARCgpAEUoKQBGKCkARygpAEgoKQBJKCkASi
552=gpAEsoKQBMKCkATSgpAE4oKQBPKCkAUCgpAFEoKQBSKCkAUygpAFQoKQBVKCkAVigpAFco
553=KQBYKCkAWSgpAFooKQBbKCkAXCgpAF0oKQBeKCkAXygpAGAoKQBhKCkAYigpAGMoKQBkKC
554=kAZSgpAGYoKQBnKCkAaCgpAGkoKQBqKCkAaygpAGwoKwAeAFn9bR8oKQAgKCkAISgpACIo
555=KQAjKCkAJCgpACUoKQAmKCkAJygpACgoKQApKCkAKigpACsoKQAsKCkALSgpAC4oKQAvKC
556=kAMCgpADEoKQAyKCkAMygpADQoKQA1KCkANigpADcoKQA4KCkAOSgpADooKQA7KCkAPCgp
557=AD0oKQA+KCkAPygpAEAoKQBBKCkAQigpAEMoKQBEKCkARSgpAEYoKQBHKCkASCgpAEkoKQ
558=BKKCkASygpAEwoKQBNKCkATigpAE8oKQBQKCkAUSgpAFIoKQBTKCkAVCgpAFUoKQBWKCkA
559=VygpAFgoKQBZKCkAWigpAFsoKQBcKCkAXSgpAF4oKQBfKCkAYCgpAGEoKQBiKCkAYygpAG
560=QoKQBlKCkAZigpAGcoKQBoKCkAaSgpAGooKQBrKCsAHwBa5WsgKCkAISgpACIoKQAjKCkA
561=JCgpACUoKQAmKCkAJygpACgoKQApKCkAKigpACsoKQAsKCkALSgpAC4oKQAvKCkAMCgpAD
562=EoKQAyKCkAMygpADQoKQA1KCkANigpADcoKQA4KCkAOSgpADooKQA7KCkAPCgpAD0oKQA+
563=KCkAPygpAEAoKQBBKCkAQigpAEMoKQBEKCkARSgpAEYoKQBHKCkASCgpAEkoKQBKKCkASy
564=gpAEwoKQBNKCkATigpAE8oKQBQKCkAUSgpAFIoKQBTKCkAVCgpAFUoKQBWKCkAVygpAFgo
565=KQBZKCkAWigpAFsoKQBcKCkAXSgpAF4oKQBfKCkAYCgpAGEoKQBiKCkAYygpAGQoKQBlKC
566=kAZigpAGcoKQBoKCkAaSgpAGooKwAgAFvtaCEoKQAiKCkAIygpACQoKQAlKCkAJigpACco
567=KQAoKCkAKSgpACooKQArKCkALCgpAC0oKQAuKCkALygoAAMwAFsA//8RAADFCwAgCAAAAA
568=QAMQBbAP//iwEyAFvpATMoKQA0KCkANSgpADYoKQA3KCkAOCgpADkoKQA6KCkAOygpADwo
569=KQA9KCkAPigpAD8oKQBAKCkAQSgpAEIoKQBDKCkARCgpAEUoKQBGKCkARygpAEgoKQBJKC
570=kASigpAEsoKQBMKCkATSgpAE4oKQBPKCkAUCgpAFEoKQBSKCkAUygpAFQoKQBVKCkAVigp
571=AFcoKQBYKCkAWSgpAFooKQBbKCkAXCgpAF0oKQBeKCkAXygpAGAoKQBhKCkAYigpAGMoKQ
572=BkKCkAZSgpAGYoKQBnKCkAaCgpAGkoKwAhAFz9TCIoKQAjKCkAJCgpACUoKQAmKCkAJygp
573=ACgoKQApKCkAKigpACsoKQAsKCkALSgpAC4oKQAvKCkAMCgpADEoKQAyKCkAMygpADQoKQ
574=A1KCkANigpADcoKQA4KCkAOSgpADooKQA7KCkAPCgpAD0oKQA+KCkAPygpAEAoKQBBKCkA
575=QigpAEMoKQBEKCkARSgpAEYoKQBHKCkASCgpAEkoKQBKKCkASygpAEwoKQBNKCkATigpAE
576=8oKQBQKCkAUSgpAFIoKQBTKCkAVCgpAFUoKQBWKCkAVygpAFgoKQBZKCkAWigpAFsoKQBc
577=KCkAXSgpAF4oKQBfKCkAYCgpAGEoKQBiKCkAYygpAGQoKQBlKCkAZigpAGcoKQBoKCsAIg
578=Bd/WIjKCkAJCgpACUoKQAmKCkAJygpACgoKQApKCkAKigpACsoKQAsKCkALSgpAC4oKQAv
579=KCkAMCgpADEoKQAyKCkAMygpADQoKQA1KCkANigpADcoKQA4KCkAOSgpADooKQA7KCkAPC
580=gpAD0oKQA+KCkAPygpAEAoKQBBKCkAQigpAEMoKQBEKCkARSgpAEYoKQBHKCkASCgpAEko
581=KQBKKCkASygpAEwoKQBNKCkATigpAE8oKQBQKCkAUSgpAFIoKQBTKCkAVCgpAFUoKQBWKC
582=kAVygpAFgoKQBZKCkAWigpAFsoKQBcKCkAXSgpAF4oKQBfKCkAYCgpAGEoKQBiKCkAYygp
583=AGQoKQBlKCkAZigpAGcoKwAjAF7lYCQoKQAlKCkAJigpACcoKQAoKCkAKSgpACooKQArKC
584=kALCgpAC0oKQAuKCkALygpADAoKQAxKCkAMigpADMoKQA0KCkANSgpADYoKQA3KCkAOCgp
585=ADkoKQA6KCkAOygpADwoKQA9KCkAPigpAD8oKQBAKCkAQSgpAEIoKQBDKCkARCgpAEUoKQ
586=BGKCkARygpAEgoKQBJKCkASigpAEsoKQBMKCkATSgpAE4oKQBPKCkAUCgpAFEoKQBSKCkA
587=UygpAFQoKQBVKCkAVigpAFcoKQBYKCkAWSgpAFooKQBbKCkAXCgpAF0oKQBeKCkAXygpAG
588=AoKQBhKCkAYigpAGMoKQBkKCkAZSgpAGYoKwAkAF/tXSUoKQAmKCkAJygpACgoKQApKCkA
589=KigpACsoKQAsKCkALSgpAC4oKQAvKCkAMCgpADEoKQAyKCkAMygpADQoKQA1KCkANigpAD
590=coKQA4KCkAOSgpADooKQA7KCkAPCgpAD0oKQA+KCkAPygpAEAoKQBBKCkAQigpAEMoKQBE
591=KCkARSgpAEYoKQBHKCkASCgpAEkoKQBKKCkASygpAEwoKQBNKCkATigpAE8oKQBQKCkAUS
592=gpAFIoKQBTKCkAVCgpAFUoKQBWKCkAVygpAFgoKQBZKCkAWigpAFsoKQBcKCkAXSgpAF4o
593=KQBfKCkAYCgpAGEoKQBiKCkAYygpAGQoKQBlKCsAJQBg9VomKCkAJygpACgoKQApKCkAKi
594=gpACsoKQAsKCkALSgpAC4oKQAvKCkAMCgpADEoKQAyKCkAMygpADQoKQA1KCkANigpADco
595=KQA4KCkAOSgpADooKQA7KCkAPCgpAD0oKQA+KCkAPygpAEAoKQBBKCkAQigpAEMoKQBEKC
596=kARSgpAEYoKQBHKCkASCgpAEkoKQBKKCkASygpAEwoKQBNKCkATigpAE8oKQBQKCkAUSgp
597=AFIoKQBTKCkAVCgpAFUoKQBWKCkAVygpAFgoKQBZKCkAWigpAFsoKQBcKCkAXSgpAF4oKQ
598=BfKCkAYCgpAGEoKQBiKCkAYygpAGQoKwAmAGH9VycoKQAoKCkAKSgpACooKQArKCkALCgp
599=AC0oKQAuKCkALygpADAoKQAxKCkAMigpADMoKQA0KCkANSgpADYoKQA3KCkAOCgpADkoKQ
600=A6KCkAOygpADwoKQA9KCkAPigpAD8oKQBAKCkAQSgpAEIoKQBDKCkARCgpAEUoKQBGKCkA
601=RygpAEgoKQBJKCkASigpAEsoKQBMKCkATSgpAE4oKQBPKCkAUCgpAFEoKQBSKCkAUygpAF
602=QoKQBVKCkAVigpAFcoKQBYKCkAWSgpAFooKQBbKCkAXCgpAF0oKQBeKCkAXygpAGAoKQBh
603=KCkAYigpAGMoKwAnAGLlVSgoKQApKCkAKigpACsoKQAsKCkALSgpAC4oKQAvKCkAMCgpAD
604=EoKQAyKCkAMygpADQoKQA1KCkANigpADcoKQA4KCkAOSgpADooKQA7KCkAPCgpAD0oKQA+
605=KCkAPygpAEAoKQBBKCkAQigpAEMoKQBEKCkARSgpAEYoKQBHKCkASCgpAEkoKQBKKCkASy
606=gpAEwoKQBNKCkATigpAE8oKQBQKCkAUSgpAFIoKQBTKCkAVCgpAFUoKQBWKCkAVygpAFgo
607=KQBZKCkAWigpAFsoKQBcKCkAXSgpAF4oKQBfKCkAYCgpAGEoKQBiKCsAKABj7VIpKCkAKi
608=gpACsoKQAsKCkALSgpAC4oKQAvKCkAMCgpADEoKQAyKCkAMygpADQoKQA1KCkANigpADco
609=KQA4KCkAOSgpADooKQA7KCkAPCgpAD0oKQA+KCkAPygpAEAoKQBBKCkAQigpAEMoKQBEKC
610=kARSgpAEYoKQBHKCkASCgpAEkoKQBKKCkASygpAEwoKQBNKCkATigpAE8oKQBQKCkAUSgp
611=AFIoKQBTKCkAVCgpAFUoKQBWKCkAVygpAFgoKQBZKCkAWigpAFsoKQBcKCkAXSgpAF4oKQ
612=BfKCkAYCgpAGEoKwApAGT1TyooKQArKCkALCgpAC0oKQAuKCkALygpADAoKQAxKCkAMigp
613=ADMoKQA0KCkANSgpADYoKQA3KCkAOCgpADkoKQA6KCkAOygpADwoKQA9KCkAPigpAD8oKQ
614=BAKCkAQSgpAEIoKQBDKCkARCgpAEUoKQBGKCkARygpAEgoKQBJKCkASigpAEsoKQBMKCkA
615=TSgpAE4oKQBPKCkAUCgpAFEoKQBSKCkAUygpAFQoKQBVKCkAVigpAFcoKQBYKCkAWSgpAF
616=ooKQBbKCkAXCgpAF0oKQBeKCkAXygpAGAoKwAqAGX9TCsoKQAsKCkALSgpAC4oKQAvKCkA
617=MCgpADEoKQAyKCkAMygpADQoKQA1KCkANigpADcoKQA4KCkAOSgpADooKQA7KCkAPCgpAD
618=0oKQA+KCkAPygpAEAoKQBBKCkAQigpAEMoKQBEKCkARSgpAEYoKQBHKCkASCgpAEkoKQBK
619=KCkASygpAEwoKQBNKCkATigpAE8oKQBQKCkAUSgpAFIoKQBTKCkAVCgpAFUoKQBWKCkAVy
620=gpAFgoKQBZKCkAWigpAFsoKQBcKCkAXSgpAF4oKQBfKCsAKwBm5UosKCkALSgpAC4oKQAv
621=KCkAMCgpADEoKQAyKCkAMygpADQoKQA1KCkANigpADcoKQA4KCkAOSgpADooKQA7KCkAPC
622=gpAD0oKQA+KCkAPygpAEAoKQBBKCkAQigpAEMoKQBEKCkARSgpAEYoKQBHKCkASCgpAEko
623=KQBKKCkASygpAEwoKQBNKCkATigpAE8oKQBQKCkAUSgpAFIoKQBTKCkAVCgpAFUoKQBWKC
624=kAVygpAFgoKQBZKCkAWigpAFsoKQBcKCkAXSgpAF4oKwAsAGftRy0oKQAuKCkALygoAAsw
625=AGcA//8AAAAEADEAZxEAAD8KtBsIAP//AAAABAAyAGfpATMoKQA0KCkANSgpADYoKQA3KC
626=kAOCgpADkoKQA6KCkAOygpADwoKQA9KCkAPigpAD8oKQBAKCkAQSgpAEIoKQBDKCkARCgp
627=AEUoKQBGKCkARygpAEgoKQBJKCkASigpAEsoKQBMKCkATSgpAE4oKQBPKCkAUCgpAFEoKQ
628=BSKCkAUygpAFQoKQBVKCkAVigpAFcoKQBYKCkAWSgpAFooKQBbKCkAXCgpAF0oKwAtAGjt
629=PC4oKQAvKCkAMCgpADEoKQAyKCkAMygpADQoKQA1KCkANigpADcoKQA4KCkAOSgpADooKQ
630=A7KCkAPCgpAD0oKQA+KCkAPygpAEAoKQBBKCkAQigpAEMoKQBEKCkARSgpAEYoKQBHKCkA
631=SCgpAEkoKQBKKCkASygpAEwoKQBNKCkATigpAE8oKQBQKCkAUSgpAFIoKQBTKCkAVCgpAF
632=UoKQBWKCkAVygpAFgoKQBZKCkAWigpAFsoKQBcKCgAAS4AaQDZfy8oKQAwKCkAMSgpADIo
633=KQAzKCkANCgpADUoKQA2KCkANygpADgoKQA5KCkAOigpADsoKQA8KCkAPSgpAD4oKQA/KC
634=kAQCgpAEEoKQBCKCkAQygpAEQoKQBFKCkARigpAEcoKQBIKCkASSgpAEooKQBLKCkATCgp
635=AE0oKQBOKCkATygpAFAoKQBRKCkAUigpAFMoKQBUKCkAVSgpAFYoKQBXKCkAWCgpAFkoKQ
636=BaKCkAWygrAC8AauU/MCgpADEoKQAyKCkAMygpADQoKQA1KCkANigpADcoKQA4KCkAOSgp
637=ADooKQA7KCkAPCgpAD0oKQA+KCkAPygpAEAoKQBBKCkAQigpAEMoKQBEKCkARSgpAEYoKQ
638=BHKCkASCgpAEkoKQBKKCkASygpAEwoKQBNKCkATigpAE8oKQBQKCkAUSgpAFIoKQBTKCkA
639=VCgpAFUoKQBWKCkAVygpAFgoKQBZKCkAWigrADAAa+08MSgpADIoKQAzKCkANCgpADUoKQ
640=A2KCkANygpADgoKQA5KCkAOigpADsoKQA8KCkAPSgpAD4oKQA/KCkAQCgpAEEoKQBCKCkA
641=QygpAEQoKQBFKCkARigpAEcoKQBIKCkASSgpAEooKQBLKCkATCgpAE0oKQBOKCkATygpAF
642=AoKQBRKCkAUigpAFMoKQBUKCkAVSgpAFYoKQBXKCkAWCgpAFkoKwAxAGz1OTIoKQAzKCkA
643=NCgpADUoKQA2KCkANygpADgoKQA5KCkAOigpADsoKQA8KCkAPSgpAD4oKQA/KCkAQCgpAE
644=EoKQBCKCkAQygpAEQoKQBFKCkARigpAEcoKQBIKCkASSgpAEooKQBLKCkATCgpAE0oKQBO
645=KCkATygpAFAoKQBRKCkAUigpAFMoKQBUKCkAVSgpAFYoKQBXKCkAWCgrADIAbf02MygpAD
646=QoKQA1KCkANigpADcoKQA4KCkAOSgpADooKQA7KCkAPCgpAD0oKQA+KCkAPygpAEAoKQBB
647=KCkAQigpAEMoKQBEKCkARSgpAEYoKQBHKCkASCgpAEkoKQBKKCkASygpAEwoKQBNKCkATi
648=gpAE8oKQBQKCkAUSgpAFIoKQBTKCkAVCgpAFUoKQBWKCkAVygrADMAbuU0NCgpADUoKQA2
649=KCkANygpADgoKQA5KCkAOigpADsoKQA8KCkAPSgpAD4oKQA/KCkAQCgpAEEoKQBCKCkAQy
650=gpAEQoKQBFKCkARigpAEcoKQBIKCkASSgpAEooKQBLKCkATCgpAE0oKQBOKCkATygpAFAo
651=KQBRKCkAUigpAFMoKQBUKCkAVSgpAFYoKwA0AG/tMTUoKQA2KCkANygpADgoKQA5KCkAOi
652=gpADsoKQA8KCkAPSgpAD4oKQA/KCkAQCgpAEEoKQBCKCkAQygpAEQoKQBFKCkARigpAEco
653=KQBIKCkASSgpAEooKQBLKCkATCgpAE0oKQBOKCkATygpAFAoKQBRKCkAUigpAFMoKQBUKC
654=kAVSgrADUAcPUuNigpADcoKQA4KCkAOSgpADooKQA7KCkAPCgpAD0oKQA+KCkAPygpAEAo
655=KQBBKCkAQigpAEMoKQBEKCkARSgpAEYoKQBHKCkASCgpAEkoKQBKKCkASygpAEwoKQBNKC
656=kATigpAE8oKQBQKCkAUSgpAFIoKQBTKCkAVCgrADYAcf0rNygpADgoKQA5KCkAOigpADso
657=KQA8KCkAPSgpAD4oKQA/KCkAQCgpAEEoKQBCKCkAQygpAEQoKQBFKCkARigpAEcoKQBIKC
658=kASSgpAEooKQBLKCkATCgpAE0oKQBOKCkATygpAFAoKQBRKCkAUigpAFMoKwA3AHLlKTgo
659=KQA5KCkAOigpADsoKQA8KCkAPSgpAD4oKQA/KCkAQCgpAEEoKQBCKCkAQygpAEQoKQBFKC
660=kARigpAEcoKQBIKCkASSgpAEooKQBLKCkATCgpAE0oKQBOKCkATygpAFAoKQBRKCkAUigr
661=ADgAc+0mOSgpADooKQA7KCkAPCgpAD0oKQA+KCkAPygpAEAoKQBBKCkAQigpAEMoKQBEKC
662=kARSgpAEYoKQBHKCkASCgpAEkoKQBKKCkASygpAEwoKQBNKCkATigpAE8oKQBQKCkAUSgr
663=ADkAdPUjOigpADsoKQA8KCkAPSgpAD4oKQA/KCkAQCgpAEEoKQBCKCkAQygpAEQoKQBFKC
664=kARigpAEcoKQBIKCkASSgpAEooKQBLKCkATCgpAE0oKQBOKCkATygpAFAoKwA6AHX9IDso
665=KQA8KCkAPSgpAD4oKQA/KCkAQCgpAEEoKQBCKCkAQygpAEQoKQBFKCkARigpAEcoKQBIKC
666=kASSgpAEooKQBLKCkATCgpAE0oKQBOKCkATygrADsAduUePCgpAD0oKQA+KCkAPygpAEAo
667=KQBBKCkAQigpAEMoKQBEKCkARSgpAEYoKQBHKCkASCgpAEkoKQBKKCkASygpAEwoKQBNKC
668=kATigrADwAd+0bPSgpAD4oKQA/KCkAQCgpAEEoKQBCKCkAQygpAEQoKQBFKCkARigpAEco
669=KQBIKCkASSgpAEooKQBLKCkATCgpAE0oKwA9AHj1GD4oKQA/KCkAQCgpAEEoKQBCKCkAQy
670=gpAEQoKQBFKCkARigpAEcoKQBIKCkASSgpAEooKQBLKCkATCgrAD4Aef0VPygpAEAoKQBB
671=KCkAQigpAEMoKQBEKCkARSgpAEYoKQBHKCkASCgpAEkoKQBKKCkASygrAD8AeuUTQCgpAE
672=EoKQBCKCkAQygpAEQoKQBFKCkARigpAEcoKQBIKCkASSgpAEooKwBAAHvtEEEoKQBCKCkA
673=QygpAEQoKQBFKCkARigpAEcoKQBIKCkASSgrAEEAfPUNQigpAEMoKQBEKCkARSgpAEYoKQ
674=BHKCkASCgrAEIAff0KQygpAEQoKQBFKCkARigpAEcoKwBDAH7lCEQoKQBFKCkARigrAEQA
675=f+wFCEUAfwD//wAAAAQAEQAA

[LIONHS]
ROT=2
Ammo=1
Cost=2000
Name=Lionheart Bomber (SW)
Armor=f_lionh
Image=LIONH
Sight=0
Speed=32
Crewed=no
Points=100
UIName=NAME:LIONH
Fighter=yes
Primary=LionheartBomb2
Category=AirPower
Explodes=no
Landable=no
OmniFire=yes
PipScale=Ammo
Strength=10000
AuxSound1=IntruderTakeOff
AuxSound2=IntruderLanding
CloakStop=yes
Explosion=UNITEXPL1,UNITEXPL2,UNITEXPL3
Locomotor={4A582746-9839-11d1-B709-00A024DDAFD1}
MaxDebris=4
MinDebris=2
MoveSound=BlackEagleMoveLoop
TechLevel=11
Trainable=no
GuardRange=30
PitchAngle=0
PitchSpeed=1.1
DeathWeapon=AircraftDeathWeapon
ThreatPosed=20
CanRetaliate=no
ElitePrimary=LionheartBomb
MoveToShroud=yes
MovementZone=Fly
CrashingSound=IntruderDie
Insignia.Elite=dummy
RadarInvisible=yes
ImpactLandSound=GenAircraftCrash
ProtectedDriver=yes
Smoke.ChanceRed=0
CanPassiveAquire=no
Insignia.Veteran=dummy
SlowdownDistance=1500
Smoke.ChanceDead=0
PreventAttackMove=no
ConsideredAircraft=yes
SpecialThreatValue=1
Chronoshift.Crushable=no
DamageParticleSystems=SparkSys,SmallGreySSys
IsSelectableCombatant=no

[Lighting]
Red=1.100000
Blue=0.870000
Green=0.720000
Level=0.000000
Ground=0.000000
IonRed=1.000000
Ambient=0.540000
IonBlue=1.000000
IonGreen=1.000000
IonLevel=0.000000
IonGround=0.000000
IonAmbient=1.000000
DominatorRed=0.850000
DominatorBlue=0.300000
DominatorGreen=0.200000
DominatorLevel=0.000000
DominatorGround=0.000000
DominatorAmbient=1.500000
NukeAmbientChangeRate=1.500000
DominatorAmbientChangeRate=0.009000

[LionheartBomb2]
ROF=13
Ammo=1
Burst=1
Range=17.5
Speed=5
Bright=yes
Damage=160
Report=LionheartAttack
Warhead=LionheartWH
FireOnce=no
OmniFire=yes
Projectile=LionheartP
Strafing.Shots=5
CellRangefinding=yes

[Map]
Size=0,0,60,68
Theater=SNOW
LocalSize=2,6,56,52

[Neutral]
Name=Neutral
Side=Civilian
Color=Grey
Prefix=C
Suffix=CIV
SmartAI=yes
CostUnitsMult=1
ParentCountry=Neutral

[Neutral House]
IQ=5
Edge=North
Color=Grey
Allies=Neutral House
Country=Neutral
Credits=0
NodeCount=0
TechLevel=10
PercentBuilt=100
PlayerControl=no

[OuterHQ]
Name=OuterHQ
Side=ThirdSide
Color=Teal
Prefix=B
Suffix=Soviet
SmartAI=yes
CostUnitsMult=1
ParentCountry=PsiCorps

[OuterHQ House]
IQ=5
Edge=North
Color=Purple
Allies=OuterHQ House
Country=OuterHQ
Credits=5000000
NodeCount=0
TechLevel=10
PercentBuilt=100
PlayerControl=no

[OverlayDataPack]
1=BwAAIIEA/v8fAIAZAAAggQD+NRoAgSb+/wEAgRX+/wEAgSX+yQEAgGEAACCBAPIAAIEp/g
2=IGAIEk/v8BAIEl/v8BAP8AAjkIIAGCAgz+/wEAgQX+/gEAggIJ/v0DAIEE/v4BAIEG/+wB
3=PxCFEioAACoABP8KAjQOgwADCP7wAQCCIgz/AAI/DP7QAQCAKAAAIIEA/jUCAIMGCgz+/A
4=EAhAIJAAH++AEAgQQAAv78AQCDAwoJ/swXAIAHAAAggQD+/x8AgAcAACCBAP7/HwCABwAA
5=IIEA/v8fAIAHAAAggQD+/x8AgAcAACCBAP7/HwCABwAAIIEA/v8fAIAHAAAggQD+/x8AgA
6=cAACCBAP7/HwCABwAAIIEA/v8fAIAHAAAggQD+/x8AgAcAACCBAP7/HwCABwAAIIEA/v8f
7=AIAHAAAggQD+/x8AgAcAACCBAP7/HwCABwAAIIEA/v8fAIAHAAAggQD+/x8AgAcAACCBAP
8=7/HwCABwAAIIEA/v8fAIAHAAAggQD+/x8AgAcAACCBAP7/HwCABwAAIIEA/v8fAIAHAAAg
9=gQD+/x8AgAcAACCBAP7/HwCABwAAIIEA/v8fAIAHAAAggQD+/x8AgAcAACCBAP7/HwCABw
10=AAIIEA/v8fAIAHAAAggQD+/x8AgA==

[OverlayPack]
1=BwAAIIH//v8f/4AYAAAggf/+MxT/gan+AQb/gfP+/wH//8oDNhqAWgAAIIH/8gAAgfP+Ag
2=b/gQH+/wH///ADOQaBq9EVDIIAAP7/Af///wE/DP8BAj4M/uQB/4Gt/wEEJg6BqsEzAMA2
3=ABAE/wACMhSBrv/8ATQQggEB/wACOQj+0AH/gDYAACCB/94AAIGvQAiC+a7+/wH/UgkAAY
4=MAAAD+/AH/Af7/+QE4Av/7ATYEAAGBrf8AAjUC/tAV/4AHAAAggf/+/x//gAcAACCB//7/
5=H/+ABwAAIIH//v8f/4AHAAAggf/+/x//gAcAACCB//7/H/+ABwAAIIH//v8f/4AHAAAggf
6=/+/x//gAcAACCB//7/H/+ABwAAIIH//v8f/4AHAAAggf/+/x//gAcAACCB//7/H/+ABwAA
7=IIH//v8f/4AHAAAggf/+/x//gAcAACCB//7/H/+ABwAAIIH//v8f/4AHAAAggf/+/x//gA
8=cAACCB//7/H/+ABwAAIIH//v8f/4AHAAAggf/+/x//gAcAACCB//7/H/+ABwAAIIH//v8f
9=/4AHAAAggf/+/x//gAcAACCB//7/H/+ABwAAIIH//v8f/4AHAAAggf/+/x//gAcAACCB//
10=7/H/+ABwAAIIH//v8f/4AHAAAggf/+/x//gA==

[Pacific]
Name=Pacific
Side=GDI
Color=AlliedLoad
Prefix=G
Suffix=Allied
SmartAI=yes
CostUnitsMult=1
ParentCountry=Pacific

[Pacific House]
IQ=5
Edge=North
Color=AlliedLoad
Allies=Pacific House
Country=Pacific
Credits=0
NodeCount=0
TechLevel=10
PercentBuilt=100
PlayerControl=no

[PsiCorps]
Name=PsiCorps
Side=ThirdSide
Color=Purple
Prefix=B
Suffix=Soviet
SmartAI=yes
CostUnitsMult=1
ParentCountry=PsiCorps

[PsiCorps House]
IQ=5
Edge=North
Color=Purple
Allies=PsiCorps House
Country=PsiCorps
Credits=0
NodeCount=0
TechLevel=10
PercentBuilt=100
PlayerControl=no

[SIEG]
Speed=8
DieSound=Dummy
Explodes=yes
Strength=750
TechLevel=11
DeathAnims=WARPAWAY
SelfHealing.Amount=2

[ScorpionCell]
Name=ScorpionCell
Side=ThirdSide
Color=Purple2
Prefix=B
Suffix=Soviet
SmartAI=yes
CostUnitsMult=1
ParentCountry=ScorpionCell

[ScorpionCell House]
IQ=5
Edge=North
Color=Purple2
Allies=ScorpionCell House
Country=ScorpionCell
Credits=0
NodeCount=0
TechLevel=10
PercentBuilt=100
PlayerControl=no

[ScriptTypes]
0=01000026
1=01000029
2=01000030
3=01000044
4=01000045
5=01000046
6=01000047
7=01000048
8=01000049
9=01000050
10=01000051
11=01000052
12=01000053
13=01000054
14=01000072
15=01000073

[Smudge]
0=CRATER05,44,45,0
1=BURNT05,47,42,0
2=CRATER04,51,35,0
3=BURNT04,57,31,0
4=CRATER09,54,34,0
5=CRATER03,52,29,0
6=CRATER08,55,29,0
7=BURNT08,54,27,0
8=BURNT08,52,40,0
9=BURNT04,41,35,0
10=CRATER07,44,33,0
11=CRATER11,49,27,0
12=BURNT09,48,35,0
13=CRATER03,48,39,0
14=CRATER03,56,33,0
15=CRATER02,39,35,0
16=CRATER06,57,40,0
17=BURNT09,49,48,0
18=BURNT05,45,29,0
19=CRATER04,35,47,0
20=BURNT03,33,42,0
21=BURNT06,33,44,0
22=CRATER03,40,49,0
23=CRATER08,44,39,0
24=BURNT06,44,43,0
25=BURNT10,48,44,0
26=CRATER11,50,42,0
27=BURNT06,41,30,0

[Special]
Name=Special
Side=Mutant
Color=Grey
Prefix=J
Suffix=JP
SmartAI=yes
CostUnitsMult=1
ParentCountry=Special

[Special House]
IQ=5
Edge=North
Color=Grey
Allies=Special House
Country=Special
Credits=0
NodeCount=0
TechLevel=10
PercentBuilt=100
PlayerControl=no

[SpecialFlags]
Inert=no
FogOfWar=no
IonStorms=no
MCVDeploy=no
Meteorites=no
Visceroids=yes
FixedAlliance=no
TiberiumGrows=yes
InitialVeteran=no
HarvesterImmune=no
TiberiumSpreads=yes
TiberiumExplosive=no
DestroyableBridges=yes

[Structures]
0=OuterHQ House,YARAIL,256,55,50,64,None,1,0,1,0,0,None,None,None,0,0
1=OuterHQ House,YAGGUN,256,50,46,224,None,1,0,1,0,0,None,None,None,1,0
2=OuterHQ House,FATRAP,256,80,95,64,None,1,0,1,0,0,None,None,None,0,0
3=Neutral House,CABARR01,256,68,24,64,None,1,0,1,0,0,None,None,None,0,0
4=Neutral House,CABARR02,256,57,43,64,None,1,0,1,0,0,None,None,None,0,0
5=OuterHQ House,YARAIL,256,61,44,64,None,1,0,1,0,0,None,None,None,0,0
6=Neutral House,INGALITE,256,53,51,64,None,1,0,1,0,0,None,None,None,0,0
7=Neutral House,INGALITE,256,62,42,64,None,1,0,1,0,0,None,None,None,0,0
8=OuterHQ House,YAGGUN,256,57,39,224,None,1,0,1,0,0,None,None,None,1,0
9=OuterHQ House,YARAIL,256,50,51,64,None,1,0,1,0,0,None,None,None,0,0
10=OuterHQ House,YARAIL,256,62,39,64,None,1,0,1,0,0,None,None,None,0,0
11=Neutral House,CABARR02,256,54,46,64,None,1,0,1,0,0,None,None,None,0,0
12=OuterHQ House,YASPOT,256,75,32,192,None,1,0,1,0,1,None,None,None,0,0
13=OuterHQ House,YASPOT,256,75,29,0,None,1,0,1,0,1,None,None,None,0,0
14=OuterHQ House,YAHADE,177,47,47,224,None,1,0,1,0,0,None,None,None,0,0
15=OuterHQ House,YAHADE,178,58,36,224,None,1,0,1,0,0,None,None,None,0,0
16=OuterHQ House,CAMISC0X,256,49,47,64,None,1,0,1,0,0,None,None,None,0,0
17=OuterHQ House,CAMISC02B,256,51,47,64,None,1,0,1,0,0,None,None,None,0,0
18=OuterHQ House,CAMISC02,256,57,38,64,None,1,0,1,0,0,None,None,None,0,0
19=OuterHQ House,CAMISC02B,256,59,39,64,None,1,0,1,0,0,None,None,None,0,0
20=OuterHQ House,CAMISC0X,256,61,39,64,None,1,0,1,0,0,None,None,None,0,0
21=OuterHQ House,CAMISC01B,256,60,41,64,None,1,0,1,0,0,None,None,None,0,0
22=OuterHQ House,CAMISC01,256,53,49,64,None,1,0,1,0,0,None,None,None,0,0
23=OuterHQ House,CAMISC0X,256,51,49,64,None,1,0,1,0,0,None,None,None,0,0
24=OuterHQ House,CAMISC02,256,59,43,64,None,1,0,1,0,0,None,None,None,0,0

[Tags]
01000001=0,AI Auto Production Euro Alliance House,01000000
01000003=0,AI Auto Production Pacific Front House,01000002
01000005=0,AI Auto Production Russia House,01000004
01000007=0,AI Auto Production Confederation House,01000006
01000009=0,AI Auto Production Chinese House,01000008
01000011=0,AI Auto Production PsiCorps House,01000010
01000013=0,AI Auto Production Scorpion Cell House,01000012
01000015=0,AI Auto Production Headquarters House,01000014
01000017=0,AI Auto Production Haihead House,01000016
01000019=0,AI Auto Production Wings of Coronia 1,01000018
01000021=0,AI Auto Production Last Bastion House,01000020
01000023=0,AI Auto Production Civilian House,01000022
01000025=0,AI Auto Production JP House,01000024
01000035=0,[INTRO] Reveal1 1,01000034
01000037=0,[INTRO] Cudas 1,01000036
01000039=0,[INTRO] Lionheart 1,01000038
01000067=0,[INTRO] EU Player Reinf1 1,01000066
01000069=0,[INTRO] EU Player Reinf2 1,01000068
01000077=0,[INTRO] ORCA vs Barrells 1,01000076
01000079=0,[INTRO] Control Offline 1,01000078
01000081=0,[INTRO] Control Online 1,01000080

[TaskForces]
0=01000027
1=01000028
2=01000040
3=01000041
4=01000042
5=01000043
6=01000070
7=01000071

[TeamTypes]
0=01000031
1=01000032
2=01000033
3=01000055
4=01000056
5=01000057
6=01000058
7=01000059
8=01000060
9=01000061
10=01000062
11=01000063
12=01000064
13=01000065
14=01000074
15=01000075

[Triggers]
01000000=Europeans,<none>,AI Auto Production Euro Alliance,0,1,1,1,0
01000002=Pacific,<none>,AI Auto Production Pacific Front,0,1,1,1,0
01000004=USSR,<none>,AI Auto Production Russia,0,1,1,1,0
01000006=Latin,<none>,AI Auto Production Confederation,0,1,1,1,0
01000008=Chinese,<none>,AI Auto Production Chinese,0,1,1,1,0
01000010=PsiCorps,<none>,AI Auto Production PsiCorps,0,1,1,1,0
01000012=ScorpionCell,<none>,AI Auto Production Scorpion Cell,0,1,1,1,0
01000014=Headquaters,<none>,AI Auto Production Headquarters,0,1,1,1,0
01000016=Guild1,<none>,AI Auto Production Haihead,0,1,1,1,0
01000018=Guild2,<none>,AI Auto Production Wings of Coronia,0,1,1,1,0
01000020=Guild3,<none>,AI Auto Production Last Bastion,0,1,1,1,0
01000022=Neutral,<none>,AI Auto Production Civilian,0,1,1,1,0
01000024=Special,<none>,AI Auto Production JP,0,1,1,1,0
01000034=UnitedStates,<none>,[INTRO] Reveal1,0,1,1,1,0
01000036=UnitedStates,<none>,[INTRO] Cudas,0,1,1,1,0
01000038=UnitedStates,<none>,[INTRO] Lionheart,1,1,1,1,0
01000066=UnitedStates,<none>,[INTRO] EU Player Reinf1,1,1,1,1,0
01000068=UnitedStates,<none>,[INTRO] EU Player Reinf2,1,1,1,1,0
01000076=UnitedStates,<none>,[INTRO] ORCA vs Barrells,1,1,1,1,0
01000078=UnitedStates,<none>,[INTRO] Control Offline,0,1,1,1,0
01000080=UnitedStates,<none>,[INTRO] Control Online,1,1,1,1,0

[USSR]
Name=USSR
Side=Nod
Color=SovietLoad
Prefix=B
Suffix=Soviet
SmartAI=yes
CostUnitsMult=1
ParentCountry=USSR

[USSR House]
IQ=5
Edge=North
Color=SovietLoad
Allies=USSR House
Country=USSR
Credits=0
NodeCount=0
TechLevel=10
PercentBuilt=100
PlayerControl=no

[UnitedStates]
Name=UnitedStates
Side=GDI
Color=AlliedLoad
Prefix=G
Suffix=Allied
SmartAI=yes
CostUnitsMult=1
ParentCountry=UnitedStates

[UnitedStates House]
IQ=0
Edge=North
Color=AlliedLoad
Allies=AllyOffmap House
Country=UnitedStates
Credits=0
NodeCount=0
TechLevel=10
PercentBuilt=100
PlayerControl=yes

[Units]
0=OuterHQ House,STNK,205,51,48,224,Area Guard,None,0,-1,0,-1,1,0
1=OuterHQ House,STNK,205,53,47,224,Area Guard,None,0,-1,0,-1,1,0
2=OuterHQ House,STNK,205,58,42,224,Area Guard,None,0,-1,0,-1,1,0
3=OuterHQ House,STNK,205,59,40,224,Area Guard,None,0,-1,0,-1,1,0
4=OuterHQ House,DEVO,154,56,48,224,Area Guard,None,0,-1,0,-1,1,0
5=OuterHQ House,DEVO,154,59,45,224,Area Guard,None,0,-1,0,-1,1,0
6=OuterHQ House,YTNK,256,53,44,224,Guard,None,0,-1,0,-1,1,0
7=OuterHQ House,YTNK,256,55,42,224,Guard,None,0,-1,0,-1,1,0
8=OuterHQ House,YTNK,256,55,46,224,Guard,None,0,-1,0,-1,1,0
9=OuterHQ House,YTNK,256,57,44,224,Guard,None,0,-1,0,-1,1,0
10=OuterHQ House,DEVO,154,59,50,224,Area Guard,None,0,-1,0,-1,1,0
11=OuterHQ House,DEVO,154,61,48,224,Area Guard,None,0,-1,0,-1,1,0
12=OuterHQ House,MARA,256,55,44,224,Guard,None,0,-1,0,-1,1,0
13=OuterHQ House,MARA,256,59,48,224,Guard,None,0,-1,0,-1,1,0
14=OuterHQ House,STNK,205,59,52,224,Area Guard,None,0,-1,0,-1,1,0
15=OuterHQ House,STNK,205,63,48,224,Area Guard,None,0,-1,0,-1,1,0
16=OuterHQ House,STNK,205,57,51,224,Area Guard,None,0,-1,0,-1,1,0
17=OuterHQ House,STNK,205,62,46,224,Area Guard,None,0,-1,0,-1,1,0

[Waypoints]
0=29040
1=46057
2=42030
3=35035
4=47047
5=24046
6=36058
7=48059
8=28041
9=33046
10=29039
11=35045
12=26042
13=32048
14=30038
15=35043
16=32038
17=37043
18=25043
19=30048
20=24044
21=30050
22=37045
23=36047
24=27042
25=34049
26=32050
27=50055
28=44061
29=33037
30=47051
31=25045
32=39059
98=38050
99=37050

[WeaponTypes]
3000=LionheartBomb2

[Digest]
1=L/3Z6eITme9cf0TPQwv7UxSnzVA=
