; Map created with FinalAlert 2(tm) Mission Editor
; Get it at http://www.westwood.com
; note that all comments were truncated

; This FA2 uses FA2sp created by secsome
; Get the lastest dll at https://github.com/secsome/FA2sp
; Current version : 1.5.2

[01000026]
0=1,7
1=3,2
2=37,0
Name=Lionheart Intro

[01000027]
0=1,LIONHS
Name=LIONH
Group=-1

[01000028]
0=2,FORTRESS
Name=BarracudaX2
Group=-1

[01000029]
0=1,4
1=3,3
2=37,0
Name=Intro CUDA4

[01000030]
0=1,6
1=3,5
2=37,0
Name=Intro CUDA6

[01000031]
Max=5
Full=no
Name=Intro LIONH
Group=-1
House=AllyOffmap
Script=01000026
Whiner=no
Droppod=no
Suicide=no
Loadable=no
Prebuild=no
Priority=5
Waypoint=A
Annoyance=no
IonImmune=no
Recruiter=no
Reinforce=no
TaskForce=01000027
TechLevel=0
Aggressive=no
Autocreate=no
GuardSlower=no
OnTransOnly=no
AvoidThreats=no
LooseRecruit=no
VeteranLevel=1
IsBaseDefense=no
UseTransportOrigin=no
MindControlDecision=0
OnlyTargetHouseEnemy=no
TransportsReturnOnUnload=no
AreTeamMembersRecruitable=no

[01000032]
Max=5
Full=no
Name=Intro CUDA3
Group=-1
House=AllyOffmap
Script=01000029
Whiner=no
Droppod=no
Suicide=no
Loadable=no
Prebuild=no
Priority=5
Waypoint=D
Annoyance=no
IonImmune=no
Recruiter=no
Reinforce=no
TaskForce=01000028
TechLevel=0
Aggressive=no
Autocreate=no
GuardSlower=no
OnTransOnly=no
AvoidThreats=no
LooseRecruit=no
VeteranLevel=1
IsBaseDefense=no
UseTransportOrigin=no
MindControlDecision=0
OnlyTargetHouseEnemy=no
TransportsReturnOnUnload=no
AreTeamMembersRecruitable=no

[01000033]
Max=5
Full=no
Name=Intro CUDA5
Group=-1
House=AllyOffmap
Script=01000030
Whiner=no
Droppod=no
Suicide=no
Loadable=no
Prebuild=no
Priority=5
Waypoint=F
Annoyance=no
IonImmune=no
Recruiter=no
Reinforce=no
TaskForce=01000028
TechLevel=0
Aggressive=no
Autocreate=no
GuardSlower=no
OnTransOnly=no
AvoidThreats=no
LooseRecruit=no
VeteranLevel=1
IsBaseDefense=no
UseTransportOrigin=no
MindControlDecision=0
OnlyTargetHouseEnemy=no
TransportsReturnOnUnload=no
AreTeamMembersRecruitable=no

[01000040]
0=1,SIEG
Name=Siegfried
Group=-1

[01000041]
0=1,SREF
Name=PrismX1
Group=-1

[01000042]
0=1,PANTHER
Name=PaladinX1
Group=-1

[01000043]
0=1,PANTHER
Name=CavalierX1
Group=-1

[01000044]
0=3,9
1=11,5
Name=Sieg-9

[01000045]
0=3,11
Name=Panther-11

[01000046]
0=3,13
Name=Panther-13

[01000047]
0=3,15
Name=SREF15

[01000048]
0=3,17
Name=SREF17

[01000049]
0=3,19
Name=SREF19

[01000050]
0=3,21
Name=SREF21

[01000051]
0=50,90
1=3,22
Name=MTNK22

[01000052]
0=50,90
1=3,23
Name=MTNK23

[01000053]
0=50,90
1=3,25
Name=MTNK25

[01000054]
0=50,90
1=3,26
Name=MTNK26

[01000055]
Max=5
Full=no
Name=SIEG-9
Group=-1
House=UnitedStates
Script=01000044
Whiner=no
Droppod=no
Suicide=no
Loadable=no
Prebuild=no
Priority=5
Waypoint=I
Annoyance=no
IonImmune=no
Recruiter=no
Reinforce=no
TaskForce=01000040
TechLevel=0
Aggressive=no
Autocreate=no
GuardSlower=no
OnTransOnly=no
AvoidThreats=no
LooseRecruit=no
VeteranLevel=3
IsBaseDefense=no
UseTransportOrigin=no
MindControlDecision=0
OnlyTargetHouseEnemy=no
TransportsReturnOnUnload=no
AreTeamMembersRecruitable=no

[01000056]
Max=5
Full=no
Name=Charon11
Group=-1
House=UnitedStates
Script=01000045
Whiner=no
Droppod=no
Suicide=no
Loadable=no
Prebuild=no
Priority=5
Waypoint=K
Annoyance=no
IonImmune=no
Recruiter=no
Reinforce=no
TaskForce=01000070
TechLevel=0
Aggressive=no
Autocreate=no
GuardSlower=no
OnTransOnly=no
AvoidThreats=no
LooseRecruit=no
VeteranLevel=2
IsBaseDefense=no
UseTransportOrigin=no
MindControlDecision=0
OnlyTargetHouseEnemy=no
TransportsReturnOnUnload=no
AreTeamMembersRecruitable=no

[01000057]
Max=5
Full=no
Name=Charon13
Group=-1
House=UnitedStates
Script=01000046
Whiner=no
Droppod=no
Suicide=no
Loadable=no
Prebuild=no
Priority=5
Waypoint=M
Annoyance=no
IonImmune=no
Recruiter=no
Reinforce=no
TaskForce=01000070
TechLevel=0
Aggressive=no
Autocreate=no
GuardSlower=no
OnTransOnly=no
AvoidThreats=no
LooseRecruit=no
VeteranLevel=2
IsBaseDefense=no
UseTransportOrigin=no
MindControlDecision=0
OnlyTargetHouseEnemy=no
TransportsReturnOnUnload=no
AreTeamMembersRecruitable=no

[01000058]
Max=5
Full=no
Name=Prism15
Group=-1
House=UnitedStates
Script=01000047
Whiner=no
Droppod=no
Suicide=no
Loadable=no
Prebuild=no
Priority=5
Waypoint=O
Annoyance=no
IonImmune=no
Recruiter=no
Reinforce=no
TaskForce=01000041
TechLevel=0
Aggressive=no
Autocreate=no
GuardSlower=no
OnTransOnly=no
AvoidThreats=no
LooseRecruit=no
VeteranLevel=2
IsBaseDefense=no
UseTransportOrigin=no
MindControlDecision=0
OnlyTargetHouseEnemy=no
TransportsReturnOnUnload=no
AreTeamMembersRecruitable=no

[01000059]
Max=5
Full=no
Name=Prism17
Group=-1
House=UnitedStates
Script=01000048
Whiner=no
Droppod=no
Suicide=no
Loadable=no
Prebuild=no
Priority=5
Waypoint=Q
Annoyance=no
IonImmune=no
Recruiter=no
Reinforce=no
TaskForce=01000041
TechLevel=0
Aggressive=no
Autocreate=no
GuardSlower=no
OnTransOnly=no
AvoidThreats=no
LooseRecruit=no
VeteranLevel=2
IsBaseDefense=no
UseTransportOrigin=no
MindControlDecision=0
OnlyTargetHouseEnemy=no
TransportsReturnOnUnload=no
AreTeamMembersRecruitable=no

[01000060]
Max=5
Full=no
Name=Prism19
Group=-1
House=UnitedStates
Script=01000049
Whiner=no
Droppod=no
Suicide=no
Loadable=no
Prebuild=no
Priority=5
Waypoint=S
Annoyance=no
IonImmune=no
Recruiter=no
Reinforce=no
TaskForce=01000041
TechLevel=0
Aggressive=no
Autocreate=no
GuardSlower=no
OnTransOnly=no
AvoidThreats=no
LooseRecruit=no
VeteranLevel=2
IsBaseDefense=no
UseTransportOrigin=no
MindControlDecision=0
OnlyTargetHouseEnemy=no
TransportsReturnOnUnload=no
AreTeamMembersRecruitable=no

[01000061]
Max=5
Full=no
Name=Prism21
Group=-1
House=UnitedStates
Script=01000050
Whiner=no
Droppod=no
Suicide=no
Loadable=no
Prebuild=no
Priority=5
Waypoint=U
Annoyance=no
IonImmune=no
Recruiter=no
Reinforce=no
TaskForce=01000041
TechLevel=0
Aggressive=no
Autocreate=no
GuardSlower=no
OnTransOnly=no
AvoidThreats=no
LooseRecruit=no
VeteranLevel=2
IsBaseDefense=no
UseTransportOrigin=no
MindControlDecision=0
OnlyTargetHouseEnemy=no
TransportsReturnOnUnload=no
AreTeamMembersRecruitable=no

[01000062]
Max=5
Full=no
Name=Cavalier22
Group=-1
House=UnitedStates
Script=01000051
Whiner=no
Droppod=no
Suicide=no
Loadable=no
Prebuild=no
Priority=5
Waypoint=O
Annoyance=no
IonImmune=no
Recruiter=no
Reinforce=no
TaskForce=01000043
TechLevel=0
Aggressive=no
Autocreate=no
GuardSlower=no
OnTransOnly=no
AvoidThreats=no
LooseRecruit=no
VeteranLevel=2
IsBaseDefense=no
UseTransportOrigin=no
MindControlDecision=0
OnlyTargetHouseEnemy=no
TransportsReturnOnUnload=no
AreTeamMembersRecruitable=no

[01000063]
Max=5
Full=no
Name=Cavalier23
Group=-1
House=UnitedStates
Script=01000052
Whiner=no
Droppod=no
Suicide=no
Loadable=no
Prebuild=no
Priority=5
Waypoint=A
Annoyance=no
IonImmune=no
Recruiter=no
Reinforce=no
TaskForce=01000043
TechLevel=0
Aggressive=no
Autocreate=no
GuardSlower=no
OnTransOnly=no
AvoidThreats=no
LooseRecruit=no
VeteranLevel=2
IsBaseDefense=no
UseTransportOrigin=no
MindControlDecision=0
OnlyTargetHouseEnemy=no
TransportsReturnOnUnload=no
AreTeamMembersRecruitable=no

[01000064]
Max=5
Full=no
Name=Cavalier25
Group=-1
House=UnitedStates
Script=01000053
Whiner=no
Droppod=no
Suicide=no
Loadable=no
Prebuild=no
Priority=5
Waypoint=Y
Annoyance=no
IonImmune=no
Recruiter=no
Reinforce=no
TaskForce=01000043
TechLevel=0
Aggressive=no
Autocreate=no
GuardSlower=no
OnTransOnly=no
AvoidThreats=no
LooseRecruit=no
VeteranLevel=2
IsBaseDefense=no
UseTransportOrigin=no
MindControlDecision=0
OnlyTargetHouseEnemy=no
TransportsReturnOnUnload=no
AreTeamMembersRecruitable=no

[01000065]
Max=5
Full=no
Name=Cavalier26
Group=-1
House=UnitedStates
Script=01000054
Whiner=no
Droppod=no
Suicide=no
Loadable=no
Prebuild=no
Priority=5
Waypoint=S
Annoyance=no
IonImmune=no
Recruiter=no
Reinforce=no
TaskForce=01000043
TechLevel=0
Aggressive=no
Autocreate=no
GuardSlower=no
OnTransOnly=no
AvoidThreats=no
LooseRecruit=no
VeteranLevel=2
IsBaseDefense=no
UseTransportOrigin=no
MindControlDecision=0
OnlyTargetHouseEnemy=no
TransportsReturnOnUnload=no
AreTeamMembersRecruitable=no

[01000070]
0=1,CHRTNK
Name=CharonX1
Group=-1

[01000071]
0=1,ORCA
Name=ORCAx1
Group=-1

[01000072]
0=1,30
1=3,29
2=37,0
Name=Barrells30

[01000073]
0=1,32
1=3,31
2=37,0
Name=Barrells32

[01000074]
Max=5
Full=yes
Name=ORCA29
Group=-1
House=AllyOffmap
Script=01000072
Whiner=no
Droppod=no
Suicide=no
Loadable=no
Prebuild=no
Priority=5
Waypoint=AD
Annoyance=no
IonImmune=no
Recruiter=no
Reinforce=no
TaskForce=01000071
TechLevel=0
Aggressive=no
Autocreate=no
GuardSlower=no
OnTransOnly=no
AvoidThreats=no
LooseRecruit=no
VeteranLevel=1
IsBaseDefense=no
UseTransportOrigin=no
MindControlDecision=0
OnlyTargetHouseEnemy=no
TransportsReturnOnUnload=no
AreTeamMembersRecruitable=no

[01000075]
Max=5
Full=yes
Name=ORCA31
Group=-1
House=AllyOffmap
Script=01000073
Whiner=no
Droppod=no
Suicide=no
Loadable=no
Prebuild=no
Priority=5
Waypoint=AF
Annoyance=no
IonImmune=no
Recruiter=no
Reinforce=no
TaskForce=01000071
TechLevel=0
Aggressive=no
Autocreate=no
GuardSlower=no
OnTransOnly=no
AvoidThreats=no
LooseRecruit=no
VeteranLevel=1
IsBaseDefense=no
UseTransportOrigin=no
MindControlDecision=0
OnlyTargetHouseEnemy=no
TransportsReturnOnUnload=no
AreTeamMembersRecruitable=no

[01000082]
0=4,E1
1=4,HARP
Name=Bunker Fill
Group=-1

[01000083]
0=64,0
Name=Load Bunker SCR

[01000084]
Max=5
Full=yes
Name=Bunker33
Group=-1
House=OuterHQ
Script=01000083
Whiner=no
Droppod=no
Suicide=no
Loadable=no
Prebuild=no
Priority=5
Waypoint=AH
Annoyance=no
IonImmune=no
Recruiter=no
Reinforce=no
TaskForce=01000082
TechLevel=0
Aggressive=no
Autocreate=no
GuardSlower=no
OnTransOnly=no
AvoidThreats=no
LooseRecruit=no
VeteranLevel=1
IsBaseDefense=no
UseTransportOrigin=no
MindControlDecision=0
OnlyTargetHouseEnemy=no
TransportsReturnOnUnload=no
AreTeamMembersRecruitable=no

[01000089]
0=4,MTNK
1=2,MGTK
Name=T1 Chrono TF
Group=-1

[01000090]
0=50,30
Name=Flash

[01000091]
Max=5
Full=yes
Name=T1 Chrono EU
Group=-1
House=UnitedStates
Script=01000090
Whiner=no
Droppod=no
Suicide=no
Loadable=no
Prebuild=no
Priority=5
Waypoint=AK
Annoyance=no
IonImmune=no
Recruiter=no
Reinforce=no
TaskForce=01000089
TechLevel=0
Aggressive=no
Autocreate=no
GuardSlower=no
OnTransOnly=no
AvoidThreats=no
LooseRecruit=no
VeteranLevel=1
IsBaseDefense=no
UseTransportOrigin=no
MindControlDecision=0
OnlyTargetHouseEnemy=no
TransportsReturnOnUnload=no
AreTeamMembersRecruitable=no

[01000094]
0=1,THOR
Name=THORx1
Group=-1

[01000095]
0=3,38
Name=Thor38

[01000096]
0=3,39
Name=Thor39

[01000097]
0=3,40
Name=Thor40

[01000098]
0=3,41
Name=Thor41

[01000099]
0=3,42
Name=Thor42

[01000100]
0=3,43
Name=Thor43

[01000101]
Max=5
Full=no
Name=Thor38
Group=-1
House=UnitedStates
Script=01000095
Whiner=no
Droppod=no
Suicide=no
Loadable=no
Prebuild=no
Priority=5
Waypoint=Q
Annoyance=no
IonImmune=no
Recruiter=no
Reinforce=no
TaskForce=01000094
TechLevel=0
Aggressive=no
Autocreate=no
GuardSlower=no
OnTransOnly=no
AvoidThreats=no
LooseRecruit=no
VeteranLevel=1
IsBaseDefense=no
UseTransportOrigin=no
MindControlDecision=0
OnlyTargetHouseEnemy=no
TransportsReturnOnUnload=no
AreTeamMembersRecruitable=no

[01000102]
Max=5
Full=no
Name=Thor39
Group=-1
House=UnitedStates
Script=01000096
Whiner=no
Droppod=no
Suicide=no
Loadable=no
Prebuild=no
Priority=5
Waypoint=K
Annoyance=no
IonImmune=no
Recruiter=no
Reinforce=no
TaskForce=01000094
TechLevel=0
Aggressive=no
Autocreate=no
GuardSlower=no
OnTransOnly=no
AvoidThreats=no
LooseRecruit=no
VeteranLevel=1
IsBaseDefense=no
UseTransportOrigin=no
MindControlDecision=0
OnlyTargetHouseEnemy=no
TransportsReturnOnUnload=no
AreTeamMembersRecruitable=no

[01000103]
Max=5
Full=no
Name=Thor40
Group=-1
House=UnitedStates
Script=01000097
Whiner=no
Droppod=no
Suicide=no
Loadable=no
Prebuild=no
Priority=5
Waypoint=M
Annoyance=no
IonImmune=no
Recruiter=no
Reinforce=no
TaskForce=01000094
TechLevel=0
Aggressive=no
Autocreate=no
GuardSlower=no
OnTransOnly=no
AvoidThreats=no
LooseRecruit=no
VeteranLevel=1
IsBaseDefense=no
UseTransportOrigin=no
MindControlDecision=0
OnlyTargetHouseEnemy=no
TransportsReturnOnUnload=no
AreTeamMembersRecruitable=no

[01000104]
Max=5
Full=no
Name=Thor41
Group=-1
House=UnitedStates
Script=01000098
Whiner=no
Droppod=no
Suicide=no
Loadable=no
Prebuild=no
Priority=5
Waypoint=AF
Annoyance=no
IonImmune=no
Recruiter=no
Reinforce=no
TaskForce=01000094
TechLevel=0
Aggressive=no
Autocreate=no
GuardSlower=no
OnTransOnly=no
AvoidThreats=no
LooseRecruit=no
VeteranLevel=1
IsBaseDefense=no
UseTransportOrigin=no
MindControlDecision=0
OnlyTargetHouseEnemy=no
TransportsReturnOnUnload=no
AreTeamMembersRecruitable=no

[01000105]
Max=5
Full=no
Name=Thor42
Group=-1
House=UnitedStates
Script=01000099
Whiner=no
Droppod=no
Suicide=no
Loadable=no
Prebuild=no
Priority=5
Waypoint=O
Annoyance=no
IonImmune=no
Recruiter=no
Reinforce=no
TaskForce=01000094
TechLevel=0
Aggressive=no
Autocreate=no
GuardSlower=no
OnTransOnly=no
AvoidThreats=no
LooseRecruit=no
VeteranLevel=1
IsBaseDefense=no
UseTransportOrigin=no
MindControlDecision=0
OnlyTargetHouseEnemy=no
TransportsReturnOnUnload=no
AreTeamMembersRecruitable=no

[01000106]
Max=5
Full=no
Name=Thor43
Group=-1
House=UnitedStates
Script=01000100
Whiner=no
Droppod=no
Suicide=no
Loadable=no
Prebuild=no
Priority=5
Waypoint=S
Annoyance=no
IonImmune=no
Recruiter=no
Reinforce=no
TaskForce=01000094
TechLevel=0
Aggressive=no
Autocreate=no
GuardSlower=no
OnTransOnly=no
AvoidThreats=no
LooseRecruit=no
VeteranLevel=1
IsBaseDefense=no
UseTransportOrigin=no
MindControlDecision=0
OnlyTargetHouseEnemy=no
TransportsReturnOnUnload=no
AreTeamMembersRecruitable=no

[01000111]
0=0,1
Name=Attack Anything

[01000112]
0=3,INIT
1=3,HARP
2=3,BRUTE
Name=Paradrop Yuri
Group=-1

[01000113]
Max=5
Full=no
Name=Yuri Paradrop46
Group=-1
House=OuterHQ
Script=01000111
Whiner=no
Droppod=yes
Suicide=no
Loadable=no
Prebuild=no
Priority=5
Waypoint=AU
Annoyance=no
IonImmune=no
Recruiter=no
Reinforce=no
TaskForce=01000112
TechLevel=0
Aggressive=no
Autocreate=no
GuardSlower=no
OnTransOnly=no
AvoidThreats=no
LooseRecruit=no
VeteranLevel=1
IsBaseDefense=no
TransportWaypoint=AT
UseTransportOrigin=yes
MindControlDecision=0
OnlyTargetHouseEnemy=no
TransportsReturnOnUnload=no
AreTeamMembersRecruitable=no

[01000114]
Max=5
Full=no
Name=Yuri Paradrop48
Group=-1
House=OuterHQ
Script=01000111
Whiner=no
Droppod=yes
Suicide=no
Loadable=no
Prebuild=no
Priority=5
Waypoint=AW
Annoyance=no
IonImmune=no
Recruiter=no
Reinforce=no
TaskForce=01000112
TechLevel=0
Aggressive=no
Autocreate=no
GuardSlower=no
OnTransOnly=no
AvoidThreats=no
LooseRecruit=no
VeteranLevel=1
IsBaseDefense=no
TransportWaypoint=AV
UseTransportOrigin=yes
MindControlDecision=0
OnlyTargetHouseEnemy=no
TransportsReturnOnUnload=no
AreTeamMembersRecruitable=no

[01000117]
0=3,DISK
Name=DiskX3
Group=-1

[01000118]
Max=5
Full=no
Name=Disks49
Group=-1
House=OuterHQ
Script=01000111
Whiner=no
Droppod=no
Suicide=no
Loadable=no
Prebuild=no
Priority=5
Waypoint=AX
Annoyance=no
IonImmune=no
Recruiter=yes
Reinforce=no
TaskForce=01000117
TechLevel=0
Aggressive=no
Autocreate=no
GuardSlower=no
OnTransOnly=no
AvoidThreats=no
LooseRecruit=no
VeteranLevel=1
IsBaseDefense=no
UseTransportOrigin=no
MindControlDecision=0
OnlyTargetHouseEnemy=no
TransportsReturnOnUnload=no
AreTeamMembersRecruitable=no

[01000119]
Max=5
Full=no
Name=Disks50
Group=-1
House=OuterHQ
Script=01000111
Whiner=no
Droppod=no
Suicide=no
Loadable=no
Prebuild=no
Priority=5
Waypoint=AY
Annoyance=no
IonImmune=no
Recruiter=yes
Reinforce=no
TaskForce=01000117
TechLevel=0
Aggressive=no
Autocreate=no
GuardSlower=no
OnTransOnly=no
AvoidThreats=no
LooseRecruit=no
VeteranLevel=1
IsBaseDefense=no
UseTransportOrigin=no
MindControlDecision=0
OnlyTargetHouseEnemy=no
TransportsReturnOnUnload=no
AreTeamMembersRecruitable=no

[Actions]
01000000=3,3,0,1,0,0,0,0,A,13,0,1,0,0,0,0,A,74,0,1,0,0,0,0,A
01000002=3,3,0,2,0,0,0,0,A,13,0,2,0,0,0,0,A,74,0,2,0,0,0,0,A
01000004=3,3,0,3,0,0,0,0,A,13,0,3,0,0,0,0,A,74,0,3,0,0,0,0,A
01000006=3,3,0,4,0,0,0,0,A,13,0,4,0,0,0,0,A,74,0,4,0,0,0,0,A
01000008=3,3,0,5,0,0,0,0,A,13,0,5,0,0,0,0,A,74,0,5,0,0,0,0,A
01000010=3,3,0,6,0,0,0,0,A,13,0,6,0,0,0,0,A,74,0,6,0,0,0,0,A
01000012=3,3,0,7,0,0,0,0,A,13,0,7,0,0,0,0,A,74,0,7,0,0,0,0,A
01000014=3,3,0,8,0,0,0,0,A,13,0,8,0,0,0,0,A,74,0,8,0,0,0,0,A
01000016=3,3,0,9,0,0,0,0,A,13,0,9,0,0,0,0,A,74,0,9,0,0,0,0,A
01000018=3,3,0,10,0,0,0,0,A,13,0,10,0,0,0,0,A,74,0,10,0,0,0,0,A
01000020=3,3,0,11,0,0,0,0,A,13,0,11,0,0,0,0,A,74,0,11,0,0,0,0,A
01000022=3,3,0,12,0,0,0,0,A,13,0,12,0,0,0,0,A,74,0,12,0,0,0,0,A
01000024=3,3,0,13,0,0,0,0,A,13,0,13,0,0,0,0,A,74,0,13,0,0,0,0,A
01000034=1,112,0,0,0,0,0,0,AS
01000036=4,7,1,01000032,0,0,0,0,A,7,1,01000033,0,0,0,0,A,53,2,01000076,0,0,0,0,A,53,2,01000066,0,0,0,0,A
01000038=1,7,1,01000031,0,0,0,0,A
01000066=7,7,1,01000062,0,0,0,0,A,7,1,01000063,0,0,0,0,A,7,1,01000064,0,0,0,0,A,7,1,01000065,0,0,0,0,A,53,2,01000068,0,0,0,0,A,17,0,35,0,0,0,0,A,53,2,01000036,0,0,0,0,A
01000068=10,7,1,01000056,0,0,0,0,A,7,1,01000057,0,0,0,0,A,7,1,01000058,0,0,0,0,A,7,1,01000059,0,0,0,0,A,7,1,01000060,0,0,0,0,A,7,1,01000061,0,0,0,0,A,53,2,01000080,0,0,0,0,A,7,1,01000055,0,0,0,0,A,53,2,01000092,0,0,0,0,A,53,2,01000107,0,0,0,0,A
01000076=2,7,1,01000074,0,0,0,0,A,7,1,01000075,0,0,0,0,A
01000078=1,46,0,0,0,0,0,0,A
01000080=2,47,0,0,0,0,0,0,A,21,6,EVA_BattleControlOnline,0,0,0,0,A
01000085=2,7,1,01000084,0,0,0,0,A,80,1,01000084,0,0,0,0,AI
01000087=1,21,6,EVA_EstablishBattlefieldControl,0,0,0,0,A
01000092=4,107,1,01000091,0,0,0,0,AK,107,1,01000091,0,0,0,0,AL,41,0,256,0,0,0,0,AK,41,0,256,0,0,0,0,AL
01000107=6,7,1,01000101,0,0,0,0,A,7,1,01000102,0,0,0,0,A,7,1,01000103,0,0,0,0,A,7,1,01000104,0,0,0,0,A,7,1,01000105,0,0,0,0,A,7,1,01000106,0,0,0,0,A
01000109=1,32,0,0,0,0,0,0,A
01000115=3,7,1,01000113,0,0,0,0,A,7,1,01000114,0,0,0,0,A,53,2,01000120,0,0,0,0,A
01000120=2,4,1,01000118,0,0,0,0,A,4,1,01000119,0,0,0,0,A

[AircraftTypes]
300=LIONHS

[AllyOffmap]
Name=AllyOffmap
Side=GDI
Color=SovietLoad
Prefix=B
Suffix=Allied
SmartAI=yes
CostUnitsMult=1
ParentCountry=Europeans

[AllyOffmap House]
IQ=5
Edge=North
Color=AlliedLoad
Allies=UnitedStates House
Country=AllyOffmap
Credits=5000000
NodeCount=0
TechLevel=10
PercentBuilt=100
PlayerControl=no

[Basic]
Name=paradoxxxxical
Theme=Militant
Player=UnitedStates House
Percent=0
GameMode=standard
HomeCell=98
InitTime=10000
Official=no
EndOfGame=no
FreeRadar=no
MaxPlayer=8
MinPlayer=2
SkipScore=no
TrainCrate=no
TruckCrate=no
AltHomeCell=99
OneTimeOnly=no
CarryOverCap=0
NewINIFormat=4
NextScenario=
SkipMapSelect=no
CarryOverMoney=0.000000
AltNextScenario=
MultiplayerOnly=0
IceGrowthEnabled=yes
VeinGrowthEnabled=yes
TiberiumGrowthEnabled=yes
IgnoreGlobalAITriggers=no
TiberiumDeathToVisceroid=no

[CellTags]
35062=01000116
36062=01000116
37061=01000116
37062=01000116
38060=01000116
38061=01000116
39058=01000116
39059=01000116
39060=01000116
39061=01000116
40056=01000116
40057=01000116
40058=01000116
40059=01000116
41055=01000116
41056=01000116
41057=01000116
42054=01000116
42055=01000116
42056=01000116
43053=01000116
43054=01000116
43055=01000116
44052=01000116
44053=01000116
44054=01000116
45052=01000116
45053=01000116
46051=01000116
46052=01000116
46053=01000116
47049=01000116
47050=01000116
47051=01000116
47052=01000116
48049=01000116
48050=01000116
48051=01000116
49047=01000116
49048=01000116
49049=01000116

[Chinese]
Name=Chinese
Side=Nod
Color=SovietLoad
Prefix=B
Suffix=Soviet
SmartAI=yes
CostUnitsMult=1
ParentCountry=Chinese

[Chinese House]
IQ=5
Edge=North
Color=SovietLoad
Allies=Chinese House
Country=Chinese
Credits=0
NodeCount=0
TechLevel=10
PercentBuilt=100
PlayerControl=no

[Countries]
0=UnitedStates
1=Europeans
2=Pacific
3=USSR
4=AllyOffmap
5=Chinese
6=PsiCorps
7=ScorpionCell
8=Headquaters
9=OuterHQ
10=Guild2
11=Guild3
12=Neutral
13=Special

[Europeans]
Name=Europeans
Side=GDI
Color=AlliedLoad
Prefix=G
Suffix=Allied
SmartAI=yes
CostUnitsMult=1
ParentCountry=Europeans

[Europeans House]
IQ=5
Edge=North
Color=AlliedLoad
Allies=Europeans House
Country=Europeans
Credits=0
NodeCount=0
TechLevel=10
PercentBuilt=100
PlayerControl=no

[Events]
01000000=1,13,0,10
01000002=1,13,0,10
01000004=1,13,0,10
01000006=1,13,0,10
01000008=1,13,0,10
01000010=1,13,0,10
01000012=1,13,0,10
01000014=1,13,0,10
01000016=1,13,0,10
01000018=1,13,0,10
01000020=1,13,0,10
01000022=1,13,0,10
01000024=1,13,0,10
01000034=1,13,0,5
01000036=1,13,0,3
01000038=1,13,0,13
01000066=1,13,0,9
01000068=1,13,0,4
01000076=1,13,0,3
01000078=1,13,0,0
01000080=1,13,0,8
01000085=1,13,0,0
01000087=1,13,0,0
01000092=1,13,0,30
01000107=1,13,0,12
01000109=1,13,0,0
01000115=1,1,0,0
01000120=1,13,0,6

[FA2spVersionControl]
Version=149

[FATRAP]
Armor=special
Power=30000

[Guild2]
Name=Guild2
Side=FourthSide
Color=Teal
Prefix=B
Suffix=Soviet
SmartAI=yes
CostUnitsMult=1
ParentCountry=Guild2

[Guild2 House]
IQ=5
Edge=North
Color=Teal
Allies=Guild2 House
Country=Guild2
Credits=0
NodeCount=0
TechLevel=10
PercentBuilt=100
PlayerControl=no

[Guild3]
Name=Guild3
Side=FourthSide
Color=Teal
Prefix=B
Suffix=Soviet
SmartAI=yes
CostUnitsMult=1
ParentCountry=Guild3

[Guild3 House]
IQ=5
Edge=North
Color=Teal
Allies=Guild3 House
Country=Guild3
Credits=0
NodeCount=0
TechLevel=10
PercentBuilt=100
PlayerControl=no

[Headquaters]
Name=Headquaters
Side=ThirdSide
Color=Purple3
Prefix=B
Suffix=Soviet
SmartAI=yes
CostUnitsMult=1
ParentCountry=Headquaters

[Headquaters House]
IQ=5
Edge=North
Color=Purple3
Allies=Headquaters House
Country=Headquaters
Credits=0
NodeCount=0
TechLevel=10
PercentBuilt=100
PlayerControl=no

[Houses]
0=UnitedStates House
1=Europeans House
2=Pacific House
3=USSR House
4=AllyOffmap House
5=Chinese House
6=PsiCorps House
7=ScorpionCell House
8=Headquaters House
9=OuterHQ House
10=Guild2 House
11=Guild3 House
12=Neutral House
13=Special House

[Infantry]
0=OuterHQ House,INIT,256,52,45,1,Guard,224,None,0,-1,0,1,0
1=OuterHQ House,INIT,256,51,45,1,Guard,224,None,0,-1,0,1,0
2=OuterHQ House,INIT,256,56,41,0,Guard,224,None,0,-1,0,1,0
3=OuterHQ House,INIT,256,56,40,0,Guard,224,None,0,-1,0,1,0
4=OuterHQ House,HARP,256,50,49,0,Guard,224,None,0,-1,0,1,0
5=OuterHQ House,HARP,256,52,51,1,Guard,224,None,0,-1,0,1,0
6=OuterHQ House,HARP,256,62,41,0,Guard,224,None,0,-1,0,1,0
7=OuterHQ House,HARP,256,61,40,0,Guard,224,None,0,-1,0,1,0
8=OuterHQ House,HARP,256,60,39,0,Guard,224,None,0,-1,0,1,0
9=OuterHQ House,HARP,256,51,50,0,Guard,224,None,0,-1,0,1,0
10=OuterHQ House,BRUTE,256,53,56,0,Area Guard,224,None,0,-1,0,1,0
11=OuterHQ House,DUNE,256,54,54,0,Area Guard,224,None,0,-1,0,1,0
12=OuterHQ House,BRUTE,256,67,52,0,Area Guard,224,None,0,-1,0,1,0
13=OuterHQ House,DUNE,256,64,47,0,Area Guard,224,None,0,-1,0,1,0
14=OuterHQ House,DUNE,256,59,53,0,Area Guard,224,None,0,-1,0,1,0
15=OuterHQ House,DUNE,256,63,58,0,Area Guard,224,None,0,-1,0,1,0

[IsoMapPack5]
1=OA8AIAE8AAEAgAAFBAA7AAIA//9TAQQAPEgBQAECAAAEAD0oKwA6AAOQAlUCOygpADwoKQ
2=A9KCkAPigpADlcBZ8GBAA6KCkAOygpADwoKQA9KCkAPigpAD8oKwA4AAWMCUUCOSgpADoo
3=KQA7KCkAPCgpAD0oKQA+KCkAPygpAEAoKwA3AAbpDDgoKQA5KCkAOigpADsoKQA8KCkAPS
4=gpAD4oKQA/KCkAQCgpAEEoKwA2AAfhDzcoKQA4KCkAOSgpADooKQA7KCkAPCgpAD0oKQA+
5=KCkAPygpAEAoKQBBKCkAQigrADUACLsRAwA2SQEgcwEDADcoKQA4KCkAOSgpADooKQA7KC
6=kAPCgpAD1JASixCT5IAWQBVTk/KCkAQCgpAEEoKQBCKCkAQygrADQACYAIVVQ1SAGRFAJe
7=FQkAyQE3KFUAOCgpADkoKQA6KCkAOygpADxIAZEUAkdgCQAdcwwDAD5UAmQBnBXDDwQAQC
8=hVAEEoKQBCKCkAQygpAEQoKwAzAAqMCUkXNCgpADUoKQA2SQEnaQQBVS4KoxoBADhUAo8b
9=AQA5KCkAOigpADtIAYkXAV14CqgXdxgKACRwCXQY0wkDAD/tBQNUGNsRBABBVAJoBVkcQi
10=gpAEMoKQBEKCkARUkBJnAFAgMAMgALYAECAAABADNIAc0QNEgBmwICADUoKQA2SAGYBm8b
11=CwAeZARsGycpADlABNUCOkkBIqEEO0gBjDFtGwugGm8bCwAgYQQCRjQLAIEPAkwbwARsG9
12=UCA0wb0xQEAEJQCXQGWRxDKCkARCgpAEVIAcWiRigoAAExAAwAmTIARR4MoQ8ARx4MACyW
13=CQA0QASNEAFHHgwAIXQCbVIMuRwCVDknKQA4TQUpoQQ5KCkAOkkBH3UCAVWyDLgcZB7VDQ
14=FNUgy5HAFEHsAEZB7VAgJUOdQCZB7VAgNFHgx0Cn26Q0gMjwEEAERIAdkcRSgpAEYoKQBH
15=KCsAMAAN8R8xSQEjiAhdIA2gAX0gDalOAFwgyAF8IMgBfSANvCBviQ0AJWEHA1RaxQgEVF
16=onKQA6SQwtcM520w0AaAFZ1TxUAp0rAF0gDfUjPvUCAUQ/1AJ9IA2hJQJEP9QCfSANvzYD
17=AENYBo1HA1wgJ1UARShVAEYoKQBHKCkASEgBjCYCAwAvAA7pIjBIAckiMUgBaBtNADIoKQ
18=AzSAGcV3UjDkwDSAB3Iw4AQLkcNkAETAJlNDcoKQA4SgHVAlwCdCPYBnXpDokiAnQjqAFR
19=CDxMBYB9dSMOsR8AVUQO4SU/QASZJwFURNQCdyMOACBEDFWRQkAEyQFDKCkARCgpAEUoKQ
20=BGKCkAR0gBnwoCAEhIAWwJAQADAEkoKwAuAA/hJS9IAcElMEgBjwUAADEoKQAyKCkAM0gB
21=wRo0SAGFEwBHaw8AQFodAQRXvQ8AyLUjN0EE06kBOEkBzqkBOUkBzakBOkgBeEhNfjvIAY
22=VKD8gQRUoPoCVtJg/5Jz9MBYwQbyYPACB1BQFESicpAEJABNUCQygpAEQoKQBFKCkARkgB
23=gyUBAEdIAZwKbCbVDQJNJg+vaAMASkAEnEwCBAAtABB4DgIAAAEALkgBnYMAVE/XAgAAMF
24=QCpAREKSdVADIoVQAzKCkANCgpADVJATnmKRAA2Sc3VQLQrSY4SQHEqQE5SQHUqQE6SAFk
25=KZVPEIBRUQg8VALNED1IAZgGZSkQ8So/VQIgpQRAKCkAQSgpAEIoKQBDKCkARCgpAEVIAZ
26=snAABGSAGYJ2UpELE1AVVPELgnZCnIAWUpECZ5K0tYBtMqLAARsRECXisRAMnSLlQCJ30F
27=EbiVfCsnKQAxQAS8BkyfxAhsnycpADRABHAqVSM1yQEDZlURANknN1UCwqUpOEkBv6kBOU
28=kB2KkBOkkBMEQqhlURAGgBh1URAMZgBHd7EQC9qQE+TQW+qQE/KCkAQEkBvLUCQUgB3RVC
29=KCkAQygpAEQoKQBFSAGQKn0rEbEqAEVVEbAqfSsRtDl9KxG13gJEVc8FAwBLRAjdK0woKw
30=ArABKpEANKBhIAnCt0LtUCAlRaJykAL0wFzTEwSAElISAxSQEuqSIyyAFJIjNIAaALR84S
31=AB6hBDX0AnYuEgDRKjdVAsdpIgRHzhIAuq0FOVQCaAFNiTrJAQJtqhKVLgQiPDSpAQV3Lh
32=IA12QId1oSAM+pAT9YBoWMAE+qEgDBtQJBVQLAqQFCSAHRFEMoKQBEKCkARSgpAEZIAdHE
33=R0gBjDF1LhKtMQFdgxKsMXUuEqwxdC7DBAMATFgGwTBNKCsAKgATqxAEACtIAYAwbTETKC
34=wGwARtMRMm4SIvTAWBMAJFjBOxYQJGjBMAbDFBJTJABGgBUSkzSAGA1XzbTAVIAl0fNVQC
35=eDKHYBMAJVQCAQAEADdVAiCpAThIAWAwQQQ5yAFVLjrJAQVvMRMARa0FPFUCM6kBPcgBUU
36=A+SQHESA1BHD9IAZBsbzETAMO1AkFUAlADaQBCKCkAQygpAEQoKQBFKCkARkgBgDBlYBOh
37=MABFjBOgMG0xE6AwbDHBBAJEYMAEbTET/Y5NUAnZMk4oKwApABR0Emn+KigpACtIASeFBh
38=Sgk3VlFOEwLkEEJWEHAk3AFLE1A0Y0FACVAgNHNBQAMaElMkwFaAFBJTNIAZBhZDTAD3Tp
39=XApMBUFcNkAEZDRNBTdIAWQ0RSg4yQEDIgQiSAxMBUk4OlUCRKkBO0kB2UAFVQI8SQEvtQ
40=I9yAFRCT5IAYtvAAA/SAEnhwYUAMV5BgBX6RQAwKkBQkAEaBtNAEMoKQBEKCkARSgpAEYo
41=KQBHSAHBZ0hJASRZBwBlNBS9NgFNlBS8NmQ0yAFlNBQohAYnKQBORAjRNU8oKwAoABV0Cg
42=IAAAQAKSgpACooKQArSAGEl2VrFbE1A07LFQAjCTMDVZwV8TUvTAXRNTBIAYELBFw2J4kB
43=MlQCfDYBBAQAM8gBRTQ0SAGMBXw2zwUAADYoVQA3KCkAOEgBaDhZBjlIAcE7OkkBQ6U0O0
44=kBKKkBPMgBUTU9SAHJDD4oKQA/SQHWpTRASQHRqQFBSAHNBUIoKQBDKCkARCgpAEUoKQBG
45=KCkAR0gBkTUARWsVsTUAVZwVsDV8NsgBfDbIAX02FSjcBicpAE5QCSfcBidVAFAoVwAnAB
46=bpZChIAYgXdTkWhAFBOyooVQArKCkALCgpAC1IAc08LkgByTgvSAGJCARUcCcxATFUAoei
47=BAAySQFFqS0zSQE0qQE0yAEBAQQANUgByZs2yAFNMTdIAZ0KAEzW3woAADkoVQA6SQEfsQ
48=k7SAF0OUUzPEgB2QY9KCkAPigpAD8oKQBASAEjBC10cCeJAUJUAsUIQygpAEQoKQBFKCkA
49=RigpAEdIASNIO3U5Fqg4dDnULnQ51AJ0OcgBdTkWKDQHJykATlAJJzQHJ1UAUChVAFEoKw
50=AmABe7FQQAJygpACgoKQApKCkAKigpACsoKQAsKCkALSgpAC4oKQAvSQHEUCtVRDBIAZgN
51=ZXYXJlknMihVADMoKQA0KCkANUgB0aM2yAGOPBcAIrgoUUA4VQIytTk5yAFBBDpIAWw8SQ
52=E7SAGPEAAAPEgBjBAiXCLQHyJfIhcAOqUIP0AExUpAyAFFCEFIAdkGQigpAEMoKQBESQE4
53=pQhFyAFFE0ZJATW1AkfIAVUCSEgBJXkgSSgpAEpJASVsDG08F7BAbTwXKIwHJykATkwFJ4
54=wHJ1UAUChVAFEoKQBSKCsAJQAYYAxpsSYoKQAnKCkAKCgpACkoKQAqKCkAKygpACwoKQAt
55=KCkALkgBI7UtBE/sGAC75D8n4QExQASEonV7GCQ0KG61GACTowQANEAElBR3exgARbknNl
56=QCeT0CIhUkGIQ/Qes4VALJ6DlIAXFABCKWPxgAaAFFuDtUAtHlPEkBwHgRZD/YEWc/GABC
57=qQw/QARpxwAifVIYIyAghD8nrQBCQASHEwAAQygpAERIAWQ/RRNFSAGDBAQARigpAEcoKQ
58=BISAEliSJJSAGMBSKcNcgMIkUqGCjlBxgo5AcnKQBOWAYn5AcnVQBQKFUAUSgpAFIoKQBT
59=KCsAJAAZnA5ZHCUoKQAmKCkAJygpACgoKQApKCkAKigpACsoKQAsKCkALSgpAC4oKQAvSA
60=GMMXe9GQC6bDFmgRkAIyA2fEEnKQAzTAXVAjQoKQA1SAEjeDYihTIZJFAxfUEZ7Uc4QQQm
61=tTk5yAFJODpIAaoeADsoKQA8KCkAPSgpAD5IAXxBWXQ/SAHd0EBIAWhDUUtByAFRS0JIAd
62=0KQygpAERJAT1MEEUIRUgBgAR8QSfVBUcoVQBISAEnPAjABHxBJykAS0AEI3wmZYEZKDwI
63=JykATkAEJzwIJ1UAUChVAFEoKQBSKCkAUygpAFQoKwAjABqYFUlDJCgpACUoKQAmKCkAJy
64=gpACgoKQApKCkAKigpACsoKQAsKCkALSgpAC5IASOIOHaGGgAjXDh1RBokLDJ1RBommUUy
65=TAUjDDl1hhrhiDRUAtkGNUgBI9gsdEQnQQM3VQI/WDJNGzhIAXREQVA5SAGqHgA6SAGFlw
66=BWRBoAnEx8xcQIdYYanI5BOz5NBT6xCT9IASNkLnWGGvmVQVQCwb9CyAFZBkNIAWhDSYVE
67=yAFRmEVIAYwQdETXDQQARyhVAEhIASeUCMAEdEQnKQBLQAQnlQgaKJQIJykATkAEJ5QIJ1
68=UAUChVAFEoKQBSKCkAUygpAFQoKQBVKCsAIgAbhBdRKiMoKQAkKCkAJSgpACYoKQAnKCkA
69=KCgpACkoKQAqKCkAKygpACwoKQAtSAHNcy5IAZAQbUcbJtlCMFQC0UAxSAEj/DZkjCe9Aj
70=NVAsREQEkXNEgByTg1SAEjpGIiBW8bJFwtItZdGwAlBSI4QARoAVmKOUgBgQ8ATEfcCm5H
71=GwCAD21HG4BGWT09TAV411k9PkgBzV0/SAElwVVASAHB4EFJAcKlE0JJAcCpAUNIAcUeRE
72=kBv7VPRcgBUUtGSAGcV25HGwDZBkhUAiXhLUlJASJgFmxH3BVlzhsoxRkbKOwIJykATlgG
73=J+wIJ1UAUChVAFEoKQBSKCkAUygpAFQoKQBVKCkAVigrACEAHHwSAgAABAAiKCkAIygpAC
74=QoKQAlKCkAJigpACcoKQAoKCkAKSgpACooKQArKCkALEgBJfVWLUgBJfVWLkgBwTAvSAGE
75=gQcEADAAHADVAgAAEQAABhAAIAUABAAxABwAAGAAAgQAMgAcYQEAVQIzSgHDAlcBBAA0SQ
76=HYqQE1SQEfUAIBAAMANkkBHakBN0oBRQNPAQQAOEkBNakBOcgBAQEEADpJATO1AjvIAQEB
77=AAA8SQE9VAJBBD1JAb1IAUEPPsgBVQI/yAEBAgQAQMgBAQMEAEFJAce5EUJJAdOpAUNJAd
78=CpAURJAb9QCVkGRcgBWQZGSAHNBUdJAdGtBUhJAcSpAUlIAc0bSkgBWRkAWRxLSAHZHExK
79=Af//XwIEAE0oKQBOKCkATygpAFAoKQBRKCkAUigpAFMoKQBUKCkAVSgpAFYoKQBXKCoAIA
80=CQEWU0ISgpACIoKQAjKCkAJCgpACUoKQAmKCkAJygpACgoKQApSAHJIipIAVwddQ0rKCkA
81=LEkB1K0mLUgBwQQuSQHFtQIvSQG7qQEwSQHSqQExSQHPqQEySQHNqQEzSQHDqQE0SAHdKz
82=VIAc0xNkkBJG8MAwA3SQEoqQE4SAFkAUFGOSgpADpIAcFRO0gBcEtRQDzIAQEDBAA9SAF8
83=TAEEBAA+yAEBBQQAP8kBBn5MHQBhBAd/TB0A16UTQkAE0UtDSQHEtQJESAF8TAEEBABFyA
84=FRCUZIAdVlR0kBwq0FSEkBv6kBSUkBJm8XAwBKSQEeqQFLSQElqQFMSAHdIE0oKQBOKCkA
85=TygpAFAoKQBRKCkAUigpAFMoKQBUKCkAVSgpAFYoKQBXKCkAWCgrAB8AHlABSxMDACBIAU
86=ABfUEhKCkAIigpACMoKQAkKCkAJSgpACYoKQAnKCkAKEgBwSUpSQG9oSUqSQG6qQErSQG8
87=qQEsSQHWqQEtSQHLqQEuSAHJei9JAcO1AjBIAcVVMUgByRcySAHVAjNJAcGtBTRJAcCpAT
88=VIAcU0NkkBInwGdE8nHQQ4VQLIrQU5SQHVqQE6SAFoBQEABAA7SQHZtQI8SAHVAj0oKQA+
89=KCkAPygpAEAoKQBBKCkAQigpAENJAce9CkRIAXRPUVZFyAEBBwQARkkBxqEER0gB1XBISA
90=HNEEkoKQBKKCkAS0gByU5MKCkATSgpAE4oKQBPKCkAUCgpAFEoKQBSKCkAUygpAFQoKQBV
91=KCkAVigpAFcoKQBYKCkAWSgrAB4AH6FRAkAByAFsUoCFrFInKQAiSATFHiMoKQAkKCkAJS
92=gpACZIAdU5J0gB2QYoSAHZSClIAdU5KkkBxb0rK0gBxVUsSAHZUy1IAdl/LkgB1VovSAHN
93=MTBIAcEEMUgB1S4ySAEnTgofAMEPNFQC0Us1SAHFEzZIAdlTN0gB1YY4SAHZlTlJAcyxFD
94=pIAdkGO0gB2RE8SAHVAj0oKQA+SQE4XuYACEaiHwBqAQEIRu8fAI33CETvqAEBAQQAQkwF
95=xQhDKCkAREgBbVIIZqIfAGkBCW5SHwDVGEdBBMelE0hIAd3xSUgB0XdKSQFArRBLSQEsqQ
96=FMyAFBD01IAc0mTigpAE8oKQBQKCkAUSgpAFIoKQBTKCkAVCgpAFUoKQBWKCkAVygpAFgo
97=KQBZKCkAWigpAB1Yo5HzAUhW3PRmVSAA2dcgQQQgcyYDACEoKQAiSAHR2iNIAXwDQYgkKC
98=kAJSgpACYoKQAnSAHVOShJAbixKilJAcCpASpIAd0rK0gB2e0sSAHdVy1JAb6tBS5IAclZ
99=LygpADBIAcEEMUgB3QoySAEnpgogANU5NChVADVIAdUYNigpADdIAcGTOEgB0Qk5SAHRCT
100=pIAdkGO0kBwaUTPEgBJdEgPUgB1UQ+SAF5UwJnVSAAxGwFZ1UgAEWhRkFBBDapAULIAUlZ
101=Q0kBMrUCRMkBAWVVIP38RlUCznMJBABHSAHBD0hIAdlpSUgB1U9KSQFAUAldCktIAWRVWR
102=FMyQEDIo8oIAAnZxoDAE5VAiCpAU8oKQBQKCkAUSgpAFIoKQBTKCkAVCgpAFUoKQBWSAHN
103=R1dIAcUTWCgpAFkoKQBaKCkAWygpABxIUZFWAEirJUQpfVchpHZ8V2xVTRcCUAYnKQAhWA
104=aDDwIAIkgBhwgDACNIAUQFabEkKCkAJUgBxVUmSAHF+idIAdFWKEgB0aMpSAHFCCpIAd38
105=K0kBybkyLEgB0UAtSAHNBS5IAc2fL0gBzV0wSAHBBDFIAdUjMkgBJUUqM0gBzTw0SAHFPz
106=VIAckMNkgB2QY3KCkAOCgpADlIAdG5OkgB1Q07SAHRbDxIAdUCPUgBhFUi7ykhAB5MR4Wt
107=IaxofVchoFFmrSEAhRMIRK0nKQBDRAiHEwgAREgBaFkBBAgARckBBWWtIbBhfVchnA4BAA
108=QASEAE0RRJSQE5QA9RVkpJAT5IAU0QS0kBLqkBTMgBXWJNSAGc6XxX0wkDAE9UAoMLAwBQ
109=SAGDXAIAUUgBg1wCAFIoKQBTKCkAVCgpAFVIAc1HVkgBzUdXSAHJLVgoKQBZKCkAWigpAF
110=soKQBcKCkAG0hRhxMAABxIAZxBdVoipSkAVrIiAI08AFK2IgCFKQBUWiN8J2UHIVgGmBF3
111=WiIAJWwCdFrBBARCuSIAJSEgJU0Fxa1SJkgByVknSAHBqShIASXFLylIAcHgKkgBeApZMi
112=tIAdkyLEgB0aMtSQHAvQouSAHNBS9IAdFWMEgBJdErMUgBlEQi5j4iACWFMjNUAsUpNCgp
113=ADVIAckMNkgBJbUiN0gBwRo4SQHIoQ85SAHFCDpJAcG1AjtIAdnBPEgB3Xg9SAHZHD5IAX
114=VaAiJFNSKBXAN3WiIAIrFLQUAEaAFVT0JJAUS1AkNIAZxid1oiADG1AkVUAmkBAXVaIqhk
115=d1oiADqhBEhABGhZUa5JyAFVDUpIAYMaCABLSAF0WkEETMgBlrIiACXxJE5UAiX1NU8oKQ
116=BQSAGLWQEAUSgpAFIoKQBTKCkAVEgBi1kBAFVIAc1HVkkBJGM3AwBXSAGTCQMAWEgBjwUD
117=AFlIAd0rWigpAFsoKQBcKCkAXSgpABpArJsGAAAbSAFkDE0AHCgpAB1JAb50I25dIwBpAQ
118=FsXagBVTggwARNBCHKAQQAQQwjkjUABE4CIwCIDG1dI1QLSQAEQWEj+V4mSATJ/idIAVgD
119=db0oSAElrSEpSAHNtSpIAZNsBAArSAHNBSwoKQAtKCkALkgBk0AEAC9IAcG/MEgB1VoxSQ
120=HCSBhRFDJIAd1XM0gBgH0ilkojAMG/NVQC1Rg2SAHdFTdIAdUCOEgBwXI5KCkAOkgByVk7
121=SAHBBDxIAcUIPUgB1Q0+SAHNGz9IAXleBSL1QCONXQIi9ECoAUlOQkEEQEguRa1DSQHBdB
122=hvXSMAwKkBRVQCbF1RuUbIAVEJR0gBIgRDVWVISQG6pQhJyAFVAkrIAUFcS0kBRaEETEgB
123=Jb0uTcgBAQEEAE5IAcEwT0gBfmIABEa4IwBoAVVEUVUCIIQERLgnISpTVAKTVgAAVEgBgF
124=xtXSNIoVMFAgBWVAKZBgJOXSMAjQUCTF0lGEpsXSdFCVpMBcEwWygpAFwoKQBdKCkAXigp
125=ABlMDZsGAAAaKCkAG0gBRBBpABwoKQAdSAF5XgVlYCSFYAZkYKkBB3S9qgEIAEDHqQEJZW
126=AkhGBYMWQbdDldNiRRCSFwKmVgJP1iJlQC0UAnSAHdryhIAY/LBAApSAEluSgqSAFkFEkt
127=KygpACxIAcmxLUgBzaouSAHVyC9IAdUCMEgBxa0xSAHNyzJIAcVVM0gBlCNmYCQAwco1VA
128=LZaTZIAc1zN0gB3RU4SAHRFDkoKQA6SAHRCTtIASVlLjxIAdUCPUgByRc+SAHRFD9JAcBN
129=JwBkYIWfAEkBQVQC0R9CSQFARClRVkNIAZhpZGDMBSIOIyQA3VdGQAR4XlVaR8gBXbpISA
130=FkYEkBScgBVWVKyQEFdb0kr5QIAExVAjBUDV1tTcgBhGDXDQQAT1QCeF5ZdFDIAVkFUUgB
131=nRUARGDPBQAAU1QCmF5kYGRCSARkYCWBNgFFYCS5XgFEYCXIVWRgyAFkYCftCFpQCcUpWy
132=gpAFwoKQBdKCkAXigpAF8oKwAYACWjUQAAGUgBJVkmGkgBhNlkwye1TRwoVQAdKCkAHigp
133=AB9IAYhZfWIlJkEkIVQCUBxoACIMJJ0VAFhxXApUJEVrJEAEfGJFPiXIAVVlJkgBcPtFPy
134=fIAVUuKEkBRFgGVQIpSAHZUypIAXwLVQIrSAGPEAQALEgBxbgtSAHBBC5IAYBGZcMlkAJZ
135=BjAoVQAxSAGbAgQAMkgBzV0zSAHRCTRIAZcYBAA1SQHDXBZFCDZIAdkRN0gBxQg4SAHRzz
136=koKQA6SAHBZztIAcFnPEgB3Qo9SAHVGD5IAc0FPygpAEBIAd3FQUgB1Q1CSQEfdyMIAENI
137=AXAqUVZESAGQCX1iJST3KggARlQCI98nCABHSAGTCQgASEkBP6UISUgBgzAIAErIAV1tS0
138=kBIKEETEgBnxUIAE1IAWhkTWhOyAFFzk9JASltBQBEw8stAABRVAKcFXxiJ1UAU1UCJLkC
139=VEkBIKkBVUgBjcAAXGIl0GF8YsgBfGLIAXxiy1kEAFpYBocTBABbKCkAXCgpAF0oKQBeKC
140=kAXygpAGAoKwAXACbpZBgoKQAZSAHdeBpIAYNnAQAbSAGDZwEAHCgpAB1IAZwZIic8JgAq
141=bwEBAB8oVQAgSAEjaDR1yCZ4A2wAJWApaQEjQAR8AE0AJEgBI10tAEoUJgBsPE1oJlQCcD
142=VNUSfIAUEvKEkBQ1wAWVMpSAFUB2GpKkgBJTEiK0gB3bosSAHFVS1IAclOLigpAC9IAYNG
143=BAAwSAHBBDEoKQAySAHN1jNIAdVaNEgBzTE1SQHBRBRZETZIASXNJTdIAcUTOEgB2RE5SA
144=HZaTpIAcUIO0gB1QI8SAHVAj0oKQA+SQH6qQw/SQHwqQFASQG8vSBByQEBIs5RJgB0ZUkB
145=Q1QCZClFuETIAUXDRUkBRHgGdWUmrOF3ZSYAJ7UCSEAEaAFFCElIAYEwBFVlJiPUJgEDBA
146=BLVAJ0ZV0KTMgBXQpNSAGcYiIeJSYAIqgmSSJPVAJpAQF0ZScRCFFUApQjdGUnVQBTKFUA
147=VCgpAFVIAc1SVugBdGUliG50ZSK0IVgJdGUl8U8DVWUmpc4DVGXPXQQAXEQI3StdKCkAXi
148=gpAF8oKQBgKCkAYSgrABYAJ+FnFygpABgoKQAZSAHdFRroAWxoIixHURQCTGhov4kBHeME
149=AwAeSAFMAmlZH0gBJXh4InBMaAFNMSFUAiPLKgQAIsgBUSojSAEigDdBBCRIAcEEJcgBQA
150=RYOiSVSgBMAiMgQnUMKFABdERFNClIAZ1BBE14J7xBIi8yJwDFvUwsQAQlDSMtKCkALkgB
151=zV0vSAHdVzBIAXwLXQoxSAElFSQySQHAsQkzSAElxSQ0SAHBBDVIASVZJzZIASXVJjdIAd
152=E1OEgB2RE5SAElsSc6SAHNEDtIAc0FPEgBI3Q7IidzJwD8oQ8+VALBBD9JAfu1AkBIAWxo
153=SVlByAFBXEJIAQkAAAAAAAQAQwAnAAARAADDDwAgAAQAAAAABABEACcAIQMAAAUEAEUAJw
154=BDSAEBAAgARkkBP6kBR0kBJ0gBAQIEAEhIAVAGeQZJSgHVAlMBBABKSQHCqQFLSQG8qQFM
155=SQEgWAZdCk1JAca1Ak5JAcCpAU9JATFABAEEBABQyAEBBQAAUUgBVAppAFIoKQBTKCkAVC
156=gpAFVJAR1nBQAAVusBAQBXSQEkdwICAFhJASCpAVlJASipAVpIAZsGAwBbSgH//1sCBABc
157=KCkAXSgpAF4oKQBfKCkAYCgpAGEoKQBiKCgAARUAKACfCgAAFigpABcoKQAYSQEhXA5JAB
158=lJASVcAEkAGkgBhxMBABvrAQIAHEkBHlQDAQADAB1IAY8FAwAeSQHEpSkfSAF8AwEABAAg
159=SQHZtQIhSQFFXCtVAiJJATlIAQECBAAjyAEBAwQAJEgBYDBBBCXIAQEBAAAmSQHWZQgAWx
160=koAM2pAShVAh9ECEEEKUkBQEgBWQYqSQG8qQEryAEBAQQALEgByUMtSAHFEy5JAcFzCQQA
161=L0kBvqkBMEkBwKkBMUkB06kBMkkBy6kBM0kBzqkBNEgBmxEEADVJAce1AjZIAYstBAA3SA
162=HFCDhJAdGhBDlJAcWpATpJAb+pATtIAcElPEkByLUCPUgB0Qk+SAHdKz9IAdUCQEgBZB4B
163=BAQAQcgBAQUEAEJIAdkcQygpAERJATp1IwhHaygAPqkBRlQCmzIIAEdJATO1AkjIAQEBBA
164=BJSQHUuRFKSQHFqQFLSQG9qQFMSAHNJk1IAdUYTkgBeHQBAAQAT8gBUTVQSAGEE2RrnF91
165=AVIoVQBTKCkAVCgpAFVIAYBRZWsoREVUBmVrKEBMiQFYQASbCQEAWUgBjwUCAFpIAYhvZG
166=toRk0FA0Rr02EEAF1ABMUpXigpAF8oKQBgKCkAYSgpAGIoKQBjKCsAFAAp8WwVKCkAFigp
167=ABcoKQAYSAGTFAAAGUgBXBICAAABABrpAQRdbSmQAlknHChVAB1IAcWXHkgBwTAfSQG6rT
168=EgSQHAqQEhSQHXqQEiSQHPqQEjSAHRViRIAY8MBAAlSAFob1lIJsgBTZ8nSQHSeQYAUhwp
169=AJ1XAE8CKQBAVERJQypQAXRPXXgryAFdeCxIAcFGLUgB3RUuSAHNXS9IAcFyMEgBzRAxSA
170=GXDQQAMkkB0GMPBAAzSAHBBDRIAYSBfW0pp4EEADZUAsk4N0kB2LkGOEgB1QI5KCkAOigp
171=ADsoKQA8KCkAPUgB3RU+SQG7sQk/SAHRCUBIAWUeBn5tKQBpAQd8bSexBkNABN0VREgB2d
172=dFSAGEHmfZKQDEfAp/bSkALUQpXdtIQARoAVEqSUgB3SBKSAGXLgQAS0gBg+AEAExJASN7
173=BgQATcgBWQZOSAF8bUkLT0gBjRAARNnEE3xtJykAUiiBAFMoKQBUKCkAVUgBgGd/bSkAIL
174=UJV1QCkWwARdkpUL9YAn1tKaByfG1wsVUCAkTZwAR8bdxifG0nKQBeUAnRKl8oKQBgKCkA
175=YSgpAGIoKQBjKCkAZCgrABMAKulvFCgpABUoKQAWKCkAFygpABgoKQAZSQEesSoaSAHFEx
176=tIAVgZIoEhHEgB2WkdSAHZaR5IAcU0H0kBw1UvAHbeKgCbPQQAIVUCxrUCIkkBwKkBI0gB
177=xVUkSQEmoQ8lyAFdpCZIAYAPdt4qAIwFdnAqAHzmWT0pQASFuARBASqAUQEEBAArUAFtUg
178=V23ioA2UgtVALdFS4oKQAvSQHJuREwSAHd2zFJAcy1AjJIAYwQdnAqANUYNFQCJUklNUgB
179=wXI2SAHZijdJAfilCDhIAdnBOUgB0do6SAHdKzsoKQA8KCkAPUkB/KUIPkkBwakBP0gB2S
180=dASAHdK0FIAdEUQigpAENIAYMlCABESAGAJXbeKgCAk3dwKgDHfAp2cCoAaG8BAggASEwF
181=aQEDdN7ULiI+KSoAyW9LQQQqcTUAVnAqAHRwUQhNVAJoAUEDTkgBmREAVd4qxAFUcCcpAF
182=EogQBSKCkAUygpAFQoKQBVKCkAVigpAFdIAcnHWEgBmHR0cCLwI0EOAVXeKqxzdHDIAXRw
183=yGR0cCcpAF5ECM0xXygpAGAoKQBhKCkAYigpAGMoKQBkKCkAZSgpABJIUZ8KAAATKCkAFC
184=gpABUoKQAWKCkAFygpABgoKQAZSAFsc0ktGsgBRTQbSQEkSC4BAAQAHMoBAQRCHysAIpgv
185=VQIeVALRVh9IAdHPIEgB0VYhSAHZXiJIAd14I0gB2T0kSAFsc0EPJUgBiE4iRSorXCyJAC
186=dUAnxMQeAoyAFFEylIAYwFbXMrjXMGbHOpAQdtcyuregQALU0FwlwLXRUuSAHFay9IAdF3
187=MEgB2XQxSAEnbA7MEGxzJykANEEEwbEJNUkBwKkBNkgBgIgiRyorAPm1AjhVAvKpATlJAf
188=CpATpIAdl0O0gBizgEADxIAcl6PUkBxq0FPkgB0So/SAElpStASAHN90FIAZgkZeQrhJdR
189=bENUAm0mA21zK+3hRVQCJ20OK7xtb3MrACmtPEhABMEPSUgBzRtKSQEvoQRLyAFVp0xIAY
190=MPAABNKCkATigpAE8oKQBQKCkAUSgpAFIoKQBTKCkAVCgpAFUoKQBWKCkAV0gBgHJk5CII
191=MpUQWVQChHZtcytIVFQCbHPIAW1zK7jXbHMnKQBeWAbBMF8oKQBgKCkAYSgpAGIoKQBjKC
192=kAZCgpAGUoKQBmKCsAEQAsow8AABIoKQATKCkAFCgpABUoKQAWKCkAFygpABgoKQAZKCkA
193=GkgBcHcBBQAAG0kBJFA1WUccyAFVAR1IAWR2VQIeyAFNaB9JASFVAwB26SwAzVIhVALJWS
194=JIAVwoafMjSQEwrQUkyAFRQCVIAYB9ZXYsJLgoduksACLgOF0KKEEERLkGKUgBjAVmdiwA
195=0eUrVALRgixIAdVPLUkBuFAVRQguSAHFYC9IASfGDiwAJ8YOLAAnxQ4smBVZBjNMBdEJNE
196=gBxQg1SAHZPTYoKQA3SQHEtQ04SAHBBDlJAfu1AjpIAc3sO0gBwQQ8SAHBfT1IAcF9PkkB
197=9LkGP0gBxSlASAHZBkFIAdEJQkgBfDYBAAgAQ0gBlAJldiz95kVUAoQId+ksAEVkKWd2LA
198=AyqQFIQARpAQF06SfxA0pVAi5gBCJOKywAaAFRNUxUArgjRHbPBQAATihVAE8oKQBQKCkA
199=USgpAFIoKQBTKCkAVCgpAFUoKQBWKCkAVygpAFhIAZt0AABZ6AFldiwoxA7IAWR2wGdkdi
200=cpAF5YBsUpXygpAGAoKQBhKCkAYigpAGMoKQBkKCkAZSgpAGYoKQBnKCkAEFDHlw0AABEo
201=KQASKCkAEygpABQoKQAVKCkAFigpABcoKQAYSAHNMRkoKQAaKCkAGygpABwoKQAdKCkAHk
202=gBaHpNfh9IAXx4VU4gyAFVeyFIAclvIkgB0eUjSAGADyIuSC0AaXoEImw6qAFRCSZABIhO
203=fXgtnHhNRyhUAodVBAApSAHFCCpIAdFsK0kBwEEQAGbvLQCIWWfvLQDDtQIuQAQlbS8vSA
204=ElfUcwKCkAMUgB0doySAHJDDMoKQA0SAHFCDVIAdWGNkgBhDRn7y0AxbUNOFQCJbk+OUkB
205=wLUCOkgBzQU7KCkAPCgpAD0oKQA+SAHNJj9IAdkcQEgB0QlBSAHRCUJIAXYjAgReeC0AaA
206=GG7y0AgDAiVSwtJGwvfngtACMgTH54LQCQCSJVLC2IegEECABJUAlpegUiViwtAHB3XQpL
207=VAJoAVV6TEgBlCNl7y3GAQBOKFUATygpAFAoKQBRKCkAUigpAFMoKQBUKCkAVSgpAFYoKQ
208=BXSAElAVNYSQElqQ9ZSAGIen14LSgcD8gBfXgtoOB8eCcpAF5YBtknXygpAGAoKQBhKCkA
209=YigpAGMoKQBkKCkAZSgpAGYoKQBnKCkAaCgrAA8ALrsRAAAQKCkAESgpABIoKQATKCkAFC
210=gpABUoKQAWKCkAFygpABhIAbIjABkoKQAaKCkAGygpABwoKQAdKCkAHigpAB8oKQAgSAFg
211=fVl0IUgBIoQnQb8iSAHZ4iNIAd1iJEkBMVVFAHZ7LgBoAV14JlQCiFl2ey4AIygsIs07Lp
212=BWVWQpQAScV3f0LgAlpQgrVAJgD1AJWMmoG3V7LqHVBFkDLvUCL1ABjwEEADAoKQAxKCkA
213=MkgBxWszSAHNBTQoKQA1SAHJQzZIAc2JN0gB1QI4SQHHUBVZETlIAdGCOkgB0R87SQHCoQ
214=Q8SQHAqQE9SAHNBT5IAdGNP0kBJ3MQAwBASAEjH0YDAEEoKQBCSQEooQRDSAF0I01zREgB
215=I5AjdnsuAJQjdHvQS3d7LgAneCd0e6gBUTVJWQbEuRFKSQFFYAR39C4AM6kBTFQCaAFRNU
216=1IAXwOTQBOKCkATygpAFAoKQBRKCkAUigpAFMoKQBUKCkAVSgpAFYoKQBXSAGfeAAAWEgB
217=gH0izDtQQEEQAHV7Lih0D8gBdHvEHnR7JykAXkQI0TVfKCkAYCgpAGEoKQBiKCkAYygpAG
218=QoKQBlKCkAZigpAGcoKQBoKCkAaSgrAA4AL+F9DygpABAoKQARKCkAEigpABMoKQAUKCkA
219=FSgpABYoKQAXKCkAGEgBfCRNABkoKQAaKCkAGygpABwoKQAdKCkAHigpAB8oKQAgSAFhfQ
220=IinksvAGgBAQMEACJUAiMoNyJ1Zy+sy2X6L6h6bX4vjH4BBAQAJkwFeH9VhidIAYBnbX4v
221=tPQitVkvmH9BBCpABGx+VU8rSAF0WlFVLMgBQQ8tSAGQ2m1+L1AdSAAidGcnDQIwQASf2w
222=QAMUgBhIwitVkvJFhIIiw9J9kANEAEJc07NUgBSgkAACK3WS8A9lQOSQE3VAIlMS04SAHB
223=BDkoKQA6SAHdTDtIAY8bBAA8SAHdCj1IAYOeBAA+SQHAvQo/SQEfdAlufi8AkIJtfi8kA1
224=4DAEJBBCShBENIAdl/REgBbH5deEVIAZcjBABGyAFJ/kdIAWx+UTVISAFhCAAiZS4vJl0i
225=SlUCwK0QS0gBIvklACK1WS8jJCZVLk1UApgGImQuwCUinEsnKQBQKIEAUSgpAFIoKQBTKC
226=kAVCgpAFUoKQBWKCkAV0gBJ80PL7R7bn4vAJh/IrdZLwAlfBEiLD3ABGx+xGtsficpAF5Q
227=Cc0xXygpAGAoKQBhKCkAYigpAGMoKQBkKCkAZSgpAGYoKQBnKCkAaCgpAGkoKQBqKCkADV
228=jPmxEAAA4oKQAPKCkAECgpABEoKQASKCkAEygpABQoKQAVKCkAFigpABcoKQAYSAFoJk0A
229=GSgpABooKQAbKCkAHCgpAB0oKQAeKCkAHygpACBJAUKxxCFIAZBWZoEwAMXZI1QCUA5taC
230=RJAcO8TAolADAARQMAAAAEACYAEQAAqw4AIAgwADYDAAAABAAnAKgBAQEEAChLATIDAHUC
231=KcgBAQEAACpKAdcCVwIAACtJAc2pASxJASFMBQEFAAAtSQEfSAFRCS5JAUSpAS9IAZEGBE
232=MBMADZewYEADFRAcepATJJAdSpATNIAc0FNEkB97UCNUgB1QI2SAHVAjdIAZsRBAA4SQHP
233=rQU5KCkAOkkB0bUCO0kB+qkBPEkB86kBPUkB1akBPkkBJ28MAwA/SQEjqQFASAGXAgIAQU
234=kBIHcCAgBCKCkAQ0kBLLUCREkBKGsBAwBFSQHEvQpGSAGXIwQAR0kBvakiSMgBSS1JyAEB
235=AgQASsgBAQMEAEtIAcElTEkBMFgGAQQEAE3IAUktTkgBcA1NAE8oKQBQKCkAUSgpAFIoKQ
236=BTKCkAVCgpAFUoKQBWKCkAV0kBHVwLSQBY6wEBAFnrAQIAWkkBIVQDAQADAFtJASWpAVxK
237=Af//TwEEAF0oKQBeKCkAXygpAGAoKQBhKCkAYigpAGMoKQBkKCkAZSgpAGYoKQBnKCkAaC
238=gpAGkoKQBqKCkAaygpAAxIUZ8VAAANKCkADigpAA8oKQAQKCkAESgpABIoKQATKCkAFCgp
239=ABUoKQAWKCkAFygpABhIAUQmaQAZKCkAGigpABsoKQAcKCkAHSgpAB4oKQAfKCkAIEkBQk
240=xHXUwhSAF8C01zIkkBP1QCSQEjSAF4U0kBJEkBxbFWJUkBwKkBJkkBu60FJ8gBUQkoSAHB
241=ZylIAWiFWVMqyAFZUytJAdhnCAAALEgBgA9+gzEAfINNiS5VAkG9Ci9IAYAEfYMxhQEAfI
242=MnKQAyQASTCQQAM0kB9n8KBAA0SQHxqQE1SQHyqQE2SAHVAjdJAfC1AjhIAYMLBAA5SQHC
243=tQI6SQHAqQE7SAGTQAQAPEkByLUCPUgBwQ8+SQEfaAh+gzEAgwQDAED1AgJfgzEAIWAEf4
244=MxAB6pAUNABI9oAgBESAHJZEVIAc2fRkgBwX1HSAF8g0UpSMgBAQUEAEnJAQZ+gzEAYQQH
245=fIMndQRMQQQvpSlNyAFdK05IAWgQTQBPKCkAUCgpAFEoKQBSKCkAUygpAFQoKQBVSAGPGw
246=AAVkgBjxsAAFdIAYMaAABYSAGYHH6DMQCIAXyDyAF+gzEA3StcTAXJAV0oKQBeKCkAXygp
247=AGAoKQBhKCkAYigpAGMoKQBkKCkAZSgpAGYoKQBnKCkAaCgpAGkoKQBqKCkAaygpAGwoKw
248=ALADK3GAAADCgpAA0oKQAOKCkADygpABAoKQARKCkAEigpABMoKQAUKCkAFSgpABYoKQAX
249=SAFQOmkAGCgpABkoKQAaKCkAGygpABwoKQAdKCkAHigpAB8oKQAgSQEeREpRYCHIAUnSIk
250=kBKVQCRQ8jSAF0hkEEJMgBQQQlSAHJ/iZIAXWGAiJWITIAaAFBBChUAtlpKUgB0VYqyAFR
251=VitIAVgLaQAsKCkALSgpAC5JAUFMEEmQL0gBYQUAdoYyACUhIDFUAsn+MkgBwQQzSQH7UB
252=VNBTRIAZN3BAA1SAHBBDYoKQA3SAHNBThIAcEEOUkBx6UIOkgBzZ87SAEnVyEyAO6hBD1V
253=AvSpAT5JASZoCHeGMgAiqQFA9AJ2hjIAj2gCAEJUAoNnAwBDSQHTpQhESQHLqQFFSAHNG0
254=ZIAcW4R0kBIkgiTRtIyAFVI0lJASC1AkpIAXwOQQRLSQEmtQJMyAFVLk1IAYMEAABOKCkA
255=TygpAFAoKQBRKCkAUigpAFMoKQBUKCkAVUgBgRoAVYYypQwBVIYnKQBY4AR1hjIo1BDIAX
256=SG320EAFxMBSfUECdVAF4oVQBfKCkAYCgpAGEoKQBiKCkAYygpAGQoKQBlKCkAZigpAGco
257=KQBoKCkAaSgpAGooKQBrKCkAbCgpAG0oKQAKQNiXGAAACygpAAwoKQANKCkADigpAA8oKQ
258=AQKCkAESgpABIoKQATKCkAFCgpABUoKQAWSAGyMQAXKCkAGCgpABkoKQAaKCkAGygpABwo
259=KQAdKCkAHigpAB8oKQAgKCkAIUgBeooFAEFhM8oQACNUAs0BJEgBeIpBBCVJAUOlVSZIAW
260=CIWeInyAFZ4ihIAclZKcgBSVkqSAHRCSsoKQAsKCkALSgpAC5JATlIDFVlL0gB0fAwSQHE
261=vW0xSAHVezJIASUpITNIAc0FNEkB+K0FNUgB1QI2SAGPEAQAN0kBxqEEOEkBvKkBOUgBwQ
262=Q6SQHStQI7SAEjRDUiBiIzACWNMz1UAoNGBAA+SAHFEz9JASZoCCIFIjMkryEDAEFUAsWM
263=QkgBiW8DT4kzANapDERVAtCpAUVIAcGIRkkBKlwgXQlHSAFsiU0ESMgBQQNJSAFsiVUCSs
264=gBUblLSAFgMFUCTEgBVAdpAE0oKQBOKCkATygpAFAoKQBRKCkAUigpAFMoKQBUKCkAVUkB
265=JGEMAE6JMwAjnDUiBCLbSAEAWEAEhB5tiTMoLBHIAW2JM6z3bIknKQBdWAbdK14oKQBfKC
266=kAYCgpAGEoKQBiKCkAYygpAGQoKQBlKCkAZigpAGcoKQBoKCkAaSgpAGooKQBrKCkAbCgp
267=AG0oKQBuKCsACQA0rxsAAAooKQALKCkADCgpAA0oKQAOKCkADygpABAoKQARKCkAEigpAB
268=MoKQAUKCkAFUgBojQAFigpABcoKQAYKCkAGSgpABooKQAbKCkAHCgpAB0oKQAeKCkAHygp
269=ACAoKQAhKCkAIigpACMoKQAkKCkAJUgBIiwyWeImSQEjQF1JASfIAVGCKEgBwVwpSAHNGy
270=ooKQArKCkALCgpAC1IAXiKAQIEAC7IAVVlL0gBhAgitiI0ACUpITEoVQAySQH5TGlNEDNI
271=ASU1MzRJAe+1AjVIAcUINkgBJQUiN0gB1QI4SAHdCjlIAdUCOkgB2X87SAHZfzxIASWRIz
272=1IAdEJPkgBxQg/SAHdYkBIAdEJQUkBJm8BAwBCSAEj4CJmjDQA1ZxEVALVnEVJAUWxKkZJ
273=ATOpAUfIAU21SEgBbAlNAEkoKQBKSAFwjU3AS0gBUANpAEwoKQBNKCkATigpAE8oKQBQKC
274=kAUSgpAFIoKQBTSQEhdwoAAFRIASU1M1VIAZWnAEaMNADRjVdUAtGNWEgBJ4URNCiEEcgB
275=ZIzUcGSMJykAXVgGxSleKCkAXygpAGAoKQBhKCkAYigpAGMoKQBkKCkAZSgpAGYoKQBnKC
276=kAaCgpAGkoKQBqKCkAaygpAGwoKQBtKCkAbigpAG8oKwAIADXxjQkoKQAKKCkACygpAAwo
277=KQANKCkADigpAA8oKQAQKCkAESgpABIoKQATKCkAFEgBpjgAFSgpABYoKQAXKCkAGCgpAB
278=koKQAaKCkAGygpABwoKQAdKCkAHigpAB8oKQAgKCkAISgpACIoKQAjKCkAJCgpACVIAXyO
279=RWAmSAF8jkF8J8gBVWQoSAHNGylIASLAP1kBKsgBWQYryAFZBizIAVkGLUgBInQlQYguSA
280=ElPTQvSAElYVQwSAEl+TAxSAHFdjJIAcV2M0gBJQ0jNEgB3YM1SAHRCTZIAcGIN0gBI2NU
281=AwA4SAEjY1QDADkoKQA6SAGDZwMAO0gBxWA8SAElYTM9SQHJSBhdFT5IAcUTP0kBwrUCQE
282=gBxRNBSAHNEEJIASWZJENIAd0KREgBxZdFSAFcJSLpWkZIASWROUfIAVknSEgBgwQAAEko
283=KQBKKCkASygpAEwoKQBNKCkATigpAE8oKQBQKCkAUSgpAFIoKQBTSAGAiH2ONasQAQBVVA
284=IjYEl8jtQCImUjNaSMImxFyAEiZCPIASJsRcgBfI7AcnyOJykAXVwK1SNeKCkAXygpAGAo
285=KQBhKCkAYigpAGMoKQBkKCkAZSgpAGYoKQBnKCkAaCgpAGkoKQBqKCkAaygpAGwoKQBtKC
286=kAbigpAG8oKQBwKCsABwA26ZAIKCkACSgpAAooKQALKCkADCgpAA0oKQAOKCkADygpABAo
287=KQARKCkAEigpABNIAa44ABQoKQAVKCkAFigpABcoKQAYKCkAGSgpABooKQAbKCkAHCgpAB
288=0oKQAeKCkAHygpACAoKQAhKCkAIigpACMoKQAkKCkAJSgpACYoKQAnKCkAKCgpAClIAXWR
289=BCIlaDYjJFJV9CvVAgYipFe1Agciplc2AHSRSXkuQARoASMXJDYAJUyVTX4wVAIirDdJAT
290=FIAYcpBAAySQHFTAZVAjNJAcCpATRIASWJIjVIAd2ONkgB3Y43SQEjaAh1kTZiAQAAdZE2
291=JEdWAwA6QQQlfAJ1kTYmsUg8VQLOqQw9SQHMqQE+SAElVTc/SAHZEUBJAbuhBEFIAcVrQk
292=gBJUVLQ0gB2QZESAFwDQEABABFKCkARkkBMbEfR8gBlJHcFXeRNgA7oQRKQAQlxSRLyAFN
293=BUxIAZ8KAABNKCkATigpAE8oKQBQKCkAUSgpAFIoKQBTSAEnNBLMEHaRNgAnNBLUAnWRNi
294=g0EsgBdJHIAXSRyAF0kcxzdJEnKQBdVA3NJl4oKQBfKCkAYCgpAGEoKQBiKCkAYygpAGQo
295=KQBlKCkAZigpAGcoKQBoKCkAaSgpAGooKQBrKCkAbCgpAG0oKQBuKCkAbygpAHAoKQBxKC
296=sABgA34ZMHKCkACCgpAAkoKQAKKCkACygpAAwoKQANKCkADigpAA8oKQAQKCkAESgpABJI
297=AdVEEygpABQoKQAVKCkAFigpABcoKQAYKCkAGSgpABooKQAbKCkAHCgpAB0oKQAeKCkAHy
298=gpACAoKQAhKCkAIigpACMoKQAkKCkAJSgpACYoKQAnKCkAKCgpACkoKQAqKCkAKygpACwo
299=KQAtKCkALkgBbJRdmS9IAWyUXW0wSAFslFl+McgBUZgySQFEuXQzSAElOSM0SAElbSQ1SQ
300=EmZTADQkM3ACNRMQNNAje8jm6UNwAjvCNtlDeka22UN3AGIuEiO1QFjAEiLUg3JLNpBAA9
301=VALRjT5JAfVYEkWMP0gBJbVZQEkBw7UCQUgB3W1CSAHRCUNIASWQOQdEADcA8AIAAAAEEQ
302=AATQ4AIAoARQA3ANkCAAAABABGSQEAYwAEAEdKATEDUwIEAEhJATxIAUEEScgBAQEEAEpI
303=AWAEVQJLyAEBAQAATEgBYAhNAE0oKQBOKCkATygpAFAoKQBRKCkAUigpAFNJASRECUkAVE
304=kBIFwASQBVSQEjXABJAFZIAVgAaQBXSQEdYwEAAFjrAQEAWesBAgBa6wEDAFtKAf//UwUE
305=AFwoKQBdKCkAXigpAF8oKQBgKCkAYSgpAGIoKQBjKCkAZCgpAGUoKQBmKCkAZygpAGgoKQ
306=BpKCkAaigpAGsoKQBsKCkAbSgpAG4oKQBvKCkAcCgpAHEoKQByKCgAAQUAOACfIAAABigp
307=AAcoKQAIKCkACSgpAAooKQALKCkADCgpAA0oKQAOKCkADygpABAoKQARSAFEMWkAEigpAB
308=MoKQAUKCkAFSgpABYoKQAXKCkAGCgpABkoKQAaKCkAGygpABwoKQAdKCkAHigpAB8oKQAg
309=KCkAISgpACIoKQAjKCkAJCgpACUoKQAmKCkAJygpACgoKQApKCkAKkkBNr1tK8gBXW0sSQ
310=EztQItyAFdbS5IAWwnTQAvSQE5QARNBTBIAcUIMcgBVQIySQE+QARFdjNKAdQCUwYEADRJ
311=AcipATVIAUwCUn4ANkkBJm0BA1tFOAAeqQE4VALJATlJASW1AjpJAdmlCDtJAcSpATxJAf
312=qpAT1JAfKpAT5JAe+pAT9JAcKpAUBJAb+pAUFJAfapAUJJAfSpAUNIAckMREkB9bUCRUkB
313=8KkBRkgBdBFNG0dJAUW5HEhIAWSXAQIEAElIAcEESigpAEtIAXKYBARGlzgAaAEBBQAATV
314=QCjwUAAE4oKQBPKCkAUCgpAFEoKQBSKCkAUygpAFQoKQBVKCkAVkkBIa0MV0kBJakBWEgB
315=kJhmlzgAiAFkl8gBZJfEdmSXJykAXVgGn3gEAF4oKQBfKCkAYCgpAGEoKQBiKCkAYygpAG
316=QoKQBlKCkAZigpAGcoKQBoKCkAaSgpAGooKQBrKCkAbCgpAG0oKQBuKCkAbygpAHAoKQBx
317=KCkAcigpAHMoKwAEADnxmAUoKQAGKCkABygpAAgoKQAJKCkACigpAAsoKQAMKCkADSgpAA
318=4oKQAPKCkAEEgBpjgAESgpABIoKQATKCkAFCgpABUoKQAWKCkAFygpABhIAdVEGUgBi28A
319=ABooKQAbSQEipQ8cSAGkAV1GOcQBQHcnKQAfKIEAICgpACEoKQAiKCkAIygpACQoKQAlKC
320=kAJigpACcoKQAoKCkAKSgpACooKQArKCkALEkBL7l0LcgBnpk5AHCYRXYvVAJoAQEDBAAw
321=SQHVoX0xSAHZlTJJAde1AjNJAc6pATRJAc+pATVJAcupATZJAdGpATdJAcapAThJAbqoAV
322=oOAL6pATpUAskBO0kBvbUCPEgB1QI9SQHAtQI+SQH3qQE/SQHHqQFASAHdFUFJAfu1AkJI
323=AdUCQ0gBizQEAERJAfmhBEVJAfOpAUZIAc0bR0kBzbUCSEgB2QZJKCkASkkBP6UpS0kBKm
324=gBIiQmJ+UHTVQCmAZ8mSdVAE8oVQBQKCkAUSgpAFJIAZuKAABTSAHBUVRIAcFRVSgpAFZI
325=AdGYV0gBjwUBAFhIAZQCfZk5XFJUEHyZyAF8mdB3fJknKQBdWAaAD3yZJ1UAXyhVAGAoKQ
326=BhKCkAYigpAGMoKQBkKCkAZSgpAGYoKQBnKCkAaCgpAGkoKQBqKCkAaygpAGwoKQBtKCkA
327=bigpAG8oKQBwKCkAcSgpAHIoKQBzKCkAdCgrAAMAOumbBCgpAAUoKQAGKCkABygpAAgoKQ
328=AJKCkACigpAAsoKQAMKCkADSgpAA4oKQAPSAFUNmkAECgpABEoKQASKCkAEygpABQoKQAV
329=KCkAFigpABdIAZdEAAAYSAGXRAAAGUgBag0AAVWcOoQBSQEbVAIjMyIAABxIAcGeHUgBpA
330=RUnM8FAAAfKFUAICgpACEoKQAiKCkAIygpACQoKQAlKCkAJigpACcoKQAoKCkAKSgpACoo
331=KQArKCkALEkBRWNyBAAtSQE3qQEuSAElJSYvSAHBfTBIAdGYMUgBzX4ySQHEuX8zSAGEHi
332=LXJjoA+LUCNVQCJS0nNkgBJfEkN0gBJW0kOEgBwZM5SAHJkDpIAdEJO0gB2QY8SAHZBj1I
333=ASXNJT5IAdGYP0gB3RVASAHdFUFIAdGuQkkBzKUTQ0kB/KkBREgB1RhFSAHBD0ZIAdG5R0
334=kB0q0FSEgBzbVJSAHNBUpJAS65J0vIAV3FTEgBgAQi1CYnEQhOKFUATygpAFBIAclOUUgB
335=0ZhSKCkAU0kBJbUJVEgBjwUBAFVIAY8FAQBWKCkAV0gBjAV2nDoAjwUCAFn0AnWcOqCedJ
336=zceHScJykAXUwFJ5QTJ1UAXyhVAGAoKQBhKCkAYigpAGMoKQBkKCkAZSgpAGYoKQBnKCkA
337=aCgpAGkoKQBqKCkAaygpAGwoKQBtKCkAbigpAG8oKQBwKCkAcSgpAHIoKQBzKCkAdCgpAH
338=UoKwACADvhngMoKQAEKCkABSgpAAYoKQAHKCkACCgpAAkoKQAKKCkACygpAAwoKQANKCkA
339=DkgBrkAADygpABAoKQARKCkAEigpABMoKQAUSAGfQQAAFUgBj0cAABYoKQAXSAGMR22fO6
340=1HAU2fO0CZSA9snycpABtMBYGeAU2fO1ibQQQAQUs7nABRAB5ABFgAaQAfKCkAICgpACEo
341=KQAiKCkAIygpACQoKQAlKCkAJigpACcoKQAoKCkAKSgpACooKQArSAEj3zIAACxIAXgSRb
342=gtSAGXAgEALusBAgAvSQEoZwQDADBIAWQBAQAEADFIAd2ZMkkBxbGCM0kBwKkBNEgB1ZE1
343=SQHYtQI2SAElHSU3SAElHSU4SQHToQQ5SAHBkzpIASVtOjtJAd6hBDxIAdkGPUgBzXM+SA
344=HNlD9IAd2kQEgBJW06QUgBwQRCSAHJF0NIASWVKURJAbupDEVIAc2qRkgBxR5HSAHVGEhI
345=AdUCSSgpAEpJAS5MnwECBABLyAFVAUxIAYwFbJ8nPQhOKFUATygpAFBIAYMwAABRSAGbUw
346=EAUkgBm1MBAFMoKQBUSAGYU2yf2VMCTJ/PUgIAV0AEmwYCAFhIAYwFbJ/PBQMAWvQCbJ/I
347=emyfJykAXUAE3SteKCkAXygpAGAoKQBhKCkAYigpAGMoKQBkKCkAZSgpAGYoKQBnKCkAaC
348=gpAGkoKQBqKCkAaygpAGwoKQBtKCkAbigpAG8oKQBwKCkAcSgpAHIoKQBzKCkAdCgpAHUo
349=KQB2KCsAAQA8+aACKCkAAygpAAQoKQAFKCkABigpAAcoKQAIKCkACSgpAAooKQALKCkADC
350=gpAA1IAdFLDigpAA8oKQAQKCkAESgpABIoKQATKCkAFEgB1U8VSAHVTxZIAZtIAQAXKCkA
351=GEgBhEplojyrEAIAGlQCjwECABtJAR9sAWaiPAAlYSgdVAKRCQBRqDxMAGQEWKUnKQAgKI
352=EAIUgBj6oAACJIAYcFAAAjKCkAJCgpACUoKQAmKCkAJygpACgoKQApKCkAKigpACtIAdEf
353=LEgBlw0BAC1IAZQCZqI8ACOYW2WiPFimSQQCRqI8ANGjMU0F1qGIMkkB0akBM0gBRAUitU
354=40SQHZtQI1SAEloSU2SAHBBDdJAdehBDhJAc6pATlJAdCpATpIAc0FO0kB97UCPEkByKkB
355=PUkB9qkBPkkB7qkBP0kB86kBQEgByXpBKCkAQkgByRdDSAHJF0RIAd26RUgBJVk9RkkBvL
356=EJR0gB2RFIKCkASSgpAEpJAUVNoABnojwANKkBTFQCaAEBAQQATUgB3UFOSAHZPU9IAZ8K
357=AABQSAGAMGWiPETqXAJlojy98QJEos9HAgBUTAWTCQIAVUkBJUkFAGSizQUDRKLNBQNEoi
358=cpAFnsBWSiy3oEAFtUAsElXCgpAF0oKQBeKCkAXygpAGAoKQBhKCkAYigpAGMoKQBkKCkA
359=ZSgpAGYoKQBnKCkAaCgpAGkoKQBqKCkAaygpAGwoKQBtKCkAbigpAG8oKQBwKCkAcSgpAH
360=IoKQBzKCkAdCgpAHUoKQB2KCkAdygrAAIAPfGjAygpAAQoKQAFKCkABigpAAcoKQAIKCkA
361=CSgpAAooKQALKCkADEgBdD1NAA0oKQAOKCkADygpABAoKQARKCkAEigpABMoKQAUSAHVTx
362=XrAQEAFkgBkaMCRaI9s5gCABhUAtVPGSgpABpIAZRaZaI9uKBkotkGAURaJykAHkwFhQgB
363=RKInVQAgVAKFCAFJXj1EA1AcZaI9nABRACNABFgAaQAkKCkAJSgpACYoKQAnKCkAKCgpAC
364=koKQAqKCkAK0gB0R8sSAF8CyOOKD0AmKBloj2vnwEAL0AEjAVkosMEAwAxVALRozJIAYcI
365=BAAzKCkANEkBwq2JNUgBJXFhNkgBzQU3KCkAOCgpADkoKQA6KCkAO0kB+7EJPEkB1akBPU
366=kB+akBPkgB2aA/SAHJsUBIAdUNQSgpAEIoKQBDKCkARCgpAEUoKQBGSQHHqQxHSAHRCUgo
367=KQBJKCkASkkBJ2cEAwBLSAGH5AIATEkBK3UCAkWiPa88AQBOVAKDBAAAT0gBiE5moj0AiJ
368=tloj1cR1wGZKLIAWWiPURFVQIDRKLZSANEoicpAFZQCYQIZKLZdAREoicpAFlABM2fWigp
369=AFsoKQBcKCkAXSgpAF4oKQBfKCkAYCgpAGEoKQBiKCkAYygpAGQoKQBlKCkAZigpAGcoKQ
370=BoKCkAaSgpAGooKQBrKCkAbCgpAG0oKQBuKCkAbygpAHAoKQBxKCkAcigpAHMoKQB0KCkA
371=dSgpAHYoKQB3KCkAeCgrAAMAPvGjBCgpAAUoKQAGKCgABAcAPgD//wARAAA/DgAgBwAAAA
372=AIAD4A//9AAQMAAAkAPgDJAQooKQALSAGbAwAADCgpAA0oKQAOSQEhpQQPSQEeqQEQSQEi
373=qQERSAGmAQASKCkAEygpABRJAR2lBBXrAQEAFusBAgAXSAGLDAMAGEgBiwwDABlIAYsMAw
374=AaSQEmZwgCABtIAYMEAgAcKCkAHSgpAB4oKQAfSAGHCAIAIEkBH2cIAQAhSAGTCQAAIkgB
375=gwQAACNIAXwDTQAkKCkAJSgpACYoKQAnKCkAKCgpACkoKQAqKCkAK0gB0R8sSAGbHAEALU
376=gBlxgBAC5IAYMEAQAvSQElQBABAAIAMEgBZAEBAAMAMUgBgwQDADJIAZcCBAAzSgHCAlMB
377=BAA0SQG7qQE1SAFMAgIAAAQANigpADdJAdmhBDhIAcEEOUgBBTkDAAABCAA6SQEzSAEBAA
378=gAO8gBAQEEADxJAdi5Bj1IAdkGPigpAD8oKQBAKCkAQSgpAEIoKQBDKCkARCgpAEUoKQBG
379=KCkARygpAEgoKQBJKCkASkgBlzkDAEtIAZc5AgBMSAGXOQIATUgBgwQBAE7rAQAAT0gBhy
380=kAAFBIAc0xUUgBly4BAFJIAYMEAgBT6wEDAFRIAYNnBABVKCkAVigpAFcoKQBYKCkAWSgp
381=AFooKQBbKCkAXCgpAF0oKQBeKCkAXygpAGAoKQBhKCkAYigpAGMoKQBkKCkAZSgpAGYoKQ
382=BnKCkAaCgpAGkoKQBqKCkAaygpAGwoKQBtKCkAbigpAG8oKQBwKCkAcSgpAHIoKQBzKCkA
383=dCgpAHUoKQB2KCkAdygpAHgoKQB5KCsABAA/6ZsFKCkABigpAAcoKQAIKCkACSgpAApIAY
384=NcAAALKCkADCgpAA0oKQAOSAGXRAAAD0gBmwYBABBIAYtOAAARSAGVAgBFoj/GAQATKFUA
385=FEgBxQgV6AFmoj8AlAJkosgBZKLNGwRGoj8AjF1moj8AgYgDRKInKQAcUAnVAh0oKQAeSA
386=GfYgMAH0gBkBRkotAJZaI/SKFdFAFYANQCZKLfCgAAJFgGnwoAACVIAZEJAEgRJ20DJ1QC
387=XAdpACgoKQApSAGTbAAAKkgBxQgrSAGfbQAALEgBhB5kosUeAkSi3QoDRKInKQAwTAV8C4
388=WiP0gSUAFnoj8AKEQBVQIzQQTFuZU0SQG4qQE1SQG8qQE2SAFoBVGjNygpADhIAXigAQII
389=ADnJAQNnoj8ALeSiqAGEoictBj1MBdGCPigpAD9IAckMQCgpAEEoKQBCKCkAQ0gBYA9dr0
390=RJATK1DUXIAVUNRkgB0QlHKCkASCgpAEkoKQBKSAHJQ0tIAYU0A0WiP0g+TAhkosgBZKIn
391=jQdPTAXNMVBIAc0xUUgBnTYCRaI/SD6FCFNUAoAEZKInHQRVVALdIFYoKQBXKCkAWCgpAF
392=koKQBaKCkAWygpAFwoKQBdKCkAXigpAF8oKQBgKCkAYSgpAGIoKQBjKCkAZCgpAGUoKQBm
393=KCkAZygpAGgoKQBpKCkAaigpAGsoKQBsKCkAbSgpAG4oKQBvKCkAcCgpAHEoKQByKCkAcy
394=gpAHQoKQB1KCkAdigpAHcoKQB4KCkAeSgpAHooKwAFAEDxowYoKQAHKCkACCgpAAlIAVA9
395=aQAKKCkACygpAAwoKQANKCkADkkBJHAGZ6JAACCpARBVAiOpARFIAaQBRqJAAJFLAEWiQL
396=OYAAAUQATBURVIAZxMZaJAKEQUyAFkosAaZKInKQAaWAbBURsoKQAcKCkAHSgpAB5IAZig
397=ZaJAQJlME2WiQFyfiQEhQASYaWSi0xQBACNUApGYAViPzQUBWGPECGSizwUAACftBQBcky
398=dVAClUAtkcKkgBnyABACtIAd0KLEgBgARkosQeZaJAWBJIAGSiJykAMEwFTQIATZ8xKCkA
399=MkgBmycDADNIAYAEIo4oQADRozVVAr/kotMJBAA3VALNBThJAR+1kTlJAUSpATpIAWSiXa
400=Q7yQEDIowoJwEGPVQCwTA+KCkAP0gB3QpAKCkAQUkBOr0KQkgBeKBdCkPIAV2vREkB1XMU
401=CABFSAFwowEECABGyAEBBQQAR0gB3QpIKCkASSgpAEooKQBLSAHZPUzoAWSi3DZkosc0AQ
402=BPQATNMVBIAc0xUUgBkCpkot9XAwBTVAKABGSiJx0EVVQC3SBWKCkAVygpAFgoKQBZKCkA
403=WigpAFsoKQBcKCkAXSgpAF4oKQBfKCkAYCgpAGEoKQBiKCkAYygpAGQoKQBlKCkAZigpAG
404=coKQBoKCkAaSgpAGooKQBrKCkAbCgpAG0oKQBuKCkAbygpAHAoKQBxKCkAcigpAHMoKQB0
405=KCkAdSgpAHYoKQB3KCkAeCgpAHkoKQB6KCkAeygrAAYAQfGjBygpAAhIAZBLItU8QcYBAA
406=pUAoR2Io0oQeWXDFQCg0YAAA1IAYfvAAAOSAHdBg8oKQAQKCkAESgpABJIAZBLZaJBsaMB
407=RKLLDAEAFUAEnExlokEoRBTIAWSi1BhkoicpABpYBsFRGygpABwoKQAdKCkAHkgBgJ5lok
408=G5oANBuUHxoyFABJkcAlADxRMCRKLNBQJEoswFZKLBBAFUBycpACflCAFEoidVACkoVQAq
409=SAHZHCtIAYstAgAsSAHBDy1IAYAEZKLAJWSi0wkDADBABIwFItQ8J1UAMlQCmAZkotQ5Zq
410=JBAIeMBAA1QASQNSLUPCeBADcoVQA4SAFkogEBBAA5SQFBpZc6SQExqQE7yAFBBDxIAdUu
411=PSgpAD5IAcGeP0kBNLkGQMkBAWNOQQA+tQJCVQLErZ9DSQHXqQFESQHMqQFFSQEwrQVGyA
412=FBD0dIAdUYSCgpAEkoKQBKKCkAS0gBJ0QU3DZkos8mAgBOQASFKQJEoidVAFAoVQBRSAGQ
413=KmSiJyEKU1QC0R9UKCkAVSgpAFYoKQBXKCkAWCgpAFkoKQBaKCkAWygpAFwoKQBdKCkAXi
414=gpAF8oKQBgKCkAYSgpAGIoKQBjKCkAZCgpAGUoKQBmKCkAZygpAGgoKQBpKCkAaigpAGso
415=KQBsKCkAbSgpAG4oKQBvKCkAcCgpAHEoKQByKCkAcygpAHQoKQB1KCkAdigpAHcoKQB4KC
416=kAeSgpAHooKQB7KCkAfCgrAAcAQoBKUQAIKCkACUkBIUgCSQAKSAGQQGSizwUBAAxUAlMD
417=AAABRaJCJAAyZKLABCKMKCcpABBMBdEJEUgBiE4i1jxCAN0KE1QCkKNlokKxowJFokK/rw
418=IAFkAEjAUi1TxCsKNlokK8umSiJykAGkwF2VMbKCkAHCgpAB0oKQAeKCkAH0gB0aMgSAGR
419=FANIEc0QA0WiQkwATR4DRaJCUJ5IAWSiwQQCUBknKQAm5wgCACcoKQAoKCkAKSgpACooKQ
420=ArSAHZHCxIAY8mAwAtSAHZES5IAYAEZKInxQMwVALFHjEoKQAyKCkAMygpADRIASW9TzVJ
421=AchwjWaiQgAl8VA3VALRCTgoKQA5SQFBVJFRmDpIAYAEIh5RQgBwowEECAA8VAJoAQEFBA
422=A9SAGDBAQAPkkBPbkGP0kBxnQNIicyQgC+qQFBVALJAUJIASPLKggAQ0gBVCsiZVtESQHW
423=rQVFSQHRqQFGSAFwo0EPR8gBQQ9ISAGbBgQASSgpAEooKQBLSAHNPExIAdEqTSgpAE4oKQ
424=BPKCkAUCgpAFEoKQBSSAHNMVNIAcUeVCgpAFUoKQBWKCkAVygpAFgoKQBZKCkAWigpAFso
425=KQBcKCkAXSgpAF4oKQBfKCkAYCgpAGEoKQBiKCkAYygpAGQoKQBlKCkAZigpAGcoKQBoKC
426=kAaSgpAGooKQBrKCkAbCgpAG0oKQBuKCkAbygpAHAoKQBxKCkAcigpAHMoKQB0KCkAdSgp
427=AHYoKQB3KCkAeCgpAHkoKQB6KCkAeygpAHwoKQB9KCgAaFGESiKNKEO/jgAACkBUlwIBAA
428=soKQAMSQEnmAJFokNMhI0BDlQCgAFlokNciZEBEFQCjEciHFHXAgEAElQCj1IBABNIAYAE
429=ZKLAD2SizQUDRaJDs6MDABfsBWWiQyhEFCcpABpABNlTGygpABwoKQAdKCkAHigpAB8oKQ
430=AgKCkAISgpACJIAdlpI0gBixcDACQoKQAlKCkAJigpACcoKQAoKCkAKSgpACooKQArKCkA
431=LEgBiCJkoidtAy5UAs0bLygpADAoKQAxKCkAMigpADMoKQA0KCkANSgpADYoKQA3KCkAOC
432=gpADlIASK5KAAiHlFDACUBPTtVAkVAnlUCPEkBN6kBPUgBeqACCEaiQwBpAQMiiFon2QBA
433=QQQ/rQVBSQElqQFCSQEjqQFDyAFdr0RIAdUNRUkBJqEERsgBI40oQ5BMAQAEAEhUAtUjSS
434=gpAEooKQBLKCkATCgpAE0oKQBOKCkATygpAFAoKQBRKCkAUigpAFMoKQBUKCkAVSgpAFYo
435=KQBXKCkAWCgpAFkoKQBaKCkAWygpAFwoKQBdKCkAXigpAF8oKQBgKCkAYSgpAGIoKQBjKC
436=kAZCgpAGUoKQBmKCkAZygpAGgoKQBpKCkAaigpAGsoKQBsKCkAbSgpAG4oKQBvKCkAcCgp
437=AHEoKQByKCkAcygpAHQoKQB1KCkAdigpAHcoKQB4KCkAeSgpAHooKQB7KCkAfCgpAH0oKQ
438=B+KCsACQBEKEUURKhOZqJEANmgDEAEJW1QDUgBpgQADigpAA9IASPfJwAAEEkBIWcEAQAR
439=SQElqQESSAGVAgJFokSjngIAFFQCgARkoswQZaJE7Z8XQATZXhgoKQAZKCkAGigpABsoKQ
440=AcKCkAHSgpAB4oKQAfKCkAICgpACEoKQAiKCkAIygpACQoKQAlKCkAJigpACcoKQAoKCkA
441=KSgpACooKQArKCgAASwARAARAACZDAAgCP//AAAABAAtAEQAyQEuKCkALygpADAoKQAxKC
442=kAMigpADMoKQA0KCkANUoB2QKJDDZIAckMNygpADgoKQA5SAEFHwMAAAEEADpJATlrAQgA
443=O0kB02cICAA8SQHRqQE9SQEnQAQBAAgAPsgBWQY/SAFkCFUCQEkBKWMEBABBSQElSAFBBE
444=JJASNIAQECBABDygEDBEIBRADZBkVRASahBEZIAUAXAgAABABHKCkASEgB1RhJKCkASigp
445=AEsoKQBMKCkATSgpAE4oKQBPKCkAUCgpAFEoKQBSKCkAUygpAFQoKQBVKCkAVigpAFcoKQ
446=BYKCkAWSgpAFooKQBbKCkAXCgpAF0oKQBeKCkAXygpAGAoKQBhKCkAYigpAGMoKQBkKCkA
447=ZSgpAGYoKQBnKCkAaCgpAGkoKQBqKCkAaygpAGwoKQBtKCkAbigpAG8oKQBwKCkAcSgpAH
448=IoKQBzKCkAdCgpAHUoKQB2KCkAdygpAHgoKQB5KCkAeigpAHsoKQB8KCkAfSgpAH4oKQB/
449=KCsACgBFkE8BAAEAC0kBH7EBDEgBpgEADUkBIa0BDkkBHqkBD0kBJakBEEkBHWsBAQARSA
450=GPBQIAEkgBgwQCABNIAZcCAwAUSAGHCAMAFUgBgwQDABZIAc1dFygpABgoKQAZKCkAGigp
451=ABsoKQAcKCkAHSgpAB4oKQAfKCkAICgpACEoKQAiKCkAIygpACQoKQAlKCkAJigpACcoKQ
452=AoKCkAKSgpACooKQArKCkALCgpAC0oKQAuKCkALygpADAoKQAxKCkAMigpADMoKQA0KCkA
453=NSgpADYoKQA3KCkAOCgpADlIAXqgAghGokUAaQEDZ6JFANS5oDxBBD9YlUGePUgBZKJJmz
454=5IAd02P0gBaJtNn0BIAdUCQSgpAEIoKQBDKCkAREgB2QZFSAHZBkYoKQBHKCkASCgpAEko
455=KQBKKCkASygpAEwoKQBNKCkATigpAE8oKQBQKCkAUSgpAFIoKQBTKCkAVCgpAFUoKQBWKC
456=kAVygpAFgoKQBZKCkAWigpAFsoKQBcKCkAXSgpAF4oKQBfKCkAYCgpAGEoKQBiKCkAYygp
457=AGQoKQBlKCkAZigpAGcoKQBoKCkAaSgpAGooKQBrKCkAbCgpAG0oKQBuKCkAbygpAHAoKQ
458=BxKCkAcigpAHMoKQB0KCkAdSgpAHYoKQB3KCkAeCgpAHkoKQB6KCkAeygpAHwoKQB9KCkA
459=figpAH8oKAACCwBGACN/mQAADEgBpAFaoEYAl5wAAA5UAp+ZAQAPSAGfmQEAEEgBnJl4oM
460=wFeqBGAI0FA1qgRgCABHmgRiYVJBVYBtleFigpABcoKQAYKCkAGSgpABooKQAbKCkAHCgp
461=AB0oKQAeKCkAHygpACAoKQAhKCkAIigpACMoKQAkKCkAJSgpACYoKQAnKCkAKCgpACkoKQ
462=AqKCkAKygpACwoKQAtKCkALigpAC8oKQAwKCkAMSgpADIoKQAzKCkANCgpADUoKQA2KCkA
463=NygpADgoKQA5SQEetZw6SQHXrZ87SQHQqQE8SQEwoQQ9yAFBnj5IAck4PygpAEAoKQBBKC
464=kAQigpAEMoKQBEKCkARSgpAEYoKQBHKCkASCgpAEkoKQBKKCkASygpAEwoKQBNKCkATigp
465=AE8oKQBQKCkAUSgpAFIoKQBTKCkAVCgpAFUoKQBWKCkAVygpAFgoKQBZKCkAWigpAFsoKQ
466=BcKCkAXSgpAF4oKQBfKCkAYCgpAGEoKQBiKCkAYygpAGQoKQBlKCkAZigpAGcoKQBoKCkA
467=aSgpAGooKQBrKCkAbCgpAG0oKQBuKCkAbygpAHAoKQBxKCkAcigpAHMoKQB0KCkAdSgpAH
468=YoKQB3KCkAeCgpAHkoKQB6KCkAeygpAHwoKQB9KCkAfigrAAwAR7mVAEGeR7iVYZ5HrJ9g
469=nsEEAkKeRwCPnwIAEVgGiJtgnswFYZ5H9ZwUQATJZBUoKQAWKCkAFygpABgoKQAZKCkAGi
470=gpABsoKQAcKCkAHSgpAB4oKQAfKCkAICgpACEoKQAiKCkAIygpACQoKQAlKCkAJigpACco
471=KQAoKCkAKSgpACooKQArKCkALCgpAC0oKQAuKCkALygpADAoKQAxKCkAMigpADMoKQA0KC
472=kANSgpADYoKQA3KCkAOCgpADlIAWGeAiIkPFQ5SJsj3ydHACBJAQAiJzxHAMitnz1MBW2f
473=BCImPEcAaAEBBQQAP1QCwTtAKCkAQSgpAEIoKQBDKCkARCgpAEUoKQBGKCkARygpAEgoKQ
474=BJKCkASigpAEsoKQBMKCkATSgpAE4oKQBPKCkAUCgpAFEoKQBSKCkAUygpAFQoKQBVKCkA
475=VigpAFcoKQBYKCkAWSgpAFooKQBbKCkAXCgpAF0oKQBeKCkAXygpAGAoKQBhKCkAYigpAG
476=MoKQBkKCkAZSgpAGYoKQBnKCkAaCgpAGkoKQBqKCkAaygpAGwoKQBtKCkAbigpAG8oKQBw
477=KCkAcSgpAHIoKQBzKCkAdCgpAHUoKQB2KCkAdygpAHgoKQB5KCkAeigpAHsoKQB8KCkAfS
478=grAA0ASKOTAQAOSAGEl2mbSLScaZtIuaADSZtIt5wDABLsBWibxwgEABRUAsVgFSgpABYo
479=KQAXKCkAGCgpABkoKQAaKCkAGygpABwoKQAdKCkAHigpAB8oKQAgKCkAISgpACIoKQAjKC
480=kAJCgpACUoKQAmKCkAJygpACgoKQApKCkAKigpACsoKQAsKCkALSgpAC4oKQAvKCkAMCgp
481=ADEoKQAyKCkAMygpADQoKQA1KCkANigpADcoKQA4KCkAOSgpADpIAXScWZU7SAFom0GePM
482=gBQZ49SAElDU8+SAHVOT8oKQBAKCkAQSgpAEIoKQBDKCkARCgpAEUoKQBGKCkARygpAEgo
483=KQBJKCkASigpAEsoKQBMKCkATSgpAE4oKQBPKCkAUCgpAFEoKQBSKCkAUygpAFQoKQBVKC
484=kAVigpAFcoKQBYKCkAWSgpAFooKQBbKCkAXCgpAF0oKQBeKCkAXygpAGAoKQBhKCkAYigp
485=AGMoKQBkKCkAZSgpAGYoKQBnKCkAaCgpAGkoKQBqKCkAaygpAGwoKQBtKCkAbigpAG8oKQ
486=BwKCkAcSgpAHIoKQBzKCkAdCgpAHUoKQB2KCkAdygpAHgoKQB5KCkAeigpAHsoKQB8KCsA
487=DgBJv5kCAA9IAZyZcZhJvJlwmMEEBFCYJykAE0wFzV0UKCkAFSgpABYoKQAXKCkAGCgpAB
488=koKQAaKCkAGygpABwoKQAdKCkAHigpAB8oKQAgKCkAISgpACIoKQAjKCkAJCgpACUoKQAm
489=KCkAJygpACgoKQApKCkAKigpACsoKQAsKCkALSgpAC4oKQAvKCkAMCgpADEoKQAyKCkAMy
490=gpADQoKQA1KCkANigpADcoKQA4KCkAOSgpADooKQA7KCkAPEgBfJlJmz1IAdU5PigpAD8o
491=KQBAKCkAQSgpAEIoKQBDKCkARCgpAEUoKQBGKCkARygpAEgoKQBJKCkASigpAEsoKQBMKC
492=kATSgpAE4oKQBPKCkAUCgpAFEoKQBSKCkAUygpAFQoKQBVKCkAVigpAFcoKQBYKCkAWSgp
493=AFooKQBbKCkAXCgpAF0oKQBeKCkAXygpAGAoKQBhKCkAYigpAGMoKQBkKCkAZSgpAGYoKQ
494=BnKCkAaCgpAGkoKQBqKCkAaygpAGwoKQBtKCkAbigpAG8oKQBwKCkAcSgpAHIoKQBzKCkA
495=dCgpAHUoKQB2KCkAdygpAHgoKQB5KCkAeigpAHsoKwAPAEqnlwMAEEgBhJd4ldQCeJUnKQ
496=ATQATBXBQoKQAVKCkAFigpABcoKQAYKCkAGSgpABooKQAbKCkAHCgpAB0oKQAeKCkAHygp
497=ACAoKQAhKCkAIigpACMoKQAkKCkAJSgpACYoKQAnKCkAKCgpACkoKQAqKCkAKygpACwoKQ
498=AtKCkALigpAC8oKQAwKCkAMSgpADIoKQAzKCkANCgpADUoKQA2KCkANygpADgoKQA5KCkA
499=OigpADsoKQA8KCkAPSgpAD4oKQA/KCkAQCgpAEEoKQBCKCkAQygpAEQoKQBFKCkARigpAE
500=coKQBIKCkASSgpAEooKQBLKCkATCgpAE0oKQBOKCkATygpAFAoKQBRKCkAUigpAFMoKQBU
501=KCkAVSgpAFYoKQBXKCkAWCgpAFkoKQBaKCkAWygpAFwoKQBdKCkAXigpAF8oKQBgKCkAYS
502=gpAGIoKQBjKCkAZCgpAGUoKQBmKCkAZygpAGgoKAAJaQBKAP//AAAABABqEQAAvAsAIAgA
503=SgD//wAAAAQAaygpAGwoKQBtKCkAbigpAG8oKQBwKCkAcSgpAHIoKQBzKCkAdCgpAHUoKQ
504=B2KCkAdygpAHgoKQB5KCkAeigrABAAS+kXESgpABIoKQATKCkAFCgpABUoKQAWKCkAFygp
505=ABgoKQAZKCkAGigpABsoKQAcKCkAHSgpAB4oKQAfKCkAICgpACEoKQAiKCkAIygpACQoKQ
506=AlKCkAJigpACcoKQAoKCkAKSgpACooKQArKCkALCgpAC0oKQAuKCkALygpADAoKQAxKCkA
507=MigpADMoKQA0KCkANSgpADYoKQA3KCkAOCgpADkoKQA6KCkAOygpADwoKQA9KCkAPigpAD
508=8oKQBAKCkAQSgpAEIoKQBDKCkARCgpAEUoKQBGKCkARygpAEgoKQBJKCkASigpAEsoKQBM
509=KCkATSgpAE4oKQBPKCkAUCgpAFEoKQBSKCkAUygpAFQoKQBVKCkAVigpAFcoKQBYKCkAWS
510=gpAFooKQBbKCkAXCgpAF0oKQBeKCkAXygpAGAoKQBhKCkAYigpAGMoKQBkKCkAZSgpAGYo
511=KQBnKCkAaCgpAGkoKQBqKCkAaygpAGwoKQBtKCkAbigpAG8oKQBwKCkAcSgpAHIoKQBzKC
512=kAdCgpAHUoKQB2KCkAdygpAHgoKQB5KCsAEQBM9ZESKCkAEygpABQoKQAVKCkAFigpABco
513=KQAYKCkAGSgpABooKQAbKCkAHCgpAB0oKQAeKCkAHygpACAoKQAhKCkAIigpACMoKQAkKC
514=kAJSgpACYoKQAnKCkAKCgpACkoKQAqKCkAKygpACwoKQAtKCkALigpAC8oKQAwKCkAMSgp
515=ADIoKQAzKCkANCgpADUoKQA2KCkANygpADgoKQA5KCkAOigpADsoKQA8KCkAPSgpAD4oKQ
516=A/KCkAQCgpAEEoKQBCKCkAQygpAEQoKQBFKCkARigpAEcoKQBIKCkASSgpAEooKQBLKCkA
517=TCgpAE0oKQBOKCkATygpAFAoKQBRKCkAUigpAFMoKQBUKCkAVSgpAFYoKQBXKCkAWCgpAF
518=koKQBaKCkAWygpAFwoKQBdKCkAXigpAF8oKQBgKCkAYSgpAGIoKQBjKCkAZCgpAGUoKQBm
519=KCkAZygpAGgoKQBpKCkAaigpAGsoKQBsKCkAbSgpAG4oKQBvKCkAcCgpAHEoKQByKCkAcy
520=gpAHQoKQB1KCkAdigpAHcoKQB4KCsAEgBN/Y4TKCkAFCgpABUoKQAWKCkAFygpABgoKQAZ
521=KCkAGigpABsoKQAcKCkAHSgpAB4oKQAfKCkAICgpACEoKQAiKCkAIygpACQoKQAlKCkAJi
522=gpACcoKQAoKCkAKSgpACooKQArKCkALCgpAC0oKQAuKCkALygpADAoKQAxKCkAMigpADMo
523=KQA0KCkANSgpADYoKQA3KCkAOCgpADkoKQA6KCkAOygpADwoKQA9KCkAPigpAD8oKQBAKC
524=kAQSgpAEIoKQBDKCkARCgpAEUoKQBGKCkARygpAEgoKQBJKCkASigpAEsoKQBMKCkATSgp
525=AE4oKQBPKCkAUCgpAFEoKQBSKCkAUygpAFQoKQBVKCkAVigpAFcoKQBYKCkAWSgpAFooKQ
526=BbKCkAXCgpAF0oKQBeKCkAXygpAGAoKQBhKCkAYigpAGMoKQBkKCkAZSgpAGYoKQBnKCkA
527=aCgpAGkoKQBqKCkAaygpAGwoKQBtKCkAbigpAG8oKQBwKCkAcSgpAHIoKQBzKCkAdCgpAH
528=UoKQB2KCkAdygrABMATuWMFCgpABUoKQAWKCkAFygpABgoKQAZKCkAGigpABsoKQAcKCkA
529=HSgpAB4oKQAfKCkAICgpACEoKQAiKCkAIygpACQoKQAlKCkAJigpACcoKQAoKCkAKSgpAC
530=ooKQArKCkALCgpAC0oKQAuKCkALygpADAoKQAxKCkAMigpADMoKQA0KCkANSgpADYoKQA3
531=KCkAOCgpADkoKQA6KCkAOygpADwoKQA9KCkAPigpAD8oKQBAKCkAQSgpAEIoKQBDKCkARC
532=gpAEUoKQBGKCkARygpAEgoKQBJKCkASigpAEsoKQBMKCkATSgpAE4oKQBPKCkAUCgpAFEo
533=KQBSKCkAUygpAFQoKQBVKCkAVigpAFcoKQBYKCkAWSgpAFooKQBbKCkAXCgpAF0oKQBeKC
534=kAXygpAGAoKQBhKCkAYigpAGMoKQBkKCkAZSgpAGYoKQBnKCkAaCgpAGkoKQBqKCkAaygp
535=AGwoKQBtKCkAbigpAG8oKQBwKCkAcSgpAHIoKQBzKCkAdCgpAHUoKQB2KCsAFABP7YkVKC
536=kAFigpABcoKQAYKCkAGSgpABooKQAbKCkAHCgpAB0oKQAeKCkAHygpACAoKQAhKCkAIigp
537=ACMoKQAkKCkAJSgpACYoKQAnKCkAKCgpACkoKQAqKCkAKygpACwoKQAtKCkALigpAC8oKQ
538=AwKCkAMSgpADIoKQAzKCkANCgpADUoKQA2KCkANygpADgoKQA5KCkAOigpADsoKQA8KCkA
539=PSgpAD4oKQA/KCkAQCgpAEEoKQBCKCkAQygpAEQoKQBFKCkARigpAEcoKQBIKCkASSgpAE
540=ooKQBLKCkATCgpAE0oKQBOKCkATygpAFAoKQBRKCkAUigpAFMoKQBUKCkAVSgpAFYoKQBX
541=KCkAWCgpAFkoKQBaKCkAWygpAFwoKQBdKCkAXigpAF8oKQBgKCkAYSgpAGIoKQBjKCkAZC
542=gpAGUoKQBmKCkAZygpAGgoKQBpKCkAaigpAGsoKQBsKCkAbSgpAG4oKQBvKCkAcCgpAHEo
543=KQByKCkAcygpAHQoKQB1KCsAFQBQ9YYWKCkAFygpABgoKQAZKCkAGigpABsoKQAcKCkAHS
544=gpAB4oKQAfKCkAICgpACEoKQAiKCkAIygpACQoKQAlKCkAJigpACcoKQAoKCkAKSgpACoo
545=KQArKCkALCgpAC0oKQAuKCkALygpADAoKQAxKCkAMigpADMoKQA0KCkANSgpADYoKQA3KC
546=kAOCgpADkoKQA6KCkAOygpADwoKQA9KCkAPigpAD8oKQBAKCkAQSgpAEIoKQBDKCkARCgp
547=AEUoKQBGKCkARygpAEgoKQBJKCkASigpAEsoKQBMKCkATSgpAE4oKQBPKCkAUCgpAFEoKQ
548=BSKCkAUygpAFQoKQBVKCkAVigpAFcoKQBYKCkAWSgpAFooKQBbKCkAXCgpAF0oKQBeKCkA
549=XygpAGAoKQBhKCkAYigpAGMoKQBkKCkAZSgpAGYoKQBnKCkAaCgpAGkoKQBqKCkAaygpAG
550=woKQBtKCkAbigpAG8oKQBwKCkAcSgpAHIoKQBzKCkAdCgrABYAUf2DFygpABgoKQAZKCkA
551=GigpABsoKQAcKCkAHSgpAB4oKQAfKCkAICgpACEoKQAiKCkAIygpACQoKQAlKCkAJigpAC
552=coKQAoKCkAKSgpACooKQArKCkALCgpAC0oKQAuKCkALygpADAoKQAxKCkAMigpADMoKQA0
553=KCkANSgpADYoKQA3KCkAOCgpADkoKQA6KCkAOygpADwoKQA9KCkAPigpAD8oKQBAKCkAQS
554=gpAEIoKQBDKCkARCgpAEUoKQBGKCkARygpAEgoKQBJKCkASigpAEsoKQBMKCkATSgpAE4o
555=KQBPKCkAUCgpAFEoKQBSKCkAUygpAFQoKQBVKCkAVigpAFcoKQBYKCkAWSgpAFooKQBbKC
556=kAXCgpAF0oKQBeKCkAXygpAGAoKQBhKCkAYigpAGMoKQBkKCkAZSgpAGYoKQBnKCkAaCgp
557=AGkoKQBqKCkAaygpAGwoKQBtKCkAbigpAG8oKQBwKCkAcSgpAHIoKQBzKCsAFwBS5YEYKC
558=kAGSgpABooKQAbKCkAHCgpAB0oKQAeKCkAHygpACAoKQAhKCkAIigpACMoKQAkKCkAJSgp
559=ACYoKQAnKCkAKCgpACkoKQAqKCkAKygpACwoKQAtKCkALigpAC8oKQAwKCkAMSgoAAYyAF
560=IA//8AAAARAADCCwAgAAEEADMAUgD//wAAAAQANABSAP//iQE1KCkANigpADcoKQA4KCkA
561=OSgpADooKQA7KCkAPCgpAD0oKQA+KCkAPygpAEAoKQBBKCkAQigpAEMoKQBEKCkARSgpAE
562=YoKQBHKCkASCgpAEkoKQBKKCkASygpAEwoKQBNKCkATigpAE8oKQBQKCkAUSgpAFIoKQBT
563=KCkAVCgpAFUoKQBWKCkAVygpAFgoKQBZKCkAWigpAFsoKQBcKCkAXSgpAF4oKQBfKCkAYC
564=gpAGEoKQBiKCkAYygpAGQoKQBlKCkAZigpAGcoKQBoKCkAaSgpAGooKQBrKCkAbCgpAG0o
565=KQBuKCkAbygpAHAoKQBxKCkAcigrABgAU/FWGSgpABooKQAbKCkAHCgpAB0oKQAeKCkAHy
566=gpACAoKQAhKCkAIigpACMoKQAkKCkAJSgpACYoKQAnKCkAKCgpACkoKQAqKCkAKygpACwo
567=KQAtKCkALigpAC8oKQAwKCkAMSgpADIoKQAzKCkANCgpADUoKQA2KCkANygpADgoKQA5KC
568=kAOigpADsoKQA8KCkAPSgpAD4oKQA/KCkAQCgpAEEoKQBCKCkAQygpAEQoKQBFKCkARigp
569=AEcoKQBIKCkASSgpAEooKQBLKCkATCgpAE0oKQBOKCkATygpAFAoKQBRKCkAUigpAFMoKQ
570=BUKCkAVSgpAFYoKQBXKCkAWCgpAFkoKQBaKCkAWygpAFwoKQBdKCkAXigpAF8oKQBgKCkA
571=YSgpAGIoKQBjKCkAZCgpAGUoKQBmKCkAZygpAGgoKQBpKCkAaigpAGsoKQBsKCkAbSgpAG
572=4oKQBvKCkAcCgpAHEoKwAZAFT1exooKQAbKCkAHCgpAB0oKQAeKCkAHygpACAoKQAhKCkA
573=IigpACMoKQAkKCkAJSgpACYoKQAnKCkAKCgpACkoKQAqKCkAKygpACwoKQAtKCkALigpAC
574=8oKQAwKCkAMSgpADIoKQAzKCkANCgpADUoKQA2KCkANygpADgoKQA5KCkAOigpADsoKQA8
575=KCkAPSgpAD4oKQA/KCkAQCgpAEEoKQBCKCkAQygpAEQoKQBFKCkARigpAEcoKQBIKCkASS
576=gpAEooKQBLKCkATCgpAE0oKQBOKCkATygpAFAoKQBRKCkAUigpAFMoKQBUKCkAVSgpAFYo
577=KQBXKCkAWCgpAFkoKQBaKCkAWygpAFwoKQBdKCkAXigpAF8oKQBgKCkAYSgpAGIoKQBjKC
578=kAZCgpAGUoKQBmKCkAZygpAGgoKQBpKCkAaigpAGsoKQBsKCkAbSgpAG4oKQBvKCkAcCgr
579=ABoAVf14GygpABwoKQAdKCkAHigpAB8oKQAgKCkAISgpACIoKQAjKCkAJCgpACUoKQAmKC
580=kAJygpACgoKQApKCkAKigpACsoKQAsKCkALSgpAC4oKQAvKCkAMCgpADEoKQAyKCkAMygp
581=ADQoKQA1KCkANigpADcoKQA4KCkAOSgpADooKQA7KCkAPCgpAD0oKQA+KCkAPygpAEAoKQ
582=BBKCkAQigpAEMoKQBEKCkARSgpAEYoKQBHKCkASCgpAEkoKQBKKCkASygpAEwoKQBNKCkA
583=TigpAE8oKQBQKCkAUSgpAFIoKQBTKCkAVCgpAFUoKQBWKCkAVygpAFgoKQBZKCkAWigpAF
584=soKQBcKCkAXSgpAF4oKQBfKCkAYCgpAGEoKQBiKCkAYygpAGQoKQBlKCkAZigpAGcoKQBo
585=KCkAaSgpAGooKQBrKCkAbCgpAG0oKQBuKCkAbygrABsAVuV2HCgpAB0oKQAeKCkAHygpAC
586=AoKQAhKCkAIigpACMoKQAkKCkAJSgpACYoKQAnKCkAKCgpACkoKQAqKCkAKygpACwoKQAt
587=KCkALigpAC8oKQAwKCkAMSgpADIoKQAzKCkANCgpADUoKQA2KCkANygpADgoKQA5KCkAOi
588=gpADsoKQA8KCkAPSgpAD4oKQA/KCkAQCgpAEEoKQBCKCkAQygpAEQoKQBFKCkARigpAEco
589=KQBIKCkASSgpAEooKQBLKCkATCgpAE0oKQBOKCkATygpAFAoKQBRKCkAUigpAFMoKQBUKC
590=kAVSgpAFYoKQBXKCkAWCgpAFkoKQBaKCkAWygpAFwoKQBdKCkAXigpAF8oKQBgKCkAYSgp
591=AGIoKQBjKCkAZCgpAGUoKQBmKCkAZygpAGgoKQBpKCkAaigpAGsoKQBsKCkAbSgpAG4oKw
592=AcAFftcx0oKQAeKCkAHygpACAoKQAhKCkAIigpACMoKQAkKCkAJSgpACYoKQAnKCkAKCgp
593=ACkoKQAqKCkAKygpACwoKQAtKCkALigpAC8oKQAwKCkAMSgpADIoKQAzKCkANCgpADUoKQ
594=A2KCkANygpADgoKQA5KCkAOigpADsoKQA8KCkAPSgpAD4oKQA/KCkAQCgpAEEoKQBCKCkA
595=QygpAEQoKQBFKCkARigpAEcoKQBIKCkASSgpAEooKQBLKCkATCgpAE0oKQBOKCkATygpAF
596=AoKQBRKCkAUigpAFMoKQBUKCkAVSgpAFYoKQBXKCkAWCgpAFkoKQBaKCkAWygpAFwoKQBd
597=KCkAXigpAF8oKQBgKCkAYSgpAGIoKQBjKCkAZCgpAGUoKQBmKCkAZygpAGgoKQBpKCkAai
598=gpAGsoKQBsKCkAbSgrAB0AWPVwHigpAB8oKQAgKCkAISgpACIoKQAjKCkAJCgpACUoKQAm
599=KCkAJygpACgoKQApKCkAKigpACsoKQAsKCkALSgpAC4oKQAvKCkAMCgpADEoKQAyKCkAMy
600=gpADQoKQA1KCkANigpADcoKQA4KCkAOSgpADooKQA7KCkAPCgpAD0oKQA+KCkAPygpAEAo
601=KQBBKCkAQigpAEMoKQBEKCkARSgpAEYoKQBHKCkASCgpAEkoKQBKKCkASygpAEwoKQBNKC
602=kATigpAE8oKQBQKCkAUSgpAFIoKQBTKCkAVCgpAFUoKQBWKCkAVygpAFgoKQBZKCkAWigp
603=AFsoKQBcKCkAXSgpAF4oKQBfKCkAYCgpAGEoKQBiKCkAYygpAGQoKQBlKCkAZigpAGcoKQ
604=BoKCkAaSgpAGooKQBrKCkAbCgrAB4AWf1tHygpACAoKQAhKCkAIigpACMoKQAkKCkAJSgp
605=ACYoKQAnKCkAKCgpACkoKQAqKCkAKygpACwoKQAtKCkALigpAC8oKQAwKCkAMSgpADIoKQ
606=AzKCkANCgpADUoKQA2KCkANygpADgoKQA5KCkAOigpADsoKQA8KCkAPSgpAD4oKQA/KCkA
607=QCgpAEEoKQBCKCkAQygpAEQoKQBFKCkARigpAEcoKQBIKCkASSgpAEooKQBLKCkATCgpAE
608=0oKQBOKCkATygpAFAoKQBRKCkAUigpAFMoKQBUKCkAVSgpAFYoKQBXKCkAWCgpAFkoKQBa
609=KCkAWygpAFwoKQBdKCkAXigpAF8oKQBgKCkAYSgpAGIoKQBjKCkAZCgpAGUoKQBmKCkAZy
610=gpAGgoKQBpKCkAaigpAGsoKwAfAFrlayAoKQAhKCkAIigpACMoKQAkKCkAJSgpACYoKQAn
611=KCkAKCgpACkoKQAqKCkAKygpACwoKQAtKCkALigpAC8oKQAwKCkAMSgpADIoKQAzKCkANC
612=gpADUoKQA2KCkANygpADgoKQA5KCkAOigpADsoKQA8KCkAPSgpAD4oKQA/KCkAQCgpAEEo
613=KQBCKCkAQygpAEQoKQBFKCkARigpAEcoKQBIKCkASSgpAEooKQBLKCkATCgpAE0oKQBOKC
614=kATygpAFAoKQBRKCkAUigpAFMoKQBUKCkAVSgpAFYoKQBXKCkAWCgpAFkoKQBaKCkAWygp
615=AFwoKQBdKCkAXigpAF8oKQBgKCkAYSgpAGIoKQBjKCkAZCgpAGUoKQBmKCkAZygpAGgoKQ
616=BpKCkAaigrACAAW+1oISgpACIoKQAjKCkAJCgpACUoKQAmKCkAJygpACgoKQApKCkAKigp
617=ACsoKQAsKCkALSgpAC4oKQAvKCgAAzAAWwD//xEAAMULACAIAAAABAAxAFsA//+LATIAW+
618=kBMygpADQoKQA1KCkANigpADcoKQA4KCkAOSgpADooKQA7KCkAPCgpAD0oKQA+KCkAPygp
619=AEAoKQBBKCkAQigpAEMoKQBEKCkARSgpAEYoKQBHKCkASCgpAEkoKQBKKCkASygpAEwoKQ
620=BNKCkATigpAE8oKQBQKCkAUSgpAFIoKQBTKCkAVCgpAFUoKQBWKCkAVygpAFgoKQBZKCkA
621=WigpAFsoKQBcKCkAXSgpAF4oKQBfKCkAYCgpAGEoKQBiKCkAYygpAGQoKQBlKCkAZigpAG
622=coKQBoKCkAaSgrACEAXP1MIigpACMoKQAkKCkAJSgpACYoKQAnKCkAKCgpACkoKQAqKCkA
623=KygpACwoKQAtKCkALigpAC8oKQAwKCkAMSgpADIoKQAzKCkANCgpADUoKQA2KCkANygpAD
624=goKQA5KCkAOigpADsoKQA8KCkAPSgpAD4oKQA/KCkAQCgpAEEoKQBCKCkAQygpAEQoKQBF
625=KCkARigpAEcoKQBIKCkASSgpAEooKQBLKCkATCgpAE0oKQBOKCkATygpAFAoKQBRKCkAUi
626=gpAFMoKQBUKCkAVSgpAFYoKQBXKCkAWCgpAFkoKQBaKCkAWygpAFwoKQBdKCkAXigpAF8o
627=KQBgKCkAYSgpAGIoKQBjKCkAZCgpAGUoKQBmKCkAZygpAGgoKwAiAF39YiMoKQAkKCkAJS
628=gpACYoKQAnKCkAKCgpACkoKQAqKCkAKygpACwoKQAtKCkALigpAC8oKQAwKCkAMSgpADIo
629=KQAzKCkANCgpADUoKQA2KCkANygpADgoKQA5KCkAOigpADsoKQA8KCkAPSgpAD4oKQA/KC
630=kAQCgpAEEoKQBCKCkAQygpAEQoKQBFKCkARigpAEcoKQBIKCkASSgpAEooKQBLKCkATCgp
631=AE0oKQBOKCkATygpAFAoKQBRKCkAUigpAFMoKQBUKCkAVSgpAFYoKQBXKCkAWCgpAFkoKQ
632=BaKCkAWygpAFwoKQBdKCkAXigpAF8oKQBgKCkAYSgpAGIoKQBjKCkAZCgpAGUoKQBmKCkA
633=ZygrACMAXuVgJCgpACUoKQAmKCkAJygpACgoKQApKCkAKigpACsoKQAsKCkALSgpAC4oKQ
634=AvKCkAMCgpADEoKQAyKCkAMygpADQoKQA1KCkANigpADcoKQA4KCkAOSgpADooKQA7KCkA
635=PCgpAD0oKQA+KCkAPygpAEAoKQBBKCkAQigpAEMoKQBEKCkARSgpAEYoKQBHKCkASCgpAE
636=koKQBKKCkASygpAEwoKQBNKCkATigpAE8oKQBQKCkAUSgpAFIoKQBTKCkAVCgpAFUoKQBW
637=KCkAVygpAFgoKQBZKCkAWigpAFsoKQBcKCkAXSgpAF4oKQBfKCkAYCgpAGEoKQBiKCkAYy
638=gpAGQoKQBlKCkAZigrACQAX+1dJSgpACYoKQAnKCkAKCgpACkoKQAqKCkAKygpACwoKQAt
639=KCkALigpAC8oKQAwKCkAMSgpADIoKQAzKCkANCgpADUoKQA2KCkANygpADgoKQA5KCkAOi
640=gpADsoKQA8KCkAPSgpAD4oKQA/KCkAQCgpAEEoKQBCKCkAQygpAEQoKQBFKCkARigpAEco
641=KQBIKCkASSgpAEooKQBLKCkATCgpAE0oKQBOKCkATygpAFAoKQBRKCkAUigpAFMoKQBUKC
642=kAVSgpAFYoKQBXKCkAWCgpAFkoKQBaKCkAWygpAFwoKQBdKCkAXigpAF8oKQBgKCkAYSgp
643=AGIoKQBjKCkAZCgpAGUoKwAlAGD1WiYoKQAnKCkAKCgpACkoKQAqKCkAKygpACwoKQAtKC
644=kALigpAC8oKQAwKCkAMSgpADIoKQAzKCkANCgpADUoKQA2KCkANygpADgoKQA5KCkAOigp
645=ADsoKQA8KCkAPSgpAD4oKQA/KCkAQCgpAEEoKQBCKCkAQygpAEQoKQBFKCkARigpAEcoKQ
646=BIKCkASSgpAEooKQBLKCkATCgpAE0oKQBOKCkATygpAFAoKQBRKCkAUigpAFMoKQBUKCkA
647=VSgpAFYoKQBXKCkAWCgpAFkoKQBaKCkAWygpAFwoKQBdKCkAXigpAF8oKQBgKCkAYSgpAG
648=IoKQBjKCkAZCgrACYAYf1XJygpACgoKQApKCkAKigpACsoKQAsKCkALSgpAC4oKQAvKCkA
649=MCgpADEoKQAyKCkAMygpADQoKQA1KCkANigpADcoKQA4KCkAOSgpADooKQA7KCkAPCgpAD
650=0oKQA+KCkAPygpAEAoKQBBKCkAQigpAEMoKQBEKCkARSgpAEYoKQBHKCkASCgpAEkoKQBK
651=KCkASygpAEwoKQBNKCkATigpAE8oKQBQKCkAUSgpAFIoKQBTKCkAVCgpAFUoKQBWKCkAVy
652=gpAFgoKQBZKCkAWigpAFsoKQBcKCkAXSgpAF4oKQBfKCkAYCgpAGEoKQBiKCkAYygrACcA
653=YuVVKCgpACkoKQAqKCkAKygpACwoKQAtKCkALigpAC8oKQAwKCkAMSgpADIoKQAzKCkANC
654=gpADUoKQA2KCkANygpADgoKQA5KCkAOigpADsoKQA8KCkAPSgpAD4oKQA/KCkAQCgpAEEo
655=KQBCKCkAQygpAEQoKQBFKCkARigpAEcoKQBIKCkASSgpAEooKQBLKCkATCgpAE0oKQBOKC
656=kATygpAFAoKQBRKCkAUigpAFMoKQBUKCkAVSgpAFYoKQBXKCkAWCgpAFkoKQBaKCkAWygp
657=AFwoKQBdKCkAXigpAF8oKQBgKCkAYSgpAGIoKwAoAGPtUikoKQAqKCkAKygpACwoKQAtKC
658=kALigpAC8oKQAwKCkAMSgpADIoKQAzKCkANCgpADUoKQA2KCkANygpADgoKQA5KCkAOigp
659=ADsoKQA8KCkAPSgpAD4oKQA/KCkAQCgpAEEoKQBCKCkAQygpAEQoKQBFKCkARigpAEcoKQ
660=BIKCkASSgpAEooKQBLKCkATCgpAE0oKQBOKCkATygpAFAoKQBRKCkAUigpAFMoKQBUKCkA
661=VSgpAFYoKQBXKCkAWCgpAFkoKQBaKCkAWygpAFwoKQBdKCkAXigpAF8oKQBgKCkAYSgrAC
662=kAZPVPKigpACsoKQAsKCkALSgpAC4oKQAvKCkAMCgpADEoKQAyKCkAMygpADQoKQA1KCkA
663=NigpADcoKQA4KCkAOSgpADooKQA7KCkAPCgpAD0oKQA+KCkAPygpAEAoKQBBKCkAQigpAE
664=MoKQBEKCkARSgpAEYoKQBHKCkASCgpAEkoKQBKKCkASygpAEwoKQBNKCkATigpAE8oKQBQ
665=KCkAUSgpAFIoKQBTKCkAVCgpAFUoKQBWKCkAVygpAFgoKQBZKCkAWigpAFsoKQBcKCkAXS
666=gpAF4oKQBfKCkAYCgrACoAZf1MKygpACwoKQAtKCkALigpAC8oKQAwKCkAMSgpADIoKQAz
667=KCkANCgpADUoKQA2KCkANygpADgoKQA5KCkAOigpADsoKQA8KCkAPSgpAD4oKQA/KCkAQC
668=gpAEEoKQBCKCkAQygpAEQoKQBFKCkARigpAEcoKQBIKCkASSgpAEooKQBLKCkATCgpAE0o
669=KQBOKCkATygpAFAoKQBRKCkAUigpAFMoKQBUKCkAVSgpAFYoKQBXKCkAWCgpAFkoKQBaKC
670=kAWygpAFwoKQBdKCkAXigpAF8oKwArAGblSiwoKQAtKCkALigpAC8oKQAwKCkAMSgpADIo
671=KQAzKCkANCgpADUoKQA2KCkANygpADgoKQA5KCkAOigpADsoKQA8KCkAPSgpAD4oKQA/KC
672=kAQCgpAEEoKQBCKCkAQygpAEQoKQBFKCkARigpAEcoKQBIKCkASSgpAEooKQBLKCkATCgp
673=AE0oKQBOKCkATygpAFAoKQBRKCkAUigpAFMoKQBUKCkAVSgpAFYoKQBXKCkAWCgpAFkoKQ
674=BaKCkAWygpAFwoKQBdKCkAXigrACwAZ+1HLSgpAC4oKQAvKCgACzAAZwD//wAAAAQAMQBn
675=EQAAPwq0GwgA//8AAAAEADIAZ+kBMygpADQoKQA1KCkANigpADcoKQA4KCkAOSgpADooKQ
676=A7KCkAPCgpAD0oKQA+KCkAPygpAEAoKQBBKCkAQigpAEMoKQBEKCkARSgpAEYoKQBHKCkA
677=SCgpAEkoKQBKKCkASygpAEwoKQBNKCkATigpAE8oKQBQKCkAUSgpAFIoKQBTKCkAVCgpAF
678=UoKQBWKCkAVygpAFgoKQBZKCkAWigpAFsoKQBcKCkAXSgrAC0AaO08LigpAC8oKQAwKCkA
679=MSgpADIoKQAzKCkANCgpADUoKQA2KCkANygpADgoKQA5KCkAOigpADsoKQA8KCkAPSgpAD
680=4oKQA/KCkAQCgpAEEoKQBCKCkAQygpAEQoKQBFKCkARigpAEcoKQBIKCkASSgpAEooKQBL
681=KCkATCgpAE0oKQBOKCkATygpAFAoKQBRKCkAUigpAFMoKQBUKCkAVSgpAFYoKQBXKCkAWC
682=gpAFkoKQBaKCkAWygpAFwoKAABLgBpANl/LygpADAoKQAxKCkAMigpADMoKQA0KCkANSgp
683=ADYoKQA3KCkAOCgpADkoKQA6KCkAOygpADwoKQA9KCkAPigpAD8oKQBAKCkAQSgpAEIoKQ
684=BDKCkARCgpAEUoKQBGKCkARygpAEgoKQBJKCkASigpAEsoKQBMKCkATSgpAE4oKQBPKCkA
685=UCgpAFEoKQBSKCkAUygpAFQoKQBVKCkAVigpAFcoKQBYKCkAWSgpAFooKQBbKCsALwBq5T
686=8wKCkAMSgpADIoKQAzKCkANCgpADUoKQA2KCkANygpADgoKQA5KCkAOigpADsoKQA8KCkA
687=PSgpAD4oKQA/KCkAQCgpAEEoKQBCKCkAQygpAEQoKQBFKCkARigpAEcoKQBIKCkASSgpAE
688=ooKQBLKCkATCgpAE0oKQBOKCkATygpAFAoKQBRKCkAUigpAFMoKQBUKCkAVSgpAFYoKQBX
689=KCkAWCgpAFkoKQBaKCsAMABr7TwxKCkAMigpADMoKQA0KCkANSgpADYoKQA3KCkAOCgpAD
690=koKQA6KCkAOygpADwoKQA9KCkAPigpAD8oKQBAKCkAQSgpAEIoKQBDKCkARCgpAEUoKQBG
691=KCkARygpAEgoKQBJKCkASigpAEsoKQBMKCkATSgpAE4oKQBPKCkAUCgpAFEoKQBSKCkAUy
692=gpAFQoKQBVKCkAVigpAFcoKQBYKCkAWSgrADEAbPU5MigpADMoKQA0KCkANSgpADYoKQA3
693=KCkAOCgpADkoKQA6KCkAOygpADwoKQA9KCkAPigpAD8oKQBAKCkAQSgpAEIoKQBDKCkARC
694=gpAEUoKQBGKCkARygpAEgoKQBJKCkASigpAEsoKQBMKCkATSgpAE4oKQBPKCkAUCgpAFEo
695=KQBSKCkAUygpAFQoKQBVKCkAVigpAFcoKQBYKCsAMgBt/TYzKCkANCgpADUoKQA2KCkANy
696=gpADgoKQA5KCkAOigpADsoKQA8KCkAPSgpAD4oKQA/KCkAQCgpAEEoKQBCKCkAQygpAEQo
697=KQBFKCkARigpAEcoKQBIKCkASSgpAEooKQBLKCkATCgpAE0oKQBOKCkATygpAFAoKQBRKC
698=kAUigpAFMoKQBUKCkAVSgpAFYoKQBXKCsAMwBu5TQ0KCkANSgpADYoKQA3KCkAOCgpADko
699=KQA6KCkAOygpADwoKQA9KCkAPigpAD8oKQBAKCkAQSgpAEIoKQBDKCkARCgpAEUoKQBGKC
700=kARygpAEgoKQBJKCkASigpAEsoKQBMKCkATSgpAE4oKQBPKCkAUCgpAFEoKQBSKCkAUygp
701=AFQoKQBVKCkAVigrADQAb+0xNSgpADYoKQA3KCkAOCgpADkoKQA6KCkAOygpADwoKQA9KC
702=kAPigpAD8oKQBAKCkAQSgpAEIoKQBDKCkARCgpAEUoKQBGKCkARygpAEgoKQBJKCkASigp
703=AEsoKQBMKCkATSgpAE4oKQBPKCkAUCgpAFEoKQBSKCkAUygpAFQoKQBVKCsANQBw9S42KC
704=kANygpADgoKQA5KCkAOigpADsoKQA8KCkAPSgpAD4oKQA/KCkAQCgpAEEoKQBCKCkAQygp
705=AEQoKQBFKCkARigpAEcoKQBIKCkASSgpAEooKQBLKCkATCgpAE0oKQBOKCkATygpAFAoKQ
706=BRKCkAUigpAFMoKQBUKCsANgBx/Ss3KCkAOCgpADkoKQA6KCkAOygpADwoKQA9KCkAPigp
707=AD8oKQBAKCkAQSgpAEIoKQBDKCkARCgpAEUoKQBGKCkARygpAEgoKQBJKCkASigpAEsoKQ
708=BMKCkATSgpAE4oKQBPKCkAUCgpAFEoKQBSKCkAUygrADcAcuUpOCgpADkoKQA6KCkAOygp
709=ADwoKQA9KCkAPigpAD8oKQBAKCkAQSgpAEIoKQBDKCkARCgpAEUoKQBGKCkARygpAEgoKQ
710=BJKCkASigpAEsoKQBMKCkATSgpAE4oKQBPKCkAUCgpAFEoKQBSKCsAOABz7SY5KCkAOigp
711=ADsoKQA8KCkAPSgpAD4oKQA/KCkAQCgpAEEoKQBCKCkAQygpAEQoKQBFKCkARigpAEcoKQ
712=BIKCkASSgpAEooKQBLKCkATCgpAE0oKQBOKCkATygpAFAoKQBRKCsAOQB09SM6KCkAOygp
713=ADwoKQA9KCkAPigpAD8oKQBAKCkAQSgpAEIoKQBDKCkARCgpAEUoKQBGKCkARygpAEgoKQ
714=BJKCkASigpAEsoKQBMKCkATSgpAE4oKQBPKCkAUCgrADoAdf0gOygpADwoKQA9KCkAPigp
715=AD8oKQBAKCkAQSgpAEIoKQBDKCkARCgpAEUoKQBGKCkARygpAEgoKQBJKCkASigpAEsoKQ
716=BMKCkATSgpAE4oKQBPKCsAOwB25R48KCkAPSgpAD4oKQA/KCkAQCgpAEEoKQBCKCkAQygp
717=AEQoKQBFKCkARigpAEcoKQBIKCkASSgpAEooKQBLKCkATCgpAE0oKQBOKCsAPAB37Rs9KC
718=kAPigpAD8oKQBAKCkAQSgpAEIoKQBDKCkARCgpAEUoKQBGKCkARygpAEgoKQBJKCkASigp
719=AEsoKQBMKCkATSgrAD0AePUYPigpAD8oKQBAKCkAQSgpAEIoKQBDKCkARCgpAEUoKQBGKC
720=kARygpAEgoKQBJKCkASigpAEsoKQBMKCsAPgB5/RU/KCkAQCgpAEEoKQBCKCkAQygpAEQo
721=KQBFKCkARigpAEcoKQBIKCkASSgpAEooKQBLKCsAPwB65RNAKCkAQSgpAEIoKQBDKCkARC
722=gpAEUoKQBGKCkARygpAEgoKQBJKCkASigrAEAAe+0QQSgpAEIoKQBDKCkARCgpAEUoKQBG
723=KCkARygpAEgoKQBJKCsAQQB89Q1CKCkAQygpAEQoKQBFKCkARigpAEcoKQBIKCsAQgB9/Q
724=pDKCkARCgpAEUoKQBGKCkARygrAEMAfuUIRCgpAEUoKQBGKCsARAB/7AUIRQB/AP//AAAA
725=BAARAAA=

[LIONHS]
ROT=2
Ammo=1
Cost=2000
Name=Lionheart Bomber (SW)
Armor=f_lionh
Image=LIONH
Sight=0
Speed=32
Crewed=no
Points=100
UIName=NAME:LIONH
Fighter=yes
Primary=LionheartBomb2
Category=AirPower
Explodes=no
Landable=no
OmniFire=yes
PipScale=Ammo
Strength=10000
AuxSound1=IntruderTakeOff
AuxSound2=IntruderLanding
CloakStop=yes
Explosion=UNITEXPL1,UNITEXPL2,UNITEXPL3
Locomotor={4A582746-9839-11d1-B709-00A024DDAFD1}
MaxDebris=4
MinDebris=2
MoveSound=BlackEagleMoveLoop
TechLevel=11
Trainable=no
GuardRange=30
PitchAngle=0
PitchSpeed=1.1
DeathWeapon=AircraftDeathWeapon
ThreatPosed=20
CanRetaliate=no
ElitePrimary=LionheartBomb
MoveToShroud=yes
MovementZone=Fly
CrashingSound=IntruderDie
Insignia.Elite=dummy
RadarInvisible=yes
ImpactLandSound=GenAircraftCrash
ProtectedDriver=yes
Smoke.ChanceRed=0
CanPassiveAquire=no
Insignia.Veteran=dummy
SlowdownDistance=1500
Smoke.ChanceDead=0
PreventAttackMove=no
ConsideredAircraft=yes
SpecialThreatValue=1
Chronoshift.Crushable=no
DamageParticleSystems=SparkSys,SmallGreySSys
IsSelectableCombatant=no

[Lighting]
Red=1.100000
Blue=0.870000
Green=0.720000
Level=0.000000
Ground=0.000000
IonRed=1.000000
Ambient=0.540000
IonBlue=1.000000
IonGreen=1.000000
IonLevel=0.000000
IonGround=0.000000
IonAmbient=1.000000
DominatorRed=0.850000
DominatorBlue=0.300000
DominatorGreen=0.200000
DominatorLevel=0.000000
DominatorGround=0.000000
DominatorAmbient=1.500000
NukeAmbientChangeRate=1.500000
DominatorAmbientChangeRate=0.009000

[LionheartBomb2]
ROF=13
Ammo=1
Burst=1
Range=17.5
Speed=5
Bright=yes
Damage=160
Report=LionheartAttack
Warhead=LionheartWH
FireOnce=no
OmniFire=yes
Projectile=LionheartP
Strafing.Shots=5
CellRangefinding=yes

[Map]
Size=0,0,60,68
Theater=SNOW
LocalSize=2,6,49,52

[Neutral]
Name=Neutral
Side=Civilian
Color=Grey
Prefix=C
Suffix=CIV
SmartAI=yes
CostUnitsMult=1
ParentCountry=Neutral

[Neutral House]
IQ=5
Edge=North
Color=Grey
Allies=Neutral House
Country=Neutral
Credits=0
NodeCount=0
TechLevel=10
PercentBuilt=100
PlayerControl=no

[OuterHQ]
Name=OuterHQ
Side=ThirdSide
Color=Teal
Prefix=B
Suffix=Soviet
SmartAI=yes
CostUnitsMult=1
ParentCountry=PsiCorps

[OuterHQ House]
IQ=5
Edge=North
Color=Purple
Allies=OuterHQ House
Country=OuterHQ
Credits=5000000
NodeCount=0
TechLevel=10
PercentBuilt=100
PlayerControl=no

[OverlayDataPack]
1=BwAAIIEA/v8fAIATAAAggQD+ORwAgSb+/wEAgRX+xQEAgGYAACCBAPYAAIEl/v8BAIEp/v
2=4DAIEk/v8BAP8AAjoA/wACOQggAYICDP7/AQCBBf7+AQCCAgn+/QMAgQT+/gEAgQb/7AE/
3=EIUSKgAAKgAE/woCNA6DAAMI/vABAIIiDP8AAj8M/tABAIBZAAAggQD+NQIAgwYKDP78AQ
4=CEAgkAAf74AQCBBAAC/vwBAIMDCgn+DAIA//4BMwaBAP/6ATcE/v4DAIICCP4DAgCBAv/9
5=ATgCAAGBBf7/AQCBA/8EAjgS/r4FAIAHAAAggQD+/x8AgAcAACCBAP7/HwCABwAAIIEA/v
6=8fAIAHAAAggQD+/x8AgAcAACCBAP7/HwCABwAAIIEA/v8fAIAHAAAggQD+/x8AgAcAACCB
7=AP7/HwCABwAAIIEA/v8fAIAHAAAggQD+/x8AgAcAACCBAP7/HwCABwAAIIEA/v8fAIAHAA
8=AggQD+/x8AgAcAACCBAP7/HwCABwAAIIEA/v8fAIAHAAAggQD+/x8AgAcAACCBAP7/HwCA
9=BwAAIIEA/v8fAIAHAAAggQD+/x8AgAcAACCBAP7/HwCABwAAIIEA/v8fAIAHAAAggQD+/x
10=8AgAcAACCBAP7/HwCABwAAIIEA/v8fAIAHAAAggQD+/x8AgAcAACCBAP7/HwCABwAAIIEA
11=/v8fAIAHAAAggQD+/x8AgA==

[OverlayPack]
1=BwAAIIH//v8f/4AuAAAggf/+Mgb/gar+BwL/gbH++Av/galwC4Go/gIE/4H2/vcD/4Hz/v
2=8B///GATocgIUAACCB//YAAIHz/v8B//8AAjoA/v8B/4EBYAqBsf71Af8yAIGw/vkB/3QA
3=/uYB/4Gr0RUMggAA/v8B/2IA0ikM/uEB//8BAj4M/uQB/4Gt3yYO/vYB/8o+EIGu/tsB/4
4=GqwTcCwDoCEATQMhTXIxT+0wH/yEkW//IBPhCCAQH/8AE5Cv7gAf+AZAAAIIH/3gAAga9A
5=CIL5rv7/Af9SCQABgwAAADAJgar+9QH/Af5CADABgbD+6wH/zDYE/u8B/4Gtdfv+BgL///
6=gBMwhaDf8NAjMI/uoD//8FAjII/wECNxL/AQI9FP/3BUAM/ssB/4ATAAAggf/+QwL/ga7+
7=9QH/gbH+xRv/gAcAACCB//7/H/+ABwAAIIH//v8f/4AHAAAggf/+/x//gAcAACCB//7/H/
8=+ABwAAIIH//v8f/4AHAAAggf/+/x//gAcAACCB//7/H/+ABwAAIIH//v8f/4AHAAAggf/+
9=/x//gAcAACCB//7/H/+ABwAAIIH//v8f/4AHAAAggf/+/x//gAcAACCB//7/H/+ABwAAII
10=H//v8f/4AHAAAggf/+/x//gAcAACCB//7/H/+ABwAAIIH//v8f/4AHAAAggf/+/x//gAcA
11=ACCB//7/H/+ABwAAIIH//v8f/4AHAAAggf/+/x//gAcAACCB//7/H/+ABwAAIIH//v8f/4
12=AHAAAggf/+/x//gAcAACCB//7/H/+ABwAAIIH//v8f/4AHAAAggf/+/x//gA==

[Pacific]
Name=Pacific
Side=GDI
Color=AlliedLoad
Prefix=G
Suffix=Allied
SmartAI=yes
CostUnitsMult=1
ParentCountry=Pacific

[Pacific House]
IQ=5
Edge=North
Color=AlliedLoad
Allies=Pacific House
Country=Pacific
Credits=0
NodeCount=0
TechLevel=10
PercentBuilt=100
PlayerControl=no

[PsiCorps]
Name=PsiCorps
Side=ThirdSide
Color=Purple
Prefix=B
Suffix=Soviet
SmartAI=yes
CostUnitsMult=1
ParentCountry=PsiCorps

[PsiCorps House]
IQ=5
Edge=North
Color=Purple
Allies=PsiCorps House
Country=PsiCorps
Credits=0
NodeCount=0
TechLevel=10
PercentBuilt=100
PlayerControl=no

[ROADR]
Armor=special
Sight=11
Speed=0
Primary=none
DieSound=None
EVA.Lost=none
Explodes=no
MaxDebris=0
MinDebris=0
Secondary=none
CloakSound=none
Selectable=no
DeathWeapon=None
DecloakSound=none
IgnoresFirestorm=yes
HunterSeeker.Ignore=yes
AttachEffect.Animation=None

[SIEG]
Speed=8
DieSound=Dummy
Explodes=yes
Strength=750
TechLevel=11
DeathAnims=WARPAWAY
SelfHealing.Amount=2

[ScorpionCell]
Name=ScorpionCell
Side=ThirdSide
Color=Purple2
Prefix=B
Suffix=Soviet
SmartAI=yes
CostUnitsMult=1
ParentCountry=ScorpionCell

[ScorpionCell House]
IQ=5
Edge=North
Color=Purple2
Allies=ScorpionCell House
Country=ScorpionCell
Credits=0
NodeCount=0
TechLevel=10
PercentBuilt=100
PlayerControl=no

[ScriptTypes]
0=01000026
1=01000029
2=01000030
3=01000044
4=01000045
5=01000046
6=01000047
7=01000048
8=01000049
9=01000050
10=01000051
11=01000052
12=01000053
13=01000054
14=01000072
15=01000073
16=01000083
17=01000090
18=01000095
19=01000096
20=01000097
21=01000098
22=01000099
23=01000100
24=01000111

[Smudge]
0=CRATER05,44,45,0
1=BURNT05,47,42,0
2=CRATER04,51,35,0
3=BURNT04,57,31,0
4=CRATER09,54,34,0
5=CRATER03,52,29,0
6=CRATER08,55,29,0
7=BURNT08,52,40,0
8=BURNT04,41,35,0
9=CRATER07,44,33,0
10=CRATER11,49,27,0
11=BURNT09,48,35,0
12=CRATER03,48,39,0
13=CRATER03,56,33,0
14=CRATER02,39,35,0
15=CRATER06,57,40,0
16=BURNT09,49,48,0
17=BURNT05,45,29,0
18=CRATER04,35,47,0
19=BURNT03,33,42,0
20=BURNT06,33,44,0
21=CRATER03,40,49,0
22=CRATER08,44,39,0
23=BURNT06,44,43,0
24=BURNT10,48,44,0
25=CRATER11,50,42,0
26=BURNT06,41,30,0

[Special]
Name=Special
Side=Mutant
Color=Grey
Prefix=J
Suffix=JP
SmartAI=yes
CostUnitsMult=1
ParentCountry=Special

[Special House]
IQ=5
Edge=North
Color=Grey
Allies=Special House
Country=Special
Credits=0
NodeCount=0
TechLevel=10
PercentBuilt=100
PlayerControl=no

[SpecialFlags]
Inert=no
FogOfWar=no
IonStorms=no
MCVDeploy=no
Meteorites=no
Visceroids=yes
FixedAlliance=no
TiberiumGrows=yes
InitialVeteran=no
HarvesterImmune=no
TiberiumSpreads=yes
TiberiumExplosive=no
DestroyableBridges=yes

[Structures]
0=OuterHQ House,YARAIL,205,55,50,64,None,1,0,1,0,0,None,None,None,0,0
1=OuterHQ House,YAGGUN,256,50,46,224,None,1,0,1,0,0,None,None,None,1,0
2=OuterHQ House,FATRAP,256,80,95,64,None,1,0,1,0,0,None,None,None,0,0
3=Neutral House,CABARR01,256,81,49,64,None,1,0,1,0,0,None,None,None,0,0
4=Neutral House,CABARR02,256,58,43,64,None,1,0,1,0,0,None,None,None,0,0
5=OuterHQ House,YARAIL,178,61,44,64,None,1,0,1,0,0,None,None,None,0,0
6=Neutral House,INGALITE,256,53,51,64,None,1,0,1,0,0,None,None,None,0,0
7=Neutral House,INGALITE,256,62,42,64,None,1,0,1,0,0,None,None,None,0,0
8=OuterHQ House,YAGGUN,256,57,39,224,None,1,0,1,0,0,None,None,None,1,0
9=OuterHQ House,YARAIL,191,50,51,64,None,1,0,1,0,0,None,None,None,0,0
10=OuterHQ House,YARAIL,205,62,39,64,None,1,0,1,0,0,None,None,None,0,0
11=Neutral House,CABARR02,256,54,47,64,None,1,0,1,0,0,None,None,None,0,0
12=OuterHQ House,YASPOT,256,78,29,192,None,1,0,1,0,1,None,None,None,0,0
13=Neutral House,YASPOT,52,59,31,0,None,1,0,1,0,0,None,None,None,0,0
14=Neutral House,CABUNK03,256,47,47,64,None,1,0,1,0,0,None,None,None,0,0
15=Neutral House,CABUNK04,256,58,36,64,None,1,0,1,0,0,None,None,None,0,0
16=OuterHQ House,CAMISC0X,256,49,47,64,None,1,0,1,0,0,None,None,None,0,0
17=OuterHQ House,CAMISC02B,256,51,47,64,None,1,0,1,0,0,None,None,None,0,0
18=OuterHQ House,CAMISC02,256,58,39,64,None,1,0,1,0,0,None,None,None,0,0
19=OuterHQ House,CAMISC02B,256,59,39,64,None,1,0,1,0,0,None,None,None,0,0
20=OuterHQ House,CAMISC0X,256,50,50,64,None,1,0,1,0,0,None,None,None,0,0
21=OuterHQ House,CAMISC01B,256,60,41,64,None,1,0,1,0,0,None,None,None,0,0
22=OuterHQ House,CAMISC01,256,53,49,64,None,1,0,1,0,0,None,None,None,0,0
23=OuterHQ House,CAMISC0X,256,51,49,64,None,1,0,1,0,0,None,None,None,0,0
24=OuterHQ House,CAMISC02,256,59,43,64,None,1,0,1,0,0,None,None,None,0,0
25=Neutral House,CABARR01,256,61,56,64,None,1,0,1,0,0,None,None,None,0,0
26=OuterHQ House,YAGGUN,256,62,54,224,None,1,0,1,0,0,None,None,None,1,0
27=OuterHQ House,YAPOWR,256,63,60,64,None,1,0,1,0,0,None,None,None,0,0
28=OuterHQ House,YAPOWR,256,59,59,64,None,1,0,1,0,0,None,None,None,0,0
29=OuterHQ House,YAPOWR,256,61,61,64,None,1,0,1,0,0,None,None,None,0,0
30=OuterHQ House,CAMISC0X,256,62,59,64,None,1,0,1,0,0,None,None,None,0,0
31=Neutral House,CABARR02,256,63,44,64,None,1,0,1,0,0,None,None,None,0,0

[Tags]
01000001=0,AI Auto Production Euro Alliance House,01000000
01000003=0,AI Auto Production Pacific Front House,01000002
01000005=0,AI Auto Production Russia House,01000004
01000007=0,AI Auto Production Confederation House,01000006
01000009=0,AI Auto Production Chinese House,01000008
01000011=0,AI Auto Production PsiCorps House,01000010
01000013=0,AI Auto Production Scorpion Cell House,01000012
01000015=0,AI Auto Production Headquarters House,01000014
01000017=0,AI Auto Production Haihead House,01000016
01000019=0,AI Auto Production Wings of Coronia 1,01000018
01000021=0,AI Auto Production Last Bastion House,01000020
01000023=0,AI Auto Production Civilian House,01000022
01000025=0,AI Auto Production JP House,01000024
01000035=0,[INTRO] Reveal Start 1,01000034
01000037=0,[INTRO] Cudas 1,01000036
01000039=0,[INTRO] Lionheart 1,01000038
01000067=0,[INTRO] EU Player Reinf1 1,01000066
01000069=0,[INTRO] EU Player Reinf2 1,01000068
01000077=0,[INTRO] ORCA vs Barrells 1,01000076
01000079=0,[INTRO] Control Offline 1,01000078
01000081=0,[INTRO] Control Online 1,01000080
01000086=0,[SETUP] Bunkers 1,01000085
01000088=0,[INTRO] Establish Control 1,01000087
01000093=0,[INTRO] EU T1 Chrono 1,01000092
01000108=0,[INTRO] Thors Wave 1,01000107
01000110=0,[SETUP] Kill The Ball 1,01000109
01000116=0,[INTRO] CA Paradrops 1,01000115
01000121=0,[INTRO] Send Disks 1,01000120

[TaskForces]
0=01000027
1=01000028
2=01000040
3=01000041
4=01000042
5=01000043
6=01000070
7=01000071
8=01000082
9=01000089
10=01000094
11=01000112
12=01000117

[TeamTypes]
0=01000031
1=01000032
2=01000033
3=01000055
4=01000056
5=01000057
6=01000058
7=01000059
8=01000060
9=01000061
10=01000062
11=01000063
12=01000064
13=01000065
14=01000074
15=01000075
16=01000084
17=01000091
18=01000101
19=01000102
20=01000103
21=01000104
22=01000105
23=01000106
24=01000113
25=01000114
26=01000118
27=01000119

[Triggers]
01000000=Europeans,<none>,AI Auto Production Euro Alliance,0,1,1,1,0
01000002=Pacific,<none>,AI Auto Production Pacific Front,0,1,1,1,0
01000004=USSR,<none>,AI Auto Production Russia,0,1,1,1,0
01000006=Latin,<none>,AI Auto Production Confederation,0,1,1,1,0
01000008=Chinese,<none>,AI Auto Production Chinese,0,1,1,1,0
01000010=PsiCorps,<none>,AI Auto Production PsiCorps,0,1,1,1,0
01000012=ScorpionCell,<none>,AI Auto Production Scorpion Cell,0,1,1,1,0
01000014=Headquaters,<none>,AI Auto Production Headquarters,0,1,1,1,0
01000016=Guild1,<none>,AI Auto Production Haihead,0,1,1,1,0
01000018=Guild2,<none>,AI Auto Production Wings of Coronia,0,1,1,1,0
01000020=Guild3,<none>,AI Auto Production Last Bastion,0,1,1,1,0
01000022=Neutral,<none>,AI Auto Production Civilian,0,1,1,1,0
01000024=Special,<none>,AI Auto Production JP,0,1,1,1,0
01000034=UnitedStates,<none>,[INTRO] Reveal Start,0,1,1,1,0
01000036=UnitedStates,<none>,[INTRO] Cudas,1,1,1,1,0
01000038=UnitedStates,<none>,[INTRO] Lionheart,1,1,1,1,0
01000066=UnitedStates,<none>,[INTRO] EU Player Reinf1,0,1,1,1,0
01000068=UnitedStates,<none>,[INTRO] EU Player Reinf2,1,1,1,1,0
01000076=UnitedStates,<none>,[INTRO] ORCA vs Barrells,1,1,1,1,0
01000078=UnitedStates,<none>,[INTRO] Control Offline,0,1,1,1,0
01000080=UnitedStates,<none>,[INTRO] Control Online,1,1,1,1,0
01000085=UnitedStates,<none>,[SETUP] Bunkers,0,1,1,1,0
01000087=UnitedStates,<none>,[INTRO] Establish Control,0,1,1,1,0
01000092=UnitedStates,<none>,[INTRO] EU T1 Chrono,1,1,1,1,0
01000107=UnitedStates,<none>,[INTRO] Thors Wave,1,1,1,1,0
01000109=UnitedStates,<none>,[SETUP] Kill The Ball,0,1,1,1,0
01000115=UnitedStates,<none>,[INTRO] CA Paradrops,0,1,1,1,0
01000120=UnitedStates,<none>,[INTRO] Send Disks,1,1,1,1,0

[USSR]
Name=USSR
Side=Nod
Color=SovietLoad
Prefix=B
Suffix=Soviet
SmartAI=yes
CostUnitsMult=1
ParentCountry=USSR

[USSR House]
IQ=5
Edge=North
Color=SovietLoad
Allies=USSR House
Country=USSR
Credits=0
NodeCount=0
TechLevel=10
PercentBuilt=100
PlayerControl=no

[UnitedStates]
Name=UnitedStates
Side=GDI
Color=AlliedLoad
Prefix=G
Suffix=Allied
SmartAI=yes
CostUnitsMult=1
ParentCountry=UnitedStates

[UnitedStates House]
IQ=0
Edge=North
Color=AlliedLoad
Allies=AllyOffmap House
Country=UnitedStates
Credits=0
NodeCount=0
TechLevel=10
PercentBuilt=100
PlayerControl=yes

[Units]
0=OuterHQ House,STNK,205,51,48,224,Area Guard,None,0,-1,0,-1,1,0
1=OuterHQ House,STNK,205,53,47,224,Area Guard,None,0,-1,0,-1,1,0
2=OuterHQ House,STNK,205,58,42,224,Area Guard,None,0,-1,0,-1,1,0
3=OuterHQ House,STNK,205,59,40,224,Area Guard,None,0,-1,0,-1,1,0
4=OuterHQ House,DEVO,154,55,46,224,Area Guard,None,0,-1,0,-1,1,0
5=OuterHQ House,DEVO,154,57,44,224,Area Guard,None,0,-1,0,-1,1,0
6=OuterHQ House,YTNK,256,57,48,224,Guard,None,0,-1,0,-1,1,0
7=OuterHQ House,YTNK,256,59,46,224,Guard,None,0,-1,0,-1,1,0
8=OuterHQ House,MARA,256,55,44,224,Guard,None,0,-1,0,-1,1,0
9=OuterHQ House,MARA,256,59,48,224,Guard,None,0,-1,0,-1,1,0
10=OuterHQ House,DEVO,154,65,54,224,Area Guard,None,0,-1,0,-1,1,0
11=OuterHQ House,DEVO,154,56,58,224,Area Guard,None,0,-1,0,-1,1,0
12=OuterHQ House,PLAG,256,59,56,224,Guard,None,0,-1,0,-1,1,0
13=OuterHQ House,PLAG,256,62,51,224,Guard,None,0,-1,0,-1,1,0
14=OuterHQ House,PLAG,256,63,56,224,Guard,None,0,-1,0,-1,1,0
15=UnitedStates House,ROADR,256,54,43,64,Sleep,01000110,0,-1,0,-1,1,0
16=OuterHQ House,DISK,256,70,59,224,Area Guard,None,0,-1,0,-1,1,0
17=OuterHQ House,DISK,256,69,56,224,Area Guard,None,0,-1,0,-1,1,0
18=OuterHQ House,DISK,256,67,58,224,Area Guard,None,0,-1,0,-1,1,0
19=OuterHQ House,DISK,256,54,65,224,Area Guard,None,0,-1,0,-1,1,0
20=OuterHQ House,DISK,256,51,63,224,Area Guard,None,0,-1,0,-1,1,0
21=OuterHQ House,DISK,256,52,66,224,Area Guard,None,0,-1,0,-1,1,0
22=OuterHQ House,STNK,205,50,58,32,Area Guard,None,0,-1,0,-1,1,0
23=OuterHQ House,STNK,205,53,60,32,Area Guard,None,0,-1,0,-1,1,0
24=OuterHQ House,STNK,205,66,57,224,Area Guard,None,0,-1,0,-1,1,0
25=OuterHQ House,STNK,205,68,55,224,Area Guard,None,0,-1,0,-1,1,0

[Waypoints]
0=29040
1=46057
2=42030
3=35035
4=47047
5=24046
6=36058
7=48059
8=28041
9=33046
10=29039
11=35045
12=26042
13=32048
14=30038
15=35043
16=32038
17=37043
18=25043
19=30048
20=24044
21=30050
22=37045
23=36047
24=27042
25=34049
26=32050
27=49054
28=43060
29=33037
30=47051
31=25045
32=39059
33=49047
34=36060
35=35048
36=43049
37=36056
38=39045
39=37047
40=34050
41=32052
42=36044
43=31049
44=39051
45=78051
46=57052
47=73077
48=48064
49=64052
50=57068
98=89059
99=88059

[WeaponTypes]
3000=LionheartBomb2

[Digest]
1=IUCd1GNvkd7bPX/frTD6HpU8WXk=
