; Map created with FinalAlert 2(tm) Mission Editor
; Get it at http://www.westwood.com
; note that all comments were truncated

; This FA2 uses FA2sp created by secsome
; Get the lastest dll at https://github.com/secsome/FA2sp
; Current version : 1.5.2

[Actions]
01000000=3,3,0,0,0,0,0,0,A,13,0,0,0,0,0,0,A,74,0,0,0,0,0,0,A
01000002=3,3,0,1,0,0,0,0,A,13,0,1,0,0,0,0,A,74,0,1,0,0,0,0,A
01000004=3,3,0,2,0,0,0,0,A,13,0,2,0,0,0,0,A,74,0,2,0,0,0,0,A
01000006=3,3,0,3,0,0,0,0,A,13,0,3,0,0,0,0,A,74,0,3,0,0,0,0,A
01000008=3,3,0,4,0,0,0,0,A,13,0,4,0,0,0,0,A,74,0,4,0,0,0,0,A
01000010=3,3,0,5,0,0,0,0,A,13,0,5,0,0,0,0,A,74,0,5,0,0,0,0,A
01000012=3,3,0,6,0,0,0,0,A,13,0,6,0,0,0,0,A,74,0,6,0,0,0,0,A
01000014=3,3,0,8,0,0,0,0,A,13,0,8,0,0,0,0,A,74,0,8,0,0,0,0,A
01000016=3,3,0,9,0,0,0,0,A,13,0,9,0,0,0,0,A,74,0,9,0,0,0,0,A
01000018=3,3,0,10,0,0,0,0,A,13,0,10,0,0,0,0,A,74,0,10,0,0,0,0,A
01000020=3,3,0,11,0,0,0,0,A,13,0,11,0,0,0,0,A,74,0,11,0,0,0,0,A
01000022=3,3,0,12,0,0,0,0,A,13,0,12,0,0,0,0,A,74,0,12,0,0,0,0,A
01000024=3,3,0,13,0,0,0,0,A,13,0,13,0,0,0,0,A,74,0,13,0,0,0,0,A

[Basic]
Name=No name
Player=ScorpionCell House
Percent=0
GameMode=standard
HomeCell=98
InitTime=10000
Official=no
EndOfGame=no
FreeRadar=no
MaxPlayer=2
MinPlayer=2
SkipScore=no
TrainCrate=no
TruckCrate=no
AltHomeCell=99
OneTimeOnly=no
CarryOverCap=0
NewINIFormat=4
NextScenario=
SkipMapSelect=no
CarryOverMoney=0.000000
AltNextScenario=
MultiplayerOnly=0
IceGrowthEnabled=yes
VeinGrowthEnabled=yes
TiberiumGrowthEnabled=yes
IgnoreGlobalAITriggers=no
TiberiumDeathToVisceroid=no

[BioTanks]
Name=BioTanks
Side=ThirdSide
Color=Purple
Prefix=B
Suffix=Soviet
SmartAI=yes
CostUnitsMult=1
ParentCountry=PsiCorps

[BioTanks House]
IQ=0
Edge=West
Color=Purple
Allies=BioTanks House,GDI
Country=BioTanks
Credits=500
NodeCount=0
TechLevel=10
PercentBuilt=100
PlayerControl=no

[Chinese]
Name=Chinese
Side=Nod
Color=SovietLoad
Prefix=B
Suffix=Soviet
SmartAI=yes
CostUnitsMult=1
ParentCountry=Chinese

[Chinese House]
IQ=5
Edge=North
Color=SovietLoad
Allies=Chinese House
Country=Chinese
Credits=0
NodeCount=0
TechLevel=10
PercentBuilt=100
PlayerControl=no

[Countries]
0=UnitedStates
1=Europeans
2=Pacific
3=USSR
4=Latin
5=Chinese
6=PsiCorps
7=ScorpionCell
8=Headquaters
9=Guild1
10=Guild2
11=Guild3
12=Neutral
13=Special
14=BioTanks

[Europeans]
Name=Europeans
Side=GDI
Color=AlliedLoad
Prefix=G
Suffix=Allied
SmartAI=yes
CostUnitsMult=1
ParentCountry=Europeans

[Europeans House]
IQ=5
Edge=North
Color=AlliedLoad
Allies=Europeans House
Country=Europeans
Credits=0
NodeCount=0
TechLevel=10
PercentBuilt=100
PlayerControl=no

[Events]
01000000=1,13,0,10
01000002=1,13,0,10
01000004=1,13,0,10
01000006=1,13,0,10
01000008=1,13,0,10
01000010=1,13,0,10
01000012=1,13,0,10
01000014=1,13,0,10
01000016=1,13,0,10
01000018=1,13,0,10
01000020=1,13,0,10
01000022=1,13,0,10
01000024=1,13,0,10

[FA2spVersionControl]
Version=43

[Guild1]
Name=Guild1
Side=FourthSide
Color=Teal
Prefix=B
Suffix=Soviet
SmartAI=yes
CostUnitsMult=1
ParentCountry=Guild1

[Guild1 House]
IQ=5
Edge=North
Color=Teal
Allies=Guild1 House
Country=Guild1
Credits=0
NodeCount=0
TechLevel=10
PercentBuilt=100
PlayerControl=no

[Guild2]
Name=Guild2
Side=FourthSide
Color=Teal
Prefix=B
Suffix=Soviet
SmartAI=yes
CostUnitsMult=1
ParentCountry=Guild2

[Guild2 House]
IQ=5
Edge=North
Color=Teal
Allies=Guild2 House
Country=Guild2
Credits=0
NodeCount=0
TechLevel=10
PercentBuilt=100
PlayerControl=no

[Guild3]
Name=Guild3
Side=FourthSide
Color=Teal
Prefix=B
Suffix=Soviet
SmartAI=yes
CostUnitsMult=1
ParentCountry=Guild3

[Guild3 House]
IQ=5
Edge=North
Color=Teal
Allies=Guild3 House
Country=Guild3
Credits=0
NodeCount=0
TechLevel=10
PercentBuilt=100
PlayerControl=no

[Headquaters]
Name=Headquaters
Side=ThirdSide
Color=Purple3
Prefix=B
Suffix=Soviet
SmartAI=yes
CostUnitsMult=1
ParentCountry=Headquaters

[Headquaters House]
IQ=5
Edge=North
Color=Purple3
Allies=Headquaters House
Country=Headquaters
Credits=0
NodeCount=0
TechLevel=10
PercentBuilt=100
PlayerControl=no

[Houses]
0=UnitedStates House
1=Europeans House
2=Pacific House
3=USSR House
4=Latin House
5=Chinese House
6=PsiCorps House
7=ScorpionCell House
8=Headquaters House
9=Guild1 House
10=Guild2 House
11=Guild3 House
12=Neutral House
13=Special House
14=BioTanks House

[Infantry]
0=BioTanks House,BRUTE,205,82,73,0,Area Guard,224,None,0,-1,0,1,0
1=BioTanks House,BRUTE,205,101,66,0,Area Guard,224,None,0,-1,0,1,0
2=BioTanks House,BRUTE,205,93,64,0,Area Guard,224,None,0,-1,0,1,0
3=BioTanks House,BRUTE,205,98,66,1,Area Guard,224,None,0,-1,0,1,0
4=BioTanks House,INIT,256,83,64,0,Area Guard,0,None,0,-1,0,1,0
5=BioTanks House,INIT,256,79,67,0,Area Guard,0,None,0,-1,0,1,0
6=BioTanks House,INIT,256,84,66,0,Area Guard,0,None,0,-1,0,1,0
7=BioTanks House,INIT,256,75,66,0,Area Guard,0,None,0,-1,0,1,0
8=BioTanks House,KAOS,256,96,67,0,Area Guard,224,None,0,-1,0,1,0
9=BioTanks House,KAOS,256,95,64,0,Area Guard,224,None,0,-1,0,1,0
10=BioTanks House,KAOS,256,89,66,2,Area Guard,224,None,0,-1,0,1,0
11=BioTanks House,KAOS,256,91,65,0,Area Guard,224,None,0,-1,0,1,0

[IsoMapPack5]
1=1QsAIAABUAABAP//AAAABABPAAIA//8AAEkBUCgpAFEoKwBOAAPhBE8oKQBQKCkAUSgpAF
2=IoKQBNQArdCk4oKQBPKCkAUCgpAFEoKQBSKCkAUygrAEwABe0QTSgpAE4oKQBPKCkAUCgp
3=AFEoKQBSKCkAUygpAFQoKwBLAAbpDEwoKQBNKCkATigpAE8oKQBQKCkAUSgpAFIoKQBTKC
4=kAVCgpAFUoKwBKAAfhD0soKQBMKCkATSgpAE4oKQBPKCkAUCgpAFEoKQBSKCkAUygpAFQo
5=KQBVKCkAVigrAEkACPkRSigpAEsoKQBMKCkATSgpAE4oKQBPKCkAUCgpAFEoKQBSKCkAUy
6=gpAFQoKQBVKCkAVigpAFcoKwBIAAnxFEkoKQBKKCkASygpAEwoKQBNKCkATigpAE8oKQBQ
7=KCkAUSgpAFIoKQBTKCkAVCgpAFUoKQBWKCkAVygpAFgoKwBHAArpF0goKQBJKCkASigpAE
8=soKQBMKCkATSgpAE4oKQBPKCkAUCgpAFEoKQBSKCkAUygpAFQoKQBVKCkAVigpAFcoKQBY
9=KCkAWSgrAEYAC+EaRygpAEgoKQBJKCkASigpAEsoKQBMKCkATSgpAE4oKQBPKCkAUCgpAF
10=EoKQBSKCkAUygpAFQoKQBVKCkAVigpAFcoKQBYKCkAWSgpAFooKwBFAAz5HEYoKQBHKCkA
11=SCgpAEkoKQBKKCkASygpAEwoKQBNKCkATigpAE8oKQBQKCkAUSgpAFIoKQBTKCkAVCgpAF
12=UoKQBWKCkAVygpAFgoKQBZKCkAWigpAFsoKwBEAA3xH0UoKQBGKCkARygpAEgoKQBJKCkA
13=SigpAEsoKQBMKCkATSgpAE4oKQBPKCkAUCgpAFEoKQBSKCkAUygpAFQoKQBVKCkAVigpAF
14=coKQBYKCkAWSgpAFooKQBbKCkAXCgrAEMADukiRCgpAEUoKQBGKCkARygpAEgoKQBJKCkA
15=SigpAEsoKQBMKCkATSgpAE4oKQBPKCkAUCgpAFEoKQBSKCkAUygpAFQoKQBVKCkAVigpAF
16=coKQBYKCkAWSgpAFooKQBbKCkAXCgpAF0oKwBCAA/hJUMoKQBEKCkARSgpAEYoKQBHKCkA
17=SCgpAEkoKQBKKCkASygpAEwoKQBNKCkATigpAE8oKQBQKCkAUSgpAFIoKQBTKCkAVCgpAF
18=UoKQBWKCkAVygpAFgoKQBZKCkAWigpAFsoKQBcKCkAXSgpAF4oKwBBABD5J0IoKQBDKCkA
19=RCgpAEUoKQBGKCkARygpAEgoKQBJKCkASigpAEsoKQBMKCkATSgpAE4oKQBPKCkAUCgpAF
20=EoKQBSKCkAUygpAFQoKQBVKCkAVigpAFcoKQBYKCkAWSgpAFooKQBbKCkAXCgpAF0oKQBe
21=KCkAXygrAEAAEfEqQSgpAEIoKQBDKCkARCgpAEUoKQBGKCkARygpAEgoKQBJKCkASigpAE
22=soKQBMKCkATSgpAE4oKQBPKCkAUCgpAFEoKQBSKCkAUygpAFQoKQBVKCkAVigpAFcoKQBY
23=KCkAWSgpAFooKQBbKCkAXCgpAF0oKQBeKCkAXygpAGAoKwA/ABLpLUAoKQBBKCkAQigpAE
24=MoKQBEKCkARSgpAEYoKQBHKCkASCgpAEkoKQBKKCkASygpAEwoKQBNKCkATigpAE8oKQBQ
25=KCkAUSgpAFIoKQBTKCkAVCgpAFUoKQBWKCkAVygpAFgoKQBZKCkAWigpAFsoKQBcKCkAXS
26=gpAF4oKQBfKCkAYCgpAGEoKwA+ABPhMD8oKQBAKCkAQSgpAEIoKQBDKCkARCgpAEUoKQBG
27=KCkARygpAEgoKQBJKCkASigpAEsoKQBMKCkATSgpAE4oKQBPKCkAUCgpAFEoKQBSKCkAUy
28=gpAFQoKQBVKCkAVigpAFcoKQBYKCkAWSgpAFooKQBbKCkAXCgpAF0oKQBeKCkAXygpAGAo
29=KQBhKCkAYigrAD0AFPkyPigpAD8oKQBAKCkAQSgpAEIoKQBDKCkARCgpAEUoKQBGKCkARy
30=gpAEgoKQBJKCkASigpAEsoKQBMKCkATSgpAE4oKQBPKCkAUCgpAFEoKQBSKCkAUygpAFQo
31=KQBVKCkAVigpAFcoKQBYKCkAWSgpAFooKQBbKCkAXCgpAF0oKQBeKCkAXygpAGAoKQBhKC
32=kAYigpAGMoKwA8ABXxNT0oKQA+KCkAPygpAEAoKQBBKCkAQigpAEMoKQBEKCkARSgpAEYo
33=KQBHKCkASCgpAEkoKQBKKCkASygpAEwoKQBNKCkATigpAE8oKQBQKCkAUSgpAFIoKQBTKC
34=kAVCgpAFUoKQBWKCkAVygpAFgoKQBZKCkAWigpAFsoKQBcKCkAXSgpAF4oKQBfKCkAYCgp
35=AGEoKQBiKCkAYygpAGQoKwA7ABbpODwoKQA9KCkAPigpAD8oKQBAKCkAQSgpAEIoKQBDKC
36=kARCgpAEUoKQBGKCkARygpAEgoKQBJKCkASigpAEsoKQBMKCkATSgpAE4oKQBPKCkAUCgp
37=AFEoKQBSKCkAUygpAFQoKQBVKCkAVigpAFcoKQBYKCkAWSgpAFooKQBbKCkAXCgpAF0oKQ
38=BeKCkAXygpAGAoKQBhKCkAYigpAGMoKQBkKCkAZSgrADoAF+E7OygpADwoKQA9KCkAPigp
39=AD8oKQBAKCkAQSgpAEIoKQBDKCkARCgpAEUoKQBGKCkARygpAEgoKQBJKCkASigpAEsoKQ
40=BMKCkATSgpAE4oKQBPKCkAUCgpAFEoKQBSKCkAUygpAFQoKQBVKCkAVigpAFcoKQBYKCkA
41=WSgpAFooKQBbKCkAXCgpAF0oKQBeKCkAXygpAGAoKQBhKCkAYigpAGMoKQBkKCkAZSgpAG
42=YoKwA5ABj5PTooKQA7KCkAPCgpAD0oKQA+KCkAPygpAEAoKQBBKCkAQigpAEMoKQBEKCkA
43=RSgpAEYoKQBHKCkASCgpAEkoKQBKKCkASygpAEwoKQBNKCkATigpAE8oKQBQKCkAUSgpAF
44=IoKQBTKCkAVCgpAFUoKQBWKCkAVygpAFgoKQBZKCkAWigpAFsoKQBcKCkAXSgpAF4oKQBf
45=KCkAYCgpAGEoKQBiKCkAYygpAGQoKQBlKCkAZigpAGcoKwA4ABnxQDkoKQA6KCkAOygpAD
46=woKQA9KCkAPigpAD8oKQBAKCkAQSgpAEIoKQBDKCkARCgpAEUoKQBGKCkARygpAEgoKQBJ
47=KCkASigpAEsoKQBMKCkATSgpAE4oKQBPKCkAUCgpAFEoKQBSKCkAUygpAFQoKQBVKCkAVi
48=gpAFcoKQBYKCkAWSgpAFooKQBbKCkAXCgpAF0oKQBeKCkAXygpAGAoKQBhKCkAYigpAGMo
49=KQBkKCkAZSgpAGYoKQBnKCkAaCgrADcAGulDOCgpADkoKQA6KCkAOygpADwoKQA9KCkAPi
50=gpAD8oKQBAKCkAQSgpAEIoKQBDKCkARCgpAEUoKQBGKCkARygpAEgoKQBJKCkASigpAEso
51=KQBMKCkATSgpAE4oKQBPKCkAUCgpAFEoKQBSKCkAUygpAFQoKQBVKCkAVigpAFcoKQBYKC
52=kAWSgpAFooKQBbKCkAXCgpAF0oKQBeKCkAXygpAGAoKQBhKCkAYigpAGMoKQBkKCkAZSgp
53=AGYoKQBnKCkAaCgpAGkoKwA2ABvhRjcoKQA4KCkAOSgpADooKQA7KCkAPCgpAD0oKQA+KC
54=kAPygpAEAoKQBBKCkAQigpAEMoKQBEKCkARSgpAEYoKQBHKCkASCgpAEkoKQBKKCkASygp
55=AEwoKQBNKCkATigpAE8oKQBQKCkAUSgpAFIoKQBTKCkAVCgpAFUoKQBWKCkAVygpAFgoKQ
56=BZKCkAWigpAFsoKQBcKCkAXSgpAF4oKQBfKCkAYCgpAGEoKQBiKCkAYygpAGQoKQBlKCkA
57=ZigpAGcoKQBoKCkAaSgpAGooKwA1ABz5SDYoKQA3KCkAOCgpADkoKQA6KCkAOygpADwoKQ
58=A9KCkAPigpAD8oKQBAKCkAQSgpAEIoKQBDKCgABUQAHAD//wAAEQAAwQsAIAgABABFABwA
59=//8AAEgBAUYAHADJAUcoKQBIKCkASSgpAEooKQBLKCkATCgpAE0oKQBOKCkATygpAFAoKQ
60=BRKCkAUigpAFMoKQBUKCkAVSgpAFYoKQBXKCkAWCgpAFkoKQBaKCkAWygpAFwoKQBdKCkA
61=XigpAF8oKQBgKCkAYSgpAGIoKQBjKCkAZCgpAGUoKQBmKCkAZygpAGgoKQBpKCkAaigpAG
62=soKwA0AB3lNDUoKQA2KCkANygpADgoKQA5KCkAOigpADsoKQA8KCkAPSgpAD4oKQA/KCkA
63=QCgpAEEoKQBCKCkAQygpAEQoKQBFKCkARigpAEcoKQBIKCkASSgpAEooKQBLKCkATCgpAE
64=0oKQBOKCkATygpAFAoKQBRKCkAUigpAFMoKQBUKCkAVSgpAFYoKQBXKCkAWCgpAFkoKQBa
65=KCkAWygpAFwoKQBdKCkAXigpAF8oKQBgKCkAYSgpAGIoKQBjKCkAZCgpAGUoKQBmKCkAZy
66=gpAGgoKQBpKCkAaigpAGsoKQBsKCsAMwAe6U40KCkANSgpADYoKQA3KCkAOCgpADkoKQA6
67=KCkAOygpADwoKQA9KCkAPigpAD8oKQBAKCkAQSgpAEIoKQBDKCkARCgpAEUoKQBGKCkARy
68=gpAEgoKQBJKCkASigpAEsoKQBMKCkATSgpAE4oKQBPKCkAUCgpAFEoKQBSKCkAUygpAFQo
69=KQBVKCkAVigpAFcoKQBYKCkAWSgpAFooKQBbKCkAXCgpAF0oKQBeKCkAXygpAGAoKQBhKC
70=kAYigpAGMoKQBkKCkAZSgpAGYoKQBnKCkAaCgpAGkoKQBqKCkAaygpAGwoKQBtKCsAMgAf
71=4VEzKCkANCgpADUoKQA2KCkANygpADgoKQA5KCkAOigpADsoKQA8KCkAPSgpAD4oKQA/KC
72=kAQCgpAEEoKQBCKCkAQygpAEQoKQBFKCkARigpAEcoKQBIKCkASSgpAEooKQBLKCkATCgp
73=AE0oKQBOKCkATygpAFAoKQBRKCkAUigpAFMoKQBUKCkAVSgpAFYoKQBXKCkAWCgpAFkoKQ
74=BaKCkAWygpAFwoKQBdKCkAXigpAF8oKQBgKCkAYSgpAGIoKQBjKCkAZCgpAGUoKQBmKCkA
75=ZygpAGgoKQBpKCkAaigpAGsoKQBsKCkAbSgpAG4oKwAxACD5UzIoKQAzKCkANCgpADUoKQ
76=A2KCkANygpADgoKQA5KCkAOigpADsoKQA8KCkAPSgpAD4oKQA/KCkAQCgpAEEoKQBCKCkA
77=QygpAEQoKQBFKCkARigpAEcoKQBIKCkASSgpAEooKQBLKCkATCgpAE0oKQBOKCkATygpAF
78=AoKQBRKCkAUigpAFMoKQBUKCkAVSgpAFYoKQBXKCkAWCgpAFkoKQBaKCkAWygpAFwoKQBd
79=KCkAXigpAF8oKQBgKCkAYSgpAGIoKQBjKCkAZCgpAGUoKQBmKCkAZygpAGgoKQBpKCkAai
80=gpAGsoKQBsKCkAbSgpAG4oKQBvKCsAMAAh8VYxKCkAMigpADMoKQA0KCkANSgpADYoKQA3
81=KCkAOCgpADkoKQA6KCkAOygpADwoKQA9KCkAPigpAD8oKQBAKCkAQSgpAEIoKQBDKCkARC
82=gpAEUoKQBGKCkARygpAEgoKQBJKCkASigpAEsoKQBMKCkATSgpAE4oKQBPKCkAUCgpAFEo
83=KQBSKCkAUygpAFQoKQBVKCkAVigpAFcoKQBYKCkAWSgpAFooKQBbKCkAXCgpAF0oKQBeKC
84=kAXygpAGAoKQBhKCkAYigpAGMoKQBkKCkAZSgpAGYoKQBnKCkAaCgpAGkoKQBqKCkAaygp
85=AGwoKQBtKCkAbigpAG8oKQBwKCsALwAi6VkwKCkAMSgpADIoKQAzKCkANCgpADUoKQA2KC
86=kANygpADgoKQA5KCkAOigpADsoKQA8KCkAPSgpAD4oKQA/KCkAQCgpAEEoKQBCKCkAQygp
87=AEQoKQBFKCkARigpAEcoKQBIKCkASSgpAEooKQBLKCkATCgpAE0oKQBOKCkATygpAFAoKQ
88=BRKCkAUigpAFMoKQBUKCkAVSgpAFYoKQBXKCkAWCgpAFkoKQBaKCkAWygpAFwoKQBdKCkA
89=XigpAF8oKQBgKCkAYSgpAGIoKQBjKCkAZCgpAGUoKQBmKCkAZygpAGgoKQBpKCkAaigpAG
90=soKQBsKCkAbSgpAG4oKQBvKCkAcCgpAHEoKwAuACPhXC8oKQAwKCkAMSgpADIoKQAzKCkA
91=NCgpADUoKQA2KCkANygpADgoKQA5KCkAOigpADsoKQA8KCkAPSgpAD4oKQA/KCkAQCgpAE
92=EoKQBCKCkAQygpAEQoKQBFKCkARigpAEcoKQBIKCkASSgpAEooKQBLKCkATCgpAE0oKQBO
93=KCkATygpAFAoKQBRKCkAUigpAFMoKQBUKCkAVSgpAFYoKQBXKCkAWCgpAFkoKQBaKCkAWy
94=gpAFwoKQBdKCkAXigpAF8oKQBgKCkAYSgpAGIoKQBjKCkAZCgpAGUoKQBmKCkAZygpAGgo
95=KQBpKCkAaigpAGsoKQBsKCkAbSgpAG4oKQBvKCkAcCgpAHEoKQByKCsALQAk+V4uKCkALy
96=gpADAoKQAxKCkAMigpADMoKQA0KCkANSgpADYoKQA3KCkAOCgpADkoKQA6KCkAOygpADwo
97=KQA9KCkAPigpAD8oKQBAKCkAQSgpAEIoKQBDKCkARCgpAEUoKQBGKCkARygpAEgoKQBJKC
98=kASigpAEsoKQBMKCkATSgpAE4oKQBPKCkAUCgpAFEoKQBSKCkAUygpAFQoKQBVKCkAVigp
99=AFcoKQBYKCkAWSgpAFooKQBbKCkAXCgpAF0oKQBeKCkAXygpAGAoKQBhKCkAYigpAGMoKQ
100=BkKCkAZSgpAGYoKQBnKCkAaCgpAGkoKQBqKCkAaygpAGwoKQBtKCkAbigpAG8oKQBwKCkA
101=cSgpAHIoKQBzKCsALAAl8WEtKCkALigpAC8oKQAwKCkAMSgpADIoKQAzKCkANCgpADUoKQ
102=A2KCkANygpADgoKQA5KCkAOigpADsoKQA8KCkAPSgpAD4oKQA/KCkAQCgpAEEoKQBCKCkA
103=QygpAEQoKQBFKCkARigpAEcoKQBIKCkASSgpAEooKQBLKCkATCgpAE0oKQBOKCkATygpAF
104=AoKQBRKCkAUigpAFMoKQBUKCkAVSgpAFYoKQBXKCkAWCgpAFkoKQBaKCkAWygpAFwoKQBd
105=KCkAXigpAF8oKQBgKCkAYSgpAGIoKQBjKCkAZCgpAGUoKQBmKCkAZygpAGgoKQBpKCkAai
106=gpAGsoKQBsKCkAbSgpAG4oKQBvKCkAcCgpAHEoKQByKCkAcygpAHQoKwArACbpZCwoKQAt
107=KCkALigpAC8oKQAwKCkAMSgpADIoKQAzKCkANCgpADUoKQA2KCkANygpADgoKQA5KCkAOi
108=gpADsoKQA8KCkAPSgpAD4oKQA/KCkAQCgpAEEoKQBCKCkAQygpAEQoKQBFKCkARigpAEco
109=KQBIKCkASSgpAEooKQBLKCkATCgpAE0oKQBOKCkATygpAFAoKQBRKCkAUigpAFMoKQBUKC
110=kAVSgpAFYoKQBXKCkAWCgpAFkoKQBaKCkAWygpAFwoKQBdKCkAXigpAF8oKQBgKCkAYSgp
111=AGIoKQBjKCkAZCgpAGUoKQBmKCkAZygpAGgoKQBpKCkAaigpAGsoKQBsKCkAbSgpAG4oKQ
112=BvKCkAcCgpAHEoKQByKCkAcygpAHQoKQB1KCsAKgAn4WcrKCkALCgpAC0oKQAuKCkALygp
113=ADAoKQAxKCkAMigpADMoKQA0KCkANSgpADYoKQA3KCkAOCgpADkoKQA6KCkAOygpADwoKQ
114=A9KCkAPigpAD8oKQBAKCkAQSgpAEIoKQBDKCkARCgpAEUoKQBGKCkARygpAEgoKQBJKCkA
115=SigpAEsoKQBMKCkATSgpAE4oKQBPKCkAUCgpAFEoKQBSKCkAUygpAFQoKQBVKCkAVigoAA
116=JXACcA/xEAAMELACAI/wAAAAQAWAAnAP+qAVkAJykAWigpAFsoKQBcKCkAXSgpAF4oKQBf
117=KCkAYCgpAGEoKQBiKCkAYygpAGQoKQBlKCkAZigpAGcoKQBoKCkAaSgpAGooKQBrKCkAbC
118=gpAG0oKQBuKCkAbygpAHAoKQBxKCkAcigpAHMoKQB0KCkAdSgpAHYoKwApACjxKiooKQAr
119=KCkALCgpAC0oKQAuKCkALygpADAoKQAxKCkAMigpADMoKQA0KCkANSgpADYoKQA3KCkAOC
120=gpADkoKQA6KCkAOygpADwoKQA9KCkAPigpAD8oKQBAKCkAQSgpAEIoKQBDKCkARCgpAEUo
121=KQBGKCkARygpAEgoKQBJKCkASigpAEsoKQBMKCkATSgpAE4oKQBPKCkAUCgpAFEoKQBSKC
122=kAUygpAFQoKQBVKCkAVigpAFcoKQBYKCkAWSgpAFooKQBbKCkAXCgpAF0oKQBeKCkAXygp
123=AGAoKQBhKCkAYigpAGMoKQBkKCkAZSgpAGYoKQBnKCkAaCgpAGkoKQBqKCkAaygpAGwoKQ
124=BtKCkAbigpAG8oKQBwKCkAcSgpAHIoKQBzKCkAdCgpAHUoKQB2KCkAdygrACgAKfFsKSgp
125=ACooKQArKCkALCgpAC0oKQAuKCkALygpADAoKQAxKCkAMigpADMoKQA0KCkANSgpADYoKQ
126=A3KCkAOCgpADkoKQA6KCkAOygpADwoKQA9KCkAPigpAD8oKQBAKCkAQSgpAEIoKQBDKCkA
127=RCgpAEUoKQBGKCkARygpAEgoKQBJKCkASigpAEsoKQBMKCkATSgpAE4oKQBPKCkAUCgpAF
128=EoKQBSKCkAUygpAFQoKQBVKCkAVigpAFcoKQBYKCkAWSgpAFooKQBbKCkAXCgpAF0oKQBe
129=KCkAXygpAGAoKQBhKCkAYigpAGMoKQBkKCkAZSgpAGYoKQBnKCkAaCgpAGkoKQBqKCkAay
130=gpAGwoKQBtKCkAbigpAG8oKQBwKCkAcSgpAHIoKQBzKCkAdCgpAHUoKQB2KCkAdygpAHgo
131=KwAnACrpbygoKQApKCkAKigpACsoKQAsKCkALSgpAC4oKQAvKCkAMCgpADEoKQAyKCkAMy
132=gpADQoKQA1KCkANigpADcoKQA4KCkAOSgpADooKQA7KCkAPCgpAD0oKQA+KCkAPygpAEAo
133=KQBBKCkAQigpAEMoKQBEKCkARSgpAEYoKQBHKCkASCgpAEkoKQBKKCkASygpAEwoKQBNKC
134=kATigpAE8oKQBQKCkAUSgpAFIoKQBTKCkAVCgpAFUoKQBWKCkAVygpAFgoKQBZKCkAWigp
135=AFsoKQBcKCkAXSgpAF4oKQBfKCkAYCgpAGEoKQBiKCkAYygpAGQoKQBlKCkAZigpAGcoKQ
136=BoKCkAaSgpAGooKQBrKCkAbCgpAG0oKQBuKCkAbygpAHAoKQBxKCkAcigpAHMoKQB0KCkA
137=dSgpAHYoKQB3KCkAeCgpAHkoKwAmACvhcicoKQAoKCkAKSgpACooKQArKCkALCgpAC0oKQ
138=AuKCkALygpADAoKQAxKCkAMigpADMoKQA0KCkANSgpADYoKQA3KCkAOCgpADkoKQA6KCkA
139=OygpADwoKQA9KCkAPigpAD8oKQBAKCkAQSgpAEIoKQBDKCkARCgpAEUoKQBGKCkARygpAE
140=goKQBJKCkASigpAEsoKQBMKCkATSgpAE4oKQBPKCkAUCgpAFEoKQBSKCkAUygpAFQoKQBV
141=KCkAVigpAFcoKQBYKCkAWSgpAFooKQBbKCkAXCgpAF0oKQBeKCkAXygpAGAoKQBhKCkAYi
142=gpAGMoKQBkKCkAZSgpAGYoKQBnKCkAaCgpAGkoKQBqKCkAaygpAGwoKQBtKCkAbigpAG8o
143=KQBwKCkAcSgpAHIoKQBzKCkAdCgpAHUoKQB2KCkAdygpAHgoKQB5KCkAeigrACUALPl0Ji
144=gpACcoKQAoKCkAKSgpACooKQArKCkALCgpAC0oKQAuKCkALygpADAoKQAxKCkAMigpADMo
145=KQA0KCkANSgpADYoKQA3KCkAOCgpADkoKQA6KCkAOygpADwoKQA9KCkAPigpAD8oKQBAKC
146=kAQSgpAEIoKQBDKCkARCgpAEUoKQBGKCkARygpAEgoKQBJKCkASigpAEsoKQBMKCkATSgp
147=AE4oKQBPKCkAUCgpAFEoKQBSKCkAUygpAFQoKQBVKCkAVigpAFcoKQBYKCkAWSgpAFooKQ
148=BbKCkAXCgpAF0oKQBeKCkAXygpAGAoKQBhKCkAYigpAGMoKQBkKCkAZSgpAGYoKQBnKCkA
149=aCgpAGkoKQBqKCkAaygpAGwoKQBtKCkAbigpAG8oKQBwKCkAcSgpAHIoKQBzKCkAdCgpAH
150=UoKQB2KCkAdygpAHgoKQB5KCkAeigpAHsoKwAkAC3xdyUoKQAmKCkAJygpACgoKQApKCkA
151=KigpACsoKQAsKCkALSgpAC4oKQAvKCkAMCgpADEoKQAyKCkAMygpADQoKQA1KCkANigpAD
152=coKQA4KCkAOSgpADooKQA7KCkAPCgpAD0oKQA+KCkAPygpAEAoKQBBKCkAQigpAEMoKQBE
153=KCkARSgpAEYoKQBHKCkASCgpAEkoKQBKKCkASygpAEwoKQBNKCkATigpAE8oKQBQKCkAUS
154=gpAFIoKQBTKCkAVCgpAFUoKQBWKCkAVygpAFgoKQBZKCkAWigpAFsoKQBcKCkAXSgpAF4o
155=KQBfKCkAYCgpAGEoKQBiKCkAYygpAGQoKQBlKCkAZigpAGcoKQBoKCkAaSgpAGooKQBrKC
156=kAbCgpAG0oKQBuKCkAbygpAHAoKQBxKCkAcigpAHMoKQB0KCkAdSgpAHYoKQB3KCkAeCgp
157=AHkoKQB6KCkAeygpAHwoKwAjAC7peiQoKQAlKCkAJigpACcoKQAoKCkAKSgpACooKQArKC
158=kALCgpAC0oKQAuKCkALygpADAoKQAxKCkAMigpADMoKQA0KCkANSgpADYoKQA3KCkAOCgp
159=ADkoKQA6KCkAOygpADwoKQA9KCkAPigpAD8oKQBAKCkAQSgpAEIoKQBDKCkARCgpAEUoKQ
160=BGKCkARygpAEgoKQBJKCkASigpAEsoKQBMKCkATSgpAE4oKQBPKCkAUCgpAFEoKQBSKCkA
161=UygpAFQoKQBVKCkAVigpAFcoKQBYKCkAWSgpAFooKQBbKCkAXCgpAF0oKQBeKCkAXygpAG
162=AoKQBhKCkAYigpAGMoKQBkKCkAZSgpAGYoKQBnKCkAaCgpAGkoKQBqKCkAaygpAGwoKQBt
163=KCkAbigpAG8oKQBwKCkAcSgpAHIoKQBzKCkAdCgpAHUoKQB2KCkAdygpAHgoKQB5KCkAei
164=gpAHsoKQB8KCkAfSgrACIAL+F9IygpACQoKQAlKCkAJigpACcoKQAoKCkAKSgpACooKQAr
165=KCkALCgpAC0oKQAuKCkALygpADAoKQAxKCkAMigpADMoKQA0KCkANSgpADYoKQA3KCkAOC
166=gpADkoKQA6KCkAOygpADwoKQA9KCkAPigpAD8oKQBAKCkAQSgpAEIoKQBDKCkARCgpAEUo
167=KQBGKCkARygpAEgoKQBJKCkASigpAEsoKQBMKCkATSgpAE4oKQBPKCkAUCgpAFEoKQBSKC
168=kAUygpAFQoKQBVKCkAVigpAFcoKQBYKCkAWSgpAFooKQBbKCkAXCgpAF0oKQBeKCkAXygp
169=AGAoKQBhKCkAYigpAGMoKQBkKCkAZSgpAGYoKQBnKCkAaCgpAGkoKQBqKCkAaygpAGwoKQ
170=BtKCkAbigpAG8oKQBwKCkAcSgpAHIoKQBzKCkAdCgpAHUoKQB2KCkAdygpAHgoKQB5KCkA
171=eigpAHsoKQB8KCkAfSgpAH4oKwAhADD5fyIoKQAjKCkAJCgpACUoKQAmKCkAJygpACgoKQ
172=ApKCkAKigpACsoKQAsKCkALSgpAC4oKQAvKCkAMCgpADEoKQAyKCkAMygpADQoKQA1KCkA
173=NigpADcoKQA4KCgACjkAMAD//wAAAAQAOgARAAC8CwAgCDAA//8AAAAEADsAJykAPCgpAD
174=0oKQA+KCkAPygpAEAoKQBBKCkAQigpAEMoKQBEKCkARSgpAEYoKQBHKCkASCgpAEkoKQBK
175=KCkASygpAEwoKQBNKCkATigpAE8oKQBQKCkAUSgpAFIoKQBTKCkAVCgpAFUoKQBWKCkAVy
176=gpAFgoKQBZKCkAWigpAFsoKQBcKCkAXSgpAF4oKQBfKCkAYCgpAGEoKQBiKCkAYygpAGQo
177=KQBlKCkAZigpAGcoKQBoKCkAaSgpAGooKQBrKCkAbCgpAG0oKQBuKCkAbygpAHAoKQBxKC
178=kAcigpAHMoKQB0KCkAdSgpAHYoKQB3KCkAeCgpAHkoKQB6KCkAeygpAHwoKQB9KCkAfigp
179=AH8oKwAgADHlYCEoKQAiKCkAIygpACQoKQAlKCkAJigpACcoKQAoKCkAKSgpACooKQArKC
180=kALCgpAC0oKQAuKCkALygpADAoKQAxKCkAMigpADMoKQA0KCkANSgpADYoKQA3KCkAOCgp
181=ADkoKQA6KCkAOygpADwoKQA9KCkAPigpAD8oKQBAKCkAQSgpAEIoKQBDKCkARCgpAEUoKQ
182=BGKCkARygpAEgoKQBJKCkASigpAEsoKQBMKCkATSgpAE4oKQBPKCkAUCgpAFEoKQBSKCkA
183=UygpAFQoKQBVKCkAVigpAFcoKQBYKCkAWSgpAFooKQBbKCkAXCgpAF0oKQBeKCkAXygpAG
184=AoKQBhKCkAYigpAGMoKQBkKCkAZSgpAGYoKQBnKCkAaCgpAGkoKQBqKCkAaygpAGwoKQBt
185=KCkAbigpAG8oKQBwKCkAcSgpAHIoKQBzKCkAdCgpAHUoKQB2KCkAdygpAHgoKQB5KCkAei
186=gpAHsoKQB8KCkAfSgpAH4oKQB/KCkAgCgrAB8AMumFICgpACEoKQAiKCkAIygpACQoKQAl
187=KCkAJigpACcoKQAoKCkAKSgpACooKQArKCkALCgpAC0oKQAuKCkALygpADAoKQAxKCkAMi
188=gpADMoKQA0KCkANSgpADYoKQA3KCkAOCgpADkoKQA6KCkAOygpADwoKQA9KCkAPigpAD8o
189=KQBAKCkAQSgpAEIoKQBDKCkARCgpAEUoKQBGKCkARygpAEgoKQBJKCkASigpAEsoKQBMKC
190=kATSgpAE4oKQBPKCkAUCgpAFEoKQBSKCkAUygpAFQoKQBVKCkAVigpAFcoKQBYKCkAWSgp
191=AFooKQBbKCkAXCgpAF0oKQBeKCkAXygpAGAoKQBhKCkAYigpAGMoKQBkKCkAZSgpAGYoKQ
192=BnKCkAaCgpAGkoKQBqKCkAaygpAGwoKQBtKCkAbigpAG8oKQBwKCkAcSgpAHIoKQBzKCkA
193=dCgpAHUoKQB2KCkAdygpAHgoKQB5KCkAeigpAHsoKQB8KCkAfSgpAH4oKQB/KCkAgCgpAI
194=EoKwAeADPhiB8oKQAgKCkAISgpACIoKQAjKCkAJCgpACUoKQAmKCkAJygpACgoKQApKCkA
195=KigpACsoKQAsKCkALSgpAC4oKQAvKCkAMCgpADEoKQAyKCkAMygpADQoKQA1KCkANigpAD
196=coKQA4KCkAOSgpADooKQA7KCkAPCgpAD0oKQA+KCkAPygpAEAoKQBBKCkAQigpAEMoKQBE
197=KCkARSgpAEYoKQBHKCkASCgpAEkoKQBKKCkASygpAEwoKQBNKCkATigpAE8oKQBQKCkAUS
198=gpAFIoKQBTKCkAVCgpAFUoKQBWKCkAVygpAFgoKQBZKCkAWigpAFsoKQBcKCkAXSgpAF4o
199=KQBfKCkAYCgpAGEoKQBiKCkAYygpAGQoKQBlKCkAZigpAGcoKQBoKCkAaSgpAGooKQBrKC
200=kAbCgpAG0oKQBuKCkAbygpAHAoKQBxKCkAcigpAHMoKQB0KCkAdSgpAHYoKQB3KCkAeCgp
201=AHkoKQB6KCkAeygpAHwoKQB9KCkAfigpAH8oKQCAKCkAgSgpAIIoKwAdADT5ih4oKQAfKC
202=kAICgpACEoKQAiKCkAIygpACQoKQAlKCkAJigpACcoKQAoKCkAKSgpACooKQArKCkALCgp
203=AC0oKQAuKCkALygpADAoKQAxKCkAMigpADMoKQA0KCkANSgpADYoKQA3KCkAOCgpADkoKQ
204=A6KCkAOygpADwoKQA9KCkAPigpAD8oKQBAKCkAQSgpAEIoKQBDKCkARCgpAEUoKQBGKCkA
205=RygpAEgoKQBJKCkASigpAEsoKQBMKCkATSgpAE4oKQBPKCkAUCgpAFEoKQBSKCkAUygpAF
206=QoKQBVKCkAVigpAFcoKQBYKCkAWSgpAFooKQBbKCkAXCgpAF0oKQBeKCkAXygpAGAoKQBh
207=KCkAYigpAGMoKQBkKCkAZSgpAGYoKQBnKCkAaCgpAGkoKQBqKCkAaygpAGwoKQBtKCkAbi
208=gpAG8oKQBwKCkAcSgpAHIoKQBzKCkAdCgpAHUoKQB2KCkAdygpAHgoKQB5KCkAeigpAHso
209=KQB8KCkAfSgpAH4oKQB/KCkAgCgpAIEoKQCCKCkAgygrABwANfGNHSgpAB4oKQAfKCkAIC
210=gpACEoKQAiKCkAIygpACQoKQAlKCkAJigpACcoKQAoKCkAKSgpACooKQArKCkALCgpAC0o
211=KQAuKCkALygpADAoKQAxKCkAMigpADMoKQA0KCkANSgpADYoKQA3KCkAOCgpADkoKQA6KC
212=kAOygpADwoKQA9KCkAPigpAD8oKQBAKCkAQSgpAEIoKQBDKCkARCgpAEUoKQBGKCkARygp
213=AEgoKQBJKCkASigpAEsoKQBMKCkATSgpAE4oKQBPKCkAUCgpAFEoKQBSKCkAUygpAFQoKQ
214=BVKCkAVigpAFcoKQBYKCkAWSgpAFooKQBbKCkAXCgpAF0oKQBeKCkAXygpAGAoKQBhKCkA
215=YigpAGMoKQBkKCkAZSgpAGYoKQBnKCkAaCgpAGkoKQBqKCkAaygpAGwoKQBtKCkAbigpAG
216=8oKQBwKCkAcSgpAHIoKQBzKCkAdCgpAHUoKQB2KCkAdygpAHgoKQB5KCkAeigpAHsoKQB8
217=KCkAfSgpAH4oKQB/KCkAgCgpAIEoKQCCKCkAgygpAIQoKwAbADbpkBwoKQAdKCkAHigpAB
218=8oKQAgKCkAISgpACIoKQAjKCkAJCgpACUoKQAmKCkAJygpACgoKQApKCkAKigpACsoKQAs
219=KCkALSgpAC4oKQAvKCkAMCgpADEoKQAyKCkAMygpADQoKQA1KCkANigpADcoKQA4KCkAOS
220=gpADooKQA7KCkAPCgpAD0oKQA+KCkAPygpAEAoKQBBKCkAQigpAEMoKQBEKCkARSgpAEYo
221=KQBHKCkASCgpAEkoKQBKKCkASygpAEwoKQBNKCkATigpAE8oKQBQKCkAUSgpAFIoKQBTKC
222=kAVCgpAFUoKQBWKCkAVygpAFgoKQBZKCkAWigpAFsoKQBcKCkAXSgpAF4oKQBfKCkAYCgp
223=AGEoKQBiKCkAYygpAGQoKQBlKCkAZigpAGcoKQBoKCkAaSgpAGooKQBrKCkAbCgpAG0oKQ
224=BuKCkAbygpAHAoKQBxKCkAcigpAHMoKQB0KCkAdSgpAHYoKQB3KCkAeCgpAHkoKQB6KCkA
225=eygpAHwoKQB9KCkAfigpAH8oKQCAKCkAgSgpAIIoKQCDKCkAhCgpAIUoKwAaADfhkxsoKQ
226=AcKCkAHSgpAB4oKQAfKCkAICgpACEoKQAiKCkAIygpACQoKQAlKCkAJigpACcoKQAoKCkA
227=KSgpACooKQArKCkALCgpAC0oKQAuKCkALygpADAoKQAxKCkAMigpADMoKQA0KCkANSgpAD
228=YoKQA3KCkAOCgpADkoKQA6KCkAOygpADwoKQA9KCkAPigpAD8oKQBAKCkAQSgpAEIoKQBD
229=KCkARCgpAEUoKQBGKCkARygpAEgoKQBJKCkASigpAEsoKQBMKCkATSgpAE4oKQBPKCkAUC
230=gpAFEoKQBSKCkAUygpAFQoKQBVKCkAVigpAFcoKAAHWAA3AP//AAAABBEAAOMLACAKAFkA
231=NwD//wAAAAQAWigpAFsoKQBcKCkAXSgpAF4oKQBfKCkAYCgpAGEoKQBiKCkAYygpAGQoKQ
232=BlKCkAZigpAGcoKQBoKCkAaSgpAGooKQBrKCkAbCgpAG0oKQBuKCkAbygpAHAoKQBxKCkA
233=cigpAHMoKQB0KCkAdSgpAHYoKQB3KCkAeCgpAHkoKQB6KCkAeygpAHwoKQB9KCkAfigpAH
234=8oKQCAKCkAgSgpAIIoKQCDKCkAhCgpAIUoKQCGKCgAAxkAOAD//4U/GigpABsoKQAcKCkA
235=HSgpAB4oKQAfKCkAICgpACEoKQAiKCkAIygpACQoKQAlKCkAJigpACcoKQAoKCkAKSgpAC
236=ooKQArKCkALCgpAC0oKQAuKCkALygpADAoKQAxKCkAMigpADMoKQA0KCkANSgpADYoKQA3
237=KCkAOCgpADkoKQA6KCkAOygpADwoKQA9KCkAPigpAD8oKQBAKCkAQSgpAEIoKQBDKCkARC
238=gpAEUoKQBGKCkARygpAEgoKQBJKCkASigpAEsoKQBMKCkATSgpAE4oKQBPKCkAUCgpAFEo
239=KQBSKCkAUygpAFQoKQBVKCkAVigpAFcoKQBYKCkAWSgpAFooKQBbKCkAXCgpAF0oKQBeKC
240=kAXygpAGAoKQBhKCkAYigpAGMoKQBkKCkAZSgpAGYoKQBnKCkAaCgpAGkoKQBqKCkAaygp
241=AGwoKQBtKCkAbigpAG8oKQBwKCkAcSgpAHIoKQBzKCkAdCgpAHUoKQB2KCkAdygpAHgoKQ
242=B5KCkAeigpAHsoKQB8KCkAfSgpAH4oKQB/KCkAgCgpAIEoKQCCKCkAgygpAIQoKQCFKCkA
243=higpAIcoKwAYADnxmBkoKQAaKCkAGygpABwoKQAdKCkAHigpAB8oKQAgKCkAISgpACIoKQ
244=AjKCkAJCgpACUoKQAmKCkAJygpACgoKQApKCkAKigpACsoKQAsKCkALSgpAC4oKQAvKCkA
245=MCgpADEoKQAyKCkAMygpADQoKQA1KCkANigpADcoKQA4KCkAOSgpADooKQA7KCkAPCgpAD
246=0oKQA+KCkAPygpAEAoKQBBKCkAQigpAEMoKQBEKCkARSgpAEYoKQBHKCkASCgpAEkoKQBK
247=KCkASygpAEwoKQBNKCkATigpAE8oKQBQKCkAUSgpAFIoKQBTKCkAVCgpAFUoKQBWKCkAVy
248=gpAFgoKQBZKCkAWigpAFsoKQBcKCkAXUgBRPci1SZeKCkAXygpAGBIAdH7YSgpAGIoKQBj
249=KCkAZCgpAGUoKQBmKCkAZygpAGgoKQBpKCkAaigpAGsoKQBsKCkAbSgpAG4oKQBvKCkAcC
250=gpAHEoKQByKCkAcygpAHQoKQB1KCkAdigpAHcoKQB4KCkAeSgpAHooKQB7KCkAfCgpAH0o
251=KQB+KCkAfygpAIAoKQCBKCkAgigpAIMoKQCEKCkAhSgpAIYoKQCHKCkAiCgrABcAOumbGC
252=gpABkoKQAaKCkAGygpABwoKQAdKCkAHigpAB8oKQAgKCkAISgpACIoKQAjKCkAJCgpACUo
253=KQAmKCkAJygpACgoKQApKCkAKigpACsoKQAsKCkALSgpAC4oKQAvKCkAMCgpADEoKQAyKC
254=kAMygpADQoKQA1KCkANigpADcoKQA4KCkAOSgpADooKQA7KCkAPCgpAD0oKQA+KCkAPygp
255=AEAoKQBBKCkAQigpAEMoKQBEKCkARSgpAEYoKQBHKCkASCgpAEkoKQBKKCkASygpAEwoKQ
256=BNKCkATigpAE8oKQBQKCkAUSgpAFIoKQBTKCkAVCgpAFUoKQBWKCkAVygpAFgoKQBZKCkA
257=WigpAFsoKQBcKCkAXUgBJ5UTOoQBAQAEAF8oVQBgSAEnlBMntQxiKFUAYygpAGQoKQBlKC
258=kAZigpAGcoKQBoKCkAaSgpAGooKQBrKCkAbCgpAG0oKQBuKCkAbygpAHAoKQBxKCkAcigp
259=AHMoKQB0KCkAdSgpAHYoKQB3KCkAeCgpAHkoKQB6KCkAeygpAHwoKQB9KCkAfigpAH8oKQ
260=CAKCkAgSgpAIIoKQCDKCkAhCgpAIUoKQCGKCkAhygpAIgoKQCJKCsAFgA74Z4XKCkAGCgp
261=ABkoKQAaKCkAGygpABwoKQAdKCkAHigpAB8oKQAgKCkAISgpACIoKQAjKCkAJCgpACUoKQ
262=AmKCkAJygpACgoKQApKCkAKigpACsoKQAsKCkALSgpAC4oKQAvKCkAMCgpADEoKQAyKCkA
263=MygpADQoKQA1KCkANigpADcoKQA4KCkAOSgpADooKQA7KCkAPCgpAD0oKQA+KCkAPygpAE
264=AoKQBBKCkAQigpAEMoKQBEKCkARSgpAEYoKQBHKCkASCgpAEkoKQBKKCkASygpAEwoKQBN
265=KCkATigpAE8oKQBQKCkAUSgpAFIoKQBTKCkAVCgpAFUoKQBWKCkAVygpAFgoKQBZKCkAWi
266=gpAFsoKQBcKCkAXUgBh54EAF4oKQBfKCkAYEgBJ+wTJ+EMYihVAGMoKQBkKCkAZSgpAGYo
267=KQBnKCkAaCgpAGkoKQBqKCkAaygpAGwoKQBtKCkAbigpAG8oKQBwKCkAcSgpAHIoKQBzKC
268=kAdCgpAHUoKQB2KCkAdygpAHgoKQB5KCkAeigpAHsoKQB8KCkAfSgpAH4oKQB/KCkAgCgp
269=AIEoKQCCKCkAgygpAIQoKQCFKCkAhigpAIcoKQCIKCkAiSgpAIooKwAVADz5oBYoKQAXKC
270=kAGCgpABkoKQAaKCkAGygpABwoKQAdKCkAHigpAB8oKQAgKCkAISgpACIoKQAjKCkAJCgp
271=ACUoKQAmKCkAJygpACgoKQApKCkAKigpACsoKQAsKCkALSgpAC4oKQAvKCkAMCgpADEoKQ
272=AyKCkAMygpADQoKQA1KCkANigpADcoKQA4KCkAOSgpADooKQA7KCkAPCgpAD0oKQA+KCkA
273=PygpAEAoKQBBKCkAQigpAEMoKQBEKCkARSgpAEYoKQBHKCkASCgpAEkoKQBKKCkASygpAE
274=woKQBNKCkATigpAE8oKQBQKCkAUSgpAFIoKQBTKCkAVCgpAFUoKQBWKCkAVygpAFgoKQBZ
275=KCkAWigpAFsoKQBcKCkAXUgBJ0UUPIUBACI0KCcpAGBABCdEFCcNDWIoVQBjKCkAZCgpAG
276=UoKQBmKCkAZygpAGgoKQBpKCkAaigpAGsoKQBsKCkAbSgpAG4oKQBvKCkAcCgpAHEoKQBy
277=KCkAcygpAHQoKQB1KCkAdigpAHcoKQB4KCkAeSgpAHooKQB7KCkAfCgpAH0oKQB+KCkAfy
278=gpAIAoKQCBKCkAgigpAIMoKQCEKCkAhSgpAIYoKQCHKCkAiCgpAIkoKQCKKCkAiygrABQA
279=PfGjFSgpABYoKQAXKCkAGCgpABkoKQAaKCkAGygpABwoKQAdKCkAHigpAB8oKQAgKCkAIS
280=gpACIoKQAjKCkAJCgpACUoKQAmKCkAJygpACgoKQApKCkAKigpACsoKQAsKCkALSgpAC4o
281=KQAvKCkAMCgpADEoKQAyKCkAMygpADQoKQA1KCkANigpADcoKQA4KCkAOSgpADooKQA7KC
282=kAPCgpAD0oKQA+KCkAPygpAEAoKQBBKCkAQigpAEMoKQBEKCkARSgpAEYoKQBHKCkASCgp
283=AEkoKQBKKCkASygpAEwoKQBNKCkATigpAE8oKQBQKCkAUSgpAFIoKQBTKCkAVCgpAFUoKQ
284=BWKCkAV0oBzAhXmwQAWEoBmAeJAVkoKQBaSQHIoQRbSAHBnlwoKQBdSAFQBiRtUD2EAZyk
285=JykAYEAE2QZhKCkAYigpAGMoKQBkKCkAZSgpAGYoKQBnKCkAaCgpAGkoKQBqKCkAaygpAG
286=woKQBtKCkAbigpAG8oKQBwKCkAcSgpAHIoKQBzKCkAdCgpAHUoKQB2KCkAdygpAHgoKQB5
287=KCkAeigpAHsoKQB8KCkAfSgpAH4oKQB/KCkAgCgpAIEoKQCCKCkAgygpAIQoKQCFKCkAhi
288=gpAIcoKQCIKCkAiSgpAIooKQCLKCkAjCgrABMAPummFCgoAAQVAD4A//8AEQAAqAwAIAgA
289=AAQAFgA+AP//AGgBARcAPgDJARgoKQAZKCkAGigpABsoKQAcKCkAHSgpAB4oKQAfKCkAIC
290=gpACEoKQAiKCkAIygpACQoKQAlKCkAJigpACcoKQAoKCkAKSgpACooKQArKCkALCgpAC0o
291=KQAuKCkALygpADAoKQAxKCkAMigpADMoKQA0KCkANSgpADYoKQA3KCkAOCgpADkoKQA6KC
292=kAOygpADwoKQA9KCkAPigpAD8oKQBAKCkAQSgpAEIoKQBDKCkARCgpAEUoKQBGKCkARygp
293=AEgoKQBJKCkASigpAEsoKQBMKCkATSgpAE4oKQBPKCkAUCgpAFFKAdkCgVFSSAHBUVMoKQ
294=BUKCkAVSgpAFYoKQBXSgHMCIUIWEoBmAeJAVkoKQBaSQHIoQRbSAHJDFwoKQBdSAFQBnFh
295=XkgB2RFfSAHVAmBJAcaxFGFJAbypAWJIAcEEY0gB3QpkKCkAZSgpAGYoKQBnKCkAaCgpAG
296=koKQBqKCkAaygpAGwoKQBtKCkAbigpAG8oKQBwKCkAcSgpAHIoKQBzKCkAdCgpAHUoKQB2
297=KCkAdygpAHgoKQB5KCkAeigpAHsoKQB8KCkAfSgpAH4oKQB/KCkAgCgpAIEoKQCCKCkAgy
298=gpAIQoKQCFKCkAhigpAIcoKQCIKCkAiSgpAIooKQCLKCkAjCgpAI0oKwASAD/xoxMoKQAU
299=KCkAFSgpABYoKQAXKCkAGCgpABkoKQAaKCkAGygpABwoKQAdKCkAHigpAB8oKQAgKCkAIS
300=gpACIoKQAjKCkAJCgpACUoKQAmKCkAJygpACgoKQApKCkAKigpACsoKQAsKCkALSgpAC4o
301=KQAvKCkAMCgpADEoKQAyKCkAMygpADQoKQA1KCkANigpADcoKQA4KCkAOSgpADooKQA7KC
302=kAPCgpAD0oKQA+KCkAPygpAEAoKQBBKCkAQigpAEMoKQBEKCkARSgpAEYoKQBHKCkASCgp
303=AEkoKQBKKCkASygpAEwoKQBNKCkATkgBzZRPSAHdjlAoKQBRKCkAUigpAFMoKQBUSAHdmV
304=VIAd2ZVkgB0QlXSAEnThU/ACdMFScpAFpABCdPFT8AyKWiXFUC16kBXUkB0akBXkgB3aRf
305=SQHTtQJgSAHBBGFJAcO1AmJIAc0bY0kBxLUCZEgBxRNlSgE4CVsJBABmyAEBAQQAZ8gBAQ
306=IEAGhIAc0FaSgpAGooKQBrKCkAbCgpAG0oKQBuSQGyvcVvSQGzqQFwSAFYDnHEcUgByQxy
307=KCkAcygpAHQoKQB1KCkAdigpAHcoKQB4KCkAeSgpAHooKQB7KCkAfCgpAH0oKQB+KCkAfy
308=gpAIAoKQCBKCkAgigpAIMoKQCEKCkAhSgpAIYoKQCHKCkAiCgpAIkoKQCKKCkAiygpAIwo
309=KQCNKCkAjigrABEAQPmrEigpABMoKQAUKCkAFSgpABYoKQAXKCkAGCgpABkoKQAaKCkAGy
310=gpABwoKQAdKCkAHigpAB8oKQAgKCkAISgpACIoKQAjKCkAJCgpACUoKQAmKCkAJygpACgo
311=KQApKCkAKigpACsoKQAsKCkALSgpAC4oKQAvKCkAMCgpADEoKQAyKCkAMygpADQoKQA1KC
312=kANigpADcoKQA4KCkAOSgpADooKQA7KCkAPCgpAD0oKQA+KCkAPygpAEAoKQBBKCkAQigp
313=AEMoKQBEKCkARSgpAEYoKQBHKCkASCgpAEkoKQBKKCkASygpAExIAdGNTUgB1XtOKCkATy
314=gpAFBIAdWcUUgB0ZhSSAHZBlNIAdGYVEgB1QJVSQHHvZlWSAHVAldIASelFUAopBUnKQBa
315=QAQnpBUntQxcVALFCF1IAcGTXkgB2atfSQHQtQ1gSAHBBGFJAcW1AmJJAbqpAWNJAb+pAW
316=RIAd0KZUgBZa0DZq1AAGkBBGStqQEFZK0nOQJpTAXZBmooKQBrKCkAbCgpAG0oKQBuSQEv
317=sblvSQG05a1AmBUBAAQAcVQC3QpyKCkAcygpAHQoKQB1KCkAdigpAHcoKQB4KCkAeSgpAH
318=ooKQB7KCkAfCgpAH0oKQB+KCkAfygpAIAoKQCBKCkAgigpAIMoKQCEKCkAhSgpAIYoKQCH
319=KCkAiCgpAIkoKQCKKCkAiygpAIwoKQCNKCkAjigpAI8oKwAQAEHxrhEoKQASKCkAEygpAB
320=QoKQAVKCkAFigpABcoKQAYKCkAGSgpABooKQAbKCkAHCgpAB0oKQAeKCkAHygpACAoKQAh
321=KCkAIigpACMoKQAkKCkAJSgpACYoKQAnKCkAKCgpACkoKQAqKCkAKygpACwoKQAtKCkALi
322=gpAC8oKQAwKCkAMSgpADIoKQAzKCkANCgpADUoKQA2KCkANygpADgoKQA5KCkAOigpADso
323=KQA8KCkAPSgpAD4oKQA/KCkAQCgpAEEoKQBCKCkAQygpAEQoKQBFKCkARigpAEcoKQBISA
324=ElYShJSAHdeEooKQBLSQHCvY5MSQG7qQFNSAHNBU4oKQBPSAHNqlBIAcEEUSgpAFIoKQBT
325=SAEleStUSQHAvQpVSAHZBlZJAcS1AldIASf9FUEo/BUnKQBaQAQn/hVBAN0VXFQCJdksXU
326=gB2cFeSAHRrl9IAZeYBABgKCkAYUgBzRBiSAHZwWNJAdW5EWRIAcEEZUgBca4Gfa9Bna8H
327=fK+pAQh8rycdD2lMBdkGaigpAGsoKQBsKCkAbSgpAG5IAQVkBwAAAgQAb0gBJ/0VQYUXAH
328=yvJ4kBckAEyQxzKCkAdCgpAHUoKQB2KCkAdygpAHgoKQB5KCkAeigpAHsoKQB8KCkAfSgp
329=AH4oKQB/KCkAgCgpAIEoKQCCKCkAgygpAIQoKQCFKCkAhigpAIcoKQCIKCkAiSgpAIooKQ
330=CLKCkAjCgpAI0oKQCOKCkAjygpAJAoKwAPAELpsRAoKQARKCkAEigpABMoKQAUKCkAFSgp
331=ABYoKQAXKCkAGCgpABkoKQAaKCkAGygpABwoKQAdKCkAHigpAB8oKQAgKCkAISgpACIoKQ
332=AjKCkAJCgpACUoKQAmKCkAJygpACgoKQApKCkAKigpACsoKQAsKCkALSgpAC4oKQAvKCkA
333=MCgpADEoKQAyKCkAMygpADQoKQA1KCkANigpADcoKQA4KCkAOSgpADooKQA7KCkAPCgpAD
334=0oKQA+KCkAPygpAEAoKQBBKCkAQigpAEMoKQBEKCkARSgpAEYoKQBHKCkASCgpAEkoKQBK
335=SAHJkEtJAcW1kUxJAb2pAU1IASW5KE5JAb61Ak9JAcCpAVBIAd2DUSgpAFJJAfahBFNJAf
336=CpAVRIAdG5VUkBxrUCVkgBJRkqV0gBJ1UWQihUFicpAFpABCdWFkIA3RVcVALFCF1IAdkR
337=XkgBzRBfSAHNEGBIAcEEYSgpAGJIAdG5Y0gB0blkSQHIsRRlSAHZBmZIAdUYZ0gB1QJoKC
338=kAaSgpAGooKQBrKCkAbCgpAG0oKQBuSAF1sgZ2skIAJ1UWQihUFifVEHJMBcEPcygpAHQo
339=KQB1KCkAdigpAHcoKQB4KCkAeSgpAHooKQB7KCkAfCgpAH0oKQB+KCkAfygpAIAoKQCBKC
340=kAgigpAIMoKQCEKCkAhSgpAIYoKQCHKCkAiCgpAIkoKQCKKCkAiygpAIwoKQCNKCkAjigp
341=AI8oKQCQKCkAkSgrAA4AQ+G0DygpABAoKQARKCkAEigpABMoKQAUKCkAFSgpABYoKQAXKC
342=kAGCgpABkoKQAaKCkAGygpABwoKQAdKCkAHigpAB8oKQAgKCkAISgpACIoKQAjKCkAJCgp
343=ACUoKQAmKCkAJygpACgoKQApKCkAKigpACsoKQAsKCkALSgpAC4oKQAvKCkAMCgpADEoKQ
344=AyKCkAMygpADQoKQA1KCkANigpADcoKQA4KCkAOSgpADooKQA7KCkAPCgpAD0oKQA+KCkA
345=PygpAEAoKQBBKCkAQigpAEMoKQBEKCkARSgpAEYoKQBHKCkASEgBxYxJSQHEqZBKSQHWqQ
346=FLSQHLqQFMSQHNqQFNSQHHqQFOSAHdg08oKQBQSAGTiQQAUSgpAFJJAfm5BlNJAfOpAVRI
347=Ac0FVSgpAFZIAd0KV0gBJ60WQyisFicpAFpABCesFic5DVxUAsUIXSgpAF5IAc0QX0gBzR
348=BgSAHNBWEoKQBiKCkAYygpAGQoKQBlKCkAZigpAGcoKQBoKCkAaSgpAGooKQBrKCkAbCgp
349=AG0oKQBuSAECZAcAAApvtUMAuiYHQ0MAx6kBcUAEyRdyKCkAcygpAHQoKQB1KCkAdigpAH
350=coKQB4KCkAeSgpAHooKQB7KCkAfCgpAH0oKAABfgBDABEAAMoMACAI//8AAAAEAH8AQwDJ
351=AYAoKQCBKCkAgigpAIMoKQCEKCkAhSgpAIYoKQCHKCkAiCgpAIkoKQCKKCkAiygpAIwoKQ
352=CNKCkAjigpAI8oKQCQKCkAkSgpAJIoKwANAETtGw4oKQAPKCkAECgpABEoKQASKCkAEygp
353=ABQoKQAVKCkAFigpABcoKQAYKCkAGSgpABooKQAbKCkAHCgpAB0oKQAeKCkAHygpACAoKQ
354=AhKCkAIigpACMoKQAkKCkAJSgpACYoKQAnKCkAKCgpACkoKQAqKCkAKygpACwoKQAtKCkA
355=LigpAC8oKQAwKCkAMSgpADIoKQAzKCkANCgpADUoKQA2KCkANygpADgoKQA5KCkAOigpAD
356=soKQA8KCkAPSgpAD4oKQA/KCkAQCgpAEEoKQBCKCkAQygpAEQoKQBFKCkARkoB2QKFa0dI
357=AcVrSEkBwrUCSUkBvakBSkkBwKkBS0kB1qkBTEkB0KkBTUgBxQhOSQHItQJPSAHVAlBIAU
358=wNAgAABABRKCkAUigpAFMoKQBUKCkAVUoBxQhDBwQAVkkBxqkBV0kBz6kBWEoBmAeBBFko
359=KQBaSQHOoQRbSAHZBlxJAce1Al1IAcUTXigpAF8oKQBgKCkAYSgpAGIoKQBjKCkAZCgpAG
360=UoKQBmKCkAZygpAGgoKQBpKCkAaigpAGsoKQBsKCkAbSgpAG5KAWAJhR5vSQGnsR9wSQHI
361=rRtxSAHNG3IoKQBzKCkAdCgpAHUoKQB2KCkAdygpAHgoKQB5KCkAeigpAHsoKQB8KCkAfS
362=gpAH4oKQB/KCkAgCgpAIEoKQCCKCkAgygpAIQoKQCFKCkAhigpAIcoKQCIKCkAiSgpAIoo
363=KQCLKCkAjCgpAI0oKQCOKCkAjygpAJAoKQCRKCkAkigpAJMoKwAMAEXxuQ0oKQAOKCkADy
364=gpABAoKQARKCkAEigpABMoKQAUKCkAFSgpABYoKQAXKCkAGCgpABkoKQAaKCkAGygpABwo
365=KQAdKCkAHigpAB8oKQAgKCkAISgpACIoKQAjKCkAJCgpACUoKQAmKCkAJygpACgoKQApKC
366=kAKigpACsoKQAsKCkALSgpAC4oKQAvKCkAMCgpADEoKQAyKCkAMygpADQoKQA1KCkANigp
367=ADcoKQA4KCkAOSgpADooKQA7KCkAPCgpAD0oKQA+KCkAPygpAEAoKQBBKCkAQigpAEMoKQ
368=BEKCkARSgpAEYoKQBHKCkASEkBx7WySUgBwb9KSAHJhUtIAVCKYbRMKCkATUkBsbmKTkkB
369=sqkBTygpAFAoKQBRKCkAUigpAFMoKQBUKCkAVUkBu7EJVkkBOL2ZV8gBAQIEAFhIASdeF0
370=UAyQFaVALNBVvIAU0FXEkBurEJXUgB0RReKCkAXygpAGAoKQBhKCkAYigpAGMoKQBkSQGz
371=vQplSAHVI2ZIAc0mZygpAGgoKQBpKCkAaigpAGsoKQBsKCkAbSgpAG5KAScBXy8EAG9JAT
372=lIIgEEBABwSAEnXBcnWRFyVALNEHMoKQB0KCkAdSgpAHYoKQB3KCkAeCgpAHkoKQB6KCkA
373=eygpAHwoKQB9KCkAfigpAH8oKQCAKCkAgSgpAIIoKQCDKCkAhCgpAIUoKQCGKCkAhygpAI
374=goKQCJKCkAiigpAIsoKQCMKCkAjSgpAI4oKQCPKCkAkCgpAJEoKQCSKCkAkygpAJQoKwAL
375=AEbpvAwoKQANKCkADigpAA8oKQAQKCkAESgpABIoKQATKCkAFCgpABUoKQAWKCkAFygpAB
376=goKQAZKCkAGigpABsoKQAcKCkAHSgpAB4oKQAfKCkAICgpACEoKQAiKCkAIygpACQoKQAl
377=KCkAJigpACcoKQAoKCkAKSgpACooKQArKCkALCgpAC0oKQAuKCkALygpADAoKQAxKCkAMi
378=gpADMoKQA0KCkANSgpADYoKQA3KCkAOCgpADkoKQA6KCkAOygpADwoKQA9KCkAPigpAD8o
379=KQBAKCkAQSgpAEIoKQBDKCkARCgpAEVJAdWxuUZIAcWBR0gB1QJISAHVAkkoKQBKKCkAS0
380=gB3ZlMKCkATUkBuKGeTkkBL0iQAQAEAE8oKQBQKCkAUUkBrKEEUkgBJRkqUygpAFRIAcEE
381=VUkBqq0FVkgBZLgBBgQAV8kBCHW9Rum8WVQCJ7YXRgDNBVtUAmgBTQVcSQGosQldSAHJDF
382=5IAc0QXygpAGBIAcEEYUgBwRpiKCkAYygpAGRJAbSxH2VIAdUjZkgBxSlnSAHdK2hIAdUC
383=aSgpAGooKQBrKCkAbCgpAG0oKQBuSAHZHG9IASe2F0YAJ7QXJ4URckAE1Q1zKCkAdCgpAH
384=UoKQB2KCkAdygpAHgoKQB5KCkAeigpAHsoKQB8KCkAfSgpAH4oKQB/KCkAgCgpAIEoKQCC
385=KCkAgygpAIQoKQCFKCkAhigpAIcoKQCIKCkAiSgpAIooKQCLKCkAjCgpAI0oKQCOKCkAjy
386=gpAJAoKQCRKCkAkigpAJMoKQCUKCkAlSgrAAoAR+G/CygpAAwoKQANKCkADigpAA8oKQAQ
387=KCkAESgpABIoKQATKCkAFCgpABUoKQAWKCkAFygpABgoKQAZKCkAGigpABsoKQAcKCkAHS
388=gpAB4oKQAfKCkAICgpACEoKQAiKCkAIygpACQoKQAlKCkAJigpACcoKQAoKCkAKSgpACoo
389=KQArKCkALCgpAC0oKQAuKCkALygpADAoKQAxKCkAMigpADMoKQA0KCkANSgpADYoKQA3KC
390=kAOCgpADkoKQA6KCkAOygpADwoKQA9KCkAPigpAD8oKQBAKCkAQSgpAEIoKQBDKCkARCgp
391=AEVJAdjswCdNCkdUAiV1RkhJAcuhBElJAc+pAUooKQBLSQHRtQJMSAHBnk1IAScMGARHAG
392=QHAAADb8BHADIhcCpdr1BBBC9JAQkiJ0dHAMxABAELBABSVALBtFPIAUm8VEgBwQRVSAHF
393=CFZIAcUIV0oBBwNID2zAJzEBWVQC2QZaSAHBBFtIAcUIXEgBxQhdSAHNBV5IAc0QX8gBTR
394=BgSAHBBGFIAcUIYkgBxQhjSAF4HAECBABkSAEnDRhHWBJLAAQAZlUC06ElZ0gBJclLaEgB
395=1bJpKCkAaigpAGsoKQBsKCkAbSgpAG5IAScOGEcAJw0YRygMGCdhB3JMBdUNcygpAHQoKQ
396=B1KCkAdigpAHcoKQB4KCkAeSgpAHooKQB7KCkAfCgpAH0oKQB+KCkAfygpAIAoKQCBKCkA
397=gigpAIMoKQCEKCkAhSgpAIYoKQCHKCkAiCgpAIkoKQCKKCkAiygpAIwoKQCNKCkAjigpAI
398=8oKQCQKCkAkSgpAJIoKQCTKCkAlCgpAJUoKQCWKCsACQBI+cEKKCkACygpAAwoKQANKCkA
399=DigpAA8oKQAQKCkAESgpABIoKQATKCkAFCgpABUoKQAWKCkAFygpABgoKQAZKCkAGigpAB
400=soKQAcKCkAHSgpAB4oKQAfKCkAICgpACEoKQAiKCkAIygpACQoKQAlKCkAJigpACcoKQAo
401=KCkAKSgpACooKQArKCkALCgpAC0oKQAuKCkALygpADAoKQAxKCkAMigpADMoKQA0KCkANS
402=gpADYoKQA3KCkAOCgpADkoKQA6KCkAOygpADwoKQA9KCkAPigpAD8oKQBAKCkAQSgpAEIo
403=KQBDKCkARCgpAEUoKQBGKCkARygpAEhIAcnHSUgB2YpKKCkAS0gBRJ8CAAAEAEwoKQBNSA
404=EnZRhIhcMHZ8NIAC5YwVWnUEEEMUgBXcVRSAFxrhJlw0gjFC9BBFNUAmC0XQpUSAHBBFVI
405=AcUIVkgBxQhXSQEG5cNImMxRCVlUAtkGWkgBwQRbSAHFCFxIAcUIXUgBzQVeSAFgD00QX8
406=gBTRBgSAHBBGFIAcUIYkgBxQhjSAFkw1XIZEgBJ2UYSJAjRQhmVQLU5MMnJRBoVALRKmko
407=KQBqKCkAaygpAGwoKQBtKCkAbkkBJ0UpBCItSEgoZRhIKGQYJ7UBckwF1Q1zKCkAdCgpAH
408=UoKQB2KCkAdygpAHgoKQB5KCkAeigpAHsoKQB8KCkAfSgpAH4oKQB/KCkAgCgpAIEoKQCC
409=KCkAgygpAIQoKQCFKCkAhigpAIcoKQCIKCkAiSgpAIooKQCLKCkAjCgpAI0oKQCOKCkAjy
410=gpAJAoKQCRKCkAkigpAJMoKQCUKCkAlSgpAJYoKQCXKCsACABJ8cQJKCkACigpAAsoKQAM
411=KCkADSgpAA4oKQAPKCkAECgpABEoKQASKCkAEygpABQoKQAVKCkAFigpABcoKQAYKCkAGS
412=gpABooKQAbKCkAHCgpAB0oKQAeKCkAHygpACAoKQAhKCkAIigpACMoKAAJJABJAP//AAAA
413=BAAlEQAAEg0AIAgASQD//wAAAAQAJigpACcoKQAoKCkAKSgpACooKQArKCkALCgpAC0oKQ
414=AuKCkALygpADAoKQAxKCkAMigpADMoKQA0KCkANSgpADYoKQA3KCkAOCgpADkoKQA6KCkA
415=OygpADwoKQA9KCkAPigpAD8oKQBAKCkAQSgpAEIoKQBDKCkARCgpAEUoKQBGKCkARygpAE
416=hIAQHEAgAAQTBJSQHXqQFKSQHRqQFLSAFYA2EETEoBxQhTAQQATUkBu6kBTkgBBWQHAAAL
417=BABPSQHJSAEBDQQAUMgBAQ4EAFFKAScBQwgEAFJKAZkHhQhTKCkAVEkBJ6EEVUgBxQhWyA
418=FFCFdIAQU4CQAAAwQAWEoBJgeFCFnIAQEBBABaSAFgBAEFBABbSAHFCFzIAUUIXUkBJ6kM
419=XkgBzRBfKCkAYEgBwQRhSAHFCGLIAUUIY0gBeBwBCgQAZEkBurEfZUkBx6kBZkkB1q0mZ0
420=kBz6kBaEgBxSlpSgH//4kXaigpAGsoKQBsKCkAbSgpAG5JAWBQH0U0b0oBpweFCHBJAcih
421=D3FIAd0KcigpAHMoKQB0KCkAdSgpAHYoKQB3KCkAeCgpAHkoKQB6KCkAeygpAHwoKQB9KC
422=kAfigpAH8oKQCAKCkAgSgpAIIoKQCDKCkAhCgpAIUoKQCGKCkAhygpAIgoKQCJKCkAiigp
423=AIsoKQCMKCkAjSgpAI4oKQCPKCkAkCgpAJEoKQCSKCkAkygpAJQoKQCVKCkAligpAJcoKQ
424=CYKCsABwBK7Z8IKCkACSgpAAooKQALKCkADCgpAA0oKQAOKCkADygpABAoKQARKCkAEigp
425=ABMoKQAUKCkAFSgpABYoKQAXKCkAGCgpABkoKQAaKCkAGygpABwoKQAdKCkAHigpAB8oKQ
426=AgKCkAISgpACIoKQAjKCkAJCgpACUoKQAmKCkAJygpACgoKQApKCkAKigpACsoKQAsKCkA
427=LSgpAC4oKQAvKCkAMCgpADEoKQAyKCkAMygpADQoKQA1KCkANigpADcoKQA4KCkAOSgpAD
428=ooKQA7KCkAPCgpAD0oKQA+KCkAPygpAEAoKQBBKCkAQigpAEMoKQBEKCkARSgpAEYoKQBH
429=KCkASEkBw6GeSUgB1ZFKSQHEtQJLSAFcllLAAExJAcyll01IAd2ZTkgB1ZxPSAF9rxF2yE
430=oAaQESdshKAMEEUkIEAwNbCQQAU0kB/6kMVEgBwQRVSAF4BkUIVsgBRQhXSAFxxAZ3yEoA
431=JaGpWVQCaAGWyEoAYQQIdMigD0UIXEAEcAlFCF1IAckMXkkB/aEPX0kBBbkRYEgBwQRhSA
432=F4BkUIYsgBRQhjSAHBBGRIAdEfZUgB0blmSAHNJmdIAcUpaCgpAGkoKQBqKCkAaygpAGwo
433=KQBtKCkAbkkBZEQeAQIEAG9JAbmhMHBJAcmpAXFIAdUNcigpAHMoKQB0KCkAdSgpAHYoKQ
434=B3KCkAeCgpAHkoKQB6KCkAeygpAHwoKQB9KCkAfigpAH8oKQCAKCkAgSgpAIIoKQCDKCkA
435=hCgpAIUoKQCGKCkAhygpAIgoKQCJKCkAiigpAIsoKQCMKCkAjSgpAI4oKQCPKCkAkCgpAJ
436=EoKQCSKCkAkygpAJQoKQCVKCkAligpAJcoKQCYKCkAmSgrAAYAS+HKBygpAAgoKQAJKCkA
437=CigpAAsoKQAMKCkADSgpAA4oKQAPKCkAECgpABEoKQASKCkAEygpABQoKQAVKCkAFigpAB
438=coKQAYKCkAGSgpABooKQAbKCkAHCgpAB0oKQAeKCkAHygpACAoKQAhKCkAIigpACMoKQAk
439=KCkAJSgpACYoKQAnKCkAKCgpACkoKQAqKCkAKygpACwoKQAtKCkALigpAC8oKQAwKCkAMS
440=gpADIoKQAzKCkANCgpADUoKQA2KCkANygpADgoKQA5KCkAOigpADsoKQA8KCkAPSgpAD4o
441=KQA/KCkAQCgpAEEoKQBCKCkAQygpAEQoKQBFKCkARigpAEdJAdm5q0hJAcWpAUlJAb6pAU
442=pJAb2pAUtJAcCpAUxIASdvGUsAOSHYLAEEBABOVQInJPEvT0gBJfEvUCgpAFFIAcEEUkgB
443=J2wZWGm9ClRUAsEEVUgBxQhWKCkAV0kBrlUNAG3LS/XIWVQCYMpFzlpIAcEEW0gBxQhcKC
444=kAXUgByQxeSQH9oQ9fSAEnbhlLAMEEYVQCxQhiKCkAY0gBwQRkSAHRH2VIASdvGUsAwb0K
445=Z1UCvKkBaEgBwb9pKCkAaigpAGsoKQBsKCkAbSgpAG5IAQFkBwAAWRxvSQG0ocpwSAFM9G
446=n+cUgByQxyKCkAcygpAHQoKQB1KCkAdigpAHcoKQB4KCkAeSgpAHooKQB7KCkAfCgpAH0o
447=KQB+KCkAfygpAIAoKQCBKCkAgigpAIMoKQCEKCkAhSgpAIYoKQCHKCkAiCgpAIkoKQCKKC
448=kAiygpAIwoKQCNKCkAjigpAI8oKQCQKCkAkSgpAJIoKQCTKCkAlCgpAJUoKQCWKCkAlygp
449=AJgoKQCZKCkAmigrAAUATPnMBigpAAcoKQAIKCkACSgpAAooKQALKCkADCgpAA0oKQAOKC
450=kADygpABAoKQARKCkAEigpABMoKQAUKCkAFSgpABYoKQAXKCkAGCgpABkoKQAaKCkAGygp
451=ABwoKQAdKCkAHigpAB8oKQAgKCkAISgpACIoKQAjKCkAJCgpACUoKQAmKCkAJygpACgoKQ
452=ApKCkAKigpACsoKQAsKCkALSgpAC4oKQAvKCkAMCgpADEoKQAyKCkAMygpADQoKQA1KCkA
453=NigpADcoKQA4KCkAOSgpADooKQA7KCkAPCgpAD0oKQA+KCkAPygpAEAoKQBBKCkAQigpAE
454=MoKQBEKCkARSgpAEYoKQBHKCkASEgBJSFMSUkBzb2kSkgB0ZhLSAHJm0xIASfFGUwoxxlM
455=AJhEolnBT0AEJbUtUEkBvLGjUUgBwQRSSAHBBFNIAcEEVEgBwQRVSAFwuQEIBABWyAFFrV
456=fJAQVnzkwAW7HPWVUCWqkBWkgBeAYBAwQAW8gBRQhcyAFFCF1IAckMXkgBzRBfSAHNEGBI
457=AcEEYUgBwQRiSAHBBGNIAcEEZEgBdA0BBAQAZUgBJ8UZTCjHGUwAv6UpaEAExSlpKCkAai
458=gpAGsoKQBsKCkAbSgpAG5JAWRdKwoiNjNMACfFGUyUMlUucUAEyQxyKCkAcygpAHQoKQB1
459=KCkAdigpAHcoKQB4KCkAeSgpAHooKQB7KCkAfCgpAH0oKQB+KCkAfygpAIAoKQCBKCkAgi
460=gpAIMoKQCEKCkAhSgpAIYoKQCHKCkAiCgpAIkoKQCKKCkAiygpAIwoKQCNKCkAjigpAI8o
461=KQCQKCkAkSgpAJIoKQCTKCkAlCgpAJUoKQCWKCkAlygpAJgoKQCZKCkAmigpAJsoKAAi6F
462=nDOwUATSgcGicpAAcoVQAIKCkACSgpAAooKQALKCkADCgpAA0oKQAOKCkADygpABAoKQAR
463=KCkAEigpABMoKQAUKCkAFSgpABYoKQAXKCkAGCgpABkoKQAaKCkAGygpABwoKQAdKCkAHi
464=gpAB8oKQAgKCkAISgpACIoKQAjKCkAJCgpACUoKQAmKCkAJygpACgoKQApKCkAKigpACso
465=KQAsKCkALSgpAC4oKQAvKCkAMCgpADEoKQAyKCkAMygpADQoKQA1KCkANigpADcoKQA4KC
466=kAOSgpADooKQA7KCkAPCgpAD0oKQA+KCkAPygpAEAoKQBBKCkAQigpAEMoKQBEKCkARSgp
467=AEYoKQBHSAEn5DMnVQtJVQLUtadKSAHFYEtJAci1AkxIAScdGk0oHRpNKB4aTQAl0WJQTA
468=Ul8WZRSAHFuFJIAcEEU0gBwQRUSAHBBFVIAWm8AnzQqAxFrVfUAp/QTQBZsc9ZVQJYqQFa
469=SAF4BpzQuAZFCFzUAkUIXUgByQxeSAHNEF9IAc0QYEgBwQRhSAHBBGJIAcEEY0gBwQRkSA
470=F1DQR+0E0AJx8aTQDHoSVnQATZJ2goKQBpKCkAaigpAGsoKQBsKCkAbSgpAG5JAS+5HG9I
471=AScdGk0oHBonCQdyQATBD3MoKQB0KCkAdSgpAHYoKQB3KCkAeCgpAHkoKQB6KCkAeygpAH
472=woKQB9KCkAfigpAH8oKQCAKCkAgSgpAIIoKQCDKCkAhCgpAIUoKQCGKCkAhygpAIgoKQCJ
473=KCkAiigpAIsoKQCMKCkAjSgpAI4oKQCPKCkAkCgpAJEoKQCSKCkAkygpAJQoKQCVKCkAli
474=gpAJcoKQCYKCkAmSgpAJooKQCbKCkAnCgrAAMATvzQIqxBzTwFKFUABigpAAcoKQAIKCkA
475=CSgpAAooKQALKCkADCgpAA0oKQAOKCkADygpABAoKQARKCkAEigpABMoKQAUKCkAFSgpAB
476=YoKQAXKCkAGCgpABkoKQAaKCkAGygpABwoKQAdKCkAHigoAAYfAE4A//8AAAARAABfDQAg
477=AAEEACAATgD//wAAAAQAIQBOAP//iQEiKCkAIygpACQoKQAlKCkAJigpACcoKQAoKCkAKS
478=gpACooKQArKCkALCgpAC0oKQAuKCkALygpADAoKQAxKCkAMigpADMoKQA0KCkANSgpADYo
479=KQA3KCkAOCgpADkoKQA6KCkAOygpADwoKQA9KCkAPigpAD8oKQBAKCkAQSgpAEIoKQBDKC
480=kARCgpAEUoKQBGKCkARygpAEgoKQBJSgHYAp02SkgByThLSAFMAmE7TEoBzAhTAQQATUoB
481=OQlRAgRAAQFOACcBiQFPUgGZB4EEUCgpAFFJASehBFJKAQMDgQRTSQH/tQ1USAHBBFVIAc
482=UIVigpAFdJAa5UDVFLWEkBOEgBAQIEAFnIAVUCWkgBwQRbSAHFCFwoKQBdSAHJDF5JAf2h
483=D19JAQW5EWBIAcEEYUgBxQhiKCkAY0gBwQRkSAHRH2VJAcipImZIAc0mZygpAGgoKQBpKC
484=kAaigpAGsoKQBsKCkAbSgpAG5JAcqpDG9JAcmpAXBIAVwoWi4AcUgBwQ9yKCkAcygpAHQo
485=KQB1KCkAdigpAHcoKQB4KCkAeSgpAHooKQB7KCkAfCgpAH0oKQB+KCkAfygpAIAoKQCBKC
486=kAgigpAIMoKQCEKCkAhSgpAIYoKQCHKCkAiCgpAIkoKQCKKCkAiygpAIwoKQCNKCkAjigp
487=AI8oKQCQKCkAkSgpAJIoKQCTKCkAlCgpAJUoKQCWKCkAlygpAJgoKQCZKCkAmigpAJsoKQ
488=CcKCkAnSgrAAIAT/mrAygpAAQoKQAFKCkABigpAAcoKQAIKCkACSgpAAooKQALKCkADCgp
489=AA0oKQAOKCkADygpABAoKQARKCkAEigpABMoKQAUKCkAFSgpABYoKQAXKCkAGCgpABkoKQ
490=AaKCkAGygpABwoKQAdKCkAHigpAB8oKQAgKCkAISgpACIoKQAjKCkAJCgpACUoKQAmKCkA
491=JygpACgoKQApKCkAKigpACsoKQAsKCkALSgpAC4oKQAvKCkAMCgpADEoKQAySQHVvZkzSQ
492=HFvYM0SQHGqQE1KCkANigpADcoKQA4KCkAOSgpADpJAbKlCDtJAbOpATxKAUQER48EAD1J
493=AbG1Aj5IAc0FP0gBwQ9AKCkAQSgpAEIoKQBDKCkARCgpAEVJAce9CkZIAc0bR0gB1ZxIKC
494=kASSgpAEooKQBLSAFIFHGjTEgBJ8waAU8ApwdcAm/WTwBgVMhJx09BBMlUAgENBABQyAEB
495=DgQAUUgBwQRSSAEnzBpIb6ktVFQCwQRVSAHFCFbIAUUIV0kBCK3LWEkBJkgMVQ1ZyAEBAQ
496=QAWkkBB6EEW0gBxQhcyAFFCF1IAckMXkgBJ84aTwAnzBonFQNhQATFCGLIAUUIY0gBxQhk
497=SAHRH2VIASfMGkAaJKkmZ1QC3StoSQHZuRxpSAFEJmUpakgBwQRrKCkAbCgpAG0oKQBuKC
498=kAbygpAHAoKQBxKCkAcigpAHMoKQB0KCkAdSgpAHYoKQB3KCkAeCgpAHkoKQB6KCkAeygp
499=AHwoKQB9KCkAfigpAH8oKQCAKCkAgSgpAIIoKQCDKCkAhCgpAIUoKQCGKCkAhygpAIgoKQ
500=CJKCkAiigpAIsoKQCMKCkAjSgpAI4oKQCPKCkAkCgpAJEoKQCSKCkAkygpAJQoKQCVKCkA
501=ligpAJcoKQCYKCkAmSgpAJooKQCbKCkAnCgpAJ0oKQCeKCkAAVhs2UgCKCkAAygoAHxwwQ
502=QFKFUABigpAAcoKQAIKCkACSgpAAooKQALKCkADCgpAA0oKQAOKCkADygpABAoKQARKCkA
503=EigpABMoKQAUKCkAFSgpABYoKQAXKCkAGCgpABkoKQAaKCkAGygpABwoKQAdKCkAHigpAB
504=8oKQAgKCkAISgpACIoKQAjKCkAJCgpACUoKQAmKCkAJygpACgoKQApKCkAKigpACsoKQAs
505=KCkALSgpAC4oKQAvKCkAMCgpADEoKQAySAElATIzSAHZtjRJAS+ttTUoKQA2SAHZqzdIAc
506=EEOCgpADlJATK5BjpIAc2fO0kBuq3LPEgBzdY9SQG7tQI+SAHNBT9JATOlCEBIAckMQSgp
507=AEJIAc0QQ0gBwQREKCkARUgBxa1GSQHUrapHSAHBXEgoKQBJKCkASigpAEtIAd2vTEkBy7
508=EUTUkBvKkBTkkBZE3LAyICKFAAbcARZGipARJl2VAmeTZSTAUlYTNTKCkAVEkBJyR5NlVI
509=AcUIVsgBRQhXSQEBodVYSgElB0ASIvY1UABoAYbZUADBBFtABMUIXMgBRQhdSQEnqQxeSA
510=HNEF8oKQBgSAHBBGFIAcUIYsgBRQhjSAF4HAECBABkSQG5sR9lSAElPTRmSAElpSBnSQHI
511=qS1oSAFUFXnXaUgB0dpqSAHBMGsoKQBsSAElZTltSAHBBG4oKQBvKCkAcCgpAHEoKQByKC
512=kAcygpAHQoKQB1KCkAdigpAHcoKQB4KCkAeSgpAHooKQB7KCkAfCgpAH0oKQB+KCkAfygp
513=AIAoKQCBKCkAgigpAIMoKQCEKCkAhSgpAIYoKQCHKCkAiCgpAIkoKQCKKCkAiygpAIwoKQ
514=CNKCkAjigpAI8oKQCQKCkAkSgpAJIoKQCTKCkAlCgpAJUoKQCWKCkAlygpAJgoKQCZKCkA
515=migpAJsoKQCcKCkAnSgpAJ4oKQCfKCsAAgBRKEw2JygAcG/ZSAUogQAGKCkABygpAAgoKQ
516=AJKCkACigpAAsoKQAMKCkADSgpAA4oKQAPKCkAECgpABEoKQASKCkAEygpABQoKQAVKCkA
517=FigpABcoKQAYKCkAGSgpABooKQAbKCkAHCgpAB0oKQAeKCkAHygpACAoKQAhKCkAIigpAC
518=MoKQAkKCkAJSgpACYoKQAnKCkAKCgpACkoKQAqKCkAKygpACwoKQAtKCkALigpAC8oKQAw
519=KCkAMSgpADJIAcmQM0gBJyUbUYC0AQ0EADVUAnScAQ4EADZJAQC5qzdIAXQCQQQ4yAFBBD
520=lIAQXMBwAACwQAOkgBzZ87SAHNwDxJAZhBBAAiTjZRAMEEPlQCwQQ/SAHFCEBIAckMQcgB
521=SQxCSAHNEENIAcEERMgBQQRFSAEnJhtRANX0R1QCwVxIKCkASSgpAEooKQBLSAHJsUwoKQ
522=BNSQG4sblOSAFpvAdn2VEAMl3FCGfZUQAvSQEJcmlRANUYUkwFbLVBBFPIAQEGBABUSAHB
523=BFVIAcUIVkgBxQhXSQFZpfpYSAHNBVkoKQBaSQFYoQRbSAHFCFxIAcUIXUgB2QZeSAHNEF
524=/IAU0QYEgBwQRhSAHFCGJIAcUIY0gBeBxNBWRJAbSxH2VIAdUjZkkB1rnXZ0kB0akBaEkB
525=xKkBaUgB1S5qKCkAaygpAGxIAcUTbUgBzQVuKCkAbygpAHAoKQBxKCkAcigpAHMoKQB0KC
526=kAdSgpAHYoKQB3KCkAeCgpAHkoKQB6KCkAeygpAHwoKQB9KCkAfigpAH8oKQCAKCkAgSgp
527=AIIoKQCDKCkAhCgpAIUoKQCGKCkAhygpAIgoKQCJKCkAiigpAIsoKQCMKCkAjSgpAI4oKQ
528=CPKCkAkCgpAJEoKQCSKCkAkygpAJQoKQCVKCkAligpAJcoKQCYKCkAmSgpAJooKQCbKCkA
529=nCgpAJ0oKQCeKCkAnygrAAMAUuXZBCgpAAUoKQAGKCkABygpAAgoKQAJKCkACigpAAsoKQ
530=AMKCkADSgpAA4oKQAPKCkAECgpABEoKQASKCkAEygpABQoKQAVKCkAFigpABcoKQAYKCkA
531=GSgpABooKQAbKCkAHCgpAB0oKQAeKCkAHygpACAoKQAhKCkAIigpACMoKQAkKCkAJSgpAC
532=YoKQAnKCkAKCgpACkoKQAqKCkAKygpACwoKQAtKCkALigpAC8oKQAwKCkAMSgpADJIASVl
533=TzNIASVpNDRIASURSjVIASURSjZIASWNSTdIAcEEOEgBwQQ5SAHBBDpIASX1NTtIAd0KPE
534=gBJ/oaUgDBBD5UAsEEP0gBxQhASAElMU5BSAElAWlCSAHBBENIAcEEREgBwQRFSQHSpa1G
535=SAElLVNHSAHRo0goKQBJKCkASigpAEtIAcG0TCgpAE1IASf7GlIAZFDwVfRPVQIuTdYCe9
536=dSADFJAQN511KZ1xJ+alIAYLRBBFNMBWgBTfdUSAFox0EEVUgBxQhWSAHFCFdJAVu101hI
537=Ac0FWSgpAFpJAVqhBFtIAcUIXEgBxQhdSAHZBl5IAWAPTRBfyAFNEGBIAcEEYUgBxQhiSA
538=HFCGNIAXkcCiIiNlIAJ/kaUpAjRQhmQQTGodVnSQG6qQFoSQG9qQFpSQHAqQFqSAHBMGso
539=KQBsKCkAbSgpAG4oKQBvKCkAcCgpAHEoKQByKCkAcygpAHQoKQB1KCkAdigpAHcoKQB4KC
540=kAeSgpAHooKQB7KCkAfCgpAH0oKQB+KCkAfygpAIAoKQCBKCkAgigpAIMoKQCEKCkAhSgp
541=AIYoKQCHKCkAiCgpAIkoKQCKKCkAiygpAIwoKQCNKCkAjigpAI8oKQCQKCkAkSgpAJIoKA
542=ADkwBSAP//EQAA2QwAIAgAAAAEAJQAUgD//4sBlQBS6QGWKCkAlygpAJgoKQCZKCkAmigp
543=AJsoKQCcKCkAnSgpAJ4oKwAEAFP1DQUoKQAGKCkABygpAAgoKQAJKCkACigpAAsoKQAMKC
544=kADSgpAA4oKQAPKCkAECgpABEoKQASKCkAEygpABQoKQAVKCkAFigpABcoKQAYKCkAGSgp
545=ABooKQAbKCkAHCgpAB0oKQAeKCkAHygpACAoKQAhKCkAIigpACMoKQAkKCkAJSgpACYoKQ
546=AnKCkAKCgpACkoKQAqKCkAKygpACwoKQAtKCkALigpAC8oKQAwKCkAMSgpADJKAbgIiU4z
547=SgGnB4kBNEoB/QKJATVKAQUDiQE2SAHBBDdIAcEEOEgBwQQ5SAHBBDpJAZmxCTsoKQA8Sg
548=EnAUtdBAA9SAHBBD4oKQA/SAHFCEBJAQOhD0FJAf+5EUJIAcEEQ0gBwQRESAHBBEVIAcEE
549=RkkBtK0bR0gBxWtIKCkASSgpAEooKQBLSAFcHVYUAEwoKQBNSAHBJU5KAS8JSwQEAE8oKQ
550=BQKCkAUUkBrKEEUkgB2RFTKCkAVEgBwQRVSAHRCVYoKQBXSQG5qRdYSQG2qQFZKCkAWkkB
551=vLUCW0gBxQhcKCkAXUgByQxeSAHNEF8oKQBgSAHBBGFIAcUIYigpAGMoKQBkSAHFKWVIAU
552=gfdSNmSAHRKmdJAcelNGhIAdUCaSgpAGooKQBrKCkAbCgpAG0oKQBuKCkAbygpAHAoKQBx
553=KCkAcigpAHMoKQB0KCkAdSgpAHYoKQB3KCkAeCgpAHkoKQB6KCkAeygpAHwoKQB9KCkAfi
554=gpAH8oKQCAKCkAgSgpAIIoKQCDKCkAhCgpAIUoKQCGKCkAhygpAIgoKQCJKCkAiigpAIso
555=KQCMKCkAjSgpAI4oKQCPKCkAkCgpAJEoKQCSKCkAkygpAJQoKQCVKCkAligpAJcoKQCYKC
556=kAmSgpAJooKQCbKCkAnCgpAJ0oKwAFAFT10wYoKQAHKCkACCgpAAkoKQAKKCkACygpAAwo
557=KQANKCkADigpAA8oKQAQKCkAESgpABIoKQATKCkAFCgpABUoKQAWKCkAFygpABgoKQAZKC
558=kAGigpABsoKQAcKCkAHSgpAB4oKQAfKCkAICgpACEoKQAiKCkAIygpACQoKQAlKCkAJigp
559=ACcoKQAoKCkAKSgpACooKQArKCkALCgpAC0oKQAuKCkALygpADAoKQAxKCkAMkgBxa0zSA
560=HBkzRIAQXJBwAADQQANcgBAQ4EADZJAcq1AjdIAcEEOMgBQQQ5SQHMQAQBCwQAOkgBwQQ7
561=yAFBBDxJAZhBBABq0lQAwQQ+VAJoAUEEP0gBxQhASAF0Ak0QQcgBQQRCSAHNEENIAcEERM
562=gBQQRFSAHVGEZIAcGpR0gB3aRIKCkASSgpAEooKQBLSAHRrkwoKQBNSQHLrcBOSQHKqQFP
563=KCkAUCgpAFEoKQBSKCkAUygpAFRIAdnMVSgpAFYoKQBXSQG1qQxYSgFEBEMSBABZKCkAWk
564=kBt6EEW0gB0QlcKCkAXSgpAF5IAd0VXygpAGAoKQBhKCkAYigpAGMoKQBkSQHJtQ1lSAFQ
565=EavSVADIvdBnVALdK2hIAdUCaUgB1QJqSQE4tfRryAEBAQQAbMgBAQIEAG1IAc0FbigpAG
566=8oKQBwKCkAcSgpAHIoKQBzKCkAdCgpAHUoKQB2KCkAdygpAHgoKQB5KCkAeigpAHsoKQB8
567=KCkAfSgpAH4oKQB/KCkAgCgpAIEoKQCCKCkAgygpAIQoKQCFKCkAhigpAIcoKQCIKCkAiS
568=gpAIooKQCLKCkAjCgpAI0oKQCOKCkAjygpAJAoKQCRKCkAkigpAJMoKQCUKCkAlSgpAJYo
569=KQCXKCkAmCgpAJkoKQCaKCkAmygpAJwoKwAGAFX90AcoKQAIKCkACSgpAAooKQALKCkADC
570=gpAA0oKQAOKCkADygpABAoKQARKCkAEigpABMoKQAUKCkAFSgpABYoKQAXKCkAGCgpABko
571=KQAaKCkAGygpABwoKQAdKCkAHigpAB8oKQAgKCkAISgpACIoKQAjKCkAJCgpACUoKQAmKC
572=kAJygpACgoKQApKCkAKigpACsoKQAsKCkALSgpAC4oKQAvKCkAMCgpADEoKQAySAEn8hlV
573=ANm2NFQCfboRcc9VkcQScs9VAGC/VQI3KIEAOMgBQQQ5SAFox0kBOkgBxQg7yAFVAjxIAS
574=fwGbwKUQk+VAJsBUEEP0gBxQhASAF0AkEEQcgBQQRCSAHNEENIAcEERMgBQQRFSAHVGEZI
575=ASfwGScpC0hUAtWcSSgpAEooKQBLKCkATCgpAE0oKQBOKCkATygpAFAoKQBRKCkAUigpAF
576=MoKQBUKCkAVSgpAFZIAd26VygpAFgoKQBZKCkAWigpAFsoKQBcKCkAXSgpAF4oKQBfKCkA
577=YCgpAGEoKQBiKCkAYygpAGRIAc0mZSgpAGYoKQBnKCkAaCgpAGkoKQBqSAFwzwQDBABrAF
578=UAaQEEcM+pAQVwzyeFBm5ABNUNb0gBbAUBCAQAcMgBAQYEAHFIAcEEcigpAHMoKQB0KCkA
579=dSgpAHYoKQB3KCkAeCgpAHkoKQB6KCkAeygpAHwoKQB9KCkAfigpAH8oKQCAKCkAgSgpAI
580=IoKQCDKCkAhCgpAIUoKQCGKCkAhygpAIgoKQCJKCkAiigpAIsoKQCMKCkAjSgpAI4oKQCP
581=KCkAkCgpAJEoKQCSKCkAkygpAJQoKQCVKCkAligpAJcoKQCYKCkAmSgpAJooKQCbKCsABw
582=BW5c4IKCkACSgpAAooKQALKCkADCgpAA0oKQAOKCkADygpABAoKQARKCkAEigpABMoKQAU
583=KCkAFSgpABYoKQAXKCkAGCgpABkoKQAaKCkAGygpABwoKQAdKCkAHigpAB8oKQAgKCkAIS
584=gpACIoKQAjKCkAJCgpACUoKQAmKCkAJygpACgoKQApKCkAKigpACsoKQAsKCkALSgpAC4o
585=KQAvKCkAMCgpADEoKQAySAEnmhlWACV1RjRUAiVVTTVIASVVTTZIAcEEN0gBwQQ4SAHBBD
586=lIAcEEOkgBJVVNOygpADxJAScm2k1WAMEEPlQCyQE/SAHFCEBIASVVTUFIASVVTUJIAcEE
587=Q0gBwQRESAHBBEVIAcEERkgBJ5gZJ/0KSFQCzZRJKCkASigpAEsoKQBMKCkATSgpAE4oKQ
588=BPKCkAUCgpAFFIAd3FUigpAFMoKQBUKCkAVSgpAFYoKQBXKCkAWCgpAFkoKQBaSAHVGFtI
589=AdUNXCgpAF0oKQBeKCkAXygpAGAoKQBhKCkAYigpAGMoKQBkSAHVDWUoKQBmKCkAZygpAG
590=goKQBpKCkAakgBfsUGBFnMVpnMB3jMqAFVyG1ABMkMbigpAG9IAXkGAnjMrQUAeMwnNQdy
591=QATZBnMoKQB0KCkAdSgpAHYoKQB3KCkAeCgpAHkoKQB6KCkAeygpAHwoKQB9KCkAfigpAH
592=8oKQCAKCkAgSgpAIIoKQCDKCkAhCgpAIUoKQCGKCkAhygpAIgoKQCJKCkAiigpAIsoKQCM
593=KCkAjSgpAI4oKQCPKCkAkCgpAJEoKQCSKCkAkygpAJQoKQCVKCkAligpAJcoKQCYKCkAmS
594=gpAJooKwAIAFftywkoKQAKKCkACygpAAwoKQANKCkADigpAA8oKQAQKCkAESgpABIoKQAT
595=KCkAFCgpABUoKQAWKCkAFygpABgoKQAZKCkAGigpABsoKQAcKCkAHSgpAB4oKQAfKCkAIC
596=gpACEoKQAiKCkAIygpACQoKQAlKCkAJigpACcoKQAoKCkAKSgpACooKQArKCkALCgpAC0o
597=KQAuKCkALygpADAoKQAxKCkAMkgBJ0EZVyjeMlcA3cU1QQQFJDllNkkBYCThQzdIAcEEOE
598=gBwQQ5SAHBBDpIASUhYjtIASXJYTxIASfeMlcAwQQ+VALBBD9IAcUIQEgB3cVBSAHdxUJI
599=AcEEQ0gBwQRESAHBBEVIASfeMlcAJ0AZJ9EKSEAEyZBJKCkASigpAEtJASVU3kWXTEgBzQ
600=VNKCkATigpAE8oKQBQKCkAUUgBybxSKCkAUygpAFQoKQBVKCkAVigpAFcoKQBYKCkAWSgp
601=AFpIAcUTW0gB1Q1cKCkAXSgpAF4oKQBfKCkAYCgpAGEoKQBiKCkAYygpAGRIAdUNZSgpAG
602=YoKQBnKCkAaCgpAGkoKQBqKCkAaygpAGwoKQBtKCkAbigpAG8oKQBwKCkAcSgpAHIoKQBz
603=KCkAdCgpAHUoKQB2KCkAdygpAHgoKQB5KCkAeigpAHsoKQB8KCkAfSgpAH4oKQB/KCkAgC
604=gpAIEoKQCCKCkAgygpAIQoKQCFKCkAhigpAIcoKAALiABXAP//AAAABACJAFcRAACYDAAg
605=CAD//wAAAAQAigBX6QGLKCkAjCgpAI0oKQCOKCkAjygpAJAoKQCRKCkAkigpAJMoKQCUKC
606=kAlSgpAJYoKQCXKCkAmCgpAJkoKwAJAFj9FQooKQALKCkADCgpAA0oKQAOKCkADygpABAo
607=KQARKCkAEigpABMoKQAUKCkAFSgpABYoKQAXKCkAGCgpABkoKQAaKCkAGygpABwoKQAdKC
608=kAHigpAB8oKQAgKCkAISgpACIoKQAjKCkAJCgpACUoKQAmKCkAJygpACgoKQApKCkAKigp
609=ACsoKQAsKCkALSgpAC4oKQAvKCkAMCgpADEoKQAySAEFuAgAAAAEADNKAS8JiQE0SAEFyQ
610=cAABEEADXIAQESBAA2SgECA4EEN0gBwQQ4yAFBBDlJAcxYBkkBOkkBur0KO0kBu6kBPEkB
611=mEAEVQ09SAHBBD5IAcEEP0gBxQhASAHJDEHIAV0KQkgBzRBDSAHBBETIAUEERUgB1RhGSQ
612=G0oQ9HSAHRbEgoKQBJKCkASigpAEtIAQUlAQAAAQQATEgB2QZNKCkATigpAE8oKQBQKCkA
613=UUgBWCRxKlIoKQBTKCkAVCgpAFUoKQBWKCkAV0kBI6ElWEgB0QlZKCkAWkgBxRNbSAHBBF
614=woKQBdKCkAXigpAF8oKQBgSAHJDGFJASS1DWJIAdUCY0gB3QpkSAHVDWUoKQBmKCkAZygp
615=AGgoKQBpKCkAaigpAGsoKQBsKCkAbSgpAG4oKQBvKCkAcCgpAHEoKQByKCkAcygpAHQoKQ
616=B1KCkAdigpAHcoKQB4KCkAeSgpAHooKQB7KCkAfCgpAH0oKQB+KCkAfygpAIAoKQCBKCkA
617=gigpAIMoKQCEKCkAhSgpAIYoKQCHKCkAiCgpAIkoKQCKKCkAiygpAIwoKQCNKCkAjigpAI
618=8oKQCQKCkAkSgpAJIoKQCTKCkAlCgpAJUoKQCWKCkAlygpAJgoKAABCgBZANlICygpAAwo
619=KQANKCkADigpAA8oKQAQKCkAESgpABIoKQATKCkAFCgpABUoKQAWKCkAFygpABgoKQAZKC
620=kAGigpABsoKQAcKCkAHSgpAB4oKQAfKCkAICgpACEoKQAiKCkAIygpACQoKQAlKCkAJigp
621=ACcoKQAoKCkAKSgpACooKQArKCkALCgpAC0oKQAuKCkALygpADAoKQAxKCkAMkkBt6GpM0
622=kBvKkBNEkBlbWGNSgpADZJAQbyxFkAwQQ4VALJATlJAb5YBgEcBAA6SQGnSAFZwTsoKQA8
623=SAEnkhhZAMEEPlQCyQE/SAHFCEBIAd0KQSgpAEJIAc0QQ0gBwQREKCkARUkBubUYRkkBta
624=kBR0gB2VNIKCkASSgpAEooKQBLSAFxxAJwxCdVC01UAsUITigpAE9JAdCpDFBIAc0bUUkB
625=zbUCUkgBxa1TSQE5sfBUyAFJDFVIAcEEVigpAFdIAWy1QdVYSAHBBFlIAc0QWkgB1QJbSQ
626=FavQpcSQFUqQFdSQFbqQFeSAHNBV8oKQBgSAHJDGFIAXDEVQ1iSAHVAmNIAdkGZEgBwQ9l
627=KCkAZigpAGcoKQBoKCkAaSgpAGooKQBrKCkAbCgpAG0oKQBuKCkAbygpAHAoKQBxKCkAci
628=gpAHMoKQB0KCkAdSgpAHYoKQB3KCkAeCgpAHkoKQB6KCkAeygpAHwoKQB9KCkAfigpAH8o
629=KQCAKCkAgSgpAIIoKQCDKCkAhCgpAIUoKQCGKCkAhygpAIgoKQCJKCkAiigpAIsoKQCMKC
630=kAjSgpAI4oKQCPKCkAkCgpAJEoKQCSKCkAkygpAJQoKQCVKCkAligpAJcoKwALAFrlwwwo
631=KQANKCkADigpAA8oKQAQKCkAESgpABIoKQATKCkAFCgpABUoKQAWKCkAFygpABgoKQAZKC
632=kAGigpABsoKQAcKCkAHSgpAB4oKQAfKCkAICgpACEoKQAiKCkAIygpACQoKQAlKCkAJigp
633=ACcoKQAoKCkAKSgpACooKQArKCkALCgpAC0oKQAuKCkALygpADAoKQAxKCkAMkoB1QJUfi
634=LPMFoAy7GYNFUCyqkBNSgpADYoKQA3KCkAOCgpADkoKQA6KCkAO0gByaY8SAHJpj1IAcmm
635=PkgB1Q0/KCkAQCgpAEEoKQBCKCkAQygpAEQoKQBFSQHJqRdGSQHTrRtHSAHdmUgoKQBJKC
636=kASigpAEsoKQBMKCkATSgpAE4oKQBPKCkAUCgpAFEoKQBSKCkAU0gBeMEBBgQAVMgBAQgE
637=AFVIAVgvIn0xVigpAFcoKQBYKCkAWSgpAFooKQBbKCkAXCgpAF0oKQBeKCkAXygpAGAoKQ
638=BhKCkAYigpAGMoKQBkKCkAZUgBxSlmKCkAZygpAGgoKQBpKCkAaigpAGsoKQBsKCkAbSgp
639=AG4oKQBvKCkAcCgpAHEoKQByKCkAcygpAHQoKQB1KCkAdigpAHcoKQB4KCkAeSgpAHooKQ
640=B7KCkAfCgpAH0oKQB+KCkAfygpAIAoKQCBKCkAgigpAIMoKQCEKCkAhSgpAIYoKQCHKCkA
641=iCgpAIkoKQCKKCkAiygpAIwoKQCNKCkAjigpAI8oKQCQKCkAkSgpAJIoKQCTKCkAlCgpAJ
642=UoKQCWKCsADABb7cANKCkADigpAA8oKQAQKCkAESgpABIoKQATKCkAFCgpABUoKQAWKCkA
643=FygpABgoKQAZKCkAGigpABsoKQAcKCkAHSgpAB4oKQAfKCkAICgpACEoKQAiKCkAIygpAC
644=QoKQAlKCkAJigpACcoKQAoKCkAKSgpACooKQArKCkALCgpAC0oKQAuKCkALygpADAoKQAx
645=KCkAMigpADMoKQA0KCkANSgpADYoKQA3KCkAOCgpADkoKQA6KCkAOygpADwoKQA9KCkAPi
646=gpAD8oKQBAKCkAQSgpAEIoKQBDKCkARCgpAEUoKQBGKCkARygpAEgoKQBJKCkASigpAEso
647=KQBMKCkATSgpAE4oKQBPKCkAUCgpAFEoKQBSKCkAUygpAFRKASYBXL1iv1sAaAEBAgQAVl
648=QCTAJtwFcoKQBYKCkAWSgpAFooKQBbKCkAXCgpAF0oKQBeKCkAXygpAGAoKQBhKCkAYigp
649=AGMoKQBkKCkAZUgBJ+AXJ3UPZyhVAGgoKQBpKCkAakkBMkQeSd1rSQEvSAEBCQQAbEgBxR
650=5tSAHdCm4oKQBvKCkAcCgpAHEoKQByKCkAcygpAHQoKQB1KCkAdigpAHcoKQB4KCkAeSgp
651=AHooKQB7KCkAfCgpAH0oKQB+KCkAfygpAIAoKQCBKCkAgigpAIMoKQCEKCkAhSgpAIYoKQ
652=CHKCkAiCgpAIkoKQCKKCkAiygpAIwoKQCNKCkAjigpAI8oKQCQKCkAkSgpAJIoKQCTKCkA
653=lCgpAJUoKwANAFz1vQ4oKQAPKCkAECgpABEoKQASKCkAEygpABQoKQAVKCkAFigpABcoKQ
654=AYKCkAGSgpABooKQAbKCkAHCgpAB0oKQAeKCkAHygpACAoKQAhKCkAIigpACMoKQAkKCkA
655=JSgpACYoKQAnKCkAKCgpACkoKQAqKCkAKygpACwoKQAtKCkALigpAC8oKQAwKCkAMSgpAD
656=IoKQAzKCkANCgpADUoKQA2KCkANygpADgoKQA5KCkAOigpADsoKQA8KCkAPSgpAD4oKQA/
657=KCkAQCgpAEEoKQBCKCkAQygpAEQoKQBFKCkARigpAEcoKQBIKCkASSgpAEooKQBLKCkATC
658=gpAE0oKQBOKCkATygpAFAoKQBRKCkAUigpAFMoKQBUKCkAVSgpAFZIAcGeV0oBRARTAQQA
659=WCgpAFlIAUwCbcBaSAFmwwAESWxc8cRcVALBBF0oKQBeKCkAXygpAGAoKQBhKCkAYigpAG
660=MoKQBkKCkAZUgBybFmKCkAZygpAGgoKQBpKCkAakkBLly6RdlrSQExSgEDBEm8XJgVVRht
661=VALdCm4oKQBvKCkAcCgpAHEoKQByKCkAcygpAHQoKQB1KCkAdigpAHcoKQB4KCkAeSgpAH
662=ooKQB7KCkAfCgpAH0oKQB+KCkAfygpAIAoKQCBKCkAgigpAIMoKQCEKCkAhSgpAIYoKQCH
663=KCkAiCgpAIkoKQCKKCkAiygpAIwoKQCNKCkAjigpAI8oKQCQKCkAkSgpAJIoKQCTKCkAlC
664=grAA4AXf26DygpABAoKQARKCkAEigpABMoKQAUKCkAFSgpABYoKQAXKCkAGCgpABkoKQAa
665=KCkAGygpABwoKQAdKCkAHigpAB8oKQAgKCkAISgpACIoKQAjKCkAJCgpACUoKQAmKCkAJy
666=gpACgoKAAIKQBdAP//AAAABAARAAB+DAAgCSoAXQD//wAAAAQAKygpACwoKQAtKCkALigp
667=AC8oKQAwKCkAMSgpADIoKQAzKCkANCgpADUoKQA2KCkANygpADgoKQA5KCkAOigpADsoKQ
668=A8KCkAPSgpAD4oKQA/KCkAQCgpAEEoKQBCKCkAQygpAEQoKQBFKCkARigpAEcoKQBIKCkA
669=SSgpAEooKQBLKCkATEgBAZgHAABVLk1JAZmpAU5KAf//lQJPKCkAUEoBOQmVAlHIAQEBBA
670=BSyAEBAgQAU0gB2QZUKCkAVSgpAFZIAVwHdQ1XKCkAWCgpAFkoKQBaKCkAWygpAFwoKQBd
671=SAHVDV5IAd0KXygpAGAoKQBhKCkAYigpAGMoKQBkKCkAZUgBBTIBAAAIBABmSQEpSAEBBw
672=QAZ0kBL0gBAQkEAGhIAcEPaSgpAGooKQBrKCkAbCgpAG0oKQBuKCkAbygpAHAoKQBxKCkA
673=cigpAHMoKQB0KCkAdSgpAHYoKQB3KCkAeCgpAHkoKQB6KCkAeygpAHwoKQB9KCkAfigpAH
674=8oKQCAKCkAgSgpAIIoKQCDKCkAhCgpAIUoKQCGKCkAhygpAIgoKQCJKCkAiigpAIsoKQCM
675=KCkAjSgpAI4oKQCPKCkAkCgpAJEoKQCSKCkAkygoAAEPAF4AzTwQKCkAESgpABIoKQATKC
676=kAFCgpABUoKQAWKCkAFygpABgoKQAZKCkAGigpABsoKQAcKCkAHSgpAB4oKQAfKCkAICgp
677=ACEoKQAiKCkAIygpACQoKQAlKCkAJigpACcoKQAoKCkAKSgpACooKQArKCkALCgpAC0oKQ
678=AuKCkALygpADAoKQAxKCkAMigpADMoKQA0KCkANSgpADYoKQA3KCkAOCgpADkoKQA6KCkA
679=OygpADwoKQA9KCkAPigpAD8oKQBAKCkAQSgpAEIoKQBDKCkARCgpAEUoKQBGKCkARygpAE
680=hJASVEjEGpSUgB1U9KKCkASygpAEwoKQBNKCkATigpAE8oKQBQSAF4tgEDBABRyQEEerZe
681=AHUCBXi2J60LVEAEwQ9VKCkAVkgB2atXKCkAWCgpAFkoKQBaKCkAWygpAFwoKQBdSAHJDF
682=5JASdEHlHPX8gBUR9gSAF8IFUCYUgBwQRiyAFBBGNIAdkRZCgpAGVJAS5QCUEEZkkBLEgB
683=VdNnSQExSAFRH2hIAcEPaSgpAGooKQBrKCkAbCgpAG0oKQBuKCkAbygpAHAoKQBxKCkAci
684=gpAHMoKQB0KCkAdSgpAHYoKQB3KCkAeCgpAHkoKQB6KCkAeygpAHwoKQB9KCkAfigpAH8o
685=KQCAKCkAgSgpAIIoKQCDKCkAhCgpAIUoKQCGKCkAhygpAIgoKQCJKCkAiigpAIsoKQCMKC
686=kAjSgpAI4oKQCPKCkAkCgpAJEoKQCSKCsAEABf7bURKCkAEigpABMoKQAUKCkAFSgpABYo
687=KQAXKCkAGCgpABkoKQAaKCkAGygpABwoKQAdKCkAHigpAB8oKQAgKCkAISgpACIoKQAjKC
688=kAJCgpACUoKQAmKCkAJygpACgoKQApKCkAKigpACsoKQAsKCkALSgpAC4oKQAvKCkAMCgp
689=ADEoKQAyKCkAMygpADQoKQA1KCkANigpADcoKQA4KCkAOSgpADooKQA7KCkAPCgpAD0oKQ
690=A+KCkAPygpAEAoKQBBKCkAQigpAEMoKQBEKCkARSgpAEYoKQBHKCkASEgBwZNJSAHNiUoo
691=KQBLKCkATCgpAE0oKQBOKCkATygpAFBIAWmxBmG0X5WyB2C0qQEIYLQngQtUTAXBD1UoKQ
692=BWKCkAVygpAFgoKQBZKCkAWigpAFsoKQBcKCkAXSgpAF5IAXyvRRNfyAFZEWBIAXwgRa1h
693=SAHBBGLIAUEEY0gB0RRkKCkAZSgpAGYoKQBnKCkAaCgpAGkoKQBqKCkAaygpAGwoKQBtKC
694=kAbigpAG8oKQBwKCkAcSgpAHIoKQBzKCkAdCgpAHUoKQB2KCkAdygpAHgoKQB5KCkAeigp
695=AHsoKQB8KCkAfSgpAH4oKQB/KCkAgCgpAIEoKQCCKCkAgygpAIQoKQCFKCkAhigpAIcoKQ
696=CIKCkAiSgpAIooKQCLKCkAjCgpAI0oKQCOKCkAjygpAJAoKQCRKCsAEQBg9bISKCkAEygp
697=ABQoKQAVKCkAFigpABcoKQAYKCkAGSgpABooKQAbKCkAHCgpAB0oKQAeKCkAHygpACAoKQ
698=AhKCkAIigpACMoKQAkKCkAJSgpACYoKQAnKCkAKCgpACkoKQAqKCkAKygpACwoKQAtKCkA
699=LigpAC8oKQAwKCkAMSgpADIoKQAzKCkANCgpADUoKQA2KCkANygpADgoKQA5KCkAOigpAD
700=soKQA8SAEiJDwBAAQAPcgBAQEEAD7IAVGCP8gBAQMEAEBIAcWBQSgpAEIoKQBDKCkARCgp
701=AEUoKQBGKCkARygpAEgoKQBJKCkASksBvwcAInlBS8gBRRNMyAFFE01IAdkRTigpAE8oKQ
702=BQKCkAUSgpAFIoKQBTKCkAVCgpAFVIAcEPVsgBVQ1XSAHVDVgoKQBZKCkAWigpAFsoKQBc
703=KCkAXSgpAF4oKQBfKCkAYCgpAGEoKQBiKCkAYygpAGQoKQBlKCkAZigpAGcoKQBoKCkAaS
704=gpAGooKQBrKCkAbCgpAG0oKQBuKCkAbygpAHAoKQBxKCkAcigpAHMoKQB0KCkAdSgpAHYo
705=KQB3KCkAeCgpAHkoKQB6KCkAeygpAHwoKQB9KCkAfigpAH8oKQCAKCkAgSgpAIIoKQCDKC
706=kAhCgpAIUoKQCGKCkAhygpAIgoKQCJKCkAiigpAIsoKQCMKCkAjSgpAI4oKQCPKCkAkCgr
707=ABIAYf2vEygpABQoKQAVKCkAFigpABcoKQAYKCkAGSgpABooKQAbKCkAHCgpAB0oKQAeKC
708=kAHygpACAoKQAhKCkAIigpACMoKQAkKCkAJSgpACYoKQAnKCkAKCgpACkoKQAqKCkAKygp
709=ACwoKQAtKCkALigpAC8oKQAwKCkAMSgpADIoKQAzKCkANCgpADUoKQA2KCkANygpADgoKQ
710=A5KCkAOigpADsoKQA8SAFxrgRyrmEAaQEFcK6oAQEGBAA/wQQHcK4n5QdBVALJkEIoKQBD
711=KCkARCgpAEVIASJYJ126RkgB2QZHKCkASCgpAEkoKQBKSAFsn1W9S8gBURRMyAFRFE1IAd
712=EJTigpAE8oKQBQKCkAUSgpAFIoKQBTKCkAVCgpAFVIAWAPUR9WyAEBCAQAV0gB1Q1YKCkA
713=WSgpAFooKQBbKCkAXCgpAF1IAXwrXSBeyAFVyF/IAV26YMgBRR5hSAHVDWIoKQBjKCkAZC
714=gpAGUoKQBmKCkAZygpAGgoKQBpKCkAaigpAGsoKQBsKCkAbSgpAG4oKQBvKCkAcCgpAHEo
715=KQByKCkAcygpAHQoKQB1KCkAdigpAHcoKQB4KCkAeSgpAHooKQB7KCkAfCgpAH0oKQB+KC
716=kAfygpAIAoKQCBKCkAgigpAIMoKQCEKCkAhSgpAIYoKQCHKCkAiCgpAIkoKQCKKCkAiygp
717=AIwoKQCNKCkAjigpAI8oKwATAGLlrRQoKQAVKCkAFigpABcoKQAYKCkAGSgpABooKQAbKC
718=kAHCgpAB0oKQAeKCkAHygpACAoKQAhKCkAIigpACMoKQAkKCkAJSgpACYoKQAnKCkAKCgp
719=ACkoKQAqKCkAKygpACwoKQAtKCkALigpAC8oKQAwKCkAMSgpADIoKQAzKCkANCgpADUoKQ
720=A2KCkANygpADgoKQA5KCkAOigpADsoKQA8SAFsfkGIPckBCXmrYoWtCnirqQELeKsnuQdB
721=TAXZf0IoKQBDKCkARCgpAEVIAXirTYlGSAHZBkcoKQBIKCkASSgpAEpIAdWcS8gBSbxMyA
722=FdFU1IAdEJTigpAE8oKQBQKCkAUSgpAFIoKQBTKCkAVCgpAFUoKQBWKCkAVygpAFgoKQBZ
723=SQFfJOEtWsgBVbJbSAHFE1woKQBdSAFoLVHEXsgBUcRfyAFZBmDIAVkcYUgBxQhiKCkAYy
724=gpAGQoKQBlKCkAZigpAGcoKQBoKCkAaSgpAGooKQBrKCkAbCgpAG0oKQBuKCkAbygpAHAo
725=KQBxKCkAcigpAHMoKQB0KCkAdSgpAHYoKQB3KCkAeCgpAHkoKQB6KCkAeygpAHwoKQB9KC
726=kAfigpAH8oKQCAKCkAgSgpAIIoKQCDKCkAhCgpAIUoKQCGKCkAhygpAIgoKQCJKCkAiigp
727=AIsoKQCMKCgABY0AYgD//wAAEQAAjAwAIAgABACOAGIA//8AAEgBAhQAYwD/qQEVKCkAFi
728=gpABcoKQAYKCkAGSgpABooKQAbKCkAHCgpAB0oKQAeKCkAHygpACAoKQAhKCkAIigpACMo
729=KQAkKCkAJSgpACYoKQAnKCkAKCgpACkoKQAqKCkAKygpACwoKQAtKCkALigpAC8oKQAwKC
730=kAMSgpADIoKQAzKCkANCgpADUoKQA2KCkANygpADgoKQA5KCkAOigpADsoKQA8KCkAPSgp
731=AD4oKQA/KCkAQCgpAEEoKQBCKCkAQygpAEQoKQBFSAEFJQEAAAIEAEZIAdVERygpAEgoKQ
732=BJKCkASigpAEsoKQBMKCkATSgpAE5JASZIDEFRT8gBAQEEAFDIAUEPUSgpAFLIAU0FU0gB
733=2RFUKCkAVSgpAFYoKQBXKCkAWCgpAFlIAQVfBwAAFQQAWsgBARsEAFtIAd0KXCgpAF1JAS
734=9QFAEIBABeyAEBCQQAX8gBAQoEAGDIAQELBABhSAHFCGJJATJYBl0VY8gBTRtkyAFNG2VI
735=Ac0FZigpAGcoKQBoKCkAaSgpAGooKQBrKCkAbCgpAG0oKQBuKCkAbygpAHAoKQBxKCkAci
736=gpAHMoKQB0KCkAdSgpAHYoKQB3KCkAeCgpAHkoKQB6KCkAeygpAHwoKQB9KCkAfigpAH8o
737=KQCAKCkAgSgpAIIoKQCDKCkAhCgpAIUoKQCGKCkAhygpAIgoKQCJKCkAiigpAIsoKQCMKC
738=kAjSgrABUAZPWnFigpABcoKQAYKCkAGSgpABooKQAbKCkAHCgpAB0oKQAeKCkAHygpACAo
739=KQAhKCkAIigpACMoKQAkKCkAJSgpACYoKQAnKCkAKCgpACkoKQAqKCkAKygpACwoKQAtKC
740=kALigpAC8oKQAwKCkAMSgpADIoKQAzKCkANCgpADUoKQA2KCkANygpADgoKQA5KCkAOigp
741=ADsoKQA8KCkAPSgpAD4oKQA/KCkAQCgpAEFJASe9eELIAV14Q8gBXXhESAHdeEUoKQBGKC
742=kARygpAEgoKQBJKCkASigpAEsoKQBMKCkATSgpAE4oKQBPKCkAUCgpAFEoKQBSKCkAUygp
743=AFQoKQBVKCkAVigpAFcoKQBYKCkAWSgpAFooKQBbKCkAXCgpAF0oKQBeSQExuSdfyAFZJ2
744=DIAVknYUgB2SdiSAFqpgMESmxkAGoBBARMAqgBAQUEAGVQAc0FZigpAGcoKQBoKCkAaSgp
745=AGooKQBrKCkAbCgpAG0oKQBuKCkAbygpAHAoKQBxKCkAcigpAHMoKQB0KCkAdSgpAHYoKQ
746=B3KCkAeCgpAHkoKQB6KCkAeygpAHwoKQB9KCkAfigpAH8oKQCAKCkAgSgpAIIoKQCDKCkA
747=hCgpAIUoKQCGKCkAhygpAIgoKQCJKCkAiigpAIsoKQCMKCkAFkQ33TYXKCkAGCgpABkoKQ
748=AaKCkAGygpABwoKQAdKCkAHigpAB8oKQAgKCkAISgpACIoKQAjKCkAJCgpACUoKQAmKCkA
749=JygpACgoKQApKCkAKigpACsoKQAsKCkALSgpAC4oKQAvKCkAMCgpADEoKQAyKCkAMygpAD
750=QoKQA1KCkANigpADcoKQA4KCkAOSgpADooKQA7KCkAPCgpAD0oKQA+KCkAPygpAEAoKQBB
751=SAFwo0V2QsgBRXZDyAFFdkRIAcU/RSgpAEYoKQBHKCkASCgpAEkoKQBKKCkASygpAEwoKQ
752=BNKCkATigpAE8oKQBQKCkAUSgpAFIoKQBTKCkAVCgpAFUoKQBWKCkAVygpAFgoKQBZKCkA
753=WigpAFsoKQBcKCkAXSgpAF5IAXCjWSdfyAFZJ2DIAVknYUgB2SdiSAFlogZxo2WRowdwo6
754=kBCHGjZSYxImZMBdkGZygpAGgoKQBpKCkAaigpAGsoKQBsKCkAbSgpAG4oKQBvKCkAcCgp
755=AHEoKQByKCkAcygpAHQoKQB1KCkAdigpAHcoKQB4KCkAeSgpAHooKQB7KCkAfCgpAH0oKQ
756=B+KCkAfygpAIAoKQCBKCkAgigpAIMoKQCEKCkAhSgpAIYoKQCHKCkAiCgpAIkoKQCKKCkA
757=iygrABcAZvE1GCgpABkoKQAaKCkAGygpABwoKQAdKCkAHigpAB8oKQAgKCkAISgpACIoKQ
758=AjKCkAJCgpACUoKQAmKCkAJygpACgoKQApKCkAKigpACsoKQAsKCkALSgpAC4oKQAvKCkA
759=MCgpADEoKQAyKCkAMygpADQoKQA1KCkANigpADcoKQA4KCkAOSgpADooKQA7KCkAPCgpAD
760=0oKQA+KCkAPygpAEAoKQBBSAF4oAEGBABCyAEBBwQAQ8gBAQgEAERIAcFyRSgpAEZJAS4k
761=bSRHyAEBAQQASMgBAQIEAEnIAQEDBABKSAHFCEsoKQBMKCkATUoBOAkjuT5OyAEBAAQAT0
762=gB2QZQKCkAUSgpAFIoKQBTKCkAVCgpAFUoKQBWSAFokEEaV0gBIlA8AQkEAFgoKQBZSAHV
763=DVooKQBbKCkAXCgpAF0oKQBeSAF4oFknX8gBWSdgyAFVDWFIAd0KYkgBbBBBD2PJAQp5oG
764=aFogt4oCdlDWZABNkGZygpAGgoKQBpKCkAaigpAGsoKQBsKCkAbSgpAG4oKQBvKCkAcCgp
765=AHEoKQByKCkAcygpAHQoKQB1KCkAdigpAHcoKQB4KCkAeSgpAHooKQB7KCkAfCgpAH0oKQ
766=B+KCkAfygpAIAoKQCBKCkAgigpAIMoKQCEKCkAhSgpAIYoKQCHKCkAiCgpAIkoKQCKKCsA
767=GABn7Z8ZKCkAGigpABsoKQAcKCkAHSgpAB4oKQAfKCkAICgpACEoKQAiKCkAIygpACQoKQ
768=AlKCkAJigpACcoKQAoKCkAKSgpACooKQArKCkALCgpAC0oKQAuKCkALygpADAoKQAxKCkA
769=MigpADMoKQA0KCkANSgpADYoKQA3KCkAOCgpADkoKQA6KCkAOygpADwoKQA9KCkAPigpAD
770=8oKQBAKCkAQSgpAEIoKQBDKCkARCgpAEUoKQBGSAFgngEEBABHyQEFYp5nAHQCWX9J1AJZ
771=f0pIAdF3SygpAEwoKQBNKCkATigpAE8oKQBQKCkAUSgpAFIoKQBTKCkAVCgpAFUoKQBWSA
772=FkE0mxV0gBbJRJsVgoKQBZSAHRFFooKQBbKCkAXCgpAF0oKQBeSAFwCVGYX8gBUZhgyAFR
773=mGFIAd0KYigpAGMoKQBkKCkAZSgpAGYoKQBnKCkAaCgpAGkoKQBqKCkAaygpAGwoKQBtKC
774=kAbigpAG8oKQBwKCkAcSgpAHIoKQBzKCkAdCgpAHUoKQB2KCkAdygpAHgoKQB5KCkAeigp
775=AHsoKQB8KCkAfSgpAH4oKQB/KCkAgCgpAIEoKQCCKCkAgygpAIQoKQCFKCkAhigpAIcoKQ
776=CIKCkAiSgrABkAaPWcGigpABsoKQAcKCkAHSgpAB4oKQAfKCkAICgpACEoKQAiKCkAIygp
777=ACQoKQAlKCkAJigpACcoKQAoKCkAKSgpACooKQArKCkALCgpAC0oKQAuKCkALygpADAoKQ
778=AxKCkAMigpADMoKQA0KCkANSgpADYoKQA3KCkAOCgpADkoKQA6KCkAOygpADwoKQA9KCkA
779=PigpAD8oKQBAKCkAQSgpAEIoKQBDKCkAREgBIrAnAQAEAEXIAV2DRkgBaYUIaZtonJlVe0
780=jUAlV7SUkBAGAAIi0naGABIv1tSyhVAEwoKQBNKCkATigpAE8oKQBQKCkAUSgpAFJIAQE5
781=CQAATRBTyAFNqlRIAZsNBABVKCkAVigpAFcoKQBYKCkAWSgpAFooKQBbKCkAXEgBzZRdKC
782=kAXigpAF8oKQBgKCkAYSgpAGIoKQBjKCkAZCgpAGUoKQBmKCkAZygpAGgoKQBpKCkAaigp
783=AGsoKQBsKCkAbSgpAG4oKQBvKCkAcCgpAHEoKQByKCkAcygpAHQoKQB1KCkAdigpAHcoKQ
784=B4KCkAeSgpAHooKQB7KCkAfCgpAH0oKQB+KCkAfygpAIAoKQCBKCkAgigpAIMoKQCEKCkA
785=hSgpAIYoKQCHKCkAiCgoAAEaAGkA2T0bKCkAHCgpAB0oKQAeKCkAHygpACAoKQAhKCkAIi
786=gpACMoKQAkKCkAJSgpACYoKQAnKCkAKCgpACkoKQAqKCkAKygpACwoKQAtKCkALigpAC8o
787=KQAwKCkAMSgpADIoKQAzKCkANCgpADUoKQA2KCkANygpADgoKQA5KCkAOigpADsoKQA8KC
788=kAPSgpAD4oKQA/KCkAQCgpAEEoKQBCKCgAAkMAaQD/EQAAsAwAIAAB/wAAAAQARABpACcB
789=AAAGBABFAKgBAQgEAEZJAf+hBEcoKQBIKCkASUgBXAdlCEooKQBLKCkATCgpAE0oKQBOKC
790=kATygpAFAoKQBRKCkAUkgBBTkJAAACBABTyAEBAAQAVEgBwQ9VKCkAVigpAFdJAVtYBk0F
791=WEkBWqkBWUgB2QZaKCkAWygpAFxIAcUeXSgpAF4oKQBfKCkAYCgpAGFJASlYJ1UNYsgBAQ
792=EEAGPIAUkXZEgB3QplKCkAZigpAGcoKQBoKCkAaSgpAGooKQBrKCkAbCgpAG0oKQBuKCkA
793=bygpAHAoKQBxKCkAcigpAHMoKQB0KCkAdSgpAHYoKQB3KCkAeCgpAHkoKQB6KCkAeygpAH
794=woKQB9KCkAfigpAH8oKQCAKCkAgSgpAIIoKQCDKCkAhCgpAIUoKQCGKCkAhygoAAEbAGoA
795=zTEcKCkAHSgpAB4oKQAfKCkAICgpACEoKQAiKCkAIygpACQoKQAlKCkAJigpACcoKQAoKC
796=kAKSgpACooKQArKCkALCgpAC0oKQAuKCkALygpADAoKQAxKCkAMigpADMoKQA0KCkANSgp
797=ADYoKQA3KCkAOCgpADkoKQA6KCkAOygpADwoKQA9KCkAPigpAD8oKQBAKCkAQSgpAEIoKQ
798=BDKCkARCgpAEUoKQBGKCkARygpAEgoKQBJSAHZf0ooKQBLKCkATEoBOAlLBAQATcgBXXhO
799=yAFdeE9IAVgDYZ5QKCkAUSgpAFIoKQBTKCkAVCgpAFUoKQBWKCkAV0kBWaEPWEkBWKkBWU
800=gB1Q1aKCkAWygpAFxIAclZXSgpAF4oKQBfKCkAYCgpAGFJASlYlQEDBABiyQEEepVqAHQC
801=AQUEAGRUAt0KZSgpAGYoKQBnKCkAaCgpAGkoKQBqKCkAaygpAGwoKQBtKCkAbigpAG8oKQ
802=BwKCkAcSgpAHIoKQBzKCkAdCgpAHUoKQB2KCkAdygpAHgoKQB5KCkAeigpAHsoKQB8KCkA
803=fSgpAH4oKQB/KCkAgCgpAIEoKQCCKCkAgygpAIQoKQCFKCkAhigrABwAa+2UHSgpAB4oKQ
804=AfKCkAICgpACEoKQAiKCkAIygpACQoKQAlKCkAJigpACcoKQAoKCkAKSgpACooKQArKCkA
805=LCgpAC0oKQAuKCkALygpADAoKQAxKCkAMigpADMoKQA0KCkANSgpADYoKQA3KCkAOCgpAD
806=koKQA6KCkAOygpADwoKQA9KCkAPigpAD8oKQBAKCkAQSgpAEIoKQBDKCkARCgpAEUoKQBG
807=KCkARygpAEgoKQBJSAHBfUooKQBLKCkATEgBYJNFdk3IAUV2TsgBRXZPSAHFCFAoKQBRKC
808=kAUigpAFMoKQBUKCkAVSgpAFYoKQBXKCkAWCgpAFkoKQBaKCkAWygpAFxIAcGIXUkBLFCN
809=AQAEAF7IAU2qX8gBTapgSAHNBWFIAWmQBmGTa5WRB2CTqQEIYJMnXQxlTAXZBmYoKQBnKC
810=kAaCgpAGkoKQBqKCkAaygpAGwoKQBtKCkAbigpAG8oKQBwKCkAcSgpAHIoKQBzKCkAdCgp
811=AHUoKQB2KCkAdygpAHgoKQB5KCkAeigpAHsoKQB8KCkAfSgpAH4oKQB/KCkAgCgpAIEoKQ
812=CCKCkAgygpAIQoKQCFKCsAHQBs9ZEeKCkAHygpACAoKQAhKCkAIigpACMoKQAkKCkAJSgp
813=ACYoKQAnKCkAKCgpACkoKQAqKCkAKygpACwoKQAtKCkALigpAC8oKQAwKCkAMSgpADIoKQ
814=AzKCkANCgpADUoKQA2KCkANygpADgoKQA5KCkAOigpADsoKQA8KCkAPSgpAD4oKQA/KCkA
815=QCgpAEEoKQBCKCkAQygpAEQoKQBFKCkARigpAEcoKQBIKCkASUgBwYhKKCkASygpAExIAW
816=iQTXNNyAFNc07IAU1zT0gBxQhQKCkAUSgpAFJKARkJSAQiKzdsABqpAVRUAkwCIkklVSgp
817=AFYoKQBXKCkAWCgpAFkoKQBaKCkAWygpAFxIAd2DXUgBaJBVp17IAVWnX8gBVadgSAHNBW
818=EoKQBiKCkAYygpAGQoKQBlKCkAZigpAGcoKQBoKCkAaSgpAGooKQBrKCkAbCgpAG0oKQBu
819=KCkAbygpAHAoKQBxKCkAcigpAHMoKQB0KCkAdSgpAHYoKQB3KCkAeCgpAHkoKQB6KCkAey
820=gpAHwoKQB9KCkAfigpAH8oKQCAKCkAgSgpAIIoKQCDKCkAhCgrAB4Abf2OHygpACAoKQAh
821=KCkAIigpACMoKQAkKCkAJSgpACYoKQAnKCkAKCgpACkoKQAqKCkAKygpACwoKQAtKCkALi
822=gpAC8oKQAwKCkAMSgpADIoKQAzKCkANCgpADUoKQA2KCkANygpADgoKQA5KCkAOigpADso
823=KQA8KCkAPSgpAD4oKQA/KCkAQCgpAEEoKQBCKCkAQygpAEQoKQBFKCkARigpAEcoKQBIKC
824=kASUgBzX5KSAEifEcBAAQAS8gBAQEEAEzJAQIiITZtiAVBBE5UAo8BBABPKCkAUCgpAFEo
825=KQBSSQEcpYxTSQEbqQFUSgFkB08IBABVyAFVDVbIAVUNV8gBSYVYSAFEBWGTWSgpAFooKQ
826=BbKCkAXEgBwYhdSAFwjV2kXsgBXaRfyAFdpGBIAc0FYSgpAGIoKQBjKCkAZCgpAGUoKQBm
827=KCkAZygpAGgoKQBpKCkAaigpAGsoKQBsKCkAbSgpAG4oKQBvKCkAcCgpAHEoKQByKCkAcy
828=gpAHQoKQB1KCkAdigpAHcoKQB4KCkAeSgpAHooKQB7KCkAfCgpAH0oKQB+KCkAfygpAIAo
829=KQCBKCkAgigpAIMoKwAfAG7ljCAoKQAhKCkAIigpACMoKQAkKCkAJSgpACYoKQAnKCkAKC
830=gpACkoKQAqKCkAKygpACwoKQAtKCkALigpAC8oKQAwKCkAMSgpADIoKQAzKCkANCgpADUo
831=KQA2KCkANygpADgoKQA5KCkAOigpADsoKQA8KCkAPSgpAD4oKQA/KCkAQCgpAEEoKQBCKC
832=kAQygpAEQoKQBFKCkARigpAEcoKQBIKCkASUgBxXZKSAF4il14S8kBBHqKbgB0Akn+TVQC
833=zQVOKCkATygpAFAoKQBRKCkAUigpAFMoKQBUSQFkWYoEe4puAGRIAUkMVtQCRYFXyAFFgV
834=hIAcEPWSgpAFooKQBbKCkAXEgByYVdKCkAXigpAF8oKQBgKCkAYSgpAGIoKQBjKCkAZCgp
835=AGUoKQBmKCkAZygpAGgoKQBpKCkAaigpAGsoKQBsKCkAbSgpAG4oKQBvKCkAcCgpAHEoKQ
836=ByKCkAcygpAHQoKQB1KCkAdigpAHcoKQB4KCkAeSgpAHooKQB7KCkAfCgpAH0oKQB+KCkA
837=fygpAIAoKQCBKCkAgigrACAAb+2JISgpACIoKQAjKCkAJCgpACUoKQAmKCkAJygpACgoKQ
838=ApKCkAKigpACsoKQAsKCkALSgpAC4oKQAvKCkAMCgpADEoKQAyKCkAMygpADQoKQA1KCkA
839=NigpADcoKQA4KCkAOSgpADooKQA7KCkAPCgpAD0oKQA+KCkAPygpAEAoKQBBKCkAQigpAE
840=MoKQBEKCkARSgpAEYoKQBHKCkASCgpAElIAc1zSkgBaIVRd0vIAVF3TMgBWfhNSAHNBU4o
841=KQBPKCkAUCgpAFEoKQBSKCkAUygpAFRIAXSGXQpVyAEBCQQAVsgBAQoEAFfIAQELBABYSA
842=HBD1koKQBaKCkAWygpAFxIAScAESd5Cl4oVQBfKCkAYCgpAGEoKQBiKCkAYygpAGQoKQBl
843=KCkAZigpAGcoKQBoKCkAaSgpAGooKQBrKCkAbCgpAG0oKQBuKCkAbygpAHAoKQBxKCkAci
844=gpAHMoKQB0KCkAdSgpAHYoKQB3KCkAeCgpAHkoKQB6KCkAeygpAHwoKQB9KCkAfigpAH8o
845=KQCAKCkAgSgrACEAcPWGIigpACMoKQAkKCkAJSgpACYoKQAnKCkAKCgpACkoKQAqKCkAKy
846=gpACwoKQAtKCkALigpAC8oKQAwKCkAMSgpADIoKQAzKCkANCgpADUoKQA2KCkANygpADgo
847=KQA5KCkAOigpADsoKQA8KCkAPSgpAD4oKQA/KCkAQCgpAEEoKQBCKCkAQygpAEQoKQBFKC
848=kARigpAEcoKQBIKCkASUgB1XBKKCkAS0kBX1X/ACKuIXAAaQEBIggzqAEBAgQATsEEAyII
849=M7QCAQQEAFDUAgEFBABRyAFdjlJIAckMUygpAFRJAWRJDAwirSFwI60hDWiFqQEOaIWpAQ
850=9phXCACFkRWVgGjAEMBABaAHAAAAAAAAAEAFsAEQAAJQwAIAFwAAAAQAAFBABcAHAA//+J
851=AV0oKQBeKCkAXygpAGAoKQBhKCkAYigpAGMoKQBkKCkAZSgpAGYoKQBnKCkAaCgpAGkoKQ
852=BqKCkAaygpAGwoKQBtKCkAbigpAG8oKQBwKCkAcSgpAHIoKQBzKCkAdCgpAHUoKQB2KCkA
853=dygpAHgoKQB5KCkAeigpAHsoKQB8KCkAfSgpAH4oKQB/KCkAgCgrACIAcfkyIygpACQoKQ
854=AlKCkAJigpACcoKQAoKCkAKSgpACooKQArKCkALCgpAC0oKQAuKCkALygpADAoKQAxKCkA
855=MigpADMoKQA0KCkANSgpADYoKQA3KCkAOCgpADkoKQA6KCkAOygpADwoKQA9KCkAPigpAD
856=8oKQBAKCkAQSgpAEIoKQBDKCkARCgpAEUoKQBGKCkARygpAEgoKQBJSAFEaAIAAAQASigp
857=AEtIAQVfBwAABwQATMgBAQgEAE3IAQEJBABOyAEBCgQAT8gBAQsEAFDIAQEMBABRyAEBDQ
858=QAUkgByQxTKCkAVEkBZEgMARAEAFXIAQERBABWyAEBEgQAV8gBARMEAFhIAcUIWSgpAFoo
859=KQBbKCkAXEgBJ1AQJyEKXihVAF8oKQBgKCkAYSgpAGIoKQBjKCkAZCgpAGUoKQBmKCkAZy
860=gpAGgoKQBpKCkAaigpAGsoKQBsKCkAbSgpAG4oKQBvKCkAcCgpAHEoKQByKCkAcygpAHQo
861=KQB1KCkAdigpAHcoKQB4KCkAeSgpAHooKQB7KCkAfCgpAH0oKQB+KCkAfygrACMAcuWBJC
862=gpACUoKQAmKCkAJygpACgoKQApKCkAKigpACsoKQAsKCkALSgpAC4oKQAvKCkAMCgpADEo
863=KQAyKCkAMygpADQoKQA1KCkANigpADcoKQA4KCkAOSgpADooKQA7KCkAPCgpAD0oKQA+KC
864=kAPygpAEAoKQBBKCkAQigpAEMoKQBEKCkARSgpAEYoKQBHKCkASCgpAElIAcVrSigpAEtI
865=AXl/Dnp/cgBpAQ94f6gBRXZOwARFdk/IAUV2UMgBRXZRyQEUeX9yhAxFjFNUAo8BBABUSA
866=F4f0EEVckBFXp/cgB1AhZ4f6kBF3h/JwUBWUwFxQhaKCkAWygpAFxIASf4Dyf1CV4oVQBf
867=KCkAYCgpAGEoKQBiKCkAYygpAGQoKQBlKCkAZigpAGcoKQBoKCkAaSgpAGooKQBrKCkAbC
868=gpAG0oKQBuKCkAbygpAHAoKQBxKCkAcigpAHMoKQB0KCkAdSgpAHYoKQB3KCkAeCgpAHko
869=KQB6KCkAeygpAHwoKQB9KCkAfigrACQAc+1+JSgpACYoKQAnKCkAKCgpACkoKQAqKCkAKy
870=gpACwoKQAtKCkALigpAC8oKQAwKCkAMSgpADIoKQAzKCkANCgpADUoKQA2KCkANygpADgo
871=KQA5KCkAOigpADsoKQA8KCkAPSgpAD4oKQA/KCkAQCgpAEEoKQBCKCkAQygpAEQoKQBFKC
872=kARigpAEcoKQBIKCkASUgBwWdKKCkAS0gBdHtJb0zIAUlvTcgBSW9OyQEYffxzhYEZfPyp
873=ARp8/KkBG2F9c4QMgH0nKQBURAhoekUIVcgBRQhWyAFFCFfIAUUIWEgBiwgEAFkoKQBaKC
874=kAWygpAFxIASegDyfJCV4oVQBfKCkAYCgpAGEoKQBiKCkAYygpAGQoKQBlKCkAZigpAGco
875=KQBoKCkAaSgpAGooKQBrKCkAbCgpAG0oKQBuKCkAbygpAHAoKQBxKCkAcigpAHMoKQB0KC
876=kAdSgpAHYoKQB3KCkAeCgpAHkoKQB6KCkAeygpAHwoKQB9KCsAJQB09XsmKCkAJygpACgo
877=KQApKCkAKigpACsoKQAsKCkALSgpAC4oKQAvKCkAMCgpADEoKQAyKCkAMygpADQoKQA1KC
878=kANigpADcoKQA4KCkAOSgpADooKQA7KCkAPCgpAD0oKQA+KCkAPygpAEAoKQBBKCkAQigp
879=AEMoKQBEKCkARSgpAEYoKQBHKCkASCgpAElIAdVlSigpAEsoKQBMKCkATSgpAE4oKQBPKC
880=kAUCgpAFEoKQBSKCkAUygpAFQoKQBVKCkAVigpAFcoKQBYKCkAWSgpAFooKQBbKCkAXEgB
881=J0gPJ50JXihVAF8oKQBgKCkAYSgpAGIoKQBjKCkAZCgpAGUoKQBmKCkAZygpAGgoKQBpKC
882=kAaigpAGsoKQBsKCkAbSgpAG4oKQBvKCkAcCgpAHEoKQByKCkAcygpAHQoKQB1KCkAdigp
883=AHcoKQB4KCkAeSgpAHooKQB7KCkAfCgrACYAdf14JygpACgoKQApKCkAKigpACsoKQAsKC
884=kALSgpAC4oKQAvKCkAMCgpADEoKQAyKCkAMygpADQoKQA1KCkANigpADcoKQA4KCkAOSgp
885=ADooKQA7KCkAPCgpAD0oKQA+KCkAPygpAEAoKQBBKCkAQigpAEMoKQBEKCkARSgpAEYoKQ
886=BHKCkASCgpAEkoKQBKKCkASygpAEwoKQBNKCkATigpAE8oKQBQKCkAUSgpAFIoKQBTKCkA
887=VCgpAFUoKQBWKCkAVygpAFgoKQBZKCkAWigpAFsoKQBcKCkAXSgpAF4oKQBfKCkAYCgpAG
888=EoKQBiKCkAYygpAGQoKQBlKCkAZigpAGcoKQBoKCkAaSgpAGooKQBrKCkAbCgpAG0oKQBu
889=KCkAbygpAHAoKQBxKCkAcigpAHMoKQB0KCkAdSgpAHYoKQB3KCkAeCgpAHkoKQB6KCkAey
890=grACcAduV2KCgpACkoKQAqKCkAKygpACwoKQAtKCkALigpAC8oKQAwKCkAMSgpADIoKQAz
891=KCkANCgpADUoKQA2KCkANygpADgoKQA5KCkAOigpADsoKQA8KCkAPSgpAD4oKQA/KCkAQC
892=gpAEEoKQBCKCkAQygpAEQoKQBFKCkARigpAEcoKQBIKCkASSgpAEooKQBLKCkATCgpAE0o
893=KQBOKCkATygpAFAoKQBRKCkAUigpAFMoKQBUKCkAVSgpAFYoKQBXKCkAWCgpAFkoKQBaKC
894=kAWygpAFwoKQBdKCkAXigpAF8oKQBgKCkAYSgpAGIoKQBjKCkAZCgpAGUoKQBmKCkAZygp
895=AGgoKQBpKCkAaigpAGsoKQBsKCkAbSgpAG4oKQBvKCkAcCgpAHEoKQByKCkAcygpAHQoKQ
896=B1KCkAdigpAHcoKQB4KCkAeSgpAHooKwAoAHftcykoKQAqKCkAKygpACwoKQAtKCkALigp
897=AC8oKQAwKCkAMSgpADIoKQAzKCkANCgpADUoKQA2KCkANygpADgoKQA5KCkAOigpADsoKQ
898=A8KCkAPSgpAD4oKQA/KCkAQCgpAEEoKQBCKCkAQygpAEQoKQBFKCkARigpAEcoKQBIKCkA
899=SSgpAEooKQBLKCkATCgpAE0oKQBOKCkATygpAFAoKQBRKCkAUigpAFMoKQBUKCkAVSgpAF
900=YoKQBXKCkAWCgpAFkoKQBaKCkAWygpAFwoKQBdKCkAXigpAF8oKQBgKCkAYSgpAGIoKQBj
901=KCkAZCgpAGUoKQBmKCkAZygpAGgoKQBpKCkAaigpAGsoKQBsKCkAbSgpAG4oKQBvKCkAcC
902=gpAHEoKQByKCkAcygpAHQoKQB1KCkAdigpAHcoKQB4KCkAeSgrACkAePVwKigpACsoKQAs
903=KCkALSgpAC4oKQAvKCkAMCgpADEoKQAyKCkAMygpADQoKQA1KCkANigpADcoKQA4KCkAOS
904=gpADooKQA7KCkAPCgpAD0oKQA+KCkAPygpAEAoKQBBKCkAQigpAEMoKQBEKCkARSgpAEYo
905=KQBHKCkASCgpAEkoKQBKKCkASygpAEwoKQBNKCkATigpAE8oKQBQKCkAUSgpAFIoKQBTKC
906=kAVCgpAFUoKQBWKCkAVygpAFgoKQBZKCkAWigpAFsoKQBcKCkAXSgpAF4oKQBfKCkAYCgp
907=AGEoKQBiKCkAYygpAGQoKQBlKCkAZigpAGcoKQBoKCkAaSgpAGooKQBrKCkAbCgpAG0oKQ
908=BuKCkAbygpAHAoKQBxKCkAcigpAHMoKQB0KCkAdSgpAHYoKQB3KCkAeCgrACoAef1tKygp
909=ACwoKQAtKCkALigpAC8oKQAwKCkAMSgpADIoKQAzKCgABzQAeQD//wAAAAQRAADDCwAgCg
910=A1AHkA//8AAAAEADYoKQA3KCkAOCgpADkoKQA6KCkAOygpADwoKQA9KCkAPigpAD8oKQBA
911=KCkAQSgpAEIoKQBDKCkARCgpAEUoKQBGKCkARygpAEgoKQBJKCkASigpAEsoKQBMKCkATS
912=gpAE4oKQBPKCkAUCgpAFEoKQBSKCkAUygpAFQoKQBVKCkAVigpAFcoKQBYKCkAWSgpAFoo
913=KQBbKCkAXCgpAF0oKQBeKCkAXygpAGAoKQBhKCkAYigpAGMoKQBkKCkAZSgpAGYoKQBnKC
914=kAaCgpAGkoKQBqKCkAaygpAGwoKQBtKCkAbigpAG8oKQBwKCkAcSgpAHIoKQBzKCkAdCgp
915=AHUoKQB2KCkAdygoAAMrAHoA//+BXCwoKQAtKCkALigpAC8oKQAwKCkAMSgpADIoKQAzKC
916=kANCgpADUoKQA2KCkANygpADgoKQA5KCkAOigpADsoKQA8KCkAPSgpAD4oKQA/KCkAQCgp
917=AEEoKQBCKCkAQygpAEQoKQBFKCkARigpAEcoKQBIKCkASSgpAEooKQBLKCkATCgpAE0oKQ
918=BOKCkATygpAFAoKQBRKCkAUigpAFMoKQBUKCkAVSgpAFYoKQBXKCkAWCgpAFkoKQBaKCkA
919=WygpAFwoKQBdKCkAXigpAF8oKQBgKCkAYSgpAGIoKQBjKCkAZCgpAGUoKQBmKCkAZygpAG
920=goKQBpKCkAaigpAGsoKQBsKCkAbSgpAG4oKQBvKCkAcCgpAHEoKQByKCkAcygpAHQoKQB1
921=KCkAdigrACwAe+1oLSgpAC4oKQAvKCkAMCgpADEoKQAyKCkAMygpADQoKQA1KCkANigpAD
922=coKQA4KCkAOSgpADooKQA7KCkAPCgpAD0oKQA+KCkAPygpAEAoKQBBKCkAQigpAEMoKQBE
923=KCkARSgpAEYoKQBHKCkASCgpAEkoKQBKKCkASygpAEwoKQBNKCkATigpAE8oKQBQKCkAUS
924=gpAFIoKQBTKCkAVCgpAFUoKQBWKCkAVygpAFgoKQBZKCkAWigpAFsoKQBcKCkAXSgpAF4o
925=KQBfKCkAYCgpAGEoKQBiKCkAYygpAGQoKQBlKCkAZigpAGcoKQBoKCkAaSgpAGooKQBrKC
926=kAbCgpAG0oKQBuKCkAbygpAHAoKQBxKCkAcigpAHMoKQB0KCkAdSgrAC0AfPVlLigpAC8o
927=KQAwKCkAMSgpADIoKQAzKCkANCgpADUoKQA2KCkANygpADgoKQA5KCkAOigpADsoKQA8KC
928=kAPSgpAD4oKQA/KCkAQCgpAEEoKQBCKCkAQygpAEQoKQBFKCkARigpAEcoKQBIKCkASSgp
929=AEooKQBLKCkATCgpAE0oKQBOKCkATygpAFAoKQBRKCkAUigpAFMoKQBUKCkAVSgpAFYoKQ
930=BXKCkAWCgpAFkoKQBaKCkAWygpAFwoKQBdKCkAXigpAF8oKQBgKCkAYSgpAGIoKQBjKCkA
931=ZCgpAGUoKQBmKCkAZygpAGgoKQBpKCkAaigpAGsoKQBsKCkAbSgpAG4oKQBvKCkAcCgpAH
932=EoKQByKCkAcygpAHQoKwAuAH39Yi8oKQAwKCkAMSgpADIoKQAzKCkANCgpADUoKQA2KCkA
933=NygpADgoKQA5KCkAOigpADsoKQA8KCkAPSgpAD4oKQA/KCkAQCgpAEEoKQBCKCkAQygpAE
934=QoKQBFKCkARigpAEcoKQBIKCkASSgpAEooKQBLKCkATCgpAE0oKQBOKCkATygpAFAoKQBR
935=KCkAUigpAFMoKQBUKCkAVSgpAFYoKQBXKCkAWCgpAFkoKQBaKCkAWygpAFwoKQBdKCkAXi
936=gpAF8oKQBgKCkAYSgpAGIoKQBjKCkAZCgpAGUoKQBmKCkAZygpAGgoKQBpKCkAaigpAGso
937=KQBsKCkAbSgpAG4oKQBvKCkAcCgpAHEoKQByKCkAcygrAC8AfuVgMCgpADEoKQAyKCkAMy
938=gpADQoKQA1KCkANigpADcoKQA4KCkAOSgpADooKQA7KCkAPCgpAD0oKQA+KCkAPygpAEAo
939=KQBBKCkAQigpAEMoKQBEKCkARSgpAEYoKQBHKCkASCgpAEkoKQBKKCkASygpAEwoKQBNKC
940=kATigpAE8oKQBQKCkAUSgpAFIoKQBTKCkAVCgpAFUoKQBWKCkAVygpAFgoKQBZKCkAWigp
941=AFsoKQBcKCkAXSgpAF4oKQBfKCkAYCgpAGEoKQBiKCkAYygpAGQoKQBlKCkAZigpAGcoKQ
942=BoKCkAaSgpAGooKQBrKCkAbCgpAG0oKQBuKCkAbygpAHAoKQBxKCkAcigrADAAf+1dMSgp
943=ADIoKQAzKCkANCgpADUoKQA2KCkANygpADgoKQA5KCkAOigpADsoKQA8KCkAPSgpAD4oKQ
944=A/KCkAQCgpAEEoKQBCKCkAQygpAEQoKQBFKCkARigpAEcoKQBIKCkASSgpAEooKQBLKCkA
945=TCgpAE0oKQBOKCkATygpAFAoKQBRKCkAUigpAFMoKQBUKCkAVSgpAFYoKQBXKCkAWCgpAF
946=koKQBaKCkAWygpAFwoKQBdKCkAXigpAF8oKQBgKCkAYSgpAGIoKQBjKCkAZCgpAGUoKQBm
947=KCkAZygpAGgoKQBpKCkAaigpAGsoKQBsKCkAbSgpAG4oKQBvKCkAcCgpAHEoKwAxAID1Wj
948=IoKQAzKCkANCgpADUoKQA2KCkANygpADgoKQA5KCkAOigpADsoKQA8KCkAPSgpAD4oKQA/
949=KCkAQCgpAEEoKQBCKCkAQygpAEQoKQBFKCkARigpAEcoKQBIKCkASSgpAEooKQBLKCkATC
950=gpAE0oKQBOKCkATygpAFAoKQBRKCkAUigpAFMoKQBUKCkAVSgpAFYoKQBXKCkAWCgpAFko
951=KQBaKCkAWygpAFwoKQBdKCkAXigpAF8oKQBgKCkAYSgpAGIoKQBjKCkAZCgpAGUoKQBmKC
952=kAZygpAGgoKQBpKCkAaigpAGsoKQBsKCkAbSgpAG4oKQBvKCkAcCgrADIAgf1XMygpADQo
953=KQA1KCkANigpADcoKQA4KCkAOSgpADooKQA7KCkAPCgpAD0oKQA+KCkAPygpAEAoKQBBKC
954=kAQigpAEMoKQBEKCkARSgpAEYoKQBHKCkASCgpAEkoKQBKKCkASygpAEwoKQBNKCkATigp
955=AE8oKQBQKCkAUSgpAFIoKQBTKCkAVCgpAFUoKQBWKCkAVygpAFgoKQBZKCkAWigpAFsoKQ
956=BcKCkAXSgpAF4oKQBfKCkAYCgpAGEoKQBiKCkAYygpAGQoKQBlKCkAZigpAGcoKQBoKCkA
957=aSgpAGooKQBrKCkAbCgpAG0oKQBuKCkAbygrADMAguVVNCgpADUoKQA2KCkANygpADgoKQ
958=A5KCkAOigpADsoKQA8KCkAPSgpAD4oKQA/KCkAQCgpAEEoKQBCKCkAQygpAEQoKQBFKCkA
959=RigpAEcoKQBIKCkASSgpAEooKQBLKCkATCgpAE0oKQBOKCkATygpAFAoKQBRKCkAUigpAF
960=MoKQBUKCkAVSgpAFYoKQBXKCkAWCgpAFkoKQBaKCkAWygpAFwoKQBdKCkAXigpAF8oKQBg
961=KCkAYSgpAGIoKQBjKCkAZCgpAGUoKQBmKCkAZygpAGgoKQBpKCkAaigpAGsoKQBsKCkAbS
962=gpAG4oKwA0AIPtUjUoKQA2KCkANygpADgoKQA5KCkAOigpADsoKQA8KCkAPSgpAD4oKQA/
963=KCkAQCgpAEEoKQBCKCkAQygpAEQoKQBFKCkARigpAEcoKQBIKCkASSgpAEooKQBLKCkATC
964=gpAE0oKQBOKCkATygpAFAoKQBRKCkAUigpAFMoKQBUKCkAVSgpAFYoKQBXKCkAWCgpAFko
965=KQBaKCkAWygpAFwoKQBdKCkAXigpAF8oKQBgKCkAYSgpAGIoKQBjKCkAZCgpAGUoKQBmKC
966=kAZygpAGgoKQBpKCkAaigpAGsoKQBsKCkAbSgrADUAhPVPNigpADcoKQA4KCkAOSgpADoo
967=KQA7KCgABDwAhAD//wARAADKCwAgCAAABAA9AIQA//8AaAEBPgCEAMkBPygpAEAoKQBBKC
968=kAQigpAEMoKQBEKCkARSgpAEYoKQBHKCkASCgpAEkoKQBKKCkASygpAEwoKQBNKCkATigp
969=AE8oKQBQKCkAUSgpAFIoKQBTKCkAVCgpAFUoKQBWKCkAVygpAFgoKQBZKCkAWigpAFsoKQ
970=BcKCkAXSgpAF4oKQBfKCkAYCgpAGEoKQBiKCkAYygpAGQoKQBlKCkAZigpAGcoKQBoKCkA
971=aSgpAGooKQBrKCkAbCgrADYAhfFANygpADgoKQA5KCkAOigpADsoKQA8KCkAPSgpAD4oKQ
972=A/KCkAQCgpAEEoKQBCKCkAQygpAEQoKQBFKCkARigpAEcoKQBIKCkASSgpAEooKQBLKCkA
973=TCgpAE0oKQBOKCkATygpAFAoKQBRKCkAUigpAFMoKQBUKCkAVSgpAFYoKQBXKCkAWCgpAF
974=koKQBaKCkAWygpAFwoKQBdKCkAXigpAF8oKQBgKCkAYSgpAGIoKQBjKCkAZCgpAGUoKQBm
975=KCkAZygpAGgoKQBpKCkAaigpAGsoKwA3AIblSjgoKQA5KCkAOigpADsoKQA8KCkAPSgpAD
976=4oKQA/KCkAQCgpAEEoKQBCKCkAQygpAEQoKQBFKCkARigpAEcoKQBIKCkASSgpAEooKQBL
977=KCkATCgpAE0oKQBOKCkATygpAFAoKQBRKCkAUigpAFMoKQBUKCkAVSgpAFYoKQBXKCkAWC
978=gpAFkoKQBaKCkAWygpAFwoKQBdKCkAXigpAF8oKQBgKCkAYSgpAGIoKQBjKCkAZCgpAGUo
979=KQBmKCkAZygpAGgoKQBpKCkAaigrADgAh+1HOSgpADooKQA7KCkAPCgpAD0oKQA+KCkAPy
980=gpAEAoKQBBKCkAQigpAEMoKQBEKCkARSgpAEYoKQBHKCkASCgpAEkoKQBKKCkASygpAEwo
981=KQBNKCkATigpAE8oKQBQKCkAUSgpAFIoKQBTKCkAVCgpAFUoKQBWKCkAVygpAFgoKQBZKC
982=kAWigpAFsoKQBcKCkAXSgpAF4oKQBfKCkAYCgpAGEoKQBiKCkAYygpAGQoKQBlKCkAZigp
983=AGcoKQBoKCkAaSgrADkAiPVEOigpADsoKQA8KCkAPSgpAD4oKQA/KCkAQCgpAEEoKQBCKC
984=kAQygpAEQoKQBFKCkARigpAEcoKQBIKCkASSgpAEooKQBLKCkATCgpAE0oKQBOKCkATygp
985=AFAoKQBRKCkAUigpAFMoKQBUKCkAVSgpAFYoKQBXKCkAWCgpAFkoKQBaKCkAWygpAFwoKQ
986=BdKCkAXigpAF8oKQBgKCkAYSgpAGIoKQBjKCkAZCgpAGUoKQBmKCkAZygpAGgoKwA6AIn9
987=QTsoKQA8KCkAPSgpAD4oKQA/KCkAQCgpAEEoKQBCKCkAQygpAEQoKQBFKCkARigpAEcoKQ
988=BIKCkASSgpAEooKQBLKCkATCgpAE0oKQBOKCkATygpAFAoKQBRKCkAUigpAFMoKQBUKCkA
989=VSgpAFYoKQBXKCkAWCgpAFkoKQBaKCkAWygpAFwoKQBdKCkAXigpAF8oKQBgKCkAYSgpAG
990=IoKQBjKCkAZCgpAGUoKQBmKCkAZygrADsAiuU/PCgpAD0oKQA+KCkAPygpAEAoKQBBKCkA
991=QigpAEMoKQBEKCkARSgpAEYoKQBHKCkASCgpAEkoKQBKKCkASygpAEwoKQBNKCkATigpAE
992=8oKQBQKCkAUSgpAFIoKQBTKCkAVCgpAFUoKQBWKCkAVygpAFgoKQBZKCkAWigpAFsoKQBc
993=KCkAXSgpAF4oKQBfKCkAYCgpAGEoKQBiKCkAYygpAGQoKQBlKCkAZigrADwAi+08PSgpAD
994=4oKQA/KCkAQCgpAEEoKQBCKCkAQygpAEQoKQBFKCkARigpAEcoKQBIKCkASSgpAEooKQBL
995=KCkATCgpAE0oKQBOKCkATygpAFAoKQBRKCkAUigpAFMoKQBUKCkAVSgpAFYoKQBXKCkAWC
996=gpAFkoKQBaKCkAWygpAFwoKQBdKCkAXigpAF8oKQBgKCkAYSgpAGIoKQBjKCkAZCgpAGUo
997=KwA9AIz1OT4oKQA/KCkAQCgpAEEoKQBCKCkAQygpAEQoKQBFKCkARigpAEcoKQBIKCkASS
998=gpAEooKQBLKCkATCgpAE0oKQBOKCkATygpAFAoKQBRKCkAUigpAFMoKQBUKCkAVSgpAFYo
999=KQBXKCkAWCgpAFkoKQBaKCkAWygpAFwoKQBdKCkAXigpAF8oKQBgKCkAYSgpAGIoKQBjKC
1000=kAZCgrAD4Ajf02PygpAEAoKQBBKCkAQigpAEMoKQBEKCkARSgpAEYoKQBHKCkASCgpAEko
1001=KQBKKCkASygpAEwoKQBNKCkATigpAE8oKQBQKCkAUSgpAFIoKQBTKCkAVCgpAFUoKQBWKC
1002=kAVygpAFgoKQBZKCkAWigpAFsoKQBcKCkAXSgpAF4oKQBfKCkAYCgpAGEoKQBiKCkAYygr
1003=AD8AjuU0QCgpAEEoKQBCKCkAQygpAEQoKQBFKCkARigpAEcoKQBIKCkASSgpAEooKQBLKC
1004=kATCgpAE0oKQBOKCkATygpAFAoKQBRKCkAUigpAFMoKQBUKCkAVSgpAFYoKQBXKCkAWCgp
1005=AFkoKQBaKCkAWygpAFwoKQBdKCkAXigpAF8oKQBgKCkAYSgpAGIoKwBAAI/tMUEoKQBCKC
1006=kAQygpAEQoKQBFKCkARigpAEcoKQBIKCkASSgpAEooKQBLKCkATCgpAE0oKQBOKCkATygp
1007=AFAoKQBRKCkAUigpAFMoKQBUKCkAVSgpAFYoKQBXKCkAWCgpAFkoKQBaKCkAWygpAFwoKQ
1008=BdKCkAXigpAF8oKQBgKCkAYSgrAEEAkPUuQigpAEMoKQBEKCkARSgpAEYoKQBHKCkASCgp
1009=AEkoKQBKKCkASygpAEwoKQBNKCkATigpAE8oKQBQKCkAUSgpAFIoKQBTKCkAVCgpAFUoKQ
1010=BWKCkAVygpAFgoKQBZKCkAWigpAFsoKQBcKCkAXSgpAF4oKQBfKCkAYCgrAEIAkf0rQygp
1011=AEQoKQBFKCkARigpAEcoKQBIKCkASSgpAEooKQBLKCkATCgpAE0oKQBOKCkATygpAFAoKQ
1012=BRKCkAUigpAFMoKQBUKCkAVSgpAFYoKQBXKCkAWCgpAFkoKQBaKCkAWygpAFwoKQBdKCkA
1013=XigpAF8oKwBDAJLlKUQoKQBFKCkARigpAEcoKQBIKCkASSgpAEooKQBLKCkATCgpAE0oKQ
1014=BOKCkATygpAFAoKQBRKCkAUigpAFMoKQBUKCkAVSgpAFYoKQBXKCkAWCgpAFkoKQBaKCkA
1015=WygpAFwoKQBdKCkAXigrAEQAk+0mRSgpAEYoKQBHKCkASCgpAEkoKQBKKCkASygpAEwoKQ
1016=BNKCkATigpAE8oKQBQKCkAUSgpAFIoKQBTKCkAVCgpAFUoKQBWKCkAVygpAFgoKQBZKCkA
1017=WigpAFsoKQBcKCkAXSgrAEUAlPUjRigpAEcoKQBIKCkASSgpAEooKQBLKCkATCgpAE0oKQ
1018=BOKCkATygpAFAoKQBRKCkAUigpAFMoKQBUKCkAVSgpAFYoKQBXKCkAWCgpAFkoKQBaKCkA
1019=WygpAFwoKwBGAJX9IEcoKQBIKCkASSgpAEooKQBLKCkATCgpAE0oKQBOKCkATygpAFAoKQ
1020=BRKCkAUigpAFMoKQBUKCkAVSgpAFYoKQBXKCkAWCgpAFkoKQBaKCkAWygrAEcAluUeSCgp
1021=AEkoKQBKKCkASygpAEwoKQBNKCkATigpAE8oKQBQKCkAUSgpAFIoKQBTKCkAVCgpAFUoKQ
1022=BWKCkAVygpAFgoKQBZKCkAWigrAEgAl+0bSSgpAEooKQBLKCkATCgpAE0oKQBOKCkATygp
1023=AFAoKQBRKCkAUigpAFMoKQBUKCkAVSgpAFYoKQBXKCkAWCgpAFkoKwBJAJj1GEooKQBLKC
1024=kATCgpAE0oKQBOKCkATygpAFAoKgBRACddAVIoKQBTKCkAVCgoAAFVAJgAEQAACAGQAgj/
1025=/wAAAAQAVgCYAMkBVygpAFgoKwBKAJnhBEsoKQBMKCkATSgpAE4oKQBPKCkAUCgpAFEoKQ
1026=BSKCkAUygpAFQoKQBVKCkAVigpAFcoKwBLAJrlE0woKQBNKCkATigpAE8oKQBQKCkAUSgp
1027=AFIoKQBTKCkAVCgpAFUoKQBWKCsATACb7RBNKCkATigpAE8oKQBQKCkAUSgpAFIoKQBTKC
1028=kAVCgpAFUoKwBNAJz1DU4oKQBPKCkAUCgpAFEoKQBSKCkAUygpAFQoKwBOAJ39Ck8oKQBQ
1029=KCkAUSgpAFIoKQBTKCsATwCe5QhQKCkAUSgpAFIoKwBQAJ/sBQhRAJ8A//8AAAAEABEAAA
1030===

[Latin]
Name=Latin
Side=Nod
Color=SovietLoad
Prefix=B
Suffix=Soviet
SmartAI=yes
CostUnitsMult=1
ParentCountry=Latin

[Latin House]
IQ=5
Edge=North
Color=SovietLoad
Allies=Latin House
Country=Latin
Credits=0
NodeCount=0
TechLevel=10
PercentBuilt=100
PlayerControl=no

[Lighting]
Red=1.000000
Blue=1.000000
Green=1.000000
Level=0.000000
Ground=0.000000
IonRed=1.000000
Ambient=1.000000
IonBlue=1.000000
IonGreen=1.000000
IonLevel=0.000000
IonGround=0.000000
IonAmbient=1.000000
DominatorRed=0.850000
DominatorBlue=0.300000
DominatorGreen=0.200000
DominatorLevel=0.000000
DominatorGround=0.000000
DominatorAmbient=1.500000
DominatorAmbientChangeRate=0.009000

[Map]
Size=0,0,80,80
Theater=SNOW
LocalSize=2,4,76,74

[Neutral]
Name=Neutral
Side=Civilian
Color=Grey
Prefix=C
Suffix=CIV
SmartAI=yes
CostUnitsMult=1
ParentCountry=Neutral

[Neutral House]
IQ=5
Edge=North
Color=Grey
Allies=Neutral House
Country=Neutral
Credits=0
NodeCount=0
TechLevel=10
PercentBuilt=100
PlayerControl=no

[OverlayDataPack]
1=BwAAIIEA/v8fAIAHAAAggQD+/x8AgAcAACCBAP7/HwCABwAAIIEA/v8fAIDTAAAggQD+bg
2=IAggYI/v4BAIEF/uQBAIEkzkwGYAGCAwz+3wEAhioqGhobGCXrhwwiGyoaKir/8wFhBDAB
3=gg8K0HAC/+sBcAiBAdFHDIEJ/tsBAIEC1HAGyW8C/90BcAbUcArJTRD/3AFwCoEG1HAMyW
4=8G/9wBcBDWcBKBBW4J1UwS/sQBAIEl10wUgico/+MBaRKCJQPVMxiCCSVQCoIHCv7ZAQCD
5=Ih0G1TIaggwV/uQBANhLFoEXVgD+wwEAhAYKDQcQAxvVMAyBCiAM2UoUgRH+mQEAgKkAAC
6=CBAO4AAIIFBDAIgQtABAABggQBIAeCAwzTHACCBgn+zAEAggoNziECggMKQhvUHAD+zQEA
7=gQ4z7co4BDQTgQLPMwIgAYEHQh/+xgEA0WQCyDIGgwIKCNJIBv7JAQCBA9AfCP/NAWUA3B
8=IKgQbQHwrUTQD+1QEA3DIG/uEBAE303iUO/tgDAFXsgQ5t+P/uAUQMhAMKDQcQAxv0ggMK
9=MAH/7AFGCP7OCQCABwAAIIEA/v8fAIAHAAAggQD+/x8AgAcAACCBAP7/HwCABwAAIIEA/v
10=8fAIAHAAAggQD+/x8AgAcAACCBAP7/HwCABwAAIIEA/v8fAIAHAAAggQD+/x8AgAcAACCB
11=AP7/HwCABwAAIIEA/v8fAIAHAAAggQD+/x8AgAcAACCBAP7/HwCABwAAIIEA/v8fAIAHAA
12=AggQD+/x8AgAcAACCBAP7/HwCABwAAIIEA/v8fAIAHAAAggQD+/x8AgAcAACCBAP7/HwCA
13=BwAAIIEA/v8fAIAHAAAggQD+/x8AgAcAACCBAP7/HwCABwAAIIEA/v8fAIAHAAAggQD+/x
14=8AgAcAACCBAP7/HwCABwAAIIEA/v8fAIAHAAAggQD+/x8AgA==

[OverlayPack]
1=BwAAIIH//v8f/4AHAAAggf/+/x//gAcAACCB//7/H/+ABwAAIIH//v8f/4CLAAAggf/+bg
2=L/gvHx/v4B///lAXACgfPOTAb/6gFmAoHzIAEx63AM/+8BZQRT7NBwCP/sAXAI//ABWwTV
3=bwbJTA7/3QFwCtVNDv/nA2UM1nASgfFsBf/cAW8GgfPYTBRSAf/cAXAS2UsW/+MBZxSB8+
4=FLGP7cAf/hSxb+wwH/wFsKMAHMLx7iShT+kQH/gG4AACCB/+4AAILxAEAIQAQAAYEAMAiB
5=8UAPziIA1E0A/rYB/4EAQgDQJwLVTQD+zQH/VADPWAL/5gFMANFlBMgyBoHxyGQEyVEG/s
6=kB/9wyBv7hAf//AAYyCP4AAv9T7Mg6AP/uAUUMUAHMLxT+tgv/gAcAACCB//7/H/+ABwAA
7=IIH//v8f/4AHAAAggf/+/x//gAcAACCB//7/H/+ABwAAIIH//v8f/4AHAAAggf/+/x//gA
8=cAACCB//7/H/+ABwAAIIH//v8f/4AHAAAggf/+/x//gAcAACCB//7/H/+ABwAAIIH//v8f
9=/4AHAAAggf/+/x//gAcAACCB//7/H/+ABwAAIIH//v8f/4AHAAAggf/+/x//gAcAACCB//
10=7/H/+ABwAAIIH//v8f/4AHAAAggf/+/x//gAcAACCB//7/H/+ABwAAIIH//v8f/4AHAAAg
11=gf/+/x//gAcAACCB//7/H/+ABwAAIIH//v8f/4AHAAAggf/+/x//gAcAACCB//7/H/+ABw
12=AAIIH//v8f/4A=

[Pacific]
Name=Pacific
Side=GDI
Color=AlliedLoad
Prefix=G
Suffix=Allied
SmartAI=yes
CostUnitsMult=1
ParentCountry=Pacific

[Pacific House]
IQ=5
Edge=North
Color=AlliedLoad
Allies=Pacific House
Country=Pacific
Credits=0
NodeCount=0
TechLevel=10
PercentBuilt=100
PlayerControl=no

[PsiCorps]
Name=PsiCorps
Side=ThirdSide
Color=Purple
Prefix=B
Suffix=Soviet
SmartAI=yes
CostUnitsMult=1
ParentCountry=PsiCorps

[PsiCorps House]
IQ=5
Edge=North
Color=Purple
Allies=PsiCorps House
Country=PsiCorps
Credits=0
NodeCount=0
TechLevel=10
PercentBuilt=100
PlayerControl=no

[ScorpionCell]
Name=ScorpionCell
Side=ThirdSide
Color=Purple2
Prefix=B
Suffix=Soviet
SmartAI=yes
CostUnitsMult=1
ParentCountry=ScorpionCell

[ScorpionCell House]
IQ=0
Edge=North
Color=Purple2
Allies=ScorpionCell House
Country=ScorpionCell
Credits=0
NodeCount=0
TechLevel=10
PercentBuilt=100
PlayerControl=yes

[Special]
Name=Special
Side=Mutant
Color=Grey
Prefix=J
Suffix=JP
SmartAI=yes
CostUnitsMult=1
ParentCountry=Special

[Special House]
IQ=5
Edge=North
Color=Grey
Allies=Special House
Country=Special
Credits=0
NodeCount=0
TechLevel=10
PercentBuilt=100
PlayerControl=no

[SpecialFlags]
Inert=no
FogOfWar=no
IonStorms=no
MCVDeploy=no
Meteorites=no
Visceroids=yes
FixedAlliance=no
TiberiumGrows=yes
InitialVeteran=no
HarvesterImmune=no
TiberiumSpreads=yes
TiberiumExplosive=no
DestroyableBridges=yes

[Structures]
0=BioTanks House,YABIO1,256,93,79,64,None,1,0,1,0,0,None,None,None,0,0
1=BioTanks House,YABOLT,256,56,57,64,None,1,0,1,0,0,None,None,None,0,0
2=BioTanks House,YABIO3,205,84,79,64,None,1,0,1,0,0,None,None,None,0,0
3=BioTanks House,YABIOB,219,88,76,64,None,1,0,1,0,0,None,None,None,0,0
4=BioTanks House,YAPOWR,139,79,81,64,None,1,0,1,0,0,None,None,None,0,0
5=BioTanks House,YAGGUN,154,85,76,224,None,1,0,1,0,0,None,None,None,0,0
7=BioTanks House,YABIO2,154,84,74,64,None,1,0,1,0,0,None,None,None,0,0
8=BioTanks House,YABIO3,52,93,74,64,None,1,0,1,0,0,None,None,None,0,0
10=BioTanks House,YABIO2,256,96,79,64,None,1,0,1,0,0,None,None,None,0,0
11=BioTanks House,YABIO1,256,81,74,64,None,1,0,1,0,0,None,None,None,0,0
12=BioTanks House,YABIO2,103,96,74,64,None,1,0,1,0,0,None,None,None,0,0
14=BioTanks House,YABIO1,256,81,79,64,None,1,0,1,0,0,None,None,None,0,0
16=BioTanks House,YAPOWR,256,79,71,64,None,1,0,1,0,0,None,None,None,0,0
17=BioTanks House,YAPOWR,205,97,81,64,None,1,0,1,0,0,None,None,None,0,0
18=BioTanks House,YAPOWR,103,97,71,64,None,1,0,1,0,0,None,None,None,0,0
19=BioTanks House,YAPOWR,205,85,81,64,None,1,0,1,0,0,None,None,None,0,0
20=BioTanks House,YAPOWR,154,91,81,64,None,1,0,1,0,0,None,None,None,0,0
21=BioTanks House,YAPOWR,0,85,71,64,None,1,0,1,0,0,None,None,None,0,0
22=BioTanks House,YAPOWR,103,91,71,64,None,1,0,1,0,0,None,None,None,0,0
23=BioTanks House,YARAIL,102,101,72,64,None,1,0,1,0,0,None,None,None,0,0
24=BioTanks House,YARAIL,103,76,81,64,None,1,0,1,0,0,None,None,None,0,0
25=BioTanks House,YARAIL,0,76,72,64,None,1,0,1,0,0,None,None,None,0,0
26=BioTanks House,YARAIL,154,101,81,64,None,1,0,1,0,0,None,None,None,0,0
28=BioTanks House,YABIO2,256,99,79,64,None,1,0,1,0,0,None,None,None,0,0
29=BioTanks House,YABIO3,256,99,74,64,None,1,0,1,0,0,None,None,None,0,0
30=BioTanks House,YABIO2,256,78,74,64,None,1,0,1,0,0,None,None,None,0,0
31=BioTanks House,YABIO3,256,78,79,64,None,1,0,1,0,0,None,None,None,0,0
34=BioTanks House,YAGGUN,154,92,76,32,None,1,0,1,0,0,None,None,None,0,0

[Tags]
01000001=0,AI Auto Production United States House,01000000
01000003=0,AI Auto Production Euro Alliance House,01000002
01000005=0,AI Auto Production Pacific Front House,01000004
01000007=0,AI Auto Production Russia House,01000006
01000009=0,AI Auto Production Confederation House,01000008
01000011=0,AI Auto Production Chinese House,01000010
01000013=0,AI Auto Production PsiCorps House,01000012
01000015=0,AI Auto Production Headquarters House,01000014
01000017=0,AI Auto Production Haihead House,01000016
01000019=0,AI Auto Production Wings of Coronia House,01000018
01000021=0,AI Auto Production Last Bastion House,01000020
01000023=0,AI Auto Production Civilian House,01000022
01000025=0,AI Auto Production JP House,01000024

[Triggers]
01000000=UnitedStates,<none>,AI Auto Production United States,0,1,1,1,0
01000002=Europeans,<none>,AI Auto Production Euro Alliance,0,1,1,1,0
01000004=Pacific,<none>,AI Auto Production Pacific Front,0,1,1,1,0
01000006=USSR,<none>,AI Auto Production Russia,0,1,1,1,0
01000008=Latin,<none>,AI Auto Production Confederation,0,1,1,1,0
01000010=Chinese,<none>,AI Auto Production Chinese,0,1,1,1,0
01000012=PsiCorps,<none>,AI Auto Production PsiCorps,0,1,1,1,0
01000014=Headquaters,<none>,AI Auto Production Headquarters,0,1,1,1,0
01000016=Guild1,<none>,AI Auto Production Haihead,0,1,1,1,0
01000018=Guild2,<none>,AI Auto Production Wings of Coronia,0,1,1,1,0
01000020=Guild3,<none>,AI Auto Production Last Bastion,0,1,1,1,0
01000022=Neutral,<none>,AI Auto Production Civilian,0,1,1,1,0
01000024=Special,<none>,AI Auto Production JP,0,1,1,1,0

[USSR]
Name=USSR
Side=Nod
Color=SovietLoad
Prefix=B
Suffix=Soviet
SmartAI=yes
CostUnitsMult=1
ParentCountry=USSR

[USSR House]
IQ=5
Edge=North
Color=SovietLoad
Allies=USSR House
Country=USSR
Credits=0
NodeCount=0
TechLevel=10
PercentBuilt=100
PlayerControl=no

[UnitedStates]
Name=UnitedStates
Side=GDI
Color=AlliedLoad
Prefix=G
Suffix=Allied
SmartAI=yes
CostUnitsMult=1
ParentCountry=UnitedStates

[UnitedStates House]
IQ=5
Edge=North
Color=AlliedLoad
Allies=UnitedStates House
Country=UnitedStates
Credits=0
NodeCount=0
TechLevel=10
PercentBuilt=100
PlayerControl=no

[Units]
0=BioTanks House,UTOPIA,256,88,81,128,Guard,None,0,-1,0,-1,1,0
1=BioTanks House,UTOPIA,256,89,81,128,Guard,None,0,-1,0,-1,1,0
2=BioTanks House,DEVO,205,82,66,224,Guard,None,0,-1,0,-1,1,0
3=BioTanks House,DEVO,65,91,65,0,Guard,None,0,-1,0,-1,1,0
4=BioTanks House,STNK,256,82,70,224,Area Guard,None,0,-1,0,-1,1,0
5=BioTanks House,STNK,205,77,69,0,Area Guard,None,0,-1,0,-1,1,0
6=BioTanks House,YTNK,205,100,69,224,Area Guard,None,0,-1,0,-1,1,0
7=BioTanks House,YTNK,205,87,69,32,Area Guard,None,0,-1,0,-1,1,0

[Waypoints]
0=74089
98=90079
99=89079

[Digest]
1=PXkWUhPfQCL5xn3n8ehFTTcG53M=
