; Map created with FinalAlert 2(tm) Mission Editor
; Get it at http://www.westwood.com
; note that all comments were truncated

; This FA2 uses FA2sp created by secsome
; Get the lastest dll at https://github.com/secsome/FA2sp
; Current version : 1.5.2

[Actions]
01000000=3,3,0,0,0,0,0,0,A,13,0,0,0,0,0,0,A,74,0,0,0,0,0,0,A
01000002=3,3,0,1,0,0,0,0,A,13,0,1,0,0,0,0,A,74,0,1,0,0,0,0,A
01000004=3,3,0,2,0,0,0,0,A,13,0,2,0,0,0,0,A,74,0,2,0,0,0,0,A
01000006=3,3,0,3,0,0,0,0,A,13,0,3,0,0,0,0,A,74,0,3,0,0,0,0,A
01000008=3,3,0,4,0,0,0,0,A,13,0,4,0,0,0,0,A,74,0,4,0,0,0,0,A
01000010=3,3,0,5,0,0,0,0,A,13,0,5,0,0,0,0,A,74,0,5,0,0,0,0,A
01000012=3,3,0,6,0,0,0,0,A,13,0,6,0,0,0,0,A,74,0,6,0,0,0,0,A
01000014=3,3,0,8,0,0,0,0,A,13,0,8,0,0,0,0,A,74,0,8,0,0,0,0,A
01000016=3,3,0,9,0,0,0,0,A,13,0,9,0,0,0,0,A,74,0,9,0,0,0,0,A
01000018=3,3,0,10,0,0,0,0,A,13,0,10,0,0,0,0,A,74,0,10,0,0,0,0,A
01000020=3,3,0,11,0,0,0,0,A,13,0,11,0,0,0,0,A,74,0,11,0,0,0,0,A
01000022=3,3,0,12,0,0,0,0,A,13,0,12,0,0,0,0,A,74,0,12,0,0,0,0,A
01000024=3,3,0,13,0,0,0,0,A,13,0,13,0,0,0,0,A,74,0,13,0,0,0,0,A

[Basic]
Name=No name
Player=ScorpionCell House
Percent=0
GameMode=standard
HomeCell=98
InitTime=10000
Official=no
EndOfGame=no
FreeRadar=no
MaxPlayer=2
MinPlayer=2
SkipScore=no
TrainCrate=no
TruckCrate=no
AltHomeCell=99
OneTimeOnly=no
CarryOverCap=0
NewINIFormat=4
NextScenario=
SkipMapSelect=no
CarryOverMoney=0.000000
AltNextScenario=
MultiplayerOnly=0
IceGrowthEnabled=yes
VeinGrowthEnabled=yes
TiberiumGrowthEnabled=yes
IgnoreGlobalAITriggers=no
TiberiumDeathToVisceroid=no

[BioTanks]
Name=BioTanks
Side=ThirdSide
Color=Purple
Prefix=B
Suffix=Soviet
SmartAI=yes
CostUnitsMult=1
ParentCountry=PsiCorps

[BioTanks House]
IQ=0
Edge=West
Color=Purple
Allies=BioTanks House,GDI
Country=BioTanks
Credits=500
NodeCount=0
TechLevel=10
PercentBuilt=100
PlayerControl=no

[Chinese]
Name=Chinese
Side=Nod
Color=SovietLoad
Prefix=B
Suffix=Soviet
SmartAI=yes
CostUnitsMult=1
ParentCountry=Chinese

[Chinese House]
IQ=5
Edge=North
Color=SovietLoad
Allies=Chinese House
Country=Chinese
Credits=0
NodeCount=0
TechLevel=10
PercentBuilt=100
PlayerControl=no

[Countries]
0=UnitedStates
1=Europeans
2=Pacific
3=USSR
4=Latin
5=Chinese
6=PsiCorps
7=ScorpionCell
8=Headquaters
9=Guild1
10=Guild2
11=Guild3
12=Neutral
13=Special
14=BioTanks

[Europeans]
Name=Europeans
Side=GDI
Color=AlliedLoad
Prefix=G
Suffix=Allied
SmartAI=yes
CostUnitsMult=1
ParentCountry=Europeans

[Europeans House]
IQ=5
Edge=North
Color=AlliedLoad
Allies=Europeans House
Country=Europeans
Credits=0
NodeCount=0
TechLevel=10
PercentBuilt=100
PlayerControl=no

[Events]
01000000=1,13,0,10
01000002=1,13,0,10
01000004=1,13,0,10
01000006=1,13,0,10
01000008=1,13,0,10
01000010=1,13,0,10
01000012=1,13,0,10
01000014=1,13,0,10
01000016=1,13,0,10
01000018=1,13,0,10
01000020=1,13,0,10
01000022=1,13,0,10
01000024=1,13,0,10

[FA2spVersionControl]
Version=60

[Guild1]
Name=Guild1
Side=FourthSide
Color=Teal
Prefix=B
Suffix=Soviet
SmartAI=yes
CostUnitsMult=1
ParentCountry=Guild1

[Guild1 House]
IQ=5
Edge=North
Color=Teal
Allies=Guild1 House
Country=Guild1
Credits=0
NodeCount=0
TechLevel=10
PercentBuilt=100
PlayerControl=no

[Guild2]
Name=Guild2
Side=FourthSide
Color=Teal
Prefix=B
Suffix=Soviet
SmartAI=yes
CostUnitsMult=1
ParentCountry=Guild2

[Guild2 House]
IQ=5
Edge=North
Color=Teal
Allies=Guild2 House
Country=Guild2
Credits=0
NodeCount=0
TechLevel=10
PercentBuilt=100
PlayerControl=no

[Guild3]
Name=Guild3
Side=FourthSide
Color=Teal
Prefix=B
Suffix=Soviet
SmartAI=yes
CostUnitsMult=1
ParentCountry=Guild3

[Guild3 House]
IQ=5
Edge=North
Color=Teal
Allies=Guild3 House
Country=Guild3
Credits=0
NodeCount=0
TechLevel=10
PercentBuilt=100
PlayerControl=no

[Headquaters]
Name=Headquaters
Side=ThirdSide
Color=Purple3
Prefix=B
Suffix=Soviet
SmartAI=yes
CostUnitsMult=1
ParentCountry=Headquaters

[Headquaters House]
IQ=5
Edge=North
Color=Purple3
Allies=Headquaters House
Country=Headquaters
Credits=0
NodeCount=0
TechLevel=10
PercentBuilt=100
PlayerControl=no

[Houses]
0=UnitedStates House
1=Europeans House
2=Pacific House
3=USSR House
4=Latin House
5=Chinese House
6=PsiCorps House
7=ScorpionCell House
8=Headquaters House
9=Guild1 House
10=Guild2 House
11=Guild3 House
12=Neutral House
13=Special House
14=BioTanks House

[Infantry]
0=BioTanks House,BRUTE,205,82,73,0,Area Guard,224,None,0,-1,0,1,0
1=BioTanks House,BRUTE,205,101,66,0,Area Guard,224,None,0,-1,0,1,0
2=BioTanks House,BRUTE,205,94,61,0,Area Guard,224,None,0,-1,0,1,0
3=BioTanks House,BRUTE,205,98,66,1,Area Guard,224,None,0,-1,0,1,0
4=BioTanks House,INIT,256,83,63,0,Area Guard,0,None,0,-1,0,1,0
5=BioTanks House,INIT,256,79,67,0,Area Guard,0,None,0,-1,0,1,0
6=BioTanks House,INIT,256,86,67,0,Area Guard,0,None,0,-1,0,1,0
7=BioTanks House,INIT,256,75,66,0,Area Guard,0,None,0,-1,0,1,0
8=BioTanks House,KAOS,256,96,67,0,Area Guard,224,None,0,-1,0,1,0
9=BioTanks House,KAOS,256,99,61,0,Area Guard,224,None,0,-1,0,1,0
10=BioTanks House,KAOS,256,88,66,0,Area Guard,224,None,0,-1,0,1,0
11=BioTanks House,KAOS,256,92,66,0,Area Guard,224,None,0,-1,0,1,0
12=BioTanks House,HARP,205,80,84,0,Area Guard,128,None,0,-1,0,1,0
13=BioTanks House,HARP,205,74,83,0,Area Guard,128,None,0,-1,0,1,0
14=BioTanks House,HARP,205,81,87,0,Area Guard,128,None,0,-1,0,1,0
15=BioTanks House,STALKER,256,85,84,0,Guard,128,None,0,-1,0,1,0
16=BioTanks House,STALKER,154,98,85,0,Guard,96,None,0,-1,0,1,0
17=BioTanks House,STALKER,52,93,90,0,Guard,128,None,0,-1,0,1,0

[IsoMapPack5]
1=1QsAIAABUAABAP//AAAABABPAAIA//8AAEkBUCgpAFEoKwBOAAPhBE8oKQBQKCkAUSgpAF
2=IoKQBNQArdCk4oKQBPKCkAUCgpAFEoKQBSKCkAUygrAEwABe0QTSgpAE4oKQBPKCkAUCgp
3=AFEoKQBSKCkAUygpAFQoKwBLAAbpDEwoKQBNKCkATigpAE8oKQBQKCkAUSgpAFIoKQBTKC
4=kAVCgpAFUoKwBKAAfhD0soKQBMKCkATSgpAE4oKQBPKCkAUCgpAFEoKQBSKCkAUygpAFQo
5=KQBVKCkAVigrAEkACPkRSigpAEsoKQBMKCkATSgpAE4oKQBPKCkAUCgpAFEoKQBSKCkAUy
6=gpAFQoKQBVKCkAVigpAFcoKwBIAAnxFEkoKQBKKCkASygpAEwoKQBNKCkATigpAE8oKQBQ
7=KCkAUSgpAFIoKQBTKCkAVCgpAFUoKQBWKCkAVygpAFgoKwBHAArpF0goKQBJKCkASigpAE
8=soKQBMKCkATSgpAE4oKQBPKCkAUCgpAFEoKQBSKCkAUygpAFQoKQBVKCkAVigpAFcoKQBY
9=KCkAWSgrAEYAC+EaRygpAEgoKQBJKCkASigpAEsoKQBMKCkATSgpAE4oKQBPKCkAUCgpAF
10=EoKQBSKCkAUygpAFQoKQBVKCkAVigpAFcoKQBYKCkAWSgpAFooKwBFAAz5HEYoKQBHKCkA
11=SCgpAEkoKQBKKCkASygpAEwoKQBNKCkATigpAE8oKQBQKCkAUSgpAFIoKQBTKCkAVCgpAF
12=UoKQBWKCkAVygpAFgoKQBZKCkAWigpAFsoKwBEAA3xH0UoKQBGKCkARygpAEgoKQBJKCkA
13=SigpAEsoKQBMKCkATSgpAE4oKQBPKCkAUCgpAFEoKQBSKCkAUygpAFQoKQBVKCkAVigpAF
14=coKQBYKCkAWSgpAFooKQBbKCkAXCgrAEMADukiRCgpAEUoKQBGKCkARygpAEgoKQBJKCkA
15=SigpAEsoKQBMKCkATSgpAE4oKQBPKCkAUCgpAFEoKQBSKCkAUygpAFQoKQBVKCkAVigpAF
16=coKQBYKCkAWSgpAFooKQBbKCkAXCgpAF0oKwBCAA/hJUMoKQBEKCkARSgpAEYoKQBHKCkA
17=SCgpAEkoKQBKKCkASygpAEwoKQBNKCkATigpAE8oKQBQKCkAUSgpAFIoKQBTKCkAVCgpAF
18=UoKQBWKCkAVygpAFgoKQBZKCkAWigpAFsoKQBcKCkAXSgpAF4oKwBBABD5J0IoKQBDKCkA
19=RCgpAEUoKQBGKCkARygpAEgoKQBJKCkASigpAEsoKQBMKCkATSgpAE4oKQBPKCkAUCgpAF
20=EoKQBSKCkAUygpAFQoKQBVKCkAVigpAFcoKQBYKCkAWSgpAFooKQBbKCkAXCgpAF0oKQBe
21=KCkAXygrAEAAEfEqQSgpAEIoKQBDKCkARCgpAEUoKQBGKCkARygpAEgoKQBJKCkASigpAE
22=soKQBMKCkATSgpAE4oKQBPKCkAUCgpAFEoKQBSKCkAUygpAFQoKQBVKCkAVigpAFcoKQBY
23=KCkAWSgpAFooKQBbKCkAXCgpAF0oKQBeKCkAXygpAGAoKwA/ABLpLUAoKQBBKCkAQigpAE
24=MoKQBEKCkARSgpAEYoKQBHKCkASCgpAEkoKQBKKCkASygpAEwoKQBNKCkATigpAE8oKQBQ
25=KCkAUSgpAFIoKQBTKCkAVCgpAFUoKQBWKCkAVygpAFgoKQBZKCkAWigpAFsoKQBcKCkAXS
26=gpAF4oKQBfKCkAYCgpAGEoKwA+ABPhMD8oKQBAKCkAQSgpAEIoKQBDKCkARCgpAEUoKQBG
27=KCkARygpAEgoKQBJKCkASigpAEsoKQBMKCkATSgpAE4oKQBPKCkAUCgpAFEoKQBSKCkAUy
28=gpAFQoKQBVKCkAVigpAFcoKQBYKCkAWSgpAFooKQBbKCkAXCgpAF0oKQBeKCkAXygpAGAo
29=KQBhKCkAYigrAD0AFPkyPigpAD8oKQBAKCkAQSgpAEIoKQBDKCkARCgpAEUoKQBGKCkARy
30=gpAEgoKQBJKCkASigpAEsoKQBMKCkATSgpAE4oKQBPKCkAUCgpAFEoKQBSKCkAUygpAFQo
31=KQBVKCkAVigpAFcoKQBYKCkAWSgpAFooKQBbKCkAXCgpAF0oKQBeKCkAXygpAGAoKQBhKC
32=kAYigpAGMoKwA8ABXxNT0oKQA+KCkAPygpAEAoKQBBKCkAQigpAEMoKQBEKCkARSgpAEYo
33=KQBHKCkASCgpAEkoKQBKKCkASygpAEwoKQBNKCkATigpAE8oKQBQKCkAUSgpAFIoKQBTKC
34=kAVCgpAFUoKQBWKCkAVygpAFgoKQBZKCkAWigpAFsoKQBcKCkAXSgpAF4oKQBfKCkAYCgp
35=AGEoKQBiKCkAYygpAGQoKwA7ABbpODwoKQA9KCkAPigpAD8oKQBAKCkAQSgpAEIoKQBDKC
36=kARCgpAEUoKQBGKCkARygpAEgoKQBJKCkASigpAEsoKQBMKCkATSgpAE4oKQBPKCkAUCgp
37=AFEoKQBSKCkAUygpAFQoKQBVKCkAVigpAFcoKQBYKCkAWSgpAFooKQBbKCkAXCgpAF0oKQ
38=BeKCkAXygpAGAoKQBhKCkAYigpAGMoKQBkKCkAZSgrADoAF+E7OygpADwoKQA9KCkAPigp
39=AD8oKQBAKCkAQSgpAEIoKQBDKCkARCgpAEUoKQBGKCkARygpAEgoKQBJKCkASigpAEsoKQ
40=BMKCkATSgpAE4oKQBPKCkAUCgpAFEoKQBSKCkAUygpAFQoKQBVKCkAVigpAFcoKQBYKCkA
41=WSgpAFooKQBbKCkAXCgpAF0oKQBeKCkAXygpAGAoKQBhKCkAYigpAGMoKQBkKCkAZSgpAG
42=YoKwA5ABj5PTooKQA7KCkAPCgpAD0oKQA+KCkAPygpAEAoKQBBKCkAQigpAEMoKQBEKCkA
43=RSgpAEYoKQBHKCkASCgpAEkoKQBKKCkASygpAEwoKQBNKCkATigpAE8oKQBQKCkAUSgpAF
44=IoKQBTKCkAVCgpAFUoKQBWKCkAVygpAFgoKQBZKCkAWigpAFsoKQBcKCkAXSgpAF4oKQBf
45=KCkAYCgpAGEoKQBiKCkAYygpAGQoKQBlKCkAZigpAGcoKwA4ABnxQDkoKQA6KCkAOygpAD
46=woKQA9KCkAPigpAD8oKQBAKCkAQSgpAEIoKQBDKCkARCgpAEUoKQBGKCkARygpAEgoKQBJ
47=KCkASigpAEsoKQBMKCkATSgpAE4oKQBPKCkAUCgpAFEoKQBSKCkAUygpAFQoKQBVKCkAVi
48=gpAFcoKQBYKCkAWSgpAFooKQBbKCkAXCgpAF0oKQBeKCkAXygpAGAoKQBhKCkAYigpAGMo
49=KQBkKCkAZSgpAGYoKQBnKCkAaCgrADcAGulDOCgpADkoKQA6KCkAOygpADwoKQA9KCkAPi
50=gpAD8oKQBAKCkAQSgpAEIoKQBDKCkARCgpAEUoKQBGKCkARygpAEgoKQBJKCkASigpAEso
51=KQBMKCkATSgpAE4oKQBPKCkAUCgpAFEoKQBSKCkAUygpAFQoKQBVKCkAVigpAFcoKQBYKC
52=kAWSgpAFooKQBbKCkAXCgpAF0oKQBeKCkAXygpAGAoKQBhKCkAYigpAGMoKQBkKCkAZSgp
53=AGYoKQBnKCkAaCgpAGkoKwA2ABvhRjcoKQA4KCkAOSgpADooKQA7KCkAPCgpAD0oKQA+KC
54=kAPygpAEAoKQBBKCkAQigpAEMoKQBEKCkARSgpAEYoKQBHKCkASCgpAEkoKQBKKCkASygp
55=AEwoKQBNKCkATigpAE8oKQBQKCkAUSgpAFIoKQBTKCkAVCgpAFUoKQBWKCkAVygpAFgoKQ
56=BZKCkAWigpAFsoKQBcKCkAXSgpAF4oKQBfKCkAYCgpAGEoKQBiKCkAYygpAGQoKQBlKCkA
57=ZigpAGcoKQBoKCkAaSgpAGooKwA1ABz5SDYoKQA3KCkAOCgpADkoKQA6KCkAOygpADwoKQ
58=A9KCkAPigpAD8oKQBAKCkAQSgpAEIoKQBDKCgABUQAHAD//wAAEQAAwQsAIAgABABFABwA
59=//8AAEgBAUYAHADJAUcoKQBIKCkASSgpAEooKQBLKCkATCgpAE0oKQBOKCkATygpAFAoKQ
60=BRKCkAUigpAFMoKQBUKCkAVSgpAFYoKQBXKCkAWCgpAFkoKQBaKCkAWygpAFwoKQBdKCkA
61=XigpAF8oKQBgKCkAYSgpAGIoKQBjKCkAZCgpAGUoKQBmKCkAZygpAGgoKQBpKCkAaigpAG
62=soKwA0AB3lNDUoKQA2KCkANygpADgoKQA5KCkAOigpADsoKQA8KCkAPSgpAD4oKQA/KCkA
63=QCgpAEEoKQBCKCkAQygpAEQoKQBFKCkARigpAEcoKQBIKCkASSgpAEooKQBLKCkATCgpAE
64=0oKQBOKCkATygpAFAoKQBRKCkAUigpAFMoKQBUKCkAVSgpAFYoKQBXKCkAWCgpAFkoKQBa
65=KCkAWygpAFwoKQBdKCkAXigpAF8oKQBgKCkAYSgpAGIoKQBjKCkAZCgpAGUoKQBmKCkAZy
66=gpAGgoKQBpKCkAaigpAGsoKQBsKCsAMwAe6U40KCkANSgpADYoKQA3KCkAOCgpADkoKQA6
67=KCkAOygpADwoKQA9KCkAPigpAD8oKQBAKCkAQSgpAEIoKQBDKCkARCgpAEUoKQBGKCkARy
68=gpAEgoKQBJKCkASigpAEsoKQBMKCkATSgpAE4oKQBPKCkAUCgpAFEoKQBSKCkAUygpAFQo
69=KQBVKCkAVigpAFcoKQBYKCkAWSgpAFooKQBbKCkAXCgpAF0oKQBeKCkAXygpAGAoKQBhKC
70=kAYigpAGMoKQBkKCkAZSgpAGYoKQBnKCkAaCgpAGkoKQBqKCkAaygpAGwoKQBtKCsAMgAf
71=4VEzKCkANCgpADUoKQA2KCkANygpADgoKQA5KCkAOigpADsoKQA8KCkAPSgpAD4oKQA/KC
72=kAQCgpAEEoKQBCKCkAQygpAEQoKQBFKCkARigpAEcoKQBIKCkASSgpAEooKQBLKCkATCgp
73=AE0oKQBOKCkATygpAFAoKQBRKCkAUigpAFMoKQBUKCkAVSgpAFYoKQBXKCkAWCgpAFkoKQ
74=BaKCkAWygpAFwoKQBdKCkAXigpAF8oKQBgKCkAYSgpAGIoKQBjKCkAZCgpAGUoKQBmKCkA
75=ZygpAGgoKQBpKCkAaigpAGsoKQBsKCkAbSgpAG4oKwAxACD5UzIoKQAzKCkANCgpADUoKQ
76=A2KCkANygpADgoKQA5KCkAOigpADsoKQA8KCkAPSgpAD4oKQA/KCkAQCgpAEEoKQBCKCkA
77=QygpAEQoKQBFKCkARigpAEcoKQBIKCkASSgpAEooKQBLKCkATCgpAE0oKQBOKCkATygpAF
78=AoKQBRKCkAUigpAFMoKQBUKCkAVSgpAFYoKQBXKCkAWCgpAFkoKQBaKCkAWygpAFwoKQBd
79=KCkAXigpAF8oKQBgKCkAYSgpAGIoKQBjKCkAZCgpAGUoKQBmKCkAZygpAGgoKQBpKCkAai
80=gpAGsoKQBsKCkAbSgpAG4oKQBvKCsAMAAh8VYxKCkAMigpADMoKQA0KCkANSgpADYoKQA3
81=KCkAOCgpADkoKQA6KCkAOygpADwoKQA9KCkAPigpAD8oKQBAKCkAQSgpAEIoKQBDKCkARC
82=gpAEUoKQBGKCkARygpAEgoKQBJKCkASigpAEsoKQBMKCkATSgpAE4oKQBPKCkAUCgpAFEo
83=KQBSKCkAUygpAFQoKQBVKCkAVigpAFcoKQBYKCkAWSgpAFooKQBbKCkAXCgpAF0oKQBeKC
84=kAXygpAGAoKQBhKCkAYigpAGMoKQBkKCkAZSgpAGYoKQBnKCkAaCgpAGkoKQBqKCkAaygp
85=AGwoKQBtKCkAbigpAG8oKQBwKCsALwAi6VkwKCkAMSgpADIoKQAzKCkANCgpADUoKQA2KC
86=kANygpADgoKQA5KCkAOigpADsoKQA8KCkAPSgpAD4oKQA/KCkAQCgpAEEoKQBCKCkAQygp
87=AEQoKQBFKCkARigpAEcoKQBIKCkASSgpAEooKQBLKCkATCgpAE0oKQBOKCkATygpAFAoKQ
88=BRKCkAUigpAFMoKQBUKCkAVSgpAFYoKQBXKCkAWCgpAFkoKQBaKCkAWygpAFwoKQBdKCkA
89=XigpAF8oKQBgKCkAYSgpAGIoKQBjKCkAZCgpAGUoKQBmKCkAZygpAGgoKQBpKCkAaigpAG
90=soKQBsKCkAbSgpAG4oKQBvKCkAcCgpAHEoKwAuACPhXC8oKQAwKCkAMSgpADIoKQAzKCkA
91=NCgpADUoKQA2KCkANygpADgoKQA5KCkAOigpADsoKQA8KCkAPSgpAD4oKQA/KCkAQCgpAE
92=EoKQBCKCkAQygpAEQoKQBFKCkARigpAEcoKQBIKCkASSgpAEooKQBLKCkATCgpAE0oKQBO
93=KCkATygpAFAoKQBRKCkAUigpAFMoKQBUKCkAVSgpAFYoKQBXKCkAWCgpAFkoKQBaKCkAWy
94=gpAFwoKQBdKCkAXigpAF8oKQBgKCkAYSgpAGIoKQBjKCkAZCgpAGUoKQBmKCkAZygpAGgo
95=KQBpKCkAaigpAGsoKQBsKCkAbSgpAG4oKQBvKCkAcCgpAHEoKQByKCsALQAk+V4uKCkALy
96=gpADAoKQAxKCkAMigpADMoKQA0KCkANSgpADYoKQA3KCkAOCgpADkoKQA6KCkAOygpADwo
97=KQA9KCkAPigpAD8oKQBAKCkAQSgpAEIoKQBDKCkARCgpAEUoKQBGKCkARygpAEgoKQBJKC
98=kASigpAEsoKQBMKCkATSgpAE4oKQBPKCkAUCgpAFEoKQBSKCkAUygpAFQoKQBVKCkAVigp
99=AFcoKQBYKCkAWSgpAFooKQBbKCkAXCgpAF0oKQBeKCkAXygpAGAoKQBhKCkAYigpAGMoKQ
100=BkKCkAZSgpAGYoKQBnKCkAaCgpAGkoKQBqKCkAaygpAGwoKQBtKCkAbigpAG8oKQBwKCkA
101=cSgpAHIoKQBzKCsALAAl8WEtKCkALigpAC8oKQAwKCkAMSgpADIoKQAzKCkANCgpADUoKQ
102=A2KCkANygpADgoKQA5KCkAOigpADsoKQA8KCkAPSgpAD4oKQA/KCkAQCgpAEEoKQBCKCkA
103=QygpAEQoKQBFKCkARigpAEcoKQBIKCkASSgpAEooKQBLKCkATCgpAE0oKQBOKCkATygpAF
104=AoKQBRKCkAUigpAFMoKQBUKCkAVSgpAFYoKQBXKCkAWCgpAFkoKQBaKCkAWygpAFwoKQBd
105=KCkAXigpAF8oKQBgKCkAYSgpAGIoKQBjKCkAZCgpAGUoKQBmKCkAZygpAGgoKQBpKCkAai
106=gpAGsoKQBsKCkAbSgpAG4oKQBvKCkAcCgpAHEoKQByKCkAcygpAHQoKwArACbpZCwoKQAt
107=KCkALigpAC8oKQAwKCkAMSgpADIoKQAzKCkANCgpADUoKQA2KCkANygpADgoKQA5KCkAOi
108=gpADsoKQA8KCkAPSgpAD4oKQA/KCkAQCgpAEEoKQBCKCkAQygpAEQoKQBFKCkARigpAEco
109=KQBIKCkASSgpAEooKQBLKCkATCgpAE0oKQBOKCkATygpAFAoKQBRKCkAUigpAFMoKQBUKC
110=kAVSgpAFYoKQBXKCkAWCgpAFkoKQBaKCkAWygpAFwoKQBdKCkAXigpAF8oKQBgKCkAYSgp
111=AGIoKQBjKCkAZCgpAGUoKQBmKCkAZygpAGgoKQBpKCkAaigpAGsoKQBsKCkAbSgpAG4oKQ
112=BvKCkAcCgpAHEoKQByKCkAcygpAHQoKQB1KCsAKgAn4WcrKCkALCgpAC0oKQAuKCkALygp
113=ADAoKQAxKCkAMigpADMoKQA0KCkANSgpADYoKQA3KCkAOCgpADkoKQA6KCkAOygpADwoKQ
114=A9KCkAPigpAD8oKQBAKCkAQSgpAEIoKQBDKCkARCgpAEUoKQBGKCkARygpAEgoKQBJKCkA
115=SigpAEsoKQBMKCkATSgpAE4oKQBPKCkAUCgpAFEoKQBSKCkAUygpAFQoKQBVKCkAVigoAA
116=JXACcA/xEAAMcLACAI/wAAAAQAWAAnAP+qAVkAJykAWigpAFsoKQBcKCkAXSgpAF4oKQBf
117=KCkAYCgpAGEoKQBiKCkAYygpAGQoKQBlKCkAZigpAGcoKQBoKCkAaSgpAGooKQBrKCkAbC
118=gpAG0oKQBuKCkAbygpAHAoKQBxKCkAcigpAHMoKQB0KCkAdSgpAHYoKwApACjxKiooKQAr
119=KCkALCgpAC0oKQAuKCkALygpADAoKQAxKCkAMigpADMoKQA0KCkANSgpADYoKQA3KCkAOC
120=gpADkoKQA6KCkAOygpADwoKQA9KCkAPigpAD8oKQBAKCkAQSgpAEIoKQBDKCkARCgpAEUo
121=KQBGKCkARygpAEgoKQBJKCkASigpAEsoKQBMKCkATSgpAE4oKQBPKCkAUCgpAFEoKQBSKC
122=kAUygpAFQoKQBVKCkAVigpAFcoKQBYKCkAWSgpAFooKQBbKCkAXCgpAF0oKQBeKCkAXygp
123=AGAoKQBhKCkAYigpAGMoKQBkKCkAZSgpAGYoKQBnKCkAaCgpAGkoKQBqKCkAaygpAGwoKQ
124=BtKCkAbigpAG8oKQBwKCkAcSgpAHIoKQBzKCkAdCgpAHUoKQB2KCkAdygrACgAKfFsKSgp
125=ACooKQArKCkALCgpAC0oKQAuKCkALygpADAoKQAxKCkAMigpADMoKQA0KCkANSgpADYoKQ
126=A3KCkAOCgpADkoKQA6KCkAOygpADwoKQA9KCkAPigpAD8oKQBAKCkAQSgpAEIoKQBDKCkA
127=RCgpAEUoKQBGKCkARygpAEgoKQBJKCkASigpAEsoKQBMKCkATSgpAE4oKQBPKCkAUCgpAF
128=EoKQBSKCkAUygpAFQoKQBVKCkAVigpAFcoKQBYKCkAWSgpAFooKQBbKCkAXCgpAF0oKQBe
129=KCkAXygpAGAoKQBhKCkAYigpAGMoKQBkKCkAZSgpAGYoKQBnKCkAaCgpAGkoKQBqKCkAay
130=gpAGwoKQBtKCkAbigpAG8oKQBwKCkAcSgpAHIoKQBzKCkAdCgpAHUoKQB2KCkAdygpAHgo
131=KwAnACrpbygoKQApKCkAKigpACsoKQAsKCkALSgpAC4oKQAvKCkAMCgpADEoKQAyKCkAMy
132=gpADQoKQA1KCkANigpADcoKQA4KCkAOSgpADooKQA7KCkAPCgpAD0oKQA+KCkAPygpAEAo
133=KQBBKCkAQigpAEMoKQBEKCkARSgpAEYoKQBHKCkASCgpAEkoKQBKKCkASygpAEwoKQBNKC
134=kATigpAE8oKQBQKCkAUSgpAFIoKQBTKCkAVCgpAFUoKQBWKCkAVygpAFgoKQBZKCkAWigp
135=AFsoKQBcKCkAXSgpAF4oKQBfKCkAYCgpAGEoKQBiKCkAYygpAGQoKQBlKCkAZigpAGcoKQ
136=BoKCkAaSgpAGooKQBrKCkAbCgpAG0oKQBuKCkAbygpAHAoKQBxKCkAcigpAHMoKQB0KCkA
137=dSgpAHYoKQB3KCkAeCgpAHkoKwAmACvhcicoKQAoKCkAKSgpACooKQArKCkALCgpAC0oKQ
138=AuKCkALygpADAoKQAxKCkAMigpADMoKQA0KCkANSgpADYoKQA3KCkAOCgpADkoKQA6KCkA
139=OygpADwoKQA9KCkAPigpAD8oKQBAKCkAQSgpAEIoKQBDKCkARCgpAEUoKQBGKCkARygpAE
140=goKQBJKCkASigpAEsoKQBMKCkATSgpAE4oKQBPKCkAUCgpAFEoKQBSKCkAUygpAFQoKQBV
141=KCkAVigpAFcoKQBYKCkAWSgpAFooKQBbKCkAXCgpAF0oKQBeKCkAXygpAGAoKQBhKCkAYi
142=gpAGMoKQBkKCkAZSgpAGYoKQBnKCkAaCgpAGkoKQBqKCkAaygpAGwoKQBtKCkAbigpAG8o
143=KQBwKCkAcSgpAHIoKQBzKCkAdCgpAHUoKQB2KCkAdygpAHgoKQB5KCkAeigrACUALPl0Ji
144=gpACcoKQAoKCkAKSgpACooKQArKCkALCgpAC0oKQAuKCkALygpADAoKQAxKCkAMigpADMo
145=KQA0KCkANSgpADYoKQA3KCkAOCgpADkoKQA6KCkAOygpADwoKQA9KCkAPigpAD8oKQBAKC
146=kAQSgpAEIoKQBDKCkARCgpAEUoKQBGKCkARygpAEgoKQBJKCkASigpAEsoKQBMKCkATSgp
147=AE4oKQBPKCkAUCgpAFEoKQBSKCkAUygpAFQoKQBVKCkAVigpAFcoKQBYKCkAWSgpAFooKQ
148=BbKCkAXCgpAF0oKQBeKCkAXygpAGAoKQBhKCkAYigpAGMoKQBkKCkAZSgpAGYoKQBnKCkA
149=aCgpAGkoKQBqKCkAaygpAGwoKQBtKCkAbigpAG8oKQBwKCkAcSgpAHIoKQBzKCkAdCgpAH
150=UoKQB2KCkAdygpAHgoKQB5KCkAeigpAHsoKwAkAC3xdyUoKQAmKCkAJygpACgoKQApKCkA
151=KigpACsoKQAsKCkALSgpAC4oKQAvKCkAMCgpADEoKQAyKCkAMygpADQoKQA1KCkANigpAD
152=coKQA4KCkAOSgpADooKQA7KCkAPCgpAD0oKQA+KCkAPygpAEAoKQBBKCkAQigpAEMoKQBE
153=KCkARSgpAEYoKQBHKCkASCgpAEkoKQBKKCkASygpAEwoKQBNKCkATigpAE8oKQBQKCkAUS
154=gpAFIoKQBTKCkAVCgpAFUoKQBWKCkAVygpAFgoKQBZKCkAWigpAFsoKQBcKCkAXSgpAF4o
155=KQBfKCkAYCgpAGEoKQBiKCkAYygpAGQoKQBlKCkAZigpAGcoKQBoKCkAaSgpAGooKQBrKC
156=kAbCgpAG0oKQBuKCkAbygpAHAoKQBxKCkAcigpAHMoKQB0KCkAdSgpAHYoKQB3KCkAeCgp
157=AHkoKQB6KCkAeygpAHwoKwAjAC7peiQoKQAlKCkAJigpACcoKQAoKCkAKSgpACooKQArKC
158=kALCgpAC0oKQAuKCkALygpADAoKQAxKCkAMigpADMoKQA0KCkANSgpADYoKQA3KCkAOCgp
159=ADkoKQA6KCkAOygpADwoKQA9KCkAPigpAD8oKQBAKCkAQSgpAEIoKQBDKCkARCgpAEUoKQ
160=BGKCkARygpAEgoKQBJKCkASigpAEsoKQBMKCkATSgpAE4oKQBPKCkAUCgpAFEoKQBSKCkA
161=UygpAFQoKQBVKCkAVigpAFcoKQBYKCkAWSgpAFooKQBbKCkAXCgpAF0oKQBeKCkAXygpAG
162=AoKQBhKCkAYigpAGMoKQBkKCkAZSgpAGYoKQBnKCkAaCgpAGkoKQBqKCkAaygpAGwoKQBt
163=KCkAbigpAG8oKQBwKCkAcSgpAHIoKQBzKCkAdCgpAHUoKQB2KCkAdygpAHgoKQB5KCkAei
164=gpAHsoKQB8KCkAfSgrACIAL+F9IygpACQoKQAlKCkAJigpACcoKQAoKCkAKSgpACooKQAr
165=KCkALCgpAC0oKQAuKCkALygpADAoKQAxKCkAMigpADMoKQA0KCkANSgpADYoKQA3KCkAOC
166=gpADkoKQA6KCkAOygpADwoKQA9KCkAPigpAD8oKQBAKCkAQSgpAEIoKQBDKCkARCgpAEUo
167=KQBGKCkARygpAEgoKQBJKCkASigpAEsoKQBMKCkATSgpAE4oKQBPKCkAUCgpAFEoKQBSKC
168=kAUygpAFQoKQBVKCkAVigpAFcoKQBYKCkAWSgpAFooKQBbKCkAXCgpAF1JAQBjAAQAXigp
169=AF8oKQBgKCkAYUgBJWl2YigpAGMoKQBkKCkAZSgpAGYoKQBnKCkAaCgpAGkoKQBqKCkAay
170=gpAGwoKQBtKCkAbigpAG8oKQBwKCkAcSgpAHIoKQBzKCkAdCgpAHUoKQB2KCkAdygpAHgo
171=KQB5KCkAeigpAHsoKQB8KCkAfSgpAH4oKwAhADD5fyIoKQAjKCkAJCgpACUoKQAmKCkAJy
172=gpACgoKQApKCkAKigpACsoKQAsKCkALSgpAC4oKQAvKCkAMCgpADEoKQAyKCkAMygpADQo
173=KQA1KCkANigpADcoKQA4KCgACjkAMAD//wAAAAQAOgARAADZCwAgCDAA//8AAAAEADsAJy
174=kAPCgpAD0oKQA+KCkAPygpAEAoKQBBKCkAQigpAEMoKQBEKCkARSgpAEYoKQBHKCkASCgp
175=AEkoKQBKKCkASygpAEwoKQBNKCkATigpAE8oKQBQKCkAUSgpAFIoKQBTKCkAVCgpAFUoKQ
176=BWKCkAVygpAFgoKQBZKCkAWigpAFsoKQBcKCkAXUkBAGMABABeKCkAXygpAGAoKQBhSAHR
177=NWIoKQBjKCkAZCgpAGUoKQBmKCkAZygpAGgoKQBpKCkAaigpAGsoKQBsKCkAbSgpAG4oKQ
178=BvKCkAcCgpAHEoKQByKCkAcygpAHQoKQB1KCkAdigpAHcoKQB4KCkAeSgpAHooKQB7KCkA
179=fCgpAH0oKQB+KCkAfygrACAAMeVgISgpACIoKQAjKCkAJCgpACUoKQAmKCkAJygpACgoKQ
180=ApKCkAKigpACsoKQAsKCkALSgpAC4oKQAvKCkAMCgpADEoKQAyKCkAMygpADQoKQA1KCkA
181=NigpADcoKQA4KCkAOSgpADooKQA7KCkAPCgpAD0oKQA+KCkAPygpAEAoKQBBKCkAQigpAE
182=MoKQBEKCkARSgpAEYoKQBHKCkASCgpAEkoKQBKKCkASygpAEwoKQBNKCkATigpAE8oKQBQ
183=KCkAUSgpAFIoKQBTKCkAVCgpAFUoKQBWKCkAVygpAFgoKQBZKCkAWigpAFsoKQBcKCkAXU
184=gBeINBtF4oKQBfKCkAYCgpAGFIASd8ECdVC2MoVQBkKCkAZSgpAGYoKQBnKCkAaCgpAGko
185=KQBqKCkAaygpAGwoKQBtKCkAbigpAG8oKQBwKCkAcSgpAHIoKQBzKCkAdCgpAHUoKQB2KC
186=kAdygpAHgoKQB5KCkAeigpAHsoKQB8KCkAfSgpAH4oKQB/KCkAgCgrAB8AMumFICgpACEo
187=KQAiKCkAIygpACQoKQAlKCkAJigpACcoKQAoKCkAKSgpACooKQArKCkALCgpAC0oKQAuKC
188=kALygpADAoKQAxKCkAMigpADMoKQA0KCkANSgpADYoKQA3KCkAOCgpADkoKQA6KCkAOygp
189=ADwoKQA9KCkAPigpAD8oKQBAKCkAQSgpAEIoKQBDKCkARCgpAEUoKQBGKCkARygpAEgoKQ
190=BJKCkASigpAEsoKQBMKCkATSgpAE4oKQBPKCkAUCgpAFEoKQBSKCkAUygpAFQoKQBVKCkA
191=VigpAFcoKQBYKCkAWSgpAFooKQBbKCkAXCgpAF1IASfVEDKEAUGIXyhVAGBIAcmFYSgpAG
192=IoKQBjKCkAZCgpAGUoKQBmKCkAZygpAGgoKQBpKCkAaigpAGsoKQBsKCkAbSgpAG4oKQBv
193=KCkAcCgpAHEoKQByKCkAcygpAHQoKQB1KCkAdigpAHcoKQB4KCkAeSgpAHooKQB7KCkAfC
194=gpAH0oKQB+KCkAfygpAIAoKQCBKCsAHgAz4YgfKCkAICgpACEoKQAiKCkAIygpACQoKQAl
195=KCkAJigpACcoKQAoKCkAKSgpACooKQArKCkALCgpAC0oKQAuKCkALygpADAoKQAxKCkAMi
196=gpADMoKQA0KCkANSgpADYoKQA3KCkAOCgpADkoKQA6KCkAOygpADwoKQA9KCkAPigpAD8o
197=KQBAKCkAQSgpAEIoKQBDKCkARCgpAEUoKQBGKCkARygpAEgoKQBJKCkASigpAEsoKQBMKC
198=kATSgpAE4oKQBPKCkAUCgpAFEoKQBSKCkAUygpAFQoKQBVKCkAVigpAFcoKQBYKCkAWSgp
199=AFooKQBbKCkAXCgpAF0oKQBeKCkAXygpAGBIAYuMBABhKCkAYigpAGNIAdGNZCgpAGUoKQ
200=BmKCkAZygpAGgoKQBpKCkAaigpAGsoKQBsKCkAbSgpAG4oKQBvKCkAcCgpAHEoKQByKCkA
201=cygpAHQoKQB1KCkAdigpAHcoKQB4KCkAeSgpAHooKQB7KCkAfCgpAH0oKQB+KCkAfygpAI
202=AoKQCBKCkAgigrAB0ANPmKHigpAB8oKQAgKCkAISgpACIoKQAjKCkAJCgpACUoKQAmKCkA
203=JygpACgoKQApKCkAKigpACsoKQAsKCkALSgpAC4oKQAvKCkAMCgpADEoKQAyKCkAMygpAD
204=QoKQA1KCkANigpADcoKQA4KCkAOSgpADooKQA7KCkAPCgpAD0oKQA+KCkAPygpAEAoKQBB
205=KCkAQigpAEMoKQBEKCkARSgpAEYoKQBHKCkASCgpAEkoKQBKKCkASygpAEwoKQBNKCkATi
206=gpAE8oKQBQKCkAUSgpAFIoKQBTKCkAVCgpAFUoKQBWKCkAVygpAFgoKQBZKCkAWigpAFso
207=KQBcKCkAXSgpAF5IAc2JXygpAGAoKQBhKCkAYigpAGNIASeEEScxDGVUAtEJZigpAGcoKQ
208=BoKCkAaUgBxQhqKCkAaygpAGwoKQBtKCkAbigpAG8oKQBwKCkAcSgpAHIoKQBzKCkAdCgp
209=AHUoKQB2KCkAdygpAHgoKQB5KCkAeigpAHsoKQB8KCkAfSgpAH4oKQB/KCkAgCgpAIEoKQ
210=CCKCkAgygrABwANfGNHSgpAB4oKQAfKCkAICgpACEoKQAiKCkAIygpACQoKQAlKCkAJigp
211=ACcoKQAoKCkAKSgpACooKQArKCkALCgpAC0oKQAuKCkALygpADAoKQAxKCkAMigpADMoKQ
212=A0KCkANSgpADYoKQA3KCkAOCgpADkoKQA6KCkAOygpADwoKQA9KCkAPigpAD8oKQBAKCkA
213=QSgpAEIoKQBDKCkARCgpAEUoKQBGKCkARygpAEgoKQBJKCkASigpAEsoKQBMKCkATSgpAE
214=4oKQBPKCkAUCgpAFEoKQBSKCkAUygpAFQoKQBVKCkAVigpAFcoKQBYKCkAWSgpAFooKQBb
215=KCkAXCgpAF0oKQBeSAHJhV8oKQBgKCkAYSgpAGIoKQBjSAHVhmQoKQBlSAHRCWYoKQBnKC
216=kAaCgpAGlIAcUIaigpAGsoKQBsKCkAbSgpAG4oKQBvKCkAcCgpAHEoKQByKCkAcygpAHQo
217=KQB1KCkAdigpAHcoKQB4KCkAeSgpAHooKQB7KCkAfCgpAH0oKQB+KCkAfygpAIAoKQCBKC
218=kAgigpAIMoKQCEKCsAGwA26ZAcKCkAHSgpAB4oKQAfKCkAICgpACEoKQAiKCkAIygpACQo
219=KQAlKCkAJigpACcoKQAoKCkAKSgpACooKQArKCkALCgpAC0oKQAuKCkALygpADAoKQAxKC
220=kAMigpADMoKQA0KCkANSgpADYoKQA3KCkAOCgpADkoKQA6KCkAOygpADwoKQA9KCkAPigp
221=AD8oKQBAKCkAQSgpAEIoKQBDKCkARCgpAEUoKQBGKCkARygpAEgoKQBJKCkASigpAEsoKQ
222=BMKCkATSgpAE4oKQBPKCkAUCgpAFEoKQBSKCkAUygpAFQoKQBVKCkAVigpAFcoKQBYKCkA
223=WSgpAFooKQBbKCkAXCgpAF0oKQBeSAHBiF8oKQBgKCkAYUgB1YZiKCkAYygpAGRIAcUIZS
224=gpAGYoKQBnKCkAaCgpAGlIAd0KaigpAGsoKQBsKCkAbSgpAG4oKQBvKCkAcCgpAHEoKQBy
225=KCkAcygpAHQoKQB1KCkAdigpAHcoKQB4KCkAeSgpAHooKQB7KCkAfCgpAH0oKQB+KCkAfy
226=gpAIAoKQCBKCkAgigpAIMoKQCEKCkAhSgrABoAN+GTGygpABwoKQAdKCkAHigpAB8oKQAg
227=KCkAISgpACIoKQAjKCkAJCgpACUoKQAmKCkAJygpACgoKQApKCkAKigpACsoKQAsKCkALS
228=gpAC4oKQAvKCkAMCgpADEoKQAyKCkAMygpADQoKQA1KCkANigpADcoKQA4KCkAOSgpADoo
229=KQA7KCkAPCgpAD0oKQA+KCkAPygpAEAoKQBBKCkAQigpAEMoKQBEKCkARSgpAEYoKQBHKC
230=kASCgpAEkoKQBKKCkASygpAEwoKQBNKCkATigpAE8oKQBQKCkAUSgpAFIoKQBTKCkAVCgp
231=AFUoKQBWKCkAVygoAAdYADcA//8AAAAEEQAAQAwAIAoAWQA3AP//AAAABABaKCkAWygpAF
232=woKQBdKCkAXkgBUAZ5Bl8oKQBgKCkAYUoB//9LBAQAYkgBQAFtBWMoKQBkKCkAZSgpAGYo
233=KQBnKCkAaEgB0QlpKCkAaigpAGsoKQBsKCkAbSgpAG4oKQBvKCkAcCgpAHEoKQByKCkAcy
234=gpAHQoKQB1KCkAdigpAHcoKQB4KCkAeSgpAHooKQB7KCkAfCgpAH0oKQB+KCkAfygpAIAo
235=KQCBKCkAgigpAIMoKQCEKCkAhSgpAIYoKAABGQA4ANEqGigpABsoKQAcKCkAHSgpAB4oKQ
236=AfKCkAICgpACEoKQAiKCkAIygpACQoKQAlKCkAJigpACcoKQAoKCkAKSgpACooKQArKCkA
237=LCgpAC0oKQAuKCkALygpADAoKQAxKCkAMigpADMoKQA0KCkANSgpADYoKQA3KCkAOCgpAD
238=koKQA6KCkAOygpADwoKQA9KCkAPigpAD8oKQBAKCkAQSgpAEIoKQBDKCkARCgpAEUoKQBG
239=KCkARygpAEgoKQBJKCkASigpAEsoKQBMKCkATSgpAE4oKQBPKCkAUCgpAFEoKQBSKCkAUy
240=gpAFQoKQBVKCkAVigpAFcoKQBYKCkAWSgpAFooKQBbKCkAXCgpAF0oKQBeKCkAXygpAGAo
241=KQBhKCkAYkgBJ+USOIQBXaRkKFUAZSgpAGYoKQBnSAHFa2goKQBpKCkAaigpAGsoKQBsKC
242=kAbSgpAG4oKQBvKCkAcCgpAHEoKQByKCkAcygpAHQoKQB1KCkAdigpAHcoKQB4KCkAeSgp
243=AHooKQB7KCkAfCgpAH0oKQB+KCkAfygpAIAoKQCBKCkAgigpAIMoKQCEKCkAhSgpAIYoKQ
244=CHKCsAGAA58ZgZKCkAGigpABsoKQAcKCkAHSgpAB4oKQAfKCkAICgpACEoKQAiKCkAIygp
245=ACQoKQAlKCkAJigpACcoKQAoKCkAKSgpACooKQArKCkALCgpAC0oKQAuKCkALygpADAoKQ
246=AxKCkAMigpADMoKQA0KCkANSgpADYoKQA3KCkAOCgpADkoKQA6KCkAOygpADwoKQA9KCkA
247=PigpAD8oKQBAKCkAQSgpAEIoKQBDKCkARCgpAEUoKQBGKCkARygpAEgoKQBJKCkASigpAE
248=soKQBMKCkATSgpAE4oKQBPKCkAUCgpAFEoKQBSKCkAUygpAFQoKQBVKCkAVigpAFcoKQBY
249=KCkAWSgpAFooKQBbKCkAXCgpAF1IAZuRBABeKCkAXygpAGBIAcmQYSgpAGJIAdkGYygpAG
250=QoKQBlSgHXAksEBABmSQHRqQFnSAHRCWgoKQBpKCkAaigpAGsoKQBsKCkAbSgpAG4oKQBv
251=KCkAcCgpAHEoKQByKCkAcygpAHQoKQB1KCkAdigpAHcoKQB4KCkAeSgpAHooKQB7KCkAfC
252=gpAH0oKQB+KCkAfygpAIAoKQCBKCkAgigpAIMoKQCEKCkAhSgpAIYoKQCHKCkAiCgrABcA
253=OumbGCgpABkoKQAaKCkAGygpABwoKQAdKCkAHigpAB8oKQAgKCkAISgpACIoKQAjKCkAJC
254=gpACUoKQAmKCkAJygpACgoKQApKCkAKigpACsoKQAsKCkALSgpAC4oKQAvKCkAMCgpADEo
255=KQAyKCkAMygpADQoKQA1KCkANigpADcoKQA4KCkAOSgpADooKQA7KCkAPCgpAD0oKQA+KC
256=kAPygpAEAoKQBBKCkAQigpAEMoKQBEKCkARSgpAEYoKQBHKCkASCgpAEkoKQBKKCkASygp
257=AEwoKQBNKCkATigpAE8oKQBQKCkAUSgpAFIoKQBTKCkAVCgpAFUoKQBWKCkAVygpAFgoKQ
258=BZKCkAWigpAFsoKQBcKCkAXUgBTJEi4TheKCkAXygpAGBIAcGTYSgpAGJJAdOll2NJAcup
259=AWRIAd2ZZUgB2QZmKCkAZ0kBxK0FaEgBwQRpKCkAaigpAGsoKQBsKCkAbSgpAG4oKQBvKC
260=kAcCgpAHEoKQByKCkAcygpAHQoKQB1KCkAdigpAHcoKQB4KCkAeSgpAHooKQB7KCkAfCgp
261=AH0oKQB+KCkAfygpAIAoKQCBKCkAgigpAIMoKQCEKCkAhSgpAIYoKQCHKCkAiCgpAIkoKw
262=AWADvhnhcoKQAYKCkAGSgpABooKQAbKCkAHCgpAB0oKQAeKCkAHygpACAoKQAhKCkAIigp
263=ACMoKQAkKCkAJSgpACYoKQAnKCkAKCgpACkoKQAqKCkAKygpACwoKQAtKCkALigpAC8oKQ
264=AwKCkAMSgpADIoKQAzKCkANCgpADUoKQA2KCkANygpADgoKQA5KCkAOigpADsoKQA8KCkA
265=PSgpAD4oKQA/KCkAQCgpAEEoKQBCKCkAQygpAEQoKQBFKCkARigpAEcoKQBIKCkASSgpAE
266=ooKQBLKCkATCgpAE0oKQBOKCkATygpAFAoKQBRKCkAUigpAFNJAdW9g1RIAd2DVSgpAFYo
267=KQBXKCkAWCgpAFkoKQBaKCkAWygpAFwoKQBdSAEn7RM7hAEBAAQAXyhVAGBJAdm5EWFIAd
268=kRYkkB1rUCY0kBzKkBZEgBwQRlSAHVnGZIAdUCZ0kBwa0FaEkBvqkBaUkBwKkBakgBzQVr
269=KCkAbCgpAG0oKQBuKCkAbygpAHAoKQBxKCkAcigpAHMoKQB0KCkAdSgpAHYoKQB3KCkAeC
270=gpAHkoKQB6KCkAeygpAHwoKQB9KCkAfigpAH8oKQCAKCkAgSgpAIIoKQCDKCkAhCgpAIUo
271=KQCGKCkAhygpAIgoKQCJKCkAiigrABUAPPmgFigpABcoKQAYKCkAGSgpABooKQAbKCkAHC
272=gpAB0oKQAeKCkAHygpACAoKQAhKCkAIigpACMoKQAkKCkAJSgpACYoKQAnKCkAKCgpACko
273=KQAqKCkAKygpACwoKQAtKCkALigpAC8oKQAwKCkAMSgpADIoKQAzKCkANCgpADUoKQA2KC
274=kANygpADgoKQA5KCkAOigpADsoKQA8KCkAPSgpAD4oKQA/KCkAQCgpAEEoKQBCKCkAQygp
275=AEQoKQBFKCkARigpAEcoKQBIKCkASSgpAEooKQBLKCkATCgpAE0oKQBOKCkAT0kByK1+UE
276=gBzX5RKCkAUigpAFNJAdStBVRIAc0FVUkB17UCVkkB0akBV0gBwQRYKCkAWSgpAFooKQBb
277=KCkAXCgpAF1IAZygIs07PIUBAGSiJykAYEAEyQxhKCkAYigpAGNJAdi5EWRIAc0FZUgBzZ
278=9mSAHNn2dJAbutBWhIAc0FaSgpAGooKQBrKCkAbCgpAG0oKQBuKCkAbygpAHAoKQBxKCkA
279=cigpAHMoKQB0KCkAdSgpAHYoKQB3KCkAeCgpAHkoKQB6KCkAeygpAHwoKQB9KCkAfigpAH
280=8oKQCAKCkAgSgpAIIoKQCDKCkAhCgpAIUoKQCGKCkAhygpAIgoKQCJKCkAiigpAIsoKwAU
281=AD3xoxUoKQAWKCkAFygpABgoKQAZKCkAGigpABsoKQAcKCkAHSgpAB4oKQAfKCkAICgpAC
282=EoKQAiKCkAIygpACQoKQAlKCkAJigpACcoKQAoKCkAKSgpACooKQArKCkALCgpAC0oKQAu
283=KCkALygpADAoKQAxKCkAMigpADMoKQA0KCkANSgpADYoKQA3KCkAOCgpADkoKQA6KCkAOy
284=gpADwoKQA9KCkAPigpAD8oKQBAKCkAQSgpAEIoKQBDKCkARCgpAEUoKQBGKCkARygpAEgo
285=KQBJKCkASigpAEsoKQBMKCkATSgpAE4oKQBPKCkAUEgByaZRSAHNn1JJAc+hiFNJAc6pAV
286=RJAc2pAVVIAdmKVigpAFdKAcUIV5sEAFhJAcSpAVlJAb+pAVpJAcepAVtIAcUIXCgpAF1I
287=AVwHJNU8PYQBnKQnKQBgQATZBmEoKQBiSQHGpRNjSQHAqQFkSAHNBWVJAcO1AmZIAdUCZ0
288=gB1QJoSAHRH2lIAcG/akgBzQVrKCkAbCgpAG0oKQBuKCkAbygpAHAoKQBxKCkAcigpAHMo
289=KQB0KCkAdSgpAHYoKQB3KCkAeCgpAHkoKQB6KCkAeygpAHwoKQB9KCkAfigpAH8oKQCAKC
290=kAgSgpAIIoKQCDKCkAhCgpAIUoKQCGKCkAhygpAIgoKQCJKCkAiigpAIsoKQCMKCsAEwA+
291=6aYUKCgABBUAPgD//wARAADNDAAgCAAABAAWAD4A//8AaAEBFwA+AMkBGCgpABkoKQAaKC
292=kAGygpABwoKQAdKCkAHigpAB8oKQAgKCkAISgpACIoKQAjKCkAJCgpACUoKQAmKCkAJygp
293=ACgoKQApKCkAKigpACsoKQAsKCkALSgpAC4oKQAvKCkAMCgpADEoKQAyKCkAMygpADQoKQ
294=A1KCkANigpADcoKQA4KCkAOSgpADooKQA7KCkAPCgpAD0oKQA+KCkAPygpAEAoKQBBKCkA
295=QigpAEMoKQBEKCkARSgpAEYoKQBHKCkASCgpAEkoKQBKKCkASygpAEwoKQBNKCkATigpAE
296=8oKQBQKCkAUUoBxAKBUVJIAcFRUygpAFRJAdahBFVJAdGpAVZKAcUImQZXSQHPqQFYSAEF
297=OQkAAAcEAFkoKQBaSQHOoQRbSQHHqQFcSAHVDV1IAUgJcWFeSQHZqQxfSAHVAmBJAca1Am
298=FJAbypAWJIAcEEY0gB0QlkSAHNBWVJAb+tBWZIAd0KZ0kBw7UCaEgB2QZpSQHItQJqSAHV
299=AmsoKQBsKCkAbSgpAG4oKQBvKCkAcCgpAHEoKQByKCkAcygpAHQoKQB1KCkAdigpAHcoKQ
300=B4KCkAeSgpAHooKQB7KCkAfCgpAH0oKQB+KCkAfygpAIAoKQCBKCkAgigpAIMoKQCEKCkA
301=hSgpAIYoKQCHKCkAiCgpAIkoKQCKKCkAiygpAIwoKQCNKCsAEgA/8aMTKCkAFCgpABUoKQ
302=AWKCkAFygpABgoKQAZKCkAGigpABsoKQAcKCkAHSgpAB4oKQAfKCkAICgpACEoKQAiKCkA
303=IygpACQoKQAlKCkAJigpACcoKQAoKCkAKSgpACooKQArKCkALCgpAC0oKQAuKCkALygpAD
304=AoKQAxKCkAMigpADMoKQA0KCkANSgpADYoKQA3KCkAOCgpADkoKQA6KCkAOygpADwoKQA9
305=KCkAPigpAD8oKQBAKCkAQSgpAEIoKQBDKCkARCgpAEUoKQBGKCkARygpAEgoKQBJKCkASi
306=gpAEsoKQBMKCkATSgpAE5IAc2JT0gByYVQSAHdjlFIAd2OUkgBwQRTKCkAVEgBzQVVSAHd
307=mVZJAcyxo1dKAZgHU5sEAFhIAW2qAm6qPwBoAQEABABaVALBBFtJAci5BlxJAdexmF1IAc
308=21XkkB+rUCX0kB8qkBYEkB8KkBYUgBxaJiSAHNG2NIAcXDZEgB1RhlSAFcEm21ZigpAGdJ
309=AcGxCWhJAcCpAWlIAdkGaigpAGtIAcWtbEgBwQRtKCkAbkgByQxvKCkAcCgpAHFIAdkGci
310=gpAHMoKQB0KCkAdSgpAHYoKQB3KCkAeCgpAHkoKQB6KCkAeygpAHwoKQB9KCkAfigpAH8o
311=KQCAKCkAgSgpAIIoKQCDKCkAhCgpAIUoKQCGKCkAhygpAIgoKQCJKCkAiigpAIsoKQCMKC
312=kAjSgpAI4oKwARAED5qxIoKQATKCkAFCgpABUoKQAWKCkAFygpABgoKQAZKCkAGigpABso
313=KQAcKCkAHSgpAB4oKQAfKCkAICgpACEoKQAiKCkAIygpACQoKQAlKCkAJigpACcoKQAoKC
314=kAKSgpACooKQArKCkALCgpAC0oKQAuKCkALygpADAoKQAxKCkAMigpADMoKQA0KCkANSgp
315=ADYoKQA3KCkAOCgpADkoKQA6KCkAOygpADwoKQA9KCkAPigpAD8oKQBAKCkAQSgpAEIoKQ
316=BDKCkARCgpAEUoKQBGKCkARygpAEgoKQBJKCkASigpAEsoKQBMSAHRjU1IAdV7TigpAE8o
317=KQBQSAHNlFFJAfyxjVJIAdkGU0kB9rUCVEgB1ZxVSQHHtQJWSAEnphVAAMGpWFQCAjgJAA
318=AFZq1AAGkBA2StJ4EAW0AEJ6QVJ+EMXVQC2ZVeSQHTqQxfSAHdr2BJAfe1AmFJAcWpAWJJ
319=AbqpAWNIAd3FZEgB1RhlSAHdCmZIAcUeZ0gB1RhoSAHNBWkoKQBqKCkAaygpAGwoKQBtKC
320=kAbkgByQxvKCkAcCgpAHFIAckMcigpAHMoKQB0KCkAdSgpAHYoKQB3KCkAeCgpAHkoKQB6
321=KCkAeygpAHwoKQB9KCkAfigpAH8oKQCAKCkAgSgpAIIoKQCDKCkAhCgpAIUoKQCGKCkAhy
322=gpAIgoKQCJKCkAiigpAIsoKQCMKCkAjSgpAI4oKQCPKCsAEABB8a4RKCkAEigpABMoKQAU
323=KCkAFSgpABYoKQAXKCkAGCgpABkoKQAaKCkAGygpABwoKQAdKCkAHigpAB8oKQAgKCkAIS
324=gpACIoKQAjKCkAJCgpACUoKQAmKCkAJygpACgoKQApKCkAKigpACsoKQAsKCkALSgpAC4o
325=KQAvKCkAMCgpADEoKQAyKCkAMygpADQoKQA1KCkANigpADcoKQA4KCkAOSgpADooKQA7KC
326=kAPCgpAD0oKQA+KCkAPygpAEAoKQBBKCkAQigpAEMoKQBEKCkARSgpAEYoKQBHKCkASEgB
327=JaElSUgB3XhKKCkAS0kBwqmQTEkBu6kBTUgBzQVOKCkAT0gByZBQSAHRrlFIAc0FUkgB0a
328=5TSQHxsQlUKCkAVUkB9LUCVkgBJ/0VQSj9FUEjeSsIfK+pAQZ8ryeBAFtYBif+FUEA3cVd
329=VAIl0SteSQHQqQxfSAHJm2BJAfu1AmFIAd0VYkgBwaljSQHVoQRkSAHBBGVIAcUIZigpAG
330=coKQBoSAHNBWlIAdUjakgB1QJrKCkAbCgpAG0oKQBuSAHJDG8oKQBwKCkAcUgB0QlyKCkA
331=cygpAHQoKQB1KCkAdigpAHcoKQB4KCkAeSgpAHooKQB7KCkAfCgpAH0oKQB+KCkAfygpAI
332=AoKQCBKCkAgigpAIMoKQCEKCkAhSgpAIYoKQCHKCkAiCgpAIkoKQCKKCkAiygpAIwoKQCN
333=KCkAjigpAI8oKQCQKCsADwBC6bEQKCkAESgpABIoKQATKCkAFCgpABUoKQAWKCkAFygpAB
334=goKQAZKCkAGigpABsoKQAcKCkAHSgpAB4oKQAfKCkAICgpACEoKQAiKCkAIygpACQoKQAl
335=KCkAJigpACcoKQAoKCkAKSgpACooKQArKCkALCgpAC0oKQAuKCkALygpADAoKQAxKCkAMi
336=gpADMoKQA0KCkANSgpADYoKQA3KCkAOCgpADkoKQA6KCkAOygpADwoKQA9KCkAPigpAD8o
337=KQBAKCkAQSgpAEIoKQBDKCkARCgpAEUoKQBGKCkARygpAEgoKQBJKCkASkgByZBLSAEljS
338=hMSQG4oZNNSAEluShOSQG+tQJPSAElsT1QSAHJhVEoKQBSSAEl7SlTSAHdpFRIASVxKlVJ
339=AcixCVZJAcskIUFXSQHQqQFYSAEi0UEBdbJCgLRJAVpVAs2hBFtJAcmpAVxIAc2qXUgB2R
340=FeSAHZzF9IASW1Q2BIAcEEYUgBzRBiSAHRFGNIAdG5ZEgBwQRlSAHZBmZIAdGuZ0gB1QJo
341=SAHFKWlIAdkGakgBzQVrSAHNBWwoKQBtKCkAbkgBJ1UWQoQBAQAEAHAoVQBxSAHFCHIoKQ
342=BzKCkAdCgpAHUoKQB2KCkAdygpAHgoKQB5KCkAeigpAHsoKQB8KCkAfSgpAH4oKQB/KCkA
343=gCgpAIEoKQCCKCkAgygpAIQoKQCFKCkAhigpAIcoKQCIKCkAiSgpAIooKQCLKCkAjCgpAI
344=0oKQCOKCkAjygpAJAoKQCRKCsADgBD4bQPKCkAECgpABEoKQASKCkAEygpABQoKQAVKCkA
345=FigpABcoKQAYKCkAGSgpABooKQAbKCkAHCgpAB0oKQAeKCkAHygpACAoKQAhKCkAIigpAC
346=MoKQAkKCkAJSgpACYoKQAnKCkAKCgpACkoKQAqKCkAKygpACwoKQAtKCkALigpAC8oKQAw
347=KCkAMSgpADIoKQAzKCkANCgpADUoKQA2KCkANygpADgoKQA5KCkAOigpADsoKQA8KCkAPS
348=gpAD4oKQA/KCkAQCgpAEEoKQBCKCkAQygpAEQoKQBFKCkARigpAEcoKQBISAHVhklIASXB
349=KUpIASVFbEtJAc21p0xJAcGpAU1IASU9P05IAd2ZT0gB0a5QSAGfigQAUSgpAFJJAfmlCF
350=NIASWtLFRIAc0FVSgpAFZIAcmQV0gBJTEtWEgBJTFDWSgpAFpIASXZLFtIAdkGXCgpAF0o
351=KQBeSAHRz19IAdUYYEgB2QZhKCkAYigpAGMoKQBkKCkAZSgpAGYoKQBnSAHJImhJAc6lHm
352=lIAcUpakgB1Q1rKCkAbCgpAG0oKQBuSAHVI28oKQBwKCkAcUgB0QlyKCkAcygpAHQoKQB1
353=KCkAdigpAHcoKQB4KCkAeSgpAHooKQB7KCkAfCgpAH0oKAABfgBDABEAAOwMACAI//8AAA
354=AEAH8AQwDJAYAoKQCBKCkAgigpAIMoKQCEKCkAhSgpAIYoKQCHKCkAiCgpAIkoKQCKKCkA
355=iygpAIwoKQCNKCkAjigpAI8oKQCQKCkAkSgpAJIoKwANAETtGw4oKQAPKCkAECgpABEoKQ
356=ASKCkAEygpABQoKQAVKCkAFigpABcoKQAYKCkAGSgpABooKQAbKCkAHCgpAB0oKQAeKCkA
357=HygpACAoKQAhKCkAIigpACMoKQAkKCkAJSgpACYoKQAnKCkAKCgpACkoKQAqKCkAKygpAC
358=woKQAtKCkALigpAC8oKQAwKCkAMSgpADIoKQAzKCkANCgpADUoKQA2KCkANygpADgoKQA5
359=KCkAOigpADsoKQA8KCkAPSgpAD4oKQA/KCkAQCgpAEEoKQBCKCkAQygpAEQoKQBFKCkARk
360=oB2QKFa0dIAcVrSEkBwrUCSUkBvakBSkkBwKkBS0kB2KkBTEkBx6kBTUgBxQhOSQHItQJP
361=SAHVAlBIAUwNAgAABABRKCkAUigpAFMoKQBUKCkAVUoBxQhDBwQAVkkBxqkBV0kBz6kBWE
362=oBmAeBBFkoKQBaSQHOoQRbSAHZBlxJAce1Al1IAcUTXigpAF8oKQBgKCkAYSgpAGIoKQBj
363=KCkAZCgpAGUoKQBmKCkAZygpAGgoKQBpSQHWoSVqSQHPqQFrSQHRqQFsSAHRFG0oKQBuSA
364=FcHWUpbygpAHAoKQBxSAHZBnIoKQBzKCkAdCgpAHUoKQB2KCkAdygpAHgoKQB5KCkAeigp
365=AHsoKQB8KCkAfSgpAH4oKQB/KCkAgCgpAIEoKQCCKCkAgygpAIQoKQCFKCkAhigpAIcoKQ
366=CIKCkAiSgpAIooKQCLKCkAjCgpAI0oKQCOKCkAjygpAJAoKQCRKCkAkigpAJMoKwAMAEXx
367=uQ0oKQAOKCkADygpABAoKQARKCkAEigpABMoKQAUKCkAFSgpABYoKQAXKCkAGCgpABkoKQ
368=AaKCkAGygpABwoKQAdKCkAHigpAB8oKQAgKCkAISgpACIoKQAjKCkAJCgpACUoKQAmKCkA
369=JygpACgoKQApKCkAKigpACsoKQAsKCkALSgpAC4oKQAvKCkAMCgpADEoKQAyKCkAMygpAD
370=QoKQA1KCkANigpADcoKQA4KCkAOSgpADooKQA7KCkAPCgpAD0oKQA+KCkAPygpAEAoKQBB
371=KCkAQigpAEMoKQBEKCkARSgpAEZJAcShiEdIAcWBSEgBzbVJSAHBv0pIAcEES0gB2bZMSA
372=HFjE1JAbGppk5JAbKpAU8oKQBQKCkAUSgpAFIoKQBTKCkAVCgpAFVJAbuxCVZKATgJXw0E
373=AFfIAQECBABYSAEnXhdFAMkBWlQCzQVbyAFNBVxJAbqxCV1IAdEUXigpAF8oKQBgKCkAYS
374=gpAGIoKQBjKCkAZEkBs70KZUgBSBRxrmZJAca9K2dJAb6pAWgoKQBpSQG8tQJqSAHdK2tI
375=Ad0rbEgB1QJtSAHNMW5IAckMbygpAHAoKQBxSAHZBnIoKQBzKCkAdCgpAHUoKQB2KCkAdy
376=gpAHgoKQB5KCkAeigpAHsoKQB8KCkAfSgpAH4oKQB/KCkAgCgpAIEoKQCCKCkAgygpAIQo
377=KQCFKCkAhigpAIcoKQCIKCkAiSgpAIooKQCLKCkAjCgpAI0oKQCOKCkAjygpAJAoKQCRKC
378=kAkigpAJMoKQCUKCsACwBG6bwMKCkADSgpAA4oKQAPKCkAECgpABEoKQASKCkAEygpABQo
379=KQAVKCkAFigpABcoKQAYKCkAGSgpABooKQAbKCkAHCgpAB0oKQAeKCkAHygpACAoKQAhKC
380=kAIigpACMoKQAkKCkAJSgpACYoKQAnKCkAKCgpACkoKQAqKCkAKygpACwoKQAtKCkALigp
381=AC8oKQAwKCkAMSgpADIoKQAzKCkANCgpADUoKQA2KCkANygpADgoKQA5KCkAOigpADsoKQ
382=A8KCkAPSgpAD4oKQA/KCkAQCgpAEEoKQBCKCkAQygpAERJAdO5ikVIASWNKEZJAcO1AkdI
383=Ac2JSEgByYVJKCkASigpAEtIAdGNTCgpAE1JAbihnk5JAS+1sk8oKQBQKCkAUUkBrKEEUk
384=kBpyQNLlMoKQBUSAHBBFVJAaqtBVZIAWW4Bna9RgBpAQh1vUbpvFlABCe0F6AETQVbVALN
385=BVxJAaixCV1IAckMXkgBzRBfKCkAYEgBwQRhSAHBGmIoKQBjKCkAZEkBtLEfZUgB1SNmSA
386=HFKWdJAdWpLWhIAdUCaUkBwbUCakkBwKkBa0gBzTFsSQHItQJtSAHdCm4oKQBvSAHNBXBI
387=AcEEcUgByQxyKCkAcygpAHQoKQB1KCkAdigpAHcoKQB4KCkAeSgpAHooKQB7KCkAfCgpAH
388=0oKQB+KCkAfygpAIAoKQCBKCkAgigpAIMoKQCEKCkAhSgpAIYoKQCHKCkAiCgpAIkoKQCK
389=KCkAiygpAIwoKQCNKCkAjigpAI8oKQCQKCkAkSgpAJIoKQCTKCkAlCgpAJUoKwAKAEfhvw
390=soKQAMKCkADSgpAA4oKQAPKCkAECgpABEoKQASKCkAEygpABQoKQAVKCkAFigpABcoKQAY
391=KCkAGSgpABooKQAbKCkAHCgpAB0oKQAeKCkAHygpACAoKQAhKCkAIigpACMoKQAkKCkAJS
392=gpACYoKQAnKCkAKCgpACkoKQAqKCkAKygpACwoKQAtKCkALigpAC8oKQAwKCkAMSgpADIo
393=KQAzKCkANCgpADUoKQA2KCkANygpADgoKQA5KCkAOigpADsoKQA8KCkAPSgpAD4oKQA/KC
394=kAQCgpAEEoKQBCKCkAQ0gBwb9ESQHQrYlFSQHGqQFGSAEloUZHSAEl7SlISAHZBklIASV5
395=QUooKQBLSAHVyExIAd2OTUgBJw8YRwBkXLoBAwQAT1QCBTIBAAAIBABQSQEvSQEJIidHRw
396=DMQAQBCwQAUlQCwbRTyAEBBgQAVEgBwQRVSAHFCFZIAcUIV0oBBwNID2zAJzEBWVQC2QZa
397=SAHBBFtIAcUIXEgBxQhdSAHNBV5IAc0QX8gBTRBgSAHBBGFIAcUIYkgBxQhjSAF4HAECBA
398=BkSAEnDRhHWBJLAAQAZlQCxSlnSAHBMGhIAcG0aUkBw60xakgB0blrSAHBBGxIAcUIbUgB
399=zTFuSAHBMG9IAUwNIn0xcCgpAHFIAcUIcigpAHMoKQB0KCkAdSgpAHYoKQB3KCkAeCgpAH
400=koKQB6KCkAeygpAHwoKQB9KCkAfigpAH8oKQCAKCkAgSgpAIIoKQCDKCkAhCgpAIUoKQCG
401=KCkAhygpAIgoKQCJKCkAiigpAIsoKQCMKCkAjSgpAI4oKQCPKCkAkCgpAJEoKQCSKCkAky
402=gpAJQoKQCVKCkAligrAAkASPnBCigpAAsoKQAMKCkADSgpAA4oKQAPKCkAECgpABEoKQAS
403=KCkAEygpABQoKQAVKCkAFigpABcoKQAYKCkAGSgpABooKQAbKCkAHCgpAB0oKQAeKCkAHy
404=gpACAoKQAhKCkAIigpACMoKQAkKCkAJSgpACYoKQAnKCkAKCgpACkoKQAqKCkAKygpACwo
405=KQAtKCkALigpAC8oKQAwKCkAMSgpADIoKQAzKCkANCgpADUoKQA2KCkANygpADgoKQA5KC
406=kAOigpADsoKQA8KCkAPSgpAD4oKQA/KCkAQCgpAEEoKQBCKCkAQ0kB1L2OREgByYVFKCkA
407=RkgBJckqR0gBJQFISEgBJQlfSUgB2QZKKCkAS0gB1ZFMKCkATUgBJ2UYSIXDB2fDSAAuWM
408=FVp1BBBDFJAQNlw0iFwxJlw0gjmC9BBFNABGG0AGTDJ4EAVVQCxQhWSAHFCFdJAQbkwyet
409=AFlUAnC5XQpaSAHBBFtIAcUIXEgBxQhdSAHNBV5IAWAPTRBfyAFNEGBIAcEEYUgBxQhiSA
410=HFCGNIAWTDVchkSAEnZRhIkCNFCGZUAsEwZ0gBxSloKCkAaUkBx6U0akgBwQRrSQHXtQJs
411=SAHBym1IAcEEbkgBjwwEAG8oKQBwKCkAcUgBzQVyKCkAcygpAHQoKQB1KCkAdigpAHcoKQ
412=B4KCkAeSgpAHooKQB7KCkAfCgpAH0oKQB+KCkAfygpAIAoKQCBKCkAgigpAIMoKQCEKCkA
413=hSgpAIYoKQCHKCkAiCgpAIkoKQCKKCkAiygpAIwoKQCNKCkAjigpAI8oKQCQKCkAkSgpAJ
414=IoKQCTKCkAlCgpAJUoKQCWKCkAlygrAAgASfHECSgpAAooKQALKCkADCgpAA0oKQAOKCkA
415=DygpABAoKQARKCkAEigpABMoKQAUKCkAFSgpABYoKQAXKCkAGCgpABkoKQAaKCkAGygpAB
416=woKQAdKCkAHigpAB8oKQAgKCkAISgpACIoKQAjKCgACSQASQD//wAAAAQAJREAAEYNACAI
417=AEkA//8AAAAEACYoKQAnKCkAKCgpACkoKQAqKCkAKygpACwoKQAtKCkALigpAC8oKQAwKC
418=kAMSgpADIoKQAzKCkANCgpADUoKQA2KCkANygpADgoKQA5KCkAOigpADsoKQA8KCkAPSgp
419=AD4oKQA/KCkAQCgpAEEoKQBCKCkAQ0gBAdgCAABFKURKAf//iQFFSQHXtQJGSQHOqQFHSQ
420=HRqQFISQHEqQFJSAHNBUpIAcEES0gBSAl9CkxKAcUIUwEEAE1JAbupAU5IAQVkBwAACwQA
421=T0kByUgBAQ0EAFDIAQEOBABRSgEnAUMIBABSSgGZB4UIUygpAFRJASehBFVIAcUIVsgBRQ
422=hXSAEFOAkAAAMEAFhKASYHhQhZyAEBAQQAWkgBYAQBBQQAW0gBxQhcyAFFCF1JASepDF5I
423=Ac0QXygpAGBIAcEEYUgBxQhiyAFFCGNIAXgcAQoEAGRJAbqxH2VJAcepAWZJAdalKWdJAc
424=+pAWhIAcUpaUgB2TJqSQHCoQRrSQG8qQFsSAHBBG1JAcS1Am5IAVwdXicAbygpAHAoKQBx
425=SAHZBnIoKQBzKCkAdCgpAHUoKQB2KCkAdygpAHgoKQB5KCkAeigpAHsoKQB8KCkAfSgpAH
426=4oKQB/KCkAgCgpAIEoKQCCKCkAgygpAIQoKQCFKCkAhigpAIcoKQCIKCkAiSgpAIooKQCL
427=KCkAjCgpAI0oKQCOKCkAjygpAJAoKQCRKCkAkigpAJMoKQCUKCkAlSgpAJYoKQCXKCkAmC
428=grAAcASu2fCCgpAAkoKQAKKCkACygpAAwoKQANKCkADigpAA8oKQAQKCkAESgpABIoKQAT
429=KCkAFCgpABUoKQAWKCkAFygpABgoKQAZKCkAGigpABsoKQAcKCkAHSgpAB4oKQAfKCkAIC
430=gpACEoKQAiKCkAIygpACQoKQAlKCkAJigpACcoKQAoKCkAKSgpACooKQArKCkALCgpAC0o
431=KQAuKCkALygpADAoKQAxKCkAMigpADMoKQA0KCkANSgpADYoKQA3KCkAOCgpADkoKQA6KC
432=kAOygpADwoKQA9KCkAPigpAD8oKQBAKCkAQSgpAEIoKQBDKCkAREkB+KmQRUgBxYxGKCkA
433=RygpAEhJAcOtBUlIAc0FSkgB0ZhLSAHRmExJAcyppk1KAacHXwIEAE5JAWBIvFnXT0gBfa
434=8RdshKAGkBEnbISgDBBFJCBAMDmQZTSQH/oQ9USAHBBFVIAXgGRQhWyAFFCFdIAXHEBnfI
435=SgAloQ9ZVAJoAZbISgBhBAh0yKAPRQhcQARwCUUIXUgByQxeSQH9oQ9fSQEFuRFgSAHBBG
436=FIAXgGRQhiyAFFCGNIAcEEZEgB0R9lSQHIqSJmSAHNJmdIAcUpaCgpAGlJAcahD2pJAbip
437=AWtJAb2pAWxJAbqpAW1IAdUCbkgB2cxvSAFQJ2HKcCgpAHFIAdUNcigpAHMoKQB0KCkAdS
438=gpAHYoKQB3KCkAeCgpAHkoKQB6KCkAeygpAHwoKQB9KCkAfigpAH8oKQCAKCkAgSgpAIIo
439=KQCDKCkAhCgpAIUoKQCGKCkAhygpAIgoKQCJKCkAiigpAIsoKQCMKCkAjSgpAI4oKQCPKC
440=kAkCgpAJEoKQCSKCkAkygpAJQoKQCVKCkAligpAJcoKQCYKCkAmSgrAAYAS+HKBygpAAgo
441=KQAJKCkACigpAAsoKQAMKCkADSgpAA4oKQAPKCkAECgpABEoKQASKCkAEygpABQoKQAVKC
442=kAFigpABcoKQAYKCkAGSgpABooKQAbKCkAHCgpAB0oKQAeKCkAHygpACAoKQAhKCkAIigp
443=ACMoKQAkKCkAJSgpACYoKQAnKCkAKCgpACkoKQAqKCkAKygpACwoKQAtKCkALigpAC8oKQ
444=AwKCkAMSgpADIoKQAzKCkANCgpADUoKQA2KCkANygpADgoKQA5KCkAOigpADsoKQA8KCkA
445=PSgpAD4oKQA/KCkAQCgpAEEoKQBCKCkAQ0kB2aGTREkB96kBRUgBJdUxRkgBJdksR0kB0a
446=EESEkBxakBSUkBvqkBSkgByZtLSQHAtQJMSAEnbxlLADlBygRvy0sAJyTxL09ABCXxL1Ao
447=KQBRSAHBBFJIASdsGVhpvQpUVALBBFVIAcUIVigpAFdJAa5VDQBty0v1yFlUAmDKAQYEAF
448=pIAcEEW0gBxQhcKCkAXUgByQxeSQH9oQ9fSAEnbBknFQNhVALFCGIoKQBjSAHFCGRIAdEf
449=ZUgBJ28ZSwDBvQpnVALZwWhIAcG/aSgpAGpJAcetBWtIAcEEbEgB3fxtSAHVAm5IAc0Fb0
450=gBJ20ZS4QBSSJxVALNBXIoKQBzKCkAdCgpAHUoKQB2KCkAdygpAHgoKQB5KCkAeigpAHso
451=KQB8KCkAfSgpAH4oKQB/KCkAgCgpAIEoKQCCKCkAgygpAIQoKQCFKCkAhigpAIcoKQCIKC
452=kAiSgpAIooKQCLKCkAjCgpAI0oKQCOKCkAjygpAJAoKQCRKCkAkigpAJMoKQCUKCkAlSgp
453=AJYoKQCXKCkAmCgpAJkoKQCaKCsABQBM+cwGKCkABygpAAgoKQAJKCkACigpAAsoKQAMKC
454=kADSgpAA4oKQAPKCkAECgpABEoKQASKCkAEygpABQoKQAVKCkAFigpABcoKQAYKCkAGSgp
455=ABooKQAbKCkAHCgpAB0oKQAeKCkAHygpACAoKQAhKCkAIigpACMoKQAkKCkAJSgpACYoKQ
456=AnKCkAKCgpACkoKQAqKCkAKygpACwoKQAtKCkALigpAC8oKQAwKCkAMSgpADIoKQAzKCkA
457=NCgpADUoKQA2KCkANygpADgoKQA5KCkAOigpADsoKQA8KCkAPSgpAD4oKQA/KCkAQCgpAE
458=FIAc3LQkgB0Y1DKCkAREkB+b2ZRUkB7qkBRkkB8qkBR0kB9KkBSEgBydJJSQHNtQJKSAHd
459=CktIAY2bBEIBTAAnxRlMKMQZAUwAmAdIBCJPTEwAuSRtL1BVBbypAVFIAcEEUkgBwQRTSA
460=HBBFRIAcEEVUgBcLkBCAQAVsgBQcpXyQEFZ85MAFuxz1lVAlqpAVpIAXgGAQMEAFvIAUUI
461=XMgBRQhdSAHJDF5IAc0QX0gBzRBgSAHBBGFIAcEEYkgBwQRjSAHBBGRIAXQNWe1lSAEnxR
462=lMKMcZTAC9pSloQQTAqQFpSAHRKmooKQBrSQHVoQRsSAHNy21IAdUCbkgBVCsiCTNvKCkA
463=cCgpAHFIAd0KcigpAHMoKQB0KCkAdSgpAHYoKQB3KCkAeCgpAHkoKQB6KCkAeygpAHwoKQ
464=B9KCkAfigpAH8oKQCAKCkAgSgpAIIoKQCDKCkAhCgpAIUoKQCGKCkAhygpAIgoKQCJKCkA
465=iigpAIsoKQCMKCkAjSgpAI4oKQCPKCkAkCgpAJEoKQCSKCkAkygpAJQoKQCVKCkAligpAJ
466=coKQCYKCkAmSgpAJooKQCbKCgAIuhZwzsFAE0oHBonKQAHKFUACCgpAAkoKQAKKCkACygp
467=AAwoKQANKCkADigpAA8oKQAQKCkAESgpABIoKQATKCkAFCgpABUoKQAWKCkAFygpABgoKQ
468=AZKCkAGigpABsoKQAcKCkAHSgpAB4oKQAfKCkAICgpACEoKQAiKCkAIygpACQoKQAlKCkA
469=JigpACcoKQAoKCkAKSgpACooKQArKCkALCgpAC0oKQAuKCkALygpADAoKQAxKCkAMigpAD
470=MoKQA0KCkANSgpADYoKQA3KCkAOCgpADkoKQA6KCkAOygpADwoKQA9KCkAPigpAD8oKQBA
471=KCkAQUgBwZNCSAHVyENJAcu9mURIASVhM0VJAfu1AkZIAdVaR0gBxdlISQH8oQRJSQHUqQ
472=FKSAHNBUtJAci1AkxIAScdGk0oHRpNKB4aTQAl0WJQTAUl8WZRSAHFuFJIAcEEU0gBwQRU
473=SAHBBFVIAWm8AnzQqAwBAAQAV9QCn9BNAFmxz1lVAlipAVpIAXgGnNC4BkUIXNQCRQhdSA
474=HJDF5IAc0QX0gBzRBgSAHBBGFIAcEEYkgBwQRjSAHBBGRIAXQNntBNACceGk0A1chnQATZ
475=J2goKQBpSQHGpSlqSQG8qQFrSAElSWdsSAHJOG1JAcmhBG5IAdU5b0gBxT9wKCkAcUgB1Q
476=1yKCkAcygpAHQoKQB1KCkAdigpAHcoKQB4KCkAeSgpAHooKQB7KCkAfCgpAH0oKQB+KCkA
477=fygpAIAoKQCBKCkAgigpAIMoKQCEKCkAhSgpAIYoKQCHKCkAiCgpAIkoKQCKKCkAiygpAI
478=woKQCNKCkAjigpAI8oKQCQKCkAkSgpAJIoKQCTKCkAlCgpAJUoKQCWKCkAlygpAJgoKQCZ
479=KCkAmigpAJsoKQCcKCsAAwBO/NAirEHZPQUoVQAGKCkABygpAAgoKQAJKCkACigpAAsoKQ
480=AMKCkADSgpAA4oKQAPKCkAECgpABEoKQASKCkAEygpABQoKQAVKCkAFigpABcoKQAYKCkA
481=GSgpABooKQAbKCkAHCgpAB0oKQAeKCgABh8ATgD//wAAABEAAE4NACAAAQQAIABOAP//AA
482=AABAAhAE4A//+JASIoKQAjKCkAJCgpACUoKQAmKCkAJygpACgoKQApKCkAKigpACsoKQAs
483=KCkALSgpAC4oKQAvKCkAMCgpADEoKQAyKCkAM0gBTBhhGjQoKQA1KCkANigpADcoKQA4SA
484=HRHzkoKQA6KCkAOygpADxIAckMPSgpAD4oKQA/KCkAQCgpAEFKAdkCQwcEAEJIAUABcRRD
485=SQHUtQJESAHVAkVJAci1AkZIAcUTR0gB1QJISAHVAklJAditBUpIAdUCS0gB0QlMSgHMCF
486=MBBABNSgE5CV0OBEABAU4AJwGJAU9SAZkHgQRQKCkAUUkBJ6EEUkoBAwOBBFNJAf+1DVRI
487=AcEEVUgBxQhWKCkAV0kBrlQNUUtYSQE4SAEBAgQAWcgBVQJaSAHBBFtIAcUIXCgpAF1IAc
488=kMXkkB/aEPX0kBBbkRYEgBwQRhSAHFCGIoKQBjSAHBBGRIAdEfZUkByKkiZkgBzSZnKCkA
489=aCgpAGlJAdWhD2pJAcepAWtIAdkGbEkB1rUCbUkB0KkBbkgBRCZCLABvKCkAcCgpAHFIAc
490=UIcigpAHMoKQB0KCkAdSgpAHYoKQB3KCkAeCgpAHkoKQB6KCkAeygpAHwoKQB9KCkAfigp
491=AH8oKQCAKCkAgSgpAIIoKQCDKCkAhCgpAIUoKQCGKCkAhygpAIgoKQCJKCkAiigpAIsoKQ
492=CMKCkAjSgpAI4oKQCPKCkAkCgpAJEoKQCSKCkAkygpAJQoKQCVKCkAligpAJcoKQCYKCkA
493=mSgpAJooKQCbKCkAnCgpAJ0oKwACAE/5qwMoKQAEKCkABSgpAAYoKQAHKCkACCgpAAkoKQ
494=AKKCkACygpAAwoKQANKCkADigpAA8oKQAQKCkAESgpABIoKQATKCkAFCgpABUoKQAWKCkA
495=FygpABgoKQAZKCkAGigpABsoKQAcKCkAHSgpAB4oKQAfKCkAICgpACEoKQAiKCkAIygpAC
496=QoKQAlKCkAJigpACcoKQAoKCkAKSgpACooKQArKCkALCgpAC0oKQAuKCkALygpADAoKQAx
497=KCkAMkgB3YMzKCkANCgpADUoKQA2KCkANygpADgoKQA5KCkAOigpADsoKQA8KCkAPSgpAD
498=4oKQA/KCkAQCgpAEEoKQBCKCkAQ0gBwZ5ESQHRoZ5FSAHBGkZJAcS1AkdIAdWcSEgB1QJJ
499=SAHVAkpIAdmrS0gBxQhMSAEnzBoBTwCnB1wCb9ZPAGBUyEnHT0EEyVQCAQ0EAFDIAQEOBA
500=BRSAHBBFJIASfMGkhvuRFUVALBBFVIAcUIVsgBRQhXSQEIrctYSQEmSAxVDVnIAQEBBABa
501=SQEHoQRbSAHFCFzIAUUIXUgByQxeSAEnzhpPACfMGicVA2FABMUIYsgBRQhjSAHFCGRIAd
502=EfZUgBJ8waQBokqSZnVALFKWhJAde5HGlIAd3QakgBwQRrSAEl/SBsSAHVAm0oKQBuKCkA
503=bygpAHAoKQBxKCkAcigpAHMoKQB0KCkAdSgpAHYoKQB3KCkAeCgpAHkoKQB6KCkAeygpAH
504=woKQB9KCkAfigpAH8oKQCAKCkAgSgpAIIoKQCDKCkAhCgpAIUoKQCGKCkAhygpAIgoKQCJ
505=KCkAiigpAIsoKQCMKCkAjSgpAI4oKQCPKCkAkCgpAJEoKQCSKCkAkygpAJQoKQCVKCkAli
506=gpAJcoKQCYKCkAmSgpAJooKQCbKCkAnCgpAJ0oKQCeKCkAAVhswUYCKCkAAygoAHxwwQQF
507=KFUABigpAAcoKQAIKCkACSgpAAooKQALKCkADCgpAA0oKQAOKCkADygpABAoKQARKCkAEi
508=gpABMoKQAUKCkAFSgpABYoKQAXKCkAGCgpABkoKQAaKCkAGygpABwoKQAdKCkAHigpAB8o
509=KQAgKCkAISgpACIoKQAjKCkAJCgpACUoKQAmKCkAJygpACgoKQApKCkAKigpACsoKQAsKC
510=kALSgpAC4oKQAvKCkAMCgpADFIAUyyInkrMigpADMoKQA0KCkANSgpADYoKQA3KCkAOCgp
511=ADkoKQA6KCkAOygpADwoKQA9KCkAPigpAD8oKQBAKCkAQSgpAEIoKQBDKCkAREgB0aNFSA
512=HNG0ZJAcGtqkdJAb6pAUhJAb2pAUlJAcCpAUpIASUpN0tIAcUITEkByySpMU1JAbypAU5J
513=AWRNywMiAihQAG3AEWRoqQESZdlQJnk2UkwFJWEzUygpAFRJASckeTZVSAHFCFbIAUUIV0
514=kBAaHVWEoBJQdAEiL2NVAAaQEBZtlQAMEEW0AExQhcyAFFCF1JASepDF5IAc0QXygpAGBI
515=AcEEYUgBxQhiyAFFCGNIAXgcAQIEAGRJAbmxH2VJAcmpAWZIAdX/Z0gBwTBoSAFUFXFLaU
516=kB+L0rakgB3dtrSQHNtQJsSAHNBW0oKQBuSAHVkW8oKQBwKCkAcSgpAHIoKQBzKCkAdCgp
517=AHUoKQB2KCkAdygpAHgoKQB5KCkAeigpAHsoKQB8KCkAfSgpAH4oKQB/KCkAgCgpAIEoKQ
518=CCKCkAgygpAIQoKQCFKCkAhigpAIcoKQCIKCkAiSgpAIooKQCLKCkAjCgpAI0oKQCOKCkA
519=jygpAJAoKQCRKCkAkigpAJMoKQCUKCkAlSgpAJYoKQCXKCkAmCgpAJkoKQCaKCkAmygpAJ
520=woKQCdKCkAnigpAJ8oKwACAFEoTDYnKABwb81HBSiBAAYoKQAHKCkACCgpAAkoKQAKKCkA
521=CygpAAwoKQANKCkADigpAA8oKQAQKCkAESgpABIoKQATKCkAFCgpABUoKQAWKCkAFygpAB
522=goKQAZKCkAGigpABsoKQAcKCkAHSgpAB4oKQAfKCkAICgpACEoKQAiKCkAIygpACQoKQAl
523=KCkAJigpACcoKQAoKCkAKSgpACooKQArKCkALCgpAC0oKQAuKCkALygpADAoKQAxSAHBiD
524=IoKQAzKCkANCgpADUoKQA2KCkANygpADgoKQA5KCkAOigpADsoKQA8KCkAPSgpAD4oKQA/
525=KCkAQCgpAEEoKQBCSQHEuaBDSAHRo0RJAdG1AkVIAc0bRkgBJe1KR0gBwVxIKCkASSgpAE
526=pIASclG1GACAEABABMVAKMASIfUVEAuKW4TlQCAmQHAAAHZ9lRADJdxQhn2VEAL0kBCXNp
527=UQDMQAQBCwQAUkwFIhRQQQRTyAEBBgQAVEgBwQRVSAHFCFZIAcUIV0kBWSTZN1hIAc0FWS
528=gpAFpJAVihBFtIAcUIXEgBxQhdSAHZBl5IAc0QX8gBTRBgSAHBBGFIAcUIYkgBxQhjSAF4
529=HE0FZEkBtLEfZUgBySJmSAElUTxnSAHBMGhJAcStMWlJAfmpAWpJAfCpAWtIAcktbEgB0Q
530=ltSAElrVhuSAHVAm9IAd02cCgpAHEoKQByKCkAcygpAHQoKQB1KCkAdigpAHcoKQB4KCkA
531=eSgpAHooKQB7KCkAfCgpAH0oKQB+KCkAfygpAIAoKQCBKCkAgigpAIMoKQCEKCkAhSgpAI
532=YoKQCHKCkAiCgpAIkoKQCKKCkAiygpAIwoKQCNKCkAjigpAI8oKQCQKCkAkSgpAJIoKQCT
533=KCkAlCgpAJUoKQCWKCkAlygpAJgoKQCZKCkAmigpAJsoKQCcKCkAnSgpAJ4oKQCfKCkAA0
534=xryEN4bMkBBShVAAYoKQAHKCkACCgpAAkoKQAKKCkACygpAAwoKQANKCkADigpAA8oKQAQ
535=KCkAESgpABIoKQATKCkAFCgpABUoKQAWKCkAFygpABgoKQAZKCkAGigpABsoKQAcKCkAHS
536=gpAB4oKQAfKCkAICgpACEoKQAiKCkAIygpACQoKQAlKCkAJigpACcoKQAoKCkAKSgpACoo
537=KQArKCkALCgpAC0oKQAuKCkALygpADAoKQAxSAHdgzIoKQAzKCkANCgpADUoKQA2KCkANy
538=gpADgoKQA5KCkAOigpADsoKQA8KCkAPSgpAD4oKQA/KCkAQCgpAEEoKQBCSQHHuaBDSAHV
539=GERIAcmmRUgBJXUwRkgBwQRHSAElSTBISQHIpQhJSAHB4EpJAc61AktIAcmxTEgBxQhNSA
540=En+xpSAGS1009VAi5N1gJ711IAMUkBA3nXUpnXEn5qUgBox0EEU0wFaAFZ4lRIAWjHQQRV
541=SAHFCFZIAcUIV0kBW7XTWEgBzQVZKCkAWkkBWqEEW0gBxQhcSAHFCF1IAdkGXkgBYA9NEF
542=/IAU0QYEgBwQRhSAHFCGJIAcUIY0gBeRwKIiI2UgAn+RpShCJFCGZBBMKtJmdIASWhO2hI
543=ASWhO2lJAbyhBGpJAfupAWtIASf5GlImMS1tVAKDCwQAbigpAG9IAcGTcCgpAHEoKQByKC
544=kAcygpAHQoKQB1KCkAdigpAHcoKQB4KCkAeSgpAHooKQB7KCkAfCgpAH0oKQB+KCkAfygp
545=AIAoKQCBKCkAgigpAIMoKQCEKCkAhSgpAIYoKQCHKCkAiCgpAIkoKQCKKCkAiygpAIwoKQ
546=CNKCkAjigpAI8oKQCQKCkAkSgpAJIoKAADkwBSAP//EQAA0QwAIAgAAAAEAJQAUgD//4sB
547=lQBS6QGWKCkAlygpAJgoKQCZKCkAmigpAJsoKQCcKCkAnSgpAJ4oKwAEAFP1DQUoKQAGKC
548=kABygpAAgoKQAJKCkACigpAAsoKQAMKCkADSgpAA4oKQAPKCkAECgpABEoKQASKCkAEygp
549=ABQoKQAVKCkAFigpABcoKQAYKCkAGSgpABooKQAbKCkAHCgpAB0oKQAeKCkAHygpACAoKQ
550=AhKCkAIigpACMoKQAkKCkAJSgpACYoKQAnKCkAKCgpACkoKQAqKCkAKygpACwoKQAtKCkA
551=LigpAC8oKQAwKCkAMUgBVExpTjIoKQAzKCkANCgpADUoKQA2KCkANygpADgoKQA5KCkAOi
552=gpADsoKQA8KCkAPSgpAD4oKQA/KCkAQCgpAEEoKQBCKCkAQ0oBwgJfGAQAREkBu6kBRUkB
553=1KkBRkgBWAN5HEdJAfm1AkhJAfSpAUlIAd1tSkkBxLUCS0gB2QZMKCkATUoBuAhfAgQATk
554=oBLwmJAU8oKQBQKCkAUUkBrKEEUkoBpweNBVMoKQBUSAHBBFVIAdEJVigpAFdJAbm1DVhJ
555=AbapAVkoKQBaSQG8tQJbSAHFCFwoKQBdSAHJDF5IAc0QXygpAGBIAcEEYUgBxQhiKCkAYy
556=gpAGRJAbS1DWVIAVgZcSpmSQHDrSZnSQHVqQFoSAHRKmlIAcEEakkB16EEa0kBzKkBbEgB
557=zQVtKCkAbigpAG8oKQBwKCkAcSgpAHIoKQBzKCkAdCgpAHUoKQB2KCkAdygpAHgoKQB5KC
558=kAeigpAHsoKQB8KCkAfSgpAH4oKQB/KCkAgCgpAIEoKQCCKCkAgygpAIQoKQCFKCkAhigp
559=AIcoKQCIKCkAiSgpAIooKQCLKCkAjCgpAI0oKQCOKCkAjygpAJAoKQCRKCkAkigpAJMoKQ
560=CUKCkAlSgpAJYoKQCXKCkAmCgpAJkoKQCaKCkAmygpAJwoKQCdKCsABQBU9dMGKCkABygp
561=AAgoKQAJKCkACigpAAsoKQAMKCkADSgpAA4oKQAPKCkAECgpABEoKQASKCkAEygpABQoKQ
562=AVKCkAFigpABcoKQAYKCkAGSgpABooKQAbKCkAHCgpAB0oKQAeKCkAHygpACAoKQAhKCkA
563=IigpACMoKQAkKCkAJSgpACYoKQAnKCkAKCgpACkoKQAqKCkAKygpACwoKQAtKCkALigpAC
564=8oKQAwKCkAMUgB2YoyKCkAMygpADQoKQA1KCkANigpADcoKQA4KCkAOSgpADooKQA7KCkA
565=PCgpAD0oKQA+KCkAPygpAEBJAcill0FIAd0VQkkBxrUCQ0kBvakBREgBJ0saVADWtQJGVQ
566=LPqQFHSQHRqQFISAHZoElIAdEJSkgB0QlLSQG+rQVMSQG8qQFNSQHLtbJOSQHKqQFPKCkA
567=UCgpAFEoKQBSKCkAUygpAFRIAdnMVSgpAFYoKQBXSQG1qQxYSgFEBFsfBABZKCkAWkkBt6
568=EEW0gB0QlcKCkAXSgpAF5IAd0VXygpAGAoKQBhKCkAYigpAGMoKQBkSQHJtQ1lSAFQEarS
569=VADFzmdUAtUuaEkBza0maUkBwakBakgBxSlrSQHYtQJsSAHRCW1IAdk9bkgBxTRvKCkAcC
570=gpAHEoKQByKCkAcygpAHQoKQB1KCkAdigpAHcoKQB4KCkAeSgpAHooKQB7KCkAfCgpAH0o
571=KQB+KCkAfygpAIAoKQCBKCkAgigpAIMoKQCEKCkAhSgpAIYoKQCHKCkAiCgpAIkoKQCKKC
572=kAiygpAIwoKQCNKCkAjigpAI8oKQCQKCkAkSgpAJIoKQCTKCkAlCgpAJUoKQCWKCkAlygp
573=AJgoKQCZKCkAmigpAJsoKQCcKCsABgBV/dAHKCkACCgpAAkoKQAKKCkACygpAAwoKQANKC
574=kADigpAA8oKQAQKCkAESgpABIoKQATKCkAFCgpABUoKQAWKCkAFygpABgoKQAZKCkAGigp
575=ABsoKQAcKCkAHSgpAB4oKQAfKCkAICgpACEoKQAiKCkAIygpACQoKQAlKCkAJigpACcoKQ
576=AoKCkAKSgpACooKQArKCkALCgpAC0oKQAuKCkALygpADAoKQAxSAHNfjIoKQAzKCkANCgp
577=ADUoKQA2KCkANygpADgoKQA5KCkAOigpADsoKQA8KCkAPSgpAD4oKQA/KCkAQCgpAEEoKQ
578=BCKCkAQygpAERIAdmgRUgBzRtGSAEljTNHSAHVAkhIASXpLklIAdWcSkgBJb0uS0gB1adM
579=SAHVp01IAcnSTkkBwLWnT0gB2QZQSQHLtQJRSAHV3lJIAdXeU0gB1Q1UKCkAVSgpAFZIAd
580=EJV0gBxQhYSAHFCFlIAcEaWkgBwRpbSAHVAlxIAdUCXSgpAF4oKQBfSQHZsRRgSAHNBWFJ
581=AdO1AmJIAdUYY0gBwQ9kSAHJF2VIAcUIZkkBx7kGZ0gBwQRoSAHNy2lJAcWhBGpJAb+pAW
582=tIAcEPbCgpAG0oKQBuSAHRCW9IAc0FcCgpAHFIAcEEcigpAHMoKQB0KCkAdSgpAHYoKQB3
583=KCkAeCgpAHkoKQB6KCkAeygpAHwoKQB9KCkAfigpAH8oKQCAKCkAgSgpAIIoKQCDKCkAhC
584=gpAIUoKQCGKCkAhygpAIgoKQCJKCkAiigpAIsoKQCMKCkAjSgpAI4oKQCPKCkAkCgpAJEo
585=KQCSKCkAkygpAJQoKQCVKCkAligpAJcoKQCYKCkAmSgpAJooKQCbKCsABwBW5c4IKCkACS
586=gpAAooKQALKCkADCgpAA0oKQAOKCkADygpABAoKQARKCkAEigpABMoKQAUKCkAFSgpABYo
587=KQAXKCkAGCgpABkoKQAaKCkAGygpABwoKQAdKCkAHigpAB8oKQAgKCkAISgpACIoKQAjKC
588=kAJCgpACUoKQAmKCkAJygpACgoKQApKCkAKigpACsoKQAsKCkALSgpAC4oKQAvKCkAMCgp
589=ADFIAdF3MigpADMoKQA0KCkANSgpADYoKQA3KCkAOCgpADkoKQA6KCkAOygpADwoKQA9KC
590=kAPigpAD8oKQBAKCkAQSgpAEIoKQBDKCkAREgBwZ5FSAHNG0ZIAdWcR0gBxcNISAElOS5J
591=SAHBqUpIAcWXS0gBJeFOTEgB3QpNSAHdCk5IAcWtT0kB+LWnUEgB2atRSAEl7TRSSAElbS
592=9TSAHFCFRIAcXDVUgB1QJWSAElHVFXSQG6vQpYSAHd21lIASUhNlpIAdUCW0gBxbhcSAHR
593=CV0oKQBeKCkAXygpAGBIASVRMWFIAckiYkkB0KEPY0gB0QlkSQHCtQJlSAHBGmZJAfa1Am
594=dJAfKpAWhIASVZU2lIAdEqakgB0QlrKCkAbEgBzRBtSAHBBG5IAdkGb0gB1QJwKCkAcUgB
595=wQRyKCkAcygpAHQoKQB1KCkAdigpAHcoKQB4KCkAeSgpAHooKQB7KCkAfCgpAH0oKQB+KC
596=kAfygpAIAoKQCBKCkAgigpAIMoKQCEKCkAhSgpAIYoKQCHKCkAiCgpAIkoKQCKKCkAiygp
597=AIwoKQCNKCkAjigpAI8oKQCQKCkAkSgpAJIoKQCTKCkAlCgpAJUoKQCWKCkAlygpAJgoKQ
598=CZKCkAmigrAAgAV+3LCSgpAAooKQALKCkADCgpAA0oKQAOKCkADygpABAoKQARKCkAEigp
599=ABMoKQAUKCkAFSgpABYoKQAXKCkAGCgpABkoKQAaKCkAGygpABwoKQAdKCkAHigpAB8oKQ
600=AgKCkAISgpACIoKQAjKCkAJCgpACUoKQAmKCkAJygpACgoKQApKCkAKigpACsoKQAsKCkA
601=LSgpAC4oKQAvKCkAMCgpADFIAdl0MigpADMoKQA0KCkANSgpADYoKQA3KCkAOCgpADkoKQ
602=A6KCkAOygpADwoKQA9KCkAPigpAD8oKQBAKCkAQSgpAEIoKQBDKCkARCgpAEUoKQBGSAHB
603=v0dIAcUeSEgB0aNJSAHVskpIAcXOS0gBxcNMSAHdxU1IAdEJTkgBwalPSQHeoalQSQHwqQ
604=FRSAHVDVJIAcnSU0gB0QlUSQHBrQVVSAHJx1ZIAd3FV0gB0cRYSQH8rQVZSAElYTNaSAHN
605=4VtIAdUNXEgBJU02XUgB1QJeSQH6pQhfSQHuqQFgKCkAYUgB2cFiSAHZwWNIAcUIZEgB3R
606=VlSAHFE2ZJAfuxCWdJAcSpAWhIAdW9aSgpAGpIASVpNGtIASVdOGxIAc0FbSgpAG4oKQBv
607=KCkAcCgpAHEoKQByKCkAcygpAHQoKQB1KCkAdigpAHcoKQB4KCkAeSgpAHooKQB7KCkAfC
608=gpAH0oKQB+KCkAfygpAIAoKQCBKCkAgigpAIMoKQCEKCkAhSgpAIYoKQCHKCgAC4gAVwD/
609=/wAAAAQAiQBXEQAAxwwAIAgA//8AAAAEAIoAV+kBiygpAIwoKQCNKCkAjigpAI8oKQCQKC
610=kAkSgpAJIoKQCTKCkAlCgpAJUoKQCWKCkAlygpAJgoKQCZKCsACQBY/RUKKCkACygpAAwo
611=KQANKCkADigpAA8oKQAQKCkAESgpABIoKQATKCkAFCgpABUoKQAWKCkAFygpABgoKQAZKC
612=kAGigpABsoKQAcKCkAHSgpAB4oKQAfKCkAICgpACEoKQAiKCkAIygpACQoKQAlKCkAJigp
613=ACcoKQAoKCkAKSgpACooKQArKCkALCgpAC0oKQAuKCkALygpADAoKQAxSQEAYwAEADIoKQ
614=AzKCkANCgpADUoKQA2KCkANygpADgoKQA5KCkAOigpADsoKQA8KCkAPSgpAD4oKQA/KCkA
615=QCgpAEEoKQBCKCkAQygpAEQoKQBFSgHVAlMbBABGSQHGqQFHSQG+qQFISQG7qQFJSAHJb0
616=pIAVAGAgAABABLKCkATEkB+a0FTUkB8qkBTkkB8akBT0kB3qkBUEkB76kBUUkBxKkBUkkB
617=+qkBU0gBwQRUSQHBtQJVSQG/qQFWSQH4qQFXSAHZEVgoKQBZSAHRCVpJAfCtBVtJAdepAV
618=xJAc6pAV1JAdGpAV5IAdEJX0kB9bUCYEkB86kBYUkBwqkBYkkBwKkBY0gB2QZkSQHHtQJl
619=SAHNJmZIAd0rZ0gB1RhoSAHZBmlIAcUTakkByaUIa0kBzKkBbEgBwSVtSAHdNm5IAckMb0
620=kB2a0FcEgB1QJxKCkAcigpAHMoKQB0KCkAdSgpAHYoKQB3KCkAeCgpAHkoKQB6KCkAeygp
621=AHwoKQB9KCkAfigpAH8oKQCAKCkAgSgpAIIoKQCDKCkAhCgpAIUoKQCGKCkAhygpAIgoKQ
622=CJKCkAiigpAIsoKQCMKCkAjSgpAI4oKQCPKCkAkCgpAJEoKQCSKCkAkygpAJQoKQCVKCkA
623=ligpAJcoKQCYKCgAAQoAWQDJOAsoKQAMKCkADSgpAA4oKQAPKCkAECgpABEoKQASKCkAEy
624=gpABQoKQAVKCkAFigpABcoKQAYKCkAGSgpABooKQAbKCkAHCgpAB0oKQAeKCkAHygpACAo
625=KQAhKCkAIigpACMoKQAkKCkAJSgpACYoKQAnKCkAKCgpACkoKQAqKCkAKygpACwoKQAtKC
626=kALigpAC8oKQAwKCkAMUgB3XgyKCkAMygpADQoKQA1KCkANigpADcoKQA4KCkAOSgpADoo
627=KQA7KCkAPCgpAD0oKQA+KCkAPygpAEAoKQBBKCkAQigpAEMoKQBESAHVkUVIAcmQRkgB2R
628=xHSAHZU0hIAcGeSUgB1QJKSAHBnktJAbyhk0xIAcUITUkB07UCTkkBzakBT0gB1chQSAHR
629=rlFIAc3AUkgB0a5TSQH3uQZUSAHNEFVIAcG/VkgBxc5XSQHurQVYSQH0qQFZSAHZEVpIAd
630=W9W0gBzQVcSAHNBV1IAc0FXigpAF9JAfuxCWBIAcUeYUgBybxiSAHZBmMoKQBkSAHBJWVJ
631=AcilCGZIAdUuZ0gBydJoSAHNBWlIAc3AakkB1rkGa0kB0KkBbEkBw6kBbUkB2KkBbkgBxQ
632=hvKCkAcCgpAHEoKQByKCkAcygpAHQoKQB1KCkAdigpAHcoKQB4KCkAeSgpAHooKQB7KCkA
633=fCgpAH0oKQB+KCkAfygpAIAoKQCBKCkAgigpAIMoKQCEKCkAhSgpAIYoKQCHKCkAiCgpAI
634=koKQCKKCkAiygpAIwoKQCNKCkAjigpAI8oKQCQKCkAkSgpAJIoKQCTKCkAlCgpAJUoKQCW
635=KCkAlygrAAsAWuXDDCgpAA0oKQAOKCkADygpABAoKQARKCkAEigpABMoKQAUKCkAFSgpAB
636=YoKQAXKCkAGCgpABkoKQAaKCkAGygpABwoKQAdKCkAHigpAB8oKQAgKCkAISgpACIoKQAj
637=KCkAJCgpACUoKQAmKCkAJygpACgoKQApKCkAKigpACsoKQAsKCkALSgpAC4oKQAvKCkAMC
638=gpADFIAc1+MigpADMoKQA0KCkANSgpADYoKQA3KCkAOCgpADkoKQA6KCkAOygpADwoKQA9
639=KCkAPigpAD8oKQBAKCkAQSgpAEIoKQBDKCkARCgpAEVIAd2ORkkBz6WMR0gBxbhISAHRjU
640=lIAd2ZSkgB3ZlLSAHRuUxIAcXDTUgB3QpOSAEl/StPSAHdClBIAdEqUUgB1b1SSAHVvVNI
641=ASWpMVRIAdm2VUgB2QZWSAHNy1dIASV9MVhIAcEEWSgpAFpIASc6GFoAzQVcVAIl8S9dSA
642=Hd0F5IAcUIXygpAGAoKQBhSQH8oSViSAHNBWNIAcG/ZEgB1QJlSAHZJ2YoKQBnKCkAaCgp
643=AGlIAcUpakgBJdE2aygpAGxIASX9Nm1IAd0KbigpAG8oKQBwKCkAcSgpAHIoKQBzKCkAdC
644=gpAHUoKQB2KCkAdygpAHgoKQB5KCkAeigpAHsoKQB8KCkAfSgpAH4oKQB/KCkAgCgpAIEo
645=KQCCKCkAgygpAIQoKQCFKCkAhigpAIcoKQCIKCkAiSgpAIooKQCLKCkAjCgpAI0oKQCOKC
646=kAjygpAJAoKQCRKCkAkigpAJMoKQCUKCkAlSgpAJYoKwAMAFvtwA0oKQAOKCkADygpABAo
647=KQARKCkAEigpABMoKQAUKCkAFSgpABYoKQAXKCkAGCgpABkoKQAaKCkAGygpABwoKQAdKC
648=kAHigpAB8oKQAgKCkAISgpACIoKQAjKCkAJCgpACUoKQAmKCkAJygpACgoKQApKCkAKigp
649=ACsoKQAsKCkALSgpAC4oKQAvKCkAMCgpADEoKQAyKCkAM0gB1Xs0KCkANSgpADYoKQA3KC
650=kAOCgpADkoKQA6KCkAOygpADwoKQA9SAHBfT4oKQA/KCkAQCgpAEEoKQBCKCkAQygpAEQo
651=KQBFKCkARigpAEdIASWVKUhIAcEPSSgpAEpIASVVLEtJAbi5oEwoKQBNSAHBqU5JAdKhBE
652=9IAc3AUEgB2cxRSAHZwVJIAdEqUygpAFRIAcXOVUgBzQVWSAHNBVdIASXNMFhIAdUCWSgp
653=AFpIAdHEW0gBJQEyXEgBJV0tXUgByQxeSAHFE18oKQBgSAHJ3WFIAckMYigpAGMoKQBkKC
654=kAZUgBJW0vZkgBJX1HZ0gB0SpoSAElfUdpSAHB4GpIAckMaygpAGxIAcEEbUgBxQhuKCkA
655=bygpAHAoKQBxKCkAcigpAHMoKQB0KCkAdSgpAHYoKQB3KCkAeCgpAHkoKQB6KCkAeygpAH
656=woKQB9KCkAfigpAH8oKQCAKCkAgSgpAIIoKQCDKCkAhCgpAIUoKQCGKCkAhygpAIgoKQCJ
657=KCkAiigpAIsoKQCMKCkAjSgpAI4oKQCPKCkAkCgpAJEoKQCSKCkAkygpAJQoKQCVKCsADQ
658=Bc9b0OKCkADygpABAoKQARKCkAEigpABMoKQAUKCkAFSgpABYoKQAXKCkAGCgpABkoKQAa
659=KCkAGygpABwoKQAdKCkAHigpAB8oKQAgKCkAISgpACIoKQAjKCkAJCgpACUoKQAmKCkAJy
660=gpACgoKQApKCkAKigpACsoKQAsKCkALSgpAC4oKQAvKCkAMCgpADEoKQAyKCkAMygpADQo
661=KQA1KCkANigpADcoKQA4KCkAOSgpADooKQA7KCkAPCgpAD0oKQA+KCkAPygpAEAoKQBBKC
662=kAQigpAEMoKQBEKCkARUgBxYxGSAHVhkcoKQBIKCkASUgBzQVKSAHNBUtJAcWluExIASUN
663=RE1IAc2UTkgBJZkvT0gBJdlCUEgBwQRRSAHBBFJIAdmrU0gBzapUSAHdpFVIAdHPVkgBxQ
664=hXSAHFuFhIASXlX1lIAcEEWkgBydJbSAEl2SxcSAHdFV1IAc0FXkgBJZEuX0gB1QJgKCkA
665=YUgBwQRiSAHBBGNIASWhMGRJAbqpImVIASU5LmZIAcndZ0gBwdVoSAHFKWkoKQBqSAHdCm
666=tIAdUubEgB1QJtSAHZBm4oKQBvKCkAcCgpAHEoKQByKCkAcygpAHQoKQB1KCkAdigpAHco
667=KQB4KCkAeSgpAHooKQB7KCkAfCgpAH0oKQB+KCkAfygpAIAoKQCBKCkAgigpAIMoKQCEKC
668=kAhSgpAIYoKQCHKCkAiCgpAIkoKQCKKCkAiygpAIwoKQCNKCkAjigpAI8oKQCQKCkAkSgp
669=AJIoKQCTKCkAlCgrAA4AXf26DygpABAoKQARKCkAEigpABMoKQAUKCkAFSgpABYoKQAXKC
670=kAGCgpABkoKQAaKCkAGygpABwoKQAdKCkAHigpAB8oKQAgKCkAISgpACIoKQAjKCkAJCgp
671=ACUoKQAmKCkAJygpACgoKAAIKQBdAP//AAAABAARAAC1DAAgCSoAXQD//wAAAAQAKygpAC
672=woKQAtKCkALigpAC8oKQAwKCkAMSgpADIoKQAzKCkANCgpADUoKQA2KCkANygpADgoKQA5
673=KCkAOigpADsoKQA8KCkAPSgpAD4oKQA/KCkAQCgpAEEoKQBCKCkAQygpAEQoKQBFKCkARi
674=gpAEcoKQBIKCkASSgpAEpIAQHTAgAAXStLSQHPqQFMSQHRqQFNSQHGqQFOSQHAqQFPSAFQ
675=BnkGUEkB1bUCUUgB1QJSSAHZBlNJAb6hBFRJAb2pAVVJAbypAVZJAdmpAVdIAcUIWEkB+b
676=UCWUkB9KkBWkgB3RVbSQHNtQJcSAHZBl1JAcS1Al5IAcUTX0gBwQRgKCkAYSgpAGJJAfi5
677=BmNJAcWpAWRIAd0VZUkBv7UCZkkB1qkBZ0kB0KkBaEoB//9TDAQAaSgpAGooKQBrKCkAbC
678=gpAG1IAdEfbkgBxQhvKCkAcCgpAHEoKQByKCkAcygpAHQoKQB1KCkAdigpAHcoKQB4KCkA
679=eSgpAHooKQB7KCkAfCgpAH0oKQB+KCkAfygpAIAoKQCBKCkAgigpAIMoKQCEKCkAhSgpAI
680=YoKQCHKCkAiCgpAIkoKQCKKCkAiygpAIwoKQCNKCkAjigpAI8oKQCQKCkAkSgpAJIoKQCT
681=KCgAAQ8AXgDFNBAoKQARKCkAEigpABMoKQAUKCkAFSgpABYoKQAXKCkAGCgpABkoKQAaKC
682=kAGygpABwoKQAdKCkAHigpAB8oKQAgKCkAISgpACIoKQAjKCkAJCgpACUoKQAmKCkAJygp
683=ACgoKQApKCkAKigpACsoKQAsKCkALSgpAC4oKQAvKCkAMCgpADEoKQAyKCkAMygpADQoKQ
684=A1KCkANigpADcoKQA4KCkAOSgpADooKQA7KCkAPCgpAD0oKQA+KCkAPygpAEAoKQBBKCkA
685=QigpAEMoKQBEKCkARSgpAEYoKQBHKCkASEgBBSUBAAACBABJSQHXsY1KSAHdjktIAc1STE
686=gBQJB1sk0oKQBOKCkATygpAFBJAdSxCVFIAdkGUkgB1ZFTSAHdClQoKQBVSQHBuQZWSQG6
687=qQFXSAHFw1hIAdEJWSgpAFpIAcmmW0kBybkGXEgB2cxdSQHDtQJeSQHSqQFfSAHJvGBIAd
688=0KYSgpAGJJAfutBWNIAcEEZEkB9rUCZUgBycdmSQHItQJnSAHNBWhIAdUCaUgBxR5qKCkA
689=aygpAGwoKQBtKCkAbigpAG8oKQBwKCkAcSgpAHIoKQBzKCkAdCgpAHUoKQB2KCkAdygpAH
690=goKQB5KCkAeigpAHsoKQB8KCkAfSgpAH4oKQB/KCkAgCgpAIEoKQCCKCkAgygpAIQoKQCF
691=KCkAhigpAIcoKQCIKCkAiSgpAIooKQCLKCkAjCgpAI0oKQCOKCkAjygpAJAoKQCRKCkAki
692=grABAAX+21ESgpABIoKQATKCkAFCgpABUoKQAWKCkAFygpABgoKQAZKCkAGigpABsoKQAc
693=KCkAHSgpAB4oKQAfKCkAICgpACEoKQAiKCkAIygpACQoKQAlKCkAJigpACcoKQAoKCkAKS
694=gpACooKQArKCkALCgpAC0oKQAuKCkALygpADAoKQAxKCkAMigpADMoKQA0KCkANSgpADYo
695=KQA3KCkAOCgpADkoKQA6KCkAO0gB0Xc8KCkAPSgpAD4oKQA/KCkAQEgB1XtBKCkAQigpAE
696=MoKQBEKCkARSgpAEYoKQBHKCkASEgBYbQAYLQnyQlKVALVDUsoKQBMKCkATSgpAE4oKQBP
697=SAHJvFBJAc65lVFIAdmgUkgB0R9TSAHNtVRIAdUCVUgBJfUqVkkBv6UIV0gB3QpYSAHRrl
698=lIAdEUWkgB2aBbSQHYuQZcSAHBBF1IASeCFl8A0blfVQLMrQVgSAEl4S1hSAHZEWIoKQBj
699=SQH6rQVkSQHzqQFlSAHBD2ZIAdUNZygpAGgoKQBpKCkAaigpAGsoKQBsKCkAbSgpAG4oKQ
700=BvKCkAcCgpAHEoKQByKCkAcygpAHQoKQB1KCkAdigpAHcoKQB4KCkAeSgpAHooKQB7KCkA
701=fCgpAH0oKQB+KCkAfygpAIAoKQCBKCkAgigpAIMoKQCEKCkAhSgpAIYoKQCHKCkAiCgpAI
702=koKQCKKCkAiygpAIwoKQCNKCkAjigpAI8oKQCQKCkAkSgrABEAYPWyEigpABMoKQAUKCkA
703=FSgpABYoKQAXKCkAGCgpABkoKQAaKCkAGygpABwoKQAdKCkAHigpAB8oKQAgKCkAISgpAC
704=IoKQAjKCkAJCgpACUoKQAmKCkAJygpACgoKQApKCkAKigpACsoKQAsKCkALSgpAC4oKQAv
705=KCkAMCgpADEoKQAyKCkAMygpADQoKQA1KCkANigpADcoKQA4KCkAOSgpADooKQA7SAHBfT
706=woKQA9KCkAPigpAD8oKQBAKCkAQUgBzX5CKCkAQygpAEQoKQBFKCkARigpAEcoKQBIKCkA
707=SSgpAEpKAb8HWxQEAEvIAQEBBABMyAEBAgQATUgBzRBOKCkAT0gBJQVDUEkBwLmVUUgB0a
708=NSSAHBnlNIAcUIVEgBTA0iDS5VSAHBtFZIAdUCV0kBwrEJWEgB3QpZSAHFCFooKQBbSAHN
709=EFxIASUVRV1IASVVQl5IAcUIX0gBJUEvYEkBx6kMYUgBwb9iSAHBv2NIAdUNZCgpAGUoKQ
710=BmKCkAZygpAGgoKQBpKCkAaigpAGsoKQBsKCkAbSgpAG4oKQBvKCkAcCgpAHEoKQByKCkA
711=cygpAHQoKQB1KCkAdigpAHcoKQB4KCkAeSgpAHooKQB7KCkAfCgpAH0oKQB+KCkAfygpAI
712=AoKQCBKCkAgigpAIMoKQCEKCkAhSgpAIYoKQCHKCkAiCgpAIkoKQCKKCkAiygpAIwoKQCN
713=KCkAjigpAI8oKQCQKCsAEgBh/a8TKCkAFCgpABUoKQAWKCkAFygpABgoKQAZKCkAGigpAB
714=soKQAcKCkAHSgpAB4oKQAfKCkAICgpACEoKQAiKCkAIygpACQoKQAlKCkAJigpACcoKQAo
715=KCkAKSgpACooKQArKCkALCgpAC0oKQAuKCkALygpADAoKQAxKCkAMigpADMoKQA0KCkANS
716=gpADYoKQA3KCkAOCgpADkoKQA6KCkAO0gBzYk8KCkAPSgpAD4oKQA/KCkAQCgpAEFIAdl/
717=QigpAEMoKQBEKCkARUgBJXkrRkgB2QZHKCkASCgpAEkoKQBKSAFxrgNyrmEAaQEEcK6pAQ
718=VwrichCk5MBcEaT0gByaZQSAHVAlFIAdmgUkgBJU0rU0gBJXlXVEgBzQVVKCkAVigpAFdI
719=AcWiWEgBzQVZSAEl7SlaSAHVAlsoKQBcSAHFHl1IAcEEXigpAF9IASWtQmBIAdmrYUgB2Q
720=ZiKCkAYygpAGQoKQBlKCkAZigpAGcoKQBoKCkAaSgpAGooKQBrKCkAbCgpAG0oKQBuKCkA
721=bygpAHAoKQBxKCkAcigpAHMoKQB0KCkAdSgpAHYoKQB3KCkAeCgpAHkoKQB6KCkAeygpAH
722=woKQB9KCkAfigpAH8oKQCAKCkAgSgpAIIoKQCDKCkAhCgpAIUoKQCGKCkAhygpAIgoKQCJ
723=KCkAiigpAIsoKQCMKCkAjSgpAI4oKQCPKCsAEwBi5a0UKCkAFSgpABYoKQAXKCkAGCgpAB
724=koKQAaKCkAGygpABwoKQAdKCkAHigpAB8oKQAgKCkAISgpACIoKQAjKCkAJCgpACUoKQAm
725=KCkAJygpACgoKQApKCkAKigpACsoKQAsKCkALSgpAC4oKQAvKCkAMCgpADEoKQAyKCkAMy
726=gpADQoKQA1KCkANigpADcoKQA4KCkAOSgpADooKQA7SAHBfTwoKQA9KCkAPigpAD8oKQBA
727=KCkAQUgB2X9CKCkAQygpAEQoKQBFSAF4qwEBBABGSAHZBkcoKQBIKCkASSgpAEpIAW2qBn
728=mrYpmrB3irqQEIeKsn9QlOTAXBGk8oKQBQSAElYShRSAHFl1JIAc0FU0gByZtUSAElZXBV
729=SAHNBVZIAc0FVygpAFgoKQBZKCkAWigpAFsoKQBcSAHFHl1IAdG5XkgB3QpfSAEltS1gSA
730=HVAmFIAdkGYigpAGMoKQBkKCkAZSgpAGYoKQBnKCkAaCgpAGkoKQBqKCkAaygpAGwoKQBt
731=KCkAbigpAG8oKQBwKCkAcSgpAHIoKQBzKCkAdCgpAHUoKQB2KCkAdygpAHgoKQB5KCkAei
732=gpAHsoKQB8KCkAfSgpAH4oKQB/KCkAgCgpAIEoKQCCKCkAgygpAIQoKQCFKCkAhigpAIco
733=KQCIKCkAiSgpAIooKQCLKCkAjCgoAAWNAGIA//8AABEAAHQMACAIAAQAjgBiAP//AABIAQ
734=IUAGMA/6kBFSgpABYoKQAXKCkAGCgpABkoKQAaKCkAGygpABwoKQAdKCkAHigpAB8oKQAg
735=KCkAISgpACIoKQAjKCkAJCgpACUoKQAmKCkAJygpACgoKQApKCkAKigpACsoKQAsKCkALS
736=gpAC4oKQAvKCkAMCgpADEoKQAyKCkAMygpADQoKQA1KCkANigpADcoKQA4KCkAOSgpADoo
737=KQA7SAFUNn02PCgpAD0oKQA+KCkAPygpAEAoKQBBSAHZPUIoKQBDKCkARCgpAEVIAQUlAQ
738=AAAgQARkgB2QZHKCkASCgpAEkoKQBKKCkASygpAEwoKQBNKCkATkgBwRpPKCkAUCgpAFEo
739=KQBSSgHXAlcFBABTSQHQqQFUSAHFE1UoKQBWKCkAVygpAFhJAci5BllIAUgJZSlaKCkAWy
740=gpAFwoKQBdSQHYuQZeSAHZBl8oKQBgKCkAYUgB2RFiSQEyWCdRbGPIAQEBBABkyAFRKmVI
741=Ac0FZigpAGcoKQBoKCkAaSgpAGooKQBrKCkAbCgpAG0oKQBuKCkAbygpAHAoKQBxKCkAci
742=gpAHMoKQB0KCkAdSgpAHYoKQB3KCkAeCgpAHkoKQB6KCkAeygpAHwoKQB9KCkAfigpAH8o
743=KQCAKCkAgSgpAIIoKQCDKCkAhCgpAIUoKQCGKCkAhygpAIgoKQCJKCkAiigpAIsoKQCMKC
744=kAjSgpABVcOck4FigpABcoKQAYKCkAGSgpABooKQAbKCkAHCgpAB0oKQAeKCkAHygpACAo
745=KQAhKCkAIigpACMoKQAkKCkAJSgpACYoKQAnKCkAKCgpACkoKQAqKCkAKygpACwoKQAtKC
746=kALigpAC8oKQAwKCkAMSgpADIoKQAzKCkANCgpADUoKQA2KCkANygpADgoKQA5KCkAOigp
747=ADsoKQA8SAHRdz0oKQA+KCkAPygpAEAoKQBBSQEnvXhCyAFdeEPIAV14REgB0UBFKCkARi
748=gpAEcoKQBIKCkASSgpAEooKQBLKCkATCgpAE0oKQBOSAHVGE8oKQBQKCkAUSgpAFJIAcUT
749=UygpAFQoKQBVKCkAVigpAFcoKQBYSAHVDVkoKQBaKCkAWygpAFwoKQBdKCkAXigpAF8oKQ
750=BgKCkAYUgB0RRiSAFqpgMESmxkAGkBBGimqAEBBQQAZUAEzQVmKCkAZygpAGgoKQBpKCkA
751=aigpAGsoKQBsKCkAbSgpAG4oKQBvKCkAcCgpAHEoKQByKCkAcygpAHQoKQB1KCkAdigpAH
752=coKQB4KCkAeSgpAHooKQB7KCkAfCgpAH0oKQB+KCkAfygpAIAoKQCBKCkAgigpAIMoKQCE
753=KCkAhSgpAIYoKQCHKCkAiCgpAIkoKQCKKCkAiygpAIwoKQAWRDfdNhcoKQAYKCkAGSgpAB
754=ooKQAbKCkAHCgpAB0oKQAeKCkAHygpACAoKQAhKCkAIigpACMoKQAkKCkAJSgpACYoKQAn
755=KCkAKCgpACkoKQAqKCkAKygpACwoKQAtKCkALigpAC8oKQAwKCkAMSgpADIoKQAzKCkANC
756=gpADUoKQA2KCkANygpADgoKQA5KCkAOigpADsoKQA8KCkAPSgpAD4oKQA/KCkAQCgpAEFI
757=AXCjRXZCyAFFdkPIAUV2REgBxT9FKCkARigpAEcoKQBIKCkASSgpAEooKQBLKCkATCgpAE
758=0oKQBOKCkATygpAFAoKQBRKCkAUigpAFMoKQBUKCkAVSgpAFYoKQBXKCkAWCgpAFkoKQBa
759=KCkAWygpAFxIAcGpXSgpAF4oKQBfKCkAYCgpAGFIAdknYkgBZaIGcaNlkaMHcKOpAQhxo2
760=UmKTdmTAXZBmcoKQBoKCkAaSgpAGooKQBrKCkAbCgpAG0oKQBuKCkAbygpAHAoKQBxKCkA
761=cigpAHMoKQB0KCkAdSgpAHYoKQB3KCkAeCgpAHkoKQB6KCkAeygpAHwoKQB9KCkAfigpAH
762=8oKQCAKCkAgSgpAIIoKQCDKCkAhCgpAIUoKQCGKCkAhygpAIgoKQCJKCkAiigpAIsoKwAX
763=AGbxNRgoKQAZKCkAGigpABsoKQAcKCkAHSgpAB4oKQAfKCkAICgpACEoKQAiKCkAIygpAC
764=QoKQAlKCkAJigpACcoKQAoKCkAKSgpACooKQArKCkALCgpAC0oKQAuKCkALygpADAoKQAx
765=KCkAMigpADMoKQA0KCkANSgpADYoKQA3KCkAOCgpADkoKQA6KCkAOygpADwoKQA9KCkAPi
766=gpAD8oKQBAKCkAQUgBeKABBgQAQsgBAQcEAEPIAQEIBABESAHBckUoKQBGSQEuJGkpR8gB
767=AQEEAEjIAQECBABJyAEBAwQASkgBxQhLKCkATCgpAE1KATgJI7k+TsgBAQAEAE9IAdkGUC
768=gpAFEoKQBSKCkAUygpAFQoKQBVKCkAVkgBaJBBGldJAS9IFwEJBABYKCkAWUgB1Q1aKCkA
769=WygpAFxIAScZFGaEAVEUXihVAF8oKQBgKCkAYUgB3QpiSAFsEEEPY8kBCnmgZoWiC3igJ2
770=UNZkAE2QZnKCkAaCgpAGkoKQBqKCkAaygpAGwoKQBtKCkAbigpAG8oKQBwKCkAcSgpAHIo
771=KQBzKCkAdCgpAHUoKQB2KCkAdygpAHgoKQB5KCkAeigpAHsoKQB8KCkAfSgpAH4oKQB/KC
772=kAgCgpAIEoKQCCKCkAgygpAIQoKQCFKCkAhigpAIcoKQCIKCkAiSgpAIooKwAYAGftnxko
773=KQAaKCkAGygpABwoKQAdKCkAHigpAB8oKQAgKCkAISgpACIoKQAjKCkAJCgpACUoKQAmKC
774=kAJygpACgoKQApKCkAKigpACsoKQAsKCkALSgpAC4oKQAvKCkAMCgpADEoKQAyKCkAMygp
775=ADQoKQA1KCkANigpADcoKQA4KCkAOSgpADooKQA7KCkAPCgpAD0oKQA+KCkAPygpAEAoKQ
776=BBKCkAQigpAEMoKQBEKCkARSgpAEZIAWCeAQQEAEfJAQVinmcAdAJVp0nUAlWnSkgB0XdL
777=KCkATCgpAE0oKQBOKCkATygpAFAoKQBRKCkAUigpAFMoKQBUKCkAVSgpAFZIAWQTSbFXSQ
778=ExQJ5JsVgoKQBZSAHRFFooKQBbKCkAXCgpAF1IAYeeBABeKCkAXygpAGAoKQBhSAHdCmIo
779=KQBjKCkAZCgpAGUoKQBmKCkAZygpAGgoKQBpKCkAaigpAGsoKQBsKCkAbSgpAG4oKQBvKC
780=kAcCgpAHEoKQByKCkAcygpAHQoKQB1KCkAdigpAHcoKQB4KCkAeSgpAHooKQB7KCkAfCgp
781=AH0oKQB+KCkAfygpAIAoKQCBKCkAgigpAIMoKQCEKCkAhSgpAIYoKQCHKCkAiCgpAIkoKw
782=AZAGj1nBooKQAbKCkAHCgpAB0oKQAeKCkAHygpACAoKQAhKCkAIigpACMoKQAkKCkAJSgp
783=ACYoKQAnKCkAKCgpACkoKQAqKCkAKygpACwoKQAtKCkALigpAC8oKQAwKCkAMSgpADIoKQ
784=AzKCkANCgpADUoKQA2KCkANygpADgoKQA5KCkAOigpADsoKQA8KCkAPSgpAD4oKQA/KCkA
785=QCgpAEEoKQBCKCkAQygpAERIASKwJwEABABFyAFdg0ZIAWmFCGmbaJ2ZCWibqQEKIi0naJ
786=R/WQZKTAWPAQQASygpAEwoKQBNKCkATigpAE8oKQBQKCkAUSgpAFJIAQE5CQAATRBTyAFN
787=qlRIAdUNVSgpAFYoKQBXKCkAWCgpAFkoKQBaKCkAWygpAFxIAc2UXSgpAF4oKQBfKCkAYC
788=gpAGEoKQBiKCkAYygpAGQoKQBlKCkAZigpAGcoKQBoKCkAaSgpAGooKQBrKCkAbCgpAG0o
789=KQBuKCkAbygpAHAoKQBxKCkAcigpAHMoKQB0KCkAdSgpAHYoKQB3KCkAeCgpAHkoKQB6KC
790=kAeygpAHwoKQB9KCkAfigpAH8oKQCAKCkAgSgpAIIoKQCDKCkAhCgpAIUoKQCGKCkAhygp
791=AIgoKAABGgBpANk9GygpABwoKQAdKCkAHigpAB8oKQAgKCkAISgpACIoKQAjKCkAJCgpAC
792=UoKQAmKCkAJygpACgoKQApKCkAKigpACsoKQAsKCkALSgpAC4oKQAvKCkAMCgpADEoKQAy
793=KCkAMygpADQoKQA1KCkANigpADcoKQA4KCkAOSgpADooKQA7KCkAPCgpAD0oKQA+KCkAPy
794=gpAEAoKQBBKCkAQigoAAJDAGkA/xEAALAMACAAAf8AAAAEAEQAaQAnAQAABgQARQCoAQEI
795=BABGSQH/oQRHKCkASCgpAElIAVwHZQhKKCkASygpAEwoKQBNKCkATigpAE8oKQBQKCkAUS
796=gpAFJIAQU5CQAAAgQAU8gBAQAEAFRIAcEPVSgpAFYoKQBXSQFbWAZNBVhJAVqpAVlIAdkG
797=WigpAFsoKQBcSAHFHl0oKQBeKCkAXygpAGAoKQBhSQEpWCdVDWLIAQEBBABjyAFJF2RIAd
798=0KZSgpAGYoKQBnKCkAaCgpAGkoKQBqKCkAaygpAGwoKQBtKCkAbigpAG8oKQBwKCkAcSgp
799=AHIoKQBzKCkAdCgpAHUoKQB2KCkAdygpAHgoKQB5KCkAeigpAHsoKQB8KCkAfSgpAH4oKQ
800=B/KCkAgCgpAIEoKQCCKCkAgygpAIQoKQCFKCkAhigpAIcoKAABGwBqAM0xHCgpAB0oKQAe
801=KCkAHygpACAoKQAhKCkAIigpACMoKQAkKCkAJSgpACYoKQAnKCkAKCgpACkoKQAqKCkAKy
802=gpACwoKQAtKCkALigpAC8oKQAwKCkAMSgpADIoKQAzKCkANCgpADUoKQA2KCkANygpADgo
803=KQA5KCkAOigpADsoKQA8KCkAPSgpAD4oKQA/KCkAQCgpAEEoKQBCKCkAQygpAEQoKQBFKC
804=kARigpAEcoKQBIKCkASUgB2X9KKCkASygpAExKATgJSwQEAE3IAV14TsgBXXhPSAFYA2Ge
805=UCgpAFEoKQBSKCkAUygpAFQoKQBVKCkAVigpAFdJAVmhD1hJAVipAVlIAdUNWigpAFsoKQ
806=BcSAHJWV0oKQBeKCkAXygpAGAoKQBhSQEpWJUBAwQAYskBBHqVagB0AgEFBABkVALdCmUo
807=KQBmKCkAZygpAGgoKQBpKCkAaigpAGsoKQBsKCkAbSgpAG4oKQBvKCkAcCgpAHEoKQByKC
808=kAcygpAHQoKQB1KCkAdigpAHcoKQB4KCkAeSgpAHooKQB7KCkAfCgpAH0oKQB+KCkAfygp
809=AIAoKQCBKCkAgigpAIMoKQCEKCkAhSgpAIYoKwAcAGvtlB0oKQAeKCkAHygpACAoKQAhKC
810=kAIigpACMoKQAkKCkAJSgpACYoKQAnKCkAKCgpACkoKQAqKCkAKygpACwoKQAtKCkALigp
811=AC8oKQAwKCkAMSgpADIoKQAzKCkANCgpADUoKQA2KCkANygpADgoKQA5KCkAOigpADsoKQ
812=A8KCkAPSgpAD4oKQA/KCkAQCgpAEEoKQBCKCkAQygpAEQoKQBFKCkARigpAEcoKQBIKCkA
813=SUgBwX1KKCkASygpAExIAWCTRXZNyAFFdk7IAUV2T0gBxQhQKCkAUSgpAFIoKQBTKCkAVC
814=gpAFUoKQBWKCkAVygpAFgoKQBZKCkAWigpAFsoKQBcSAHBiF1JASxQjQEABABeyAFNql/I
815=AU2qYEgBzQVhSAFpkAZhk2uVkQdgk6kBCGCTJ10MZUwF2QZmKCkAZygpAGgoKQBpKCkAai
816=gpAGsoKQBsKCkAbSgpAG4oKQBvKCkAcCgpAHEoKQByKCkAcygpAHQoKQB1KCkAdigpAHco
817=KQB4KCkAeSgpAHooKQB7KCkAfCgpAH0oKQB+KCkAfygpAIAoKQCBKCkAgigpAIMoKQCEKC
818=kAhSgrAB0AbPWRHigpAB8oKQAgKCkAISgpACIoKQAjKCkAJCgpACUoKQAmKCkAJygpACgo
819=KQApKCkAKigpACsoKQAsKCkALSgpAC4oKQAvKCkAMCgpADEoKQAyKCkAMygpADQoKQA1KC
820=kANigpADcoKQA4KCkAOSgpADooKQA7KCkAPCgpAD0oKQA+KCkAPygpAEAoKQBBKCkAQigp
821=AEMoKQBEKCkARSgpAEYoKQBHKCkASCgpAElIAcGISigpAEsoKQBMSAFokE1zTcgBTXNOyA
822=FNc09IAcUIUCgpAFEoKQBSSgEZCUgEIis3bAAaqQFUVAJMAiJJJVUoKQBWKCkAVygpAFgo
823=KQBZKCkAWigpAFsoKQBcSAHdg11IAWiQVadeyAFVp1/IAVWnYEgBzQVhKCkAYigpAGMoKQ
824=BkKCkAZSgpAGYoKQBnKCkAaCgpAGkoKQBqKCkAaygpAGwoKQBtKCkAbigpAG8oKQBwKCkA
825=cSgpAHIoKQBzKCkAdCgpAHUoKQB2KCkAdygpAHgoKQB5KCkAeigpAHsoKQB8KCkAfSgpAH
826=4oKQB/KCkAgCgpAIEoKQCCKCkAgygpAIQoKwAeAG39jh8oKQAgKCkAISgpACIoKQAjKCkA
827=JCgpACUoKQAmKCkAJygpACgoKQApKCkAKigpACsoKQAsKCkALSgpAC4oKQAvKCkAMCgpAD
828=EoKQAyKCkAMygpADQoKQA1KCkANigpADcoKQA4KCkAOSgpADooKQA7KCkAPCgpAD0oKQA+
829=KCkAPygpAEAoKQBBKCkAQigpAEMoKQBEKCkARSgpAEYoKQBHKCkASCgpAElIAc1+SkgBIn
830=xHAQAEAEvIAQEBBABMyQECIiE2bYgFQQROVAKPAQQATygpAFAoKQBRKCkAUkkBHKWMU0kB
831=G6kBVEoBZAdPCAQAVcgBVQ1WyAFVDVfIAUmFWEgBRAVhk1koKQBaKCkAWygpAFxIAcGIXU
832=gBcI1dpF7IAV2kX8gBXaRgSAHNBWEoKQBiKCkAYygpAGQoKQBlKCkAZigpAGcoKQBoKCkA
833=aSgpAGooKQBrKCkAbCgpAG0oKQBuKCkAbygpAHAoKQBxKCkAcigpAHMoKQB0KCkAdSgpAH
834=YoKQB3KCkAeCgpAHkoKQB6KCkAeygpAHwoKQB9KCkAfigpAH8oKQCAKCkAgSgpAIIoKQCD
835=KCsAHwBu5YwgKCkAISgpACIoKQAjKCkAJCgpACUoKQAmKCkAJygpACgoKQApKCkAKigpAC
836=soKQAsKCkALSgpAC4oKQAvKCkAMCgpADEoKQAyKCkAMygpADQoKQA1KCkANigpADcoKQA4
837=KCkAOSgpADooKQA7KCkAPCgpAD0oKQA+KCkAPygpAEAoKQBBKCkAQigpAEMoKQBEKCkARS
838=gpAEYoKQBHKCkASCgpAElIAcV2SkgBeIpdeEvJAQR6im4AdAJJ/k1UAs0FTigpAE8oKQBQ
839=KCkAUSgpAFIoKQBTKCkAVEkBZFmKBHuKbgBkSAFJDFbUAkWBV8gBRYFYSAHBD1koKQBaKC
840=kAWygpAFxIAcmFXSgpAF4oKQBfKCkAYCgpAGEoKQBiKCkAYygpAGQoKQBlKCkAZigpAGco
841=KQBoKCkAaSgpAGooKQBrKCkAbCgpAG0oKQBuKCkAbygpAHAoKQBxKCkAcigpAHMoKQB0KC
842=kAdSgpAHYoKQB3KCkAeCgpAHkoKQB6KCkAeygpAHwoKQB9KCkAfigpAH8oKQCAKCkAgSgp
843=AIIoKwAgAG/tiSEoKQAiKCkAIygpACQoKQAlKCkAJigpACcoKQAoKCkAKSgpACooKQArKC
844=kALCgpAC0oKQAuKCkALygpADAoKQAxKCkAMigpADMoKQA0KCkANSgpADYoKQA3KCkAOCgp
845=ADkoKQA6KCkAOygpADwoKQA9KCkAPigpAD8oKQBAKCkAQSgpAEIoKQBDKCkARCgpAEUoKQ
846=BGKCkARygpAEgoKQBJSAHNc0pIAWiFUXdLyAFRd0zIAVn4TUgBzQVOKCkATygpAFAoKQBR
847=KCkAUigpAFMoKQBUSAF0hl0KVcgBAQkEAFbIAQEKBABXyAEBCwQAWEgBwQ9ZKCkAWigpAF
848=soKQBcSAEnABEneQpeKFUAXygpAGAoKQBhKCkAYigpAGMoKQBkKCkAZSgpAGYoKQBnKCkA
849=aCgpAGkoKQBqKCkAaygpAGwoKQBtKCkAbigpAG8oKQBwKCkAcSgpAHIoKQBzKCkAdCgpAH
850=UoKQB2KCkAdygpAHgoKQB5KCkAeigpAHsoKQB8KCkAfSgpAH4oKQB/KCkAgCgpAIEoKwAh
851=AHD1hiIoKQAjKCkAJCgpACUoKQAmKCkAJygpACgoKQApKCkAKigpACsoKQAsKCkALSgpAC
852=4oKQAvKCkAMCgpADEoKQAyKCkAMygpADQoKQA1KCkANigpADcoKQA4KCkAOSgpADooKQA7
853=KCkAPCgpAD0oKQA+KCkAPygpAEAoKQBBKCkAQigpAEMoKQBEKCkARSgpAEYoKQBHKCkASC
854=gpAElIAdVwSigpAEtJAV9V/wAiriFwAGkBASIIM6gBAQIEAE7BBAMiCDO0AgEEBABQ1AIB
855=BQQAUcgBXY5SSAHJDFMoKQBUSQFkSQwMIq0hcCOtIQ1ohakBDmiFqQEPaYVwgAhZEVlYBo
856=wBDAQAWgBwAAAAAAAABABbABEAACUMACABcAAAAEAABQQAXABwAP//iQFdKCkAXigpAF8o
857=KQBgKCkAYSgpAGIoKQBjKCkAZCgpAGUoKQBmKCkAZygpAGgoKQBpKCkAaigpAGsoKQBsKC
858=kAbSgpAG4oKQBvKCkAcCgpAHEoKQByKCkAcygpAHQoKQB1KCkAdigpAHcoKQB4KCkAeSgp
859=AHooKQB7KCkAfCgpAH0oKQB+KCkAfygpAIAoKwAiAHH5MiMoKQAkKCkAJSgpACYoKQAnKC
860=kAKCgpACkoKQAqKCkAKygpACwoKQAtKCkALigpAC8oKQAwKCkAMSgpADIoKQAzKCkANCgp
861=ADUoKQA2KCkANygpADgoKQA5KCkAOigpADsoKQA8KCkAPSgpAD4oKQA/KCkAQCgpAEEoKQ
862=BCKCkAQygpAEQoKQBFKCkARigpAEcoKQBIKCkASUgBRGgCAAAEAEooKQBLSAEFXwcAAAcE
863=AEzIAQEIBABNyAEBCQQATsgBAQoEAE/IAQELBABQyAEBDAQAUcgBAQ0EAFJIAckMUygpAF
864=RJAWRIDAEQBABVyAEBEQQAVsgBARIEAFfIAQETBABYSAHFCFkoKQBaKCkAWygpAFxIASdQ
865=ECchCl4oVQBfKCkAYCgpAGEoKQBiKCkAYygpAGQoKQBlKCkAZigpAGcoKQBoKCkAaSgpAG
866=ooKQBrKCkAbCgpAG0oKQBuKCkAbygpAHAoKQBxKCkAcigpAHMoKQB0KCkAdSgpAHYoKQB3
867=KCkAeCgpAHkoKQB6KCkAeygpAHwoKQB9KCkAfigpAH8oKwAjAHLlgSQoKQAlKCkAJigpAC
868=coKQAoKCkAKSgpACooKQArKCkALCgpAC0oKQAuKCkALygpADAoKQAxKCkAMigpADMoKQA0
869=KCkANSgpADYoKQA3KCkAOCgpADkoKQA6KCkAOygpADwoKQA9KCkAPigpAD8oKQBAKCkAQS
870=gpAEIoKQBDKCkARCgpAEUoKQBGKCkARygpAEgoKQBJSAHFa0ooKQBLSAF5fw56f3IAaQEP
871=eH+oAUV2TsAERXZPyAFFdlDIAUV2UckBFHl/coQMRYxTVAKPAQQAVEgBeH9BBFXJARV6f3
872=IAdQIWeH+pARd4fycFAVlMBcUIWigpAFsoKQBcSAEn+A8n9QleKFUAXygpAGAoKQBhKCkA
873=YigpAGMoKQBkKCkAZSgpAGYoKQBnKCkAaCgpAGkoKQBqKCkAaygpAGwoKQBtKCkAbigpAG
874=8oKQBwKCkAcSgpAHIoKQBzKCkAdCgpAHUoKQB2KCkAdygpAHgoKQB5KCkAeigpAHsoKQB8
875=KCkAfSgpAH4oKwAkAHPtfiUoKQAmKCkAJygpACgoKQApKCkAKigpACsoKQAsKCkALSgpAC
876=4oKQAvKCkAMCgpADEoKQAyKCkAMygpADQoKQA1KCkANigpADcoKQA4KCkAOSgpADooKQA7
877=KCkAPCgpAD0oKQA+KCkAPygpAEAoKQBBKCkAQigpAEMoKQBEKCkARSgpAEYoKQBHKCkASC
878=gpAElIAcFnSigpAEtIAXR7SW9MyAFJb03IAUlvTskBGH38c4WBGXz8qQEafPypARthfXOE
879=DIB9JykAVEQIaHpFCFXIAUUIVsgBRQhXyAFFCFhIAYsIBABZKCkAWigpAFsoKQBcSAEnoA
880=8nyQleKFUAXygpAGAoKQBhKCkAYigpAGMoKQBkKCkAZSgpAGYoKQBnKCkAaCgpAGkoKQBq
881=KCkAaygpAGwoKQBtKCkAbigpAG8oKQBwKCkAcSgpAHIoKQBzKCkAdCgpAHUoKQB2KCkAdy
882=gpAHgoKQB5KCkAeigpAHsoKQB8KCkAfSgrACUAdPV7JigpACcoKQAoKCkAKSgpACooKQAr
883=KCkALCgpAC0oKQAuKCkALygpADAoKQAxKCkAMigpADMoKQA0KCkANSgpADYoKQA3KCkAOC
884=gpADkoKQA6KCkAOygpADwoKQA9KCkAPigpAD8oKQBAKCkAQSgpAEIoKQBDKCkARCgpAEUo
885=KQBGKCkARygpAEgoKQBJSAHVZUooKQBLKCkATCgpAE0oKQBOKCkATygpAFAoKQBRKCkAUi
886=gpAFMoKQBUKCkAVSgpAFYoKQBXKCkAWCgpAFkoKQBaKCkAWygpAFxIASdIDyedCV4oVQBf
887=KCkAYCgpAGEoKQBiKCkAYygpAGQoKQBlKCkAZigpAGcoKQBoKCkAaSgpAGooKQBrKCkAbC
888=gpAG0oKQBuKCkAbygpAHAoKQBxKCkAcigpAHMoKQB0KCkAdSgpAHYoKQB3KCkAeCgpAHko
889=KQB6KCkAeygpAHwoKwAmAHX9eCcoKQAoKCkAKSgpACooKQArKCkALCgpAC0oKQAuKCkALy
890=gpADAoKQAxKCkAMigpADMoKQA0KCkANSgpADYoKQA3KCkAOCgpADkoKQA6KCkAOygpADwo
891=KQA9KCkAPigpAD8oKQBAKCkAQSgpAEIoKQBDKCkARCgpAEUoKQBGKCkARygpAEgoKQBJKC
892=kASigpAEsoKQBMKCkATSgpAE4oKQBPKCkAUCgpAFEoKQBSKCkAUygpAFQoKQBVKCkAVigp
893=AFcoKQBYKCkAWSgpAFooKQBbKCkAXCgpAF0oKQBeKCkAXygpAGAoKQBhKCkAYigpAGMoKQ
894=BkKCkAZSgpAGYoKQBnKCkAaCgpAGkoKQBqKCkAaygpAGwoKQBtKCkAbigpAG8oKQBwKCkA
895=cSgpAHIoKQBzKCkAdCgpAHUoKQB2KCkAdygpAHgoKQB5KCkAeigpAHsoKwAnAHbldigoKQ
896=ApKCkAKigpACsoKQAsKCkALSgpAC4oKQAvKCkAMCgpADEoKQAyKCkAMygpADQoKQA1KCkA
897=NigpADcoKQA4KCkAOSgpADooKQA7KCkAPCgpAD0oKQA+KCkAPygpAEAoKQBBKCkAQigpAE
898=MoKQBEKCkARSgpAEYoKQBHKCkASCgpAEkoKQBKKCkASygpAEwoKQBNKCkATigpAE8oKQBQ
899=KCkAUSgpAFIoKQBTKCkAVCgpAFUoKQBWKCkAVygpAFgoKQBZKCkAWigpAFsoKQBcKCkAXS
900=gpAF4oKQBfKCkAYCgpAGEoKQBiKCkAYygpAGQoKQBlKCkAZigpAGcoKQBoKCkAaSgpAGoo
901=KQBrKCkAbCgpAG0oKQBuKCkAbygpAHAoKQBxKCkAcigpAHMoKQB0KCkAdSgpAHYoKQB3KC
902=kAeCgpAHkoKQB6KCsAKAB37XMpKCkAKigpACsoKQAsKCkALSgpAC4oKQAvKCkAMCgpADEo
903=KQAyKCkAMygpADQoKQA1KCkANigpADcoKQA4KCkAOSgpADooKQA7KCkAPCgpAD0oKQA+KC
904=kAPygpAEAoKQBBKCkAQigpAEMoKQBEKCkARSgpAEYoKQBHKCkASCgpAEkoKQBKKCkASygp
905=AEwoKQBNKCkATigpAE8oKQBQKCkAUSgpAFIoKQBTKCkAVCgpAFUoKQBWKCkAVygpAFgoKQ
906=BZKCkAWigpAFsoKQBcKCkAXSgpAF4oKQBfKCkAYCgpAGEoKQBiKCkAYygpAGQoKQBlKCkA
907=ZigpAGcoKQBoKCkAaSgpAGooKQBrKCkAbCgpAG0oKQBuKCkAbygpAHAoKQBxKCkAcigpAH
908=MoKQB0KCkAdSgpAHYoKQB3KCkAeCgpAHkoKwApAHj1cCooKQArKCkALCgpAC0oKQAuKCkA
909=LygpADAoKQAxKCkAMigpADMoKQA0KCkANSgpADYoKQA3KCkAOCgpADkoKQA6KCkAOygpAD
910=woKQA9KCkAPigpAD8oKQBAKCkAQSgpAEIoKQBDKCkARCgpAEUoKQBGKCkARygpAEgoKQBJ
911=KCkASigpAEsoKQBMKCkATSgpAE4oKQBPKCkAUCgpAFEoKQBSKCkAUygpAFQoKQBVKCkAVi
912=gpAFcoKQBYKCkAWSgpAFooKQBbKCkAXCgpAF0oKQBeKCkAXygpAGAoKQBhKCkAYigpAGMo
913=KQBkKCkAZSgpAGYoKQBnKCkAaCgpAGkoKQBqKCkAaygpAGwoKQBtKCkAbigpAG8oKQBwKC
914=kAcSgpAHIoKQBzKCkAdCgpAHUoKQB2KCkAdygpAHgoKwAqAHn9bSsoKQAsKCkALSgpAC4o
915=KQAvKCkAMCgpADEoKQAyKCkAMygoAAc0AHkA//8AAAAEEQAAwwsAIAoANQB5AP//AAAABA
916=A2KCkANygpADgoKQA5KCkAOigpADsoKQA8KCkAPSgpAD4oKQA/KCkAQCgpAEEoKQBCKCkA
917=QygpAEQoKQBFKCkARigpAEcoKQBIKCkASSgpAEooKQBLKCkATCgpAE0oKQBOKCkATygpAF
918=AoKQBRKCkAUigpAFMoKQBUKCkAVSgpAFYoKQBXKCkAWCgpAFkoKQBaKCkAWygpAFwoKQBd
919=KCkAXigpAF8oKQBgKCkAYSgpAGIoKQBjKCkAZCgpAGUoKQBmKCkAZygpAGgoKQBpKCkAai
920=gpAGsoKQBsKCkAbSgpAG4oKQBvKCkAcCgpAHEoKQByKCkAcygpAHQoKQB1KCkAdigpAHco
921=KAADKwB6AP//gVwsKCkALSgpAC4oKQAvKCkAMCgpADEoKQAyKCkAMygpADQoKQA1KCkANi
922=gpADcoKQA4KCkAOSgpADooKQA7KCkAPCgpAD0oKQA+KCkAPygpAEAoKQBBKCkAQigpAEMo
923=KQBEKCkARSgpAEYoKQBHKCkASCgpAEkoKQBKKCkASygpAEwoKQBNKCkATigpAE8oKQBQKC
924=kAUSgpAFIoKQBTKCkAVCgpAFUoKQBWKCkAVygpAFgoKQBZKCkAWigpAFsoKQBcKCkAXSgp
925=AF4oKQBfKCkAYCgpAGEoKQBiKCkAYygpAGQoKQBlKCkAZigpAGcoKQBoKCkAaSgpAGooKQ
926=BrKCkAbCgpAG0oKQBuKCkAbygpAHAoKQBxKCkAcigpAHMoKQB0KCkAdSgpAHYoKwAsAHvt
927=aC0oKQAuKCkALygpADAoKQAxKCkAMigpADMoKQA0KCkANSgpADYoKQA3KCkAOCgpADkoKQ
928=A6KCkAOygpADwoKQA9KCkAPigpAD8oKQBAKCkAQSgpAEIoKQBDKCkARCgpAEUoKQBGKCkA
929=RygpAEgoKQBJKCkASigpAEsoKQBMKCkATSgpAE4oKQBPKCkAUCgpAFEoKQBSKCkAUygpAF
930=QoKQBVKCkAVigpAFcoKQBYKCkAWSgpAFooKQBbKCkAXCgpAF0oKQBeKCkAXygpAGAoKQBh
931=KCkAYigpAGMoKQBkKCkAZSgpAGYoKQBnKCkAaCgpAGkoKQBqKCkAaygpAGwoKQBtKCkAbi
932=gpAG8oKQBwKCkAcSgpAHIoKQBzKCkAdCgpAHUoKwAtAHz1ZS4oKQAvKCkAMCgpADEoKQAy
933=KCkAMygpADQoKQA1KCkANigpADcoKQA4KCkAOSgpADooKQA7KCkAPCgpAD0oKQA+KCkAPy
934=gpAEAoKQBBKCkAQigpAEMoKQBEKCkARSgpAEYoKQBHKCkASCgpAEkoKQBKKCkASygpAEwo
935=KQBNKCkATigpAE8oKQBQKCkAUSgpAFIoKQBTKCkAVCgpAFUoKQBWKCkAVygpAFgoKQBZKC
936=kAWigpAFsoKQBcKCkAXSgpAF4oKQBfKCkAYCgpAGEoKQBiKCkAYygpAGQoKQBlKCkAZigp
937=AGcoKQBoKCkAaSgpAGooKQBrKCkAbCgpAG0oKQBuKCkAbygpAHAoKQBxKCkAcigpAHMoKQ
938=B0KCsALgB9/WIvKCkAMCgpADEoKQAyKCkAMygpADQoKQA1KCkANigpADcoKQA4KCkAOSgp
939=ADooKQA7KCkAPCgpAD0oKQA+KCkAPygpAEAoKQBBKCkAQigpAEMoKQBEKCkARSgpAEYoKQ
940=BHKCkASCgpAEkoKQBKKCkASygpAEwoKQBNKCkATigpAE8oKQBQKCkAUSgpAFIoKQBTKCkA
941=VCgpAFUoKQBWKCkAVygpAFgoKQBZKCkAWigpAFsoKQBcKCkAXSgpAF4oKQBfKCkAYCgpAG
942=EoKQBiKCkAYygpAGQoKQBlKCkAZigpAGcoKQBoKCkAaSgpAGooKQBrKCkAbCgpAG0oKQBu
943=KCkAbygpAHAoKQBxKCkAcigpAHMoKwAvAH7lYDAoKQAxKCkAMigpADMoKQA0KCkANSgpAD
944=YoKQA3KCkAOCgpADkoKQA6KCkAOygpADwoKQA9KCkAPigpAD8oKQBAKCkAQSgpAEIoKQBD
945=KCkARCgpAEUoKQBGKCkARygpAEgoKQBJKCkASigpAEsoKQBMKCkATSgpAE4oKQBPKCkAUC
946=gpAFEoKQBSKCkAUygpAFQoKQBVKCkAVigpAFcoKQBYKCkAWSgpAFooKQBbKCkAXCgpAF0o
947=KQBeKCkAXygpAGAoKQBhKCkAYigpAGMoKQBkKCkAZSgpAGYoKQBnKCkAaCgpAGkoKQBqKC
948=kAaygpAGwoKQBtKCkAbigpAG8oKQBwKCkAcSgpAHIoKwAwAH/tXTEoKQAyKCkAMygpADQo
949=KQA1KCkANigpADcoKQA4KCkAOSgpADooKQA7KCkAPCgpAD0oKQA+KCkAPygpAEAoKQBBKC
950=kAQigpAEMoKQBEKCkARSgpAEYoKQBHKCkASCgpAEkoKQBKKCkASygpAEwoKQBNKCkATigp
951=AE8oKQBQKCkAUSgpAFIoKQBTKCkAVCgpAFUoKQBWKCkAVygpAFgoKQBZKCkAWigpAFsoKQ
952=BcKCkAXSgpAF4oKQBfKCkAYCgpAGEoKQBiKCkAYygpAGQoKQBlKCkAZigpAGcoKQBoKCkA
953=aSgpAGooKQBrKCkAbCgpAG0oKQBuKCkAbygpAHAoKQBxKCsAMQCA9VoyKCkAMygpADQoKQ
954=A1KCkANigpADcoKQA4KCkAOSgpADooKQA7KCkAPCgpAD0oKQA+KCkAPygpAEAoKQBBKCkA
955=QigpAEMoKQBEKCkARSgpAEYoKQBHKCkASCgpAEkoKQBKKCkASygpAEwoKQBNKCkATigpAE
956=8oKQBQKCkAUSgpAFIoKQBTKCkAVCgpAFUoKQBWKCkAVygpAFgoKQBZKCkAWigpAFsoKQBc
957=KCkAXSgpAF4oKQBfKCkAYCgpAGEoKQBiKCkAYygpAGQoKQBlKCkAZigpAGcoKQBoKCkAaS
958=gpAGooKQBrKCkAbCgpAG0oKQBuKCkAbygpAHAoKwAyAIH9VzMoKQA0KCkANSgpADYoKQA3
959=KCkAOCgpADkoKQA6KCkAOygpADwoKQA9KCkAPigpAD8oKQBAKCkAQSgpAEIoKQBDKCkARC
960=gpAEUoKQBGKCkARygpAEgoKQBJKCkASigpAEsoKQBMKCkATSgpAE4oKQBPKCkAUCgpAFEo
961=KQBSKCkAUygpAFQoKQBVKCkAVigpAFcoKQBYKCkAWSgpAFooKQBbKCkAXCgpAF0oKQBeKC
962=kAXygpAGAoKQBhKCkAYigpAGMoKQBkKCkAZSgpAGYoKQBnKCkAaCgpAGkoKQBqKCkAaygp
963=AGwoKQBtKCkAbigpAG8oKwAzAILlVTQoKQA1KCkANigpADcoKQA4KCkAOSgpADooKQA7KC
964=kAPCgpAD0oKQA+KCkAPygpAEAoKQBBKCkAQigpAEMoKQBEKCkARSgpAEYoKQBHKCkASCgp
965=AEkoKQBKKCkASygpAEwoKQBNKCkATigpAE8oKQBQKCkAUSgpAFIoKQBTKCkAVCgpAFUoKQ
966=BWKCkAVygpAFgoKQBZKCkAWigpAFsoKQBcKCkAXSgpAF4oKQBfKCkAYCgpAGEoKQBiKCkA
967=YygpAGQoKQBlKCkAZigpAGcoKQBoKCkAaSgpAGooKQBrKCkAbCgpAG0oKQBuKCsANACD7V
968=I1KCkANigpADcoKQA4KCkAOSgpADooKQA7KCkAPCgpAD0oKQA+KCkAPygpAEAoKQBBKCkA
969=QigpAEMoKQBEKCkARSgpAEYoKQBHKCkASCgpAEkoKQBKKCkASygpAEwoKQBNKCkATigpAE
970=8oKQBQKCkAUSgpAFIoKQBTKCkAVCgpAFUoKQBWKCkAVygpAFgoKQBZKCkAWigpAFsoKQBc
971=KCkAXSgpAF4oKQBfKCkAYCgpAGEoKQBiKCkAYygpAGQoKQBlKCkAZigpAGcoKQBoKCkAaS
972=gpAGooKQBrKCkAbCgpAG0oKwA1AIT1TzYoKQA3KCkAOCgpADkoKQA6KCkAOygoAAQ8AIQA
973=//8AEQAAygsAIAgAAAQAPQCEAP//AGgBAT4AhADJAT8oKQBAKCkAQSgpAEIoKQBDKCkARC
974=gpAEUoKQBGKCkARygpAEgoKQBJKCkASigpAEsoKQBMKCkATSgpAE4oKQBPKCkAUCgpAFEo
975=KQBSKCkAUygpAFQoKQBVKCkAVigpAFcoKQBYKCkAWSgpAFooKQBbKCkAXCgpAF0oKQBeKC
976=kAXygpAGAoKQBhKCkAYigpAGMoKQBkKCkAZSgpAGYoKQBnKCkAaCgpAGkoKQBqKCkAaygp
977=AGwoKwA2AIXxQDcoKQA4KCkAOSgpADooKQA7KCkAPCgpAD0oKQA+KCkAPygpAEAoKQBBKC
978=kAQigpAEMoKQBEKCkARSgpAEYoKQBHKCkASCgpAEkoKQBKKCkASygpAEwoKQBNKCkATigp
979=AE8oKQBQKCkAUSgpAFIoKQBTKCkAVCgpAFUoKQBWKCkAVygpAFgoKQBZKCkAWigpAFsoKQ
980=BcKCkAXSgpAF4oKQBfKCkAYCgpAGEoKQBiKCkAYygpAGQoKQBlKCkAZigpAGcoKQBoKCkA
981=aSgpAGooKQBrKCsANwCG5Uo4KCkAOSgpADooKQA7KCkAPCgpAD0oKQA+KCkAPygpAEAoKQ
982=BBKCkAQigpAEMoKQBEKCkARSgpAEYoKQBHKCkASCgpAEkoKQBKKCkASygpAEwoKQBNKCkA
983=TigpAE8oKQBQKCkAUSgpAFIoKQBTKCkAVCgpAFUoKQBWKCkAVygpAFgoKQBZKCkAWigpAF
984=soKQBcKCkAXSgpAF4oKQBfKCkAYCgpAGEoKQBiKCkAYygpAGQoKQBlKCkAZigpAGcoKQBo
985=KCkAaSgpAGooKwA4AIftRzkoKQA6KCkAOygpADwoKQA9KCkAPigpAD8oKQBAKCkAQSgpAE
986=IoKQBDKCkARCgpAEUoKQBGKCkARygpAEgoKQBJKCkASigpAEsoKQBMKCkATSgpAE4oKQBP
987=KCkAUCgpAFEoKQBSKCkAUygpAFQoKQBVKCkAVigpAFcoKQBYKCkAWSgpAFooKQBbKCkAXC
988=gpAF0oKQBeKCkAXygpAGAoKQBhKCkAYigpAGMoKQBkKCkAZSgpAGYoKQBnKCkAaCgpAGko
989=KwA5AIj1RDooKQA7KCkAPCgpAD0oKQA+KCkAPygpAEAoKQBBKCkAQigpAEMoKQBEKCkARS
990=gpAEYoKQBHKCkASCgpAEkoKQBKKCkASygpAEwoKQBNKCkATigpAE8oKQBQKCkAUSgpAFIo
991=KQBTKCkAVCgpAFUoKQBWKCkAVygpAFgoKQBZKCkAWigpAFsoKQBcKCkAXSgpAF4oKQBfKC
992=kAYCgpAGEoKQBiKCkAYygpAGQoKQBlKCkAZigpAGcoKQBoKCsAOgCJ/UE7KCkAPCgpAD0o
993=KQA+KCkAPygpAEAoKQBBKCkAQigpAEMoKQBEKCkARSgpAEYoKQBHKCkASCgpAEkoKQBKKC
994=kASygpAEwoKQBNKCkATigpAE8oKQBQKCkAUSgpAFIoKQBTKCkAVCgpAFUoKQBWKCkAVygp
995=AFgoKQBZKCkAWigpAFsoKQBcKCkAXSgpAF4oKQBfKCkAYCgpAGEoKQBiKCkAYygpAGQoKQ
996=BlKCkAZigpAGcoKwA7AIrlPzwoKQA9KCkAPigpAD8oKQBAKCkAQSgpAEIoKQBDKCkARCgp
997=AEUoKQBGKCkARygpAEgoKQBJKCkASigpAEsoKQBMKCkATSgpAE4oKQBPKCkAUCgpAFEoKQ
998=BSKCkAUygpAFQoKQBVKCkAVigpAFcoKQBYKCkAWSgpAFooKQBbKCkAXCgpAF0oKQBeKCkA
999=XygpAGAoKQBhKCkAYigpAGMoKQBkKCkAZSgpAGYoKwA8AIvtPD0oKQA+KCkAPygpAEAoKQ
1000=BBKCkAQigpAEMoKQBEKCkARSgpAEYoKQBHKCkASCgpAEkoKQBKKCkASygpAEwoKQBNKCkA
1001=TigpAE8oKQBQKCkAUSgpAFIoKQBTKCkAVCgpAFUoKQBWKCkAVygpAFgoKQBZKCkAWigpAF
1002=soKQBcKCkAXSgpAF4oKQBfKCkAYCgpAGEoKQBiKCkAYygpAGQoKQBlKCsAPQCM9Tk+KCkA
1003=PygpAEAoKQBBKCkAQigpAEMoKQBEKCkARSgpAEYoKQBHKCkASCgpAEkoKQBKKCkASygpAE
1004=woKQBNKCkATigpAE8oKQBQKCkAUSgpAFIoKQBTKCkAVCgpAFUoKQBWKCkAVygpAFgoKQBZ
1005=KCkAWigpAFsoKQBcKCkAXSgpAF4oKQBfKCkAYCgpAGEoKQBiKCkAYygpAGQoKwA+AI39Nj
1006=8oKQBAKCkAQSgpAEIoKQBDKCkARCgpAEUoKQBGKCkARygpAEgoKQBJKCkASigpAEsoKQBM
1007=KCkATSgpAE4oKQBPKCkAUCgpAFEoKQBSKCkAUygpAFQoKQBVKCkAVigpAFcoKQBYKCkAWS
1008=gpAFooKQBbKCkAXCgpAF0oKQBeKCkAXygpAGAoKQBhKCkAYigpAGMoKwA/AI7lNEAoKQBB
1009=KCkAQigpAEMoKQBEKCkARSgpAEYoKQBHKCkASCgpAEkoKQBKKCkASygpAEwoKQBNKCkATi
1010=gpAE8oKQBQKCkAUSgpAFIoKQBTKCkAVCgpAFUoKQBWKCkAVygpAFgoKQBZKCkAWigpAFso
1011=KQBcKCkAXSgpAF4oKQBfKCkAYCgpAGEoKQBiKCsAQACP7TFBKCkAQigpAEMoKQBEKCkARS
1012=gpAEYoKQBHKCkASCgpAEkoKQBKKCkASygpAEwoKQBNKCkATigpAE8oKQBQKCkAUSgpAFIo
1013=KQBTKCkAVCgpAFUoKQBWKCkAVygpAFgoKQBZKCkAWigpAFsoKQBcKCkAXSgpAF4oKQBfKC
1014=kAYCgpAGEoKwBBAJD1LkIoKQBDKCkARCgpAEUoKQBGKCkARygpAEgoKQBJKCkASigpAEso
1015=KQBMKCkATSgpAE4oKQBPKCkAUCgpAFEoKQBSKCkAUygpAFQoKQBVKCkAVigpAFcoKQBYKC
1016=kAWSgpAFooKQBbKCkAXCgpAF0oKQBeKCkAXygpAGAoKwBCAJH9K0MoKQBEKCkARSgpAEYo
1017=KQBHKCkASCgpAEkoKQBKKCkASygpAEwoKQBNKCkATigpAE8oKQBQKCkAUSgpAFIoKQBTKC
1018=kAVCgpAFUoKQBWKCkAVygpAFgoKQBZKCkAWigpAFsoKQBcKCkAXSgpAF4oKQBfKCsAQwCS
1019=5SlEKCkARSgpAEYoKQBHKCkASCgpAEkoKQBKKCkASygpAEwoKQBNKCkATigpAE8oKQBQKC
1020=kAUSgpAFIoKQBTKCkAVCgpAFUoKQBWKCkAVygpAFgoKQBZKCkAWigpAFsoKQBcKCkAXSgp
1021=AF4oKwBEAJPtJkUoKQBGKCkARygpAEgoKQBJKCkASigpAEsoKQBMKCkATSgpAE4oKQBPKC
1022=kAUCgpAFEoKQBSKCkAUygpAFQoKQBVKCkAVigpAFcoKQBYKCkAWSgpAFooKQBbKCkAXCgp
1023=AF0oKwBFAJT1I0YoKQBHKCkASCgpAEkoKQBKKCkASygpAEwoKQBNKCkATigpAE8oKQBQKC
1024=kAUSgpAFIoKQBTKCkAVCgpAFUoKQBWKCkAVygpAFgoKQBZKCkAWigpAFsoKQBcKCsARgCV
1025=/SBHKCkASCgpAEkoKQBKKCkASygpAEwoKQBNKCkATigpAE8oKQBQKCkAUSgpAFIoKQBTKC
1026=kAVCgpAFUoKQBWKCkAVygpAFgoKQBZKCkAWigpAFsoKwBHAJblHkgoKQBJKCkASigpAEso
1027=KQBMKCkATSgpAE4oKQBPKCkAUCgpAFEoKQBSKCkAUygpAFQoKQBVKCkAVigpAFcoKQBYKC
1028=kAWSgpAFooKwBIAJftG0koKQBKKCkASygpAEwoKQBNKCkATigpAE8oKQBQKCkAUSgpAFIo
1029=KQBTKCkAVCgpAFUoKQBWKCkAVygpAFgoKQBZKCsASQCY9RhKKCkASygpAEwoKQBNKCkATi
1030=gpAE8oKQBQKCoAUQAnXQFSKCkAUygpAFQoKAABVQCYABEAAAgBkAII//8AAAAEAFYAmADJ
1031=AVcoKQBYKCsASgCZ4QRLKCkATCgpAE0oKQBOKCkATygpAFAoKQBRKCkAUigpAFMoKQBUKC
1032=kAVSgpAFYoKQBXKCsASwCa5RNMKCkATSgpAE4oKQBPKCkAUCgpAFEoKQBSKCkAUygpAFQo
1033=KQBVKCkAVigrAEwAm+0QTSgpAE4oKQBPKCkAUCgpAFEoKQBSKCkAUygpAFQoKQBVKCsATQ
1034=Cc9Q1OKCkATygpAFAoKQBRKCkAUigpAFMoKQBUKCsATgCd/QpPKCkAUCgpAFEoKQBSKCkA
1035=UygrAE8AnuUIUCgpAFEoKQBSKCsAUACf7AUIUQCfAP//AAAABAARAAA=

[Latin]
Name=Latin
Side=Nod
Color=SovietLoad
Prefix=B
Suffix=Soviet
SmartAI=yes
CostUnitsMult=1
ParentCountry=Latin

[Latin House]
IQ=5
Edge=North
Color=SovietLoad
Allies=Latin House
Country=Latin
Credits=0
NodeCount=0
TechLevel=10
PercentBuilt=100
PlayerControl=no

[Lighting]
Red=1.000000
Blue=1.000000
Green=1.000000
Level=0.000000
Ground=0.000000
IonRed=1.000000
Ambient=1.000000
IonBlue=1.000000
IonGreen=1.000000
IonLevel=0.000000
IonGround=0.000000
IonAmbient=1.000000
DominatorRed=0.850000
DominatorBlue=0.300000
DominatorGreen=0.200000
DominatorLevel=0.000000
DominatorGround=0.000000
DominatorAmbient=1.500000
DominatorAmbientChangeRate=0.009000

[Map]
Size=0,0,80,80
Theater=SNOW
LocalSize=2,4,76,74

[Neutral]
Name=Neutral
Side=Civilian
Color=Grey
Prefix=C
Suffix=CIV
SmartAI=yes
CostUnitsMult=1
ParentCountry=Neutral

[Neutral House]
IQ=5
Edge=North
Color=Grey
Allies=Neutral House
Country=Neutral
Credits=0
NodeCount=0
TechLevel=10
PercentBuilt=100
PlayerControl=no

[OverlayDataPack]
1=BwAAIIEA/v8fAIAHAAAggQD+/x8AgAcAACCBAP7/HwCABwAAIIEA/v8fAICdAAAggQD+Uw
2=AAggYa/v0BAIIaGf7/AwCBJM5MBv7qAQCGKioaGhsYKAaHDCIbKhoqKv75AQCDDwoI/v0B
3=AIEB/vEDAIEU/v4BAIEG1FQCghIc/uYBAIEV1jQU/+UBXQaCJQXWTRSCJyj+4wEAgiUD1T
4=MYggkl/uMBAIMiHQbVMhqBDNZMFP7MAQDXSxaCBRf/5AFnFoEA10wcgRH+mQEAgFsAACCB
5=AP5LAACCAwzTNgCCBgn+5wEAgRXTNwKBBf7nAQCCAg3TNgSBC//oAWUAIgWCCgjJRQaBBA
6=AE1E0A/uUBAIQDGhoK/+wBZQSFAAAqGipACoESAAuBKP6fFQCABwAAIIEA/v8fAIAHAAAg
7=gQD+/x8AgAcAACCBAP7/HwCABwAAIIEA/v8fAIAHAAAggQD+/x8AgAcAACCBAP7/HwCABw
8=AAIIEA/v8fAIAHAAAggQD+/x8AgAcAACCBAP7/HwCABwAAIIEA/v8fAIAHAAAggQD+/x8A
9=gAcAACCBAP7/HwCABwAAIIEA/v8fAIAHAAAggQD+/x8AgAcAACCBAP7/HwCABwAAIIEA/v
10=8fAIAHAAAggQD+/x8AgAcAACCBAP7/HwCABwAAIIEA/v8fAIAHAAAggQD+/x8AgAcAACCB
11=AP7/HwCABwAAIIEA/v8fAIAHAAAggQD+/x8AgAcAACCBAP7/HwCABwAAIIEA/v8fAIAHAA
12=AggQD+/x8AgA==

[OverlayPack]
1=BwAAIIH//v8f/4AHAAAggf/+/x//gAcAACCB//7/H/+ABwAAIIH//v8f/4B5AAAggf/+Uw
2=D/ggAA/v0B////AVQA/gIC/4HzzkwG/uoB/4HzIAEQCoLx8XAM/vUB/4Px8fH+/QH///4B
3=XQr+9AH///8BWwzVXAr/6AFcCtZlEoHx/+UBYQiB89hMFP/kAWYU2UsW/uMB/4Hz//8BSx
4=j/AQJKFv+1AUsUgD8AACCB//5LAP+C8fHrNgD+0QH/1U0A/ucB//8BAkwAMe3KZQQQDf/s
5=AWUE0EEG/+0BZASF///z8/NwCmAM/pgV/4AHAAAggf/+/x//gAcAACCB//7/H/+ABwAAII
6=H//v8f/4AHAAAggf/+/x//gAcAACCB//7/H/+ABwAAIIH//v8f/4AHAAAggf/+/x//gAcA
7=ACCB//7/H/+ABwAAIIH//v8f/4AHAAAggf/+/x//gAcAACCB//7/H/+ABwAAIIH//v8f/4
8=AHAAAggf/+/x//gAcAACCB//7/H/+ABwAAIIH//v8f/4AHAAAggf/+/x//gAcAACCB//7/
9=H/+ABwAAIIH//v8f/4AHAAAggf/+/x//gAcAACCB//7/H/+ABwAAIIH//v8f/4AHAAAggf
10=/+/x//gAcAACCB//7/H/+ABwAAIIH//v8f/4AHAAAggf/+/x//gAcAACCB//7/H/+A

[Pacific]
Name=Pacific
Side=GDI
Color=AlliedLoad
Prefix=G
Suffix=Allied
SmartAI=yes
CostUnitsMult=1
ParentCountry=Pacific

[Pacific House]
IQ=5
Edge=North
Color=AlliedLoad
Allies=Pacific House
Country=Pacific
Credits=0
NodeCount=0
TechLevel=10
PercentBuilt=100
PlayerControl=no

[PsiCorps]
Name=PsiCorps
Side=ThirdSide
Color=Purple
Prefix=B
Suffix=Soviet
SmartAI=yes
CostUnitsMult=1
ParentCountry=PsiCorps

[PsiCorps House]
IQ=5
Edge=North
Color=Purple
Allies=PsiCorps House
Country=PsiCorps
Credits=0
NodeCount=0
TechLevel=10
PercentBuilt=100
PlayerControl=no

[ScorpionCell]
Name=ScorpionCell
Side=ThirdSide
Color=Purple2
Prefix=B
Suffix=Soviet
SmartAI=yes
CostUnitsMult=1
ParentCountry=ScorpionCell

[ScorpionCell House]
IQ=0
Edge=North
Color=Purple2
Allies=ScorpionCell House
Country=ScorpionCell
Credits=0
NodeCount=0
TechLevel=10
PercentBuilt=100
PlayerControl=yes

[Special]
Name=Special
Side=Mutant
Color=Grey
Prefix=J
Suffix=JP
SmartAI=yes
CostUnitsMult=1
ParentCountry=Special

[Special House]
IQ=5
Edge=North
Color=Grey
Allies=Special House
Country=Special
Credits=0
NodeCount=0
TechLevel=10
PercentBuilt=100
PlayerControl=no

[SpecialFlags]
Inert=no
FogOfWar=no
IonStorms=no
MCVDeploy=no
Meteorites=no
Visceroids=yes
FixedAlliance=no
TiberiumGrows=yes
InitialVeteran=no
HarvesterImmune=no
TiberiumSpreads=yes
TiberiumExplosive=no
DestroyableBridges=yes

[Structures]
0=BioTanks House,YABIO1,256,93,79,64,None,1,0,1,0,0,None,None,None,0,0
1=BioTanks House,YABOLT,256,56,57,64,None,1,0,1,0,0,None,None,None,0,0
2=BioTanks House,YABIO3,205,84,79,64,None,1,0,1,0,0,None,None,None,0,0
3=BioTanks House,YABIOB,219,88,76,64,None,1,0,1,0,0,None,None,None,0,0
4=BioTanks House,YAPOWR,0,79,81,64,None,1,0,1,0,0,None,None,None,0,0
5=BioTanks House,YAGGUN,154,85,76,224,None,1,0,1,0,0,None,None,None,0,0
6=BioTanks House,YACNST,44,87,88,64,None,1,0,1,0,0,None,None,None,0,0
7=BioTanks House,YABIO2,154,84,74,64,None,1,0,1,0,0,None,None,None,0,0
8=BioTanks House,YABIO3,52,93,74,64,None,1,0,1,0,0,None,None,None,0,0
9=BioTanks House,YAGATE_A,34,86,68,64,None,1,0,1,0,0,None,None,None,0,0
10=BioTanks House,YABIO2,256,96,79,64,None,1,0,1,0,0,None,None,None,0,0
11=BioTanks House,YABIO1,256,81,74,64,None,1,0,1,0,0,None,None,None,0,0
12=BioTanks House,YABIO2,103,96,74,64,None,1,0,1,0,0,None,None,None,0,0
13=BioTanks House,YAGATE_A,0,89,68,64,None,1,0,1,0,0,None,None,None,0,0
14=BioTanks House,YABIO1,256,81,79,64,None,1,0,1,0,0,None,None,None,0,0
15=BioTanks House,YAGATE_A,34,89,85,64,None,1,0,1,0,0,None,None,None,0,0
16=BioTanks House,YAPOWR,154,79,71,64,None,1,0,1,0,0,None,None,None,0,0
17=BioTanks House,YAPOWR,103,97,81,64,None,1,0,1,0,0,None,None,None,0,0
18=BioTanks House,YAPOWR,0,97,71,64,None,1,0,1,0,0,None,None,None,0,0
19=BioTanks House,YAPOWR,205,85,81,64,None,1,0,1,0,0,None,None,None,0,0
20=BioTanks House,YAPOWR,141,91,81,64,None,1,0,1,0,0,None,None,None,0,0
21=BioTanks House,YAPOWR,0,85,71,64,None,1,0,1,0,0,None,None,None,0,0
22=BioTanks House,YAPOWR,103,91,71,64,None,1,0,1,0,0,None,None,None,0,0
23=BioTanks House,YARAIL,102,101,72,64,None,1,0,1,0,0,None,None,None,0,0
24=BioTanks House,YARAIL,103,76,81,64,None,1,0,1,0,0,None,None,None,0,0
25=BioTanks House,YARAIL,0,76,72,64,None,1,0,1,0,0,None,None,None,0,0
26=BioTanks House,YARAIL,103,101,81,64,None,1,0,1,0,0,None,None,None,0,0
27=BioTanks House,YABRCK,0,95,63,64,None,1,0,1,0,0,None,None,None,0,0
28=BioTanks House,YABIO2,256,99,79,64,None,1,0,1,0,0,None,None,None,0,0
29=BioTanks House,YABIO3,256,99,74,64,None,1,0,1,0,0,None,None,None,0,0
30=BioTanks House,YABIO2,256,78,74,64,None,1,0,1,0,0,None,None,None,0,0
31=BioTanks House,YABIO3,256,78,79,64,None,1,0,1,0,0,None,None,None,0,0
32=Neutral House,CAYCRG01,256,93,86,64,None,1,0,1,0,0,None,None,None,0,0
33=Neutral House,CAYCRG02,256,87,99,64,None,1,0,1,0,0,None,None,None,0,0
34=BioTanks House,YAGGUN,154,92,76,32,None,1,0,1,0,0,None,None,None,0,0
35=Neutral House,CAYCRG01,256,95,86,64,None,1,0,1,0,0,None,None,None,0,0
36=BioTanks House,YAWEAP,0,94,88,64,None,1,0,1,0,0,None,None,None,0,0
37=BioTanks House,YASPOT,52,83,64,64,None,1,0,1,0,0,None,None,None,0,0
38=BioTanks House,CAMISC01,256,83,66,64,None,1,0,1,0,0,None,None,None,0,0
39=BioTanks House,CAMISC02B,256,91,89,64,None,1,0,1,0,0,None,None,None,0,0
40=BioTanks House,YAVULT,52,79,76,64,None,1,0,1,0,0,None,None,None,0,0
41=BioTanks House,YAVULT,0,97,76,64,None,1,0,1,0,0,None,None,None,0,0

[Tags]
01000001=0,AI Auto Production United States House,01000000
01000003=0,AI Auto Production Euro Alliance House,01000002
01000005=0,AI Auto Production Pacific Front House,01000004
01000007=0,AI Auto Production Russia House,01000006
01000009=0,AI Auto Production Confederation House,01000008
01000011=0,AI Auto Production Chinese House,01000010
01000013=0,AI Auto Production PsiCorps House,01000012
01000015=0,AI Auto Production Headquarters House,01000014
01000017=0,AI Auto Production Haihead House,01000016
01000019=0,AI Auto Production Wings of Coronia 1,01000018
01000021=0,AI Auto Production Last Bastion House,01000020
01000023=0,AI Auto Production Civilian House,01000022
01000025=0,AI Auto Production JP House,01000024

[Triggers]
01000000=UnitedStates,<none>,AI Auto Production United States,0,1,1,1,0
01000002=Europeans,<none>,AI Auto Production Euro Alliance,0,1,1,1,0
01000004=Pacific,<none>,AI Auto Production Pacific Front,0,1,1,1,0
01000006=USSR,<none>,AI Auto Production Russia,0,1,1,1,0
01000008=Latin,<none>,AI Auto Production Confederation,0,1,1,1,0
01000010=Chinese,<none>,AI Auto Production Chinese,0,1,1,1,0
01000012=PsiCorps,<none>,AI Auto Production PsiCorps,0,1,1,1,0
01000014=Headquaters,<none>,AI Auto Production Headquarters,0,1,1,1,0
01000016=Guild1,<none>,AI Auto Production Haihead,0,1,1,1,0
01000018=Guild2,<none>,AI Auto Production Wings of Coronia,0,1,1,1,0
01000020=Guild3,<none>,AI Auto Production Last Bastion,0,1,1,1,0
01000022=Neutral,<none>,AI Auto Production Civilian,0,1,1,1,0
01000024=Special,<none>,AI Auto Production JP,0,1,1,1,0

[USSR]
Name=USSR
Side=Nod
Color=SovietLoad
Prefix=B
Suffix=Soviet
SmartAI=yes
CostUnitsMult=1
ParentCountry=USSR

[USSR House]
IQ=5
Edge=North
Color=SovietLoad
Allies=USSR House
Country=USSR
Credits=0
NodeCount=0
TechLevel=10
PercentBuilt=100
PlayerControl=no

[UnitedStates]
Name=UnitedStates
Side=GDI
Color=AlliedLoad
Prefix=G
Suffix=Allied
SmartAI=yes
CostUnitsMult=1
ParentCountry=UnitedStates

[UnitedStates House]
IQ=5
Edge=North
Color=AlliedLoad
Allies=UnitedStates House
Country=UnitedStates
Credits=0
NodeCount=0
TechLevel=10
PercentBuilt=100
PlayerControl=no

[Units]
0=BioTanks House,UTOPIA,256,88,81,128,Guard,None,0,-1,0,-1,1,0
1=BioTanks House,UTOPIA,256,89,81,128,Guard,None,0,-1,0,-1,1,0
2=BioTanks House,DEVO,205,81,65,224,Guard,None,0,-1,0,-1,1,0
3=BioTanks House,DEVO,65,90,64,0,Guard,None,0,-1,0,-1,1,0
4=BioTanks House,STNK,256,82,70,224,Area Guard,None,0,-1,0,-1,1,0
5=BioTanks House,STNK,205,77,69,0,Area Guard,None,0,-1,0,-1,1,0
6=BioTanks House,YTNK,205,100,69,224,Area Guard,None,0,-1,0,-1,1,0
7=BioTanks House,YTNK,205,88,70,32,Area Guard,None,0,-1,0,-1,1,0
8=BioTanks House,MARA,205,84,90,160,Area Guard,None,0,-1,0,-1,1,0
9=BioTanks House,MARA,205,95,93,96,Area Guard,None,0,-1,0,-1,1,0
10=BioTanks House,MARA,103,78,83,128,Area Guard,None,0,-1,0,-1,1,0

[Waypoints]
0=74089
98=90079
99=89079

[Digest]
1=elCOxYcL1DthD8tAZV0Y/fTImQs=
